Archive member included to satisfy reference by file (symbol)

/home/jutoroa/workspace/STMDirectory/DriversSTM32/Debug/libDriversSTM32.a(EXTIxDriver.o)
                              ./Src/main.o (EXTI_Config)
/home/jutoroa/workspace/STMDirectory/DriversSTM32/Debug/libDriversSTM32.a(GPIOxDriver.o)
                              ./Src/main.o (GPIO_Config)
/home/jutoroa/workspace/STMDirectory/DriversSTM32/Debug/libDriversSTM32.a(TIMxDriver.o)
                              ./Src/main.o (Timer_Config)
/opt/st/stm32cubeide_1.9.0/plugins/com.st.stm32cube.ide.mcu.externaltools.gnu-tools-for-stm32.10.3-2021.10.linux64_1.0.0.202111181127/tools/bin/../lib/gcc/arm-none-eabi/10.3.1/../../../../arm-none-eabi/lib/thumb/v7e-m/nofp/libc_nano.a(lib_a-errno.o)
                              ./Src/syscalls.o (__errno)
/opt/st/stm32cubeide_1.9.0/plugins/com.st.stm32cube.ide.mcu.externaltools.gnu-tools-for-stm32.10.3-2021.10.linux64_1.0.0.202111181127/tools/bin/../lib/gcc/arm-none-eabi/10.3.1/../../../../arm-none-eabi/lib/thumb/v7e-m/nofp/libc_nano.a(lib_a-exit.o)
                              /opt/st/stm32cubeide_1.9.0/plugins/com.st.stm32cube.ide.mcu.externaltools.gnu-tools-for-stm32.10.3-2021.10.linux64_1.0.0.202111181127/tools/bin/../lib/gcc/arm-none-eabi/10.3.1/../../../../arm-none-eabi/lib/thumb/v7e-m/nofp/crt0.o (exit)
/opt/st/stm32cubeide_1.9.0/plugins/com.st.stm32cube.ide.mcu.externaltools.gnu-tools-for-stm32.10.3-2021.10.linux64_1.0.0.202111181127/tools/bin/../lib/gcc/arm-none-eabi/10.3.1/../../../../arm-none-eabi/lib/thumb/v7e-m/nofp/libc_nano.a(lib_a-impure.o)
                              /opt/st/stm32cubeide_1.9.0/plugins/com.st.stm32cube.ide.mcu.externaltools.gnu-tools-for-stm32.10.3-2021.10.linux64_1.0.0.202111181127/tools/bin/../lib/gcc/arm-none-eabi/10.3.1/../../../../arm-none-eabi/lib/thumb/v7e-m/nofp/libc_nano.a(lib_a-exit.o) (_global_impure_ptr)
/opt/st/stm32cubeide_1.9.0/plugins/com.st.stm32cube.ide.mcu.externaltools.gnu-tools-for-stm32.10.3-2021.10.linux64_1.0.0.202111181127/tools/bin/../lib/gcc/arm-none-eabi/10.3.1/../../../../arm-none-eabi/lib/thumb/v7e-m/nofp/libc_nano.a(lib_a-init.o)
                              /opt/st/stm32cubeide_1.9.0/plugins/com.st.stm32cube.ide.mcu.externaltools.gnu-tools-for-stm32.10.3-2021.10.linux64_1.0.0.202111181127/tools/bin/../lib/gcc/arm-none-eabi/10.3.1/../../../../arm-none-eabi/lib/thumb/v7e-m/nofp/crt0.o (__libc_init_array)
/opt/st/stm32cubeide_1.9.0/plugins/com.st.stm32cube.ide.mcu.externaltools.gnu-tools-for-stm32.10.3-2021.10.linux64_1.0.0.202111181127/tools/bin/../lib/gcc/arm-none-eabi/10.3.1/../../../../arm-none-eabi/lib/thumb/v7e-m/nofp/libc_nano.a(lib_a-memset.o)
                              /opt/st/stm32cubeide_1.9.0/plugins/com.st.stm32cube.ide.mcu.externaltools.gnu-tools-for-stm32.10.3-2021.10.linux64_1.0.0.202111181127/tools/bin/../lib/gcc/arm-none-eabi/10.3.1/../../../../arm-none-eabi/lib/thumb/v7e-m/nofp/crt0.o (memset)

Discarded input sections

 .text          0x0000000000000000        0x0 /opt/st/stm32cubeide_1.9.0/plugins/com.st.stm32cube.ide.mcu.externaltools.gnu-tools-for-stm32.10.3-2021.10.linux64_1.0.0.202111181127/tools/bin/../lib/gcc/arm-none-eabi/10.3.1/thumb/v7e-m/nofp/crti.o
 .data          0x0000000000000000        0x0 /opt/st/stm32cubeide_1.9.0/plugins/com.st.stm32cube.ide.mcu.externaltools.gnu-tools-for-stm32.10.3-2021.10.linux64_1.0.0.202111181127/tools/bin/../lib/gcc/arm-none-eabi/10.3.1/thumb/v7e-m/nofp/crti.o
 .bss           0x0000000000000000        0x0 /opt/st/stm32cubeide_1.9.0/plugins/com.st.stm32cube.ide.mcu.externaltools.gnu-tools-for-stm32.10.3-2021.10.linux64_1.0.0.202111181127/tools/bin/../lib/gcc/arm-none-eabi/10.3.1/thumb/v7e-m/nofp/crti.o
 .data          0x0000000000000000        0x4 /opt/st/stm32cubeide_1.9.0/plugins/com.st.stm32cube.ide.mcu.externaltools.gnu-tools-for-stm32.10.3-2021.10.linux64_1.0.0.202111181127/tools/bin/../lib/gcc/arm-none-eabi/10.3.1/thumb/v7e-m/nofp/crtbegin.o
 .rodata        0x0000000000000000       0x24 /opt/st/stm32cubeide_1.9.0/plugins/com.st.stm32cube.ide.mcu.externaltools.gnu-tools-for-stm32.10.3-2021.10.linux64_1.0.0.202111181127/tools/bin/../lib/gcc/arm-none-eabi/10.3.1/thumb/v7e-m/nofp/crtbegin.o
 .text          0x0000000000000000       0x7c /opt/st/stm32cubeide_1.9.0/plugins/com.st.stm32cube.ide.mcu.externaltools.gnu-tools-for-stm32.10.3-2021.10.linux64_1.0.0.202111181127/tools/bin/../lib/gcc/arm-none-eabi/10.3.1/../../../../arm-none-eabi/lib/thumb/v7e-m/nofp/crt0.o
 .data          0x0000000000000000        0x0 /opt/st/stm32cubeide_1.9.0/plugins/com.st.stm32cube.ide.mcu.externaltools.gnu-tools-for-stm32.10.3-2021.10.linux64_1.0.0.202111181127/tools/bin/../lib/gcc/arm-none-eabi/10.3.1/../../../../arm-none-eabi/lib/thumb/v7e-m/nofp/crt0.o
 .bss           0x0000000000000000        0x0 /opt/st/stm32cubeide_1.9.0/plugins/com.st.stm32cube.ide.mcu.externaltools.gnu-tools-for-stm32.10.3-2021.10.linux64_1.0.0.202111181127/tools/bin/../lib/gcc/arm-none-eabi/10.3.1/../../../../arm-none-eabi/lib/thumb/v7e-m/nofp/crt0.o
 .ARM.extab     0x0000000000000000        0x0 /opt/st/stm32cubeide_1.9.0/plugins/com.st.stm32cube.ide.mcu.externaltools.gnu-tools-for-stm32.10.3-2021.10.linux64_1.0.0.202111181127/tools/bin/../lib/gcc/arm-none-eabi/10.3.1/../../../../arm-none-eabi/lib/thumb/v7e-m/nofp/crt0.o
 .ARM.exidx     0x0000000000000000       0x10 /opt/st/stm32cubeide_1.9.0/plugins/com.st.stm32cube.ide.mcu.externaltools.gnu-tools-for-stm32.10.3-2021.10.linux64_1.0.0.202111181127/tools/bin/../lib/gcc/arm-none-eabi/10.3.1/../../../../arm-none-eabi/lib/thumb/v7e-m/nofp/crt0.o
 .ARM.attributes
                0x0000000000000000       0x1c /opt/st/stm32cubeide_1.9.0/plugins/com.st.stm32cube.ide.mcu.externaltools.gnu-tools-for-stm32.10.3-2021.10.linux64_1.0.0.202111181127/tools/bin/../lib/gcc/arm-none-eabi/10.3.1/../../../../arm-none-eabi/lib/thumb/v7e-m/nofp/crt0.o
 .group         0x0000000000000000        0xc ./Src/main.o
 .group         0x0000000000000000        0xc ./Src/main.o
 .group         0x0000000000000000        0xc ./Src/main.o
 .group         0x0000000000000000        0xc ./Src/main.o
 .group         0x0000000000000000        0xc ./Src/main.o
 .group         0x0000000000000000        0xc ./Src/main.o
 .group         0x0000000000000000        0xc ./Src/main.o
 .group         0x0000000000000000        0xc ./Src/main.o
 .group         0x0000000000000000        0xc ./Src/main.o
 .group         0x0000000000000000        0xc ./Src/main.o
 .group         0x0000000000000000        0xc ./Src/main.o
 .group         0x0000000000000000        0xc ./Src/main.o
 .group         0x0000000000000000        0xc ./Src/main.o
 .group         0x0000000000000000        0xc ./Src/main.o
 .group         0x0000000000000000        0xc ./Src/main.o
 .group         0x0000000000000000        0xc ./Src/main.o
 .group         0x0000000000000000        0xc ./Src/main.o
 .group         0x0000000000000000        0xc ./Src/main.o
 .group         0x0000000000000000        0xc ./Src/main.o
 .group         0x0000000000000000        0xc ./Src/main.o
 .group         0x0000000000000000        0xc ./Src/main.o
 .group         0x0000000000000000        0xc ./Src/main.o
 .group         0x0000000000000000        0xc ./Src/main.o
 .group         0x0000000000000000        0xc ./Src/main.o
 .group         0x0000000000000000        0xc ./Src/main.o
 .group         0x0000000000000000        0xc ./Src/main.o
 .group         0x0000000000000000        0xc ./Src/main.o
 .group         0x0000000000000000        0xc ./Src/main.o
 .group         0x0000000000000000        0xc ./Src/main.o
 .group         0x0000000000000000        0xc ./Src/main.o
 .group         0x0000000000000000        0xc ./Src/main.o
 .group         0x0000000000000000        0xc ./Src/main.o
 .group         0x0000000000000000        0xc ./Src/main.o
 .group         0x0000000000000000        0xc ./Src/main.o
 .group         0x0000000000000000        0xc ./Src/main.o
 .group         0x0000000000000000        0xc ./Src/main.o
 .group         0x0000000000000000        0xc ./Src/main.o
 .group         0x0000000000000000        0xc ./Src/main.o
 .group         0x0000000000000000        0xc ./Src/main.o
 .group         0x0000000000000000        0xc ./Src/main.o
 .group         0x0000000000000000        0xc ./Src/main.o
 .group         0x0000000000000000        0xc ./Src/main.o
 .group         0x0000000000000000        0xc ./Src/main.o
 .group         0x0000000000000000        0xc ./Src/main.o
 .group         0x0000000000000000        0xc ./Src/main.o
 .group         0x0000000000000000        0xc ./Src/main.o
 .group         0x0000000000000000        0xc ./Src/main.o
 .group         0x0000000000000000        0xc ./Src/main.o
 .group         0x0000000000000000        0xc ./Src/main.o
 .group         0x0000000000000000        0xc ./Src/main.o
 .text          0x0000000000000000        0x0 ./Src/main.o
 .data          0x0000000000000000        0x0 ./Src/main.o
 .bss           0x0000000000000000        0x0 ./Src/main.o
 .group         0x0000000000000000        0xc ./Src/syscalls.o
 .group         0x0000000000000000        0xc ./Src/syscalls.o
 .group         0x0000000000000000        0xc ./Src/syscalls.o
 .group         0x0000000000000000        0xc ./Src/syscalls.o
 .group         0x0000000000000000        0xc ./Src/syscalls.o
 .group         0x0000000000000000        0xc ./Src/syscalls.o
 .group         0x0000000000000000        0xc ./Src/syscalls.o
 .group         0x0000000000000000        0xc ./Src/syscalls.o
 .group         0x0000000000000000        0xc ./Src/syscalls.o
 .group         0x0000000000000000        0xc ./Src/syscalls.o
 .group         0x0000000000000000        0xc ./Src/syscalls.o
 .group         0x0000000000000000        0xc ./Src/syscalls.o
 .group         0x0000000000000000        0xc ./Src/syscalls.o
 .group         0x0000000000000000        0xc ./Src/syscalls.o
 .group         0x0000000000000000        0xc ./Src/syscalls.o
 .group         0x0000000000000000        0xc ./Src/syscalls.o
 .group         0x0000000000000000        0xc ./Src/syscalls.o
 .group         0x0000000000000000        0xc ./Src/syscalls.o
 .group         0x0000000000000000        0xc ./Src/syscalls.o
 .group         0x0000000000000000        0xc ./Src/syscalls.o
 .group         0x0000000000000000        0xc ./Src/syscalls.o
 .group         0x0000000000000000        0xc ./Src/syscalls.o
 .group         0x0000000000000000        0xc ./Src/syscalls.o
 .group         0x0000000000000000        0xc ./Src/syscalls.o
 .group         0x0000000000000000        0xc ./Src/syscalls.o
 .group         0x0000000000000000        0xc ./Src/syscalls.o
 .group         0x0000000000000000        0xc ./Src/syscalls.o
 .group         0x0000000000000000        0xc ./Src/syscalls.o
 .group         0x0000000000000000        0xc ./Src/syscalls.o
 .group         0x0000000000000000        0xc ./Src/syscalls.o
 .group         0x0000000000000000        0xc ./Src/syscalls.o
 .group         0x0000000000000000        0xc ./Src/syscalls.o
 .group         0x0000000000000000        0xc ./Src/syscalls.o
 .group         0x0000000000000000        0xc ./Src/syscalls.o
 .group         0x0000000000000000        0xc ./Src/syscalls.o
 .group         0x0000000000000000        0xc ./Src/syscalls.o
 .group         0x0000000000000000        0xc ./Src/syscalls.o
 .group         0x0000000000000000        0xc ./Src/syscalls.o
 .group         0x0000000000000000        0xc ./Src/syscalls.o
 .group         0x0000000000000000        0xc ./Src/syscalls.o
 .group         0x0000000000000000        0xc ./Src/syscalls.o
 .group         0x0000000000000000        0xc ./Src/syscalls.o
 .group         0x0000000000000000        0xc ./Src/syscalls.o
 .group         0x0000000000000000        0xc ./Src/syscalls.o
 .group         0x0000000000000000        0xc ./Src/syscalls.o
 .group         0x0000000000000000        0xc ./Src/syscalls.o
 .group         0x0000000000000000        0xc ./Src/syscalls.o
 .text          0x0000000000000000        0x0 ./Src/syscalls.o
 .data          0x0000000000000000        0x0 ./Src/syscalls.o
 .bss           0x0000000000000000        0x0 ./Src/syscalls.o
 .bss.__env     0x0000000000000000        0x4 ./Src/syscalls.o
 .data.environ  0x0000000000000000        0x4 ./Src/syscalls.o
 .text.initialise_monitor_handles
                0x0000000000000000        0xc ./Src/syscalls.o
 .text._getpid  0x0000000000000000        0xe ./Src/syscalls.o
 .text._kill    0x0000000000000000       0x20 ./Src/syscalls.o
 .text._exit    0x0000000000000000       0x14 ./Src/syscalls.o
 .text._read    0x0000000000000000       0x3a ./Src/syscalls.o
 .text._write   0x0000000000000000       0x38 ./Src/syscalls.o
 .text._close   0x0000000000000000       0x16 ./Src/syscalls.o
 .text._fstat   0x0000000000000000       0x1e ./Src/syscalls.o
 .text._isatty  0x0000000000000000       0x14 ./Src/syscalls.o
 .text._lseek   0x0000000000000000       0x18 ./Src/syscalls.o
 .text._open    0x0000000000000000       0x1a ./Src/syscalls.o
 .text._wait    0x0000000000000000       0x1e ./Src/syscalls.o
 .text._unlink  0x0000000000000000       0x1e ./Src/syscalls.o
 .text._times   0x0000000000000000       0x16 ./Src/syscalls.o
 .text._stat    0x0000000000000000       0x1e ./Src/syscalls.o
 .text._link    0x0000000000000000       0x20 ./Src/syscalls.o
 .text._fork    0x0000000000000000       0x16 ./Src/syscalls.o
 .text._execve  0x0000000000000000       0x22 ./Src/syscalls.o
 .debug_info    0x0000000000000000      0x6e0 ./Src/syscalls.o
 .debug_abbrev  0x0000000000000000      0x1b3 ./Src/syscalls.o
 .debug_aranges
                0x0000000000000000       0xa8 ./Src/syscalls.o
 .debug_ranges  0x0000000000000000       0x98 ./Src/syscalls.o
 .debug_macro   0x0000000000000000      0x24c ./Src/syscalls.o
 .debug_macro   0x0000000000000000      0xa7e ./Src/syscalls.o
 .debug_macro   0x0000000000000000       0x22 ./Src/syscalls.o
 .debug_macro   0x0000000000000000       0x4c ./Src/syscalls.o
 .debug_macro   0x0000000000000000       0x18 ./Src/syscalls.o
 .debug_macro   0x0000000000000000       0x94 ./Src/syscalls.o
 .debug_macro   0x0000000000000000       0x3c ./Src/syscalls.o
 .debug_macro   0x0000000000000000       0x34 ./Src/syscalls.o
 .debug_macro   0x0000000000000000       0x57 ./Src/syscalls.o
 .debug_macro   0x0000000000000000      0x174 ./Src/syscalls.o
 .debug_macro   0x0000000000000000      0x341 ./Src/syscalls.o
 .debug_macro   0x0000000000000000       0x16 ./Src/syscalls.o
 .debug_macro   0x0000000000000000       0x43 ./Src/syscalls.o
 .debug_macro   0x0000000000000000       0x34 ./Src/syscalls.o
 .debug_macro   0x0000000000000000       0x10 ./Src/syscalls.o
 .debug_macro   0x0000000000000000       0x58 ./Src/syscalls.o
 .debug_macro   0x0000000000000000       0x71 ./Src/syscalls.o
 .debug_macro   0x0000000000000000       0x1c ./Src/syscalls.o
 .debug_macro   0x0000000000000000      0x12a ./Src/syscalls.o
 .debug_macro   0x0000000000000000       0x10 ./Src/syscalls.o
 .debug_macro   0x0000000000000000       0x35 ./Src/syscalls.o
 .debug_macro   0x0000000000000000       0x10 ./Src/syscalls.o
 .debug_macro   0x0000000000000000       0x10 ./Src/syscalls.o
 .debug_macro   0x0000000000000000       0x10 ./Src/syscalls.o
 .debug_macro   0x0000000000000000       0x6a ./Src/syscalls.o
 .debug_macro   0x0000000000000000       0x1c ./Src/syscalls.o
 .debug_macro   0x0000000000000000       0x52 ./Src/syscalls.o
 .debug_macro   0x0000000000000000       0x22 ./Src/syscalls.o
 .debug_macro   0x0000000000000000       0x10 ./Src/syscalls.o
 .debug_macro   0x0000000000000000       0x52 ./Src/syscalls.o
 .debug_macro   0x0000000000000000       0xd5 ./Src/syscalls.o
 .debug_macro   0x0000000000000000       0x1c ./Src/syscalls.o
 .debug_macro   0x0000000000000000       0x3d ./Src/syscalls.o
 .debug_macro   0x0000000000000000       0x35 ./Src/syscalls.o
 .debug_macro   0x0000000000000000      0x12c ./Src/syscalls.o
 .debug_macro   0x0000000000000000       0x16 ./Src/syscalls.o
 .debug_macro   0x0000000000000000       0x16 ./Src/syscalls.o
 .debug_macro   0x0000000000000000       0x29 ./Src/syscalls.o
 .debug_macro   0x0000000000000000       0x10 ./Src/syscalls.o
 .debug_macro   0x0000000000000000      0x241 ./Src/syscalls.o
 .debug_macro   0x0000000000000000       0x1c ./Src/syscalls.o
 .debug_macro   0x0000000000000000       0x10 ./Src/syscalls.o
 .debug_macro   0x0000000000000000       0x10 ./Src/syscalls.o
 .debug_macro   0x0000000000000000       0x16 ./Src/syscalls.o
 .debug_macro   0x0000000000000000      0x145 ./Src/syscalls.o
 .debug_macro   0x0000000000000000      0x189 ./Src/syscalls.o
 .debug_macro   0x0000000000000000       0x16 ./Src/syscalls.o
 .debug_macro   0x0000000000000000       0xce ./Src/syscalls.o
 .debug_line    0x0000000000000000      0x7bd ./Src/syscalls.o
 .debug_str     0x0000000000000000     0x8a3c ./Src/syscalls.o
 .comment       0x0000000000000000       0x51 ./Src/syscalls.o
 .debug_frame   0x0000000000000000      0x2ac ./Src/syscalls.o
 .ARM.attributes
                0x0000000000000000       0x2e ./Src/syscalls.o
 .group         0x0000000000000000        0xc ./Src/sysmem.o
 .group         0x0000000000000000        0xc ./Src/sysmem.o
 .group         0x0000000000000000        0xc ./Src/sysmem.o
 .group         0x0000000000000000        0xc ./Src/sysmem.o
 .group         0x0000000000000000        0xc ./Src/sysmem.o
 .group         0x0000000000000000        0xc ./Src/sysmem.o
 .group         0x0000000000000000        0xc ./Src/sysmem.o
 .group         0x0000000000000000        0xc ./Src/sysmem.o
 .group         0x0000000000000000        0xc ./Src/sysmem.o
 .group         0x0000000000000000        0xc ./Src/sysmem.o
 .group         0x0000000000000000        0xc ./Src/sysmem.o
 .group         0x0000000000000000        0xc ./Src/sysmem.o
 .group         0x0000000000000000        0xc ./Src/sysmem.o
 .group         0x0000000000000000        0xc ./Src/sysmem.o
 .group         0x0000000000000000        0xc ./Src/sysmem.o
 .group         0x0000000000000000        0xc ./Src/sysmem.o
 .group         0x0000000000000000        0xc ./Src/sysmem.o
 .group         0x0000000000000000        0xc ./Src/sysmem.o
 .group         0x0000000000000000        0xc ./Src/sysmem.o
 .group         0x0000000000000000        0xc ./Src/sysmem.o
 .group         0x0000000000000000        0xc ./Src/sysmem.o
 .group         0x0000000000000000        0xc ./Src/sysmem.o
 .text          0x0000000000000000        0x0 ./Src/sysmem.o
 .data          0x0000000000000000        0x0 ./Src/sysmem.o
 .bss           0x0000000000000000        0x0 ./Src/sysmem.o
 .bss.__sbrk_heap_end
                0x0000000000000000        0x4 ./Src/sysmem.o
 .text._sbrk    0x0000000000000000       0x6c ./Src/sysmem.o
 .debug_info    0x0000000000000000      0x171 ./Src/sysmem.o
 .debug_abbrev  0x0000000000000000       0xbb ./Src/sysmem.o
 .debug_aranges
                0x0000000000000000       0x20 ./Src/sysmem.o
 .debug_ranges  0x0000000000000000       0x10 ./Src/sysmem.o
 .debug_macro   0x0000000000000000       0xff ./Src/sysmem.o
 .debug_macro   0x0000000000000000      0xa7e ./Src/sysmem.o
 .debug_macro   0x0000000000000000       0x10 ./Src/sysmem.o
 .debug_macro   0x0000000000000000       0x22 ./Src/sysmem.o
 .debug_macro   0x0000000000000000       0x4c ./Src/sysmem.o
 .debug_macro   0x0000000000000000       0x18 ./Src/sysmem.o
 .debug_macro   0x0000000000000000       0x94 ./Src/sysmem.o
 .debug_macro   0x0000000000000000       0x3c ./Src/sysmem.o
 .debug_macro   0x0000000000000000       0x34 ./Src/sysmem.o
 .debug_macro   0x0000000000000000      0x174 ./Src/sysmem.o
 .debug_macro   0x0000000000000000       0x16 ./Src/sysmem.o
 .debug_macro   0x0000000000000000       0x43 ./Src/sysmem.o
 .debug_macro   0x0000000000000000       0x57 ./Src/sysmem.o
 .debug_macro   0x0000000000000000       0x34 ./Src/sysmem.o
 .debug_macro   0x0000000000000000       0x10 ./Src/sysmem.o
 .debug_macro   0x0000000000000000       0x58 ./Src/sysmem.o
 .debug_macro   0x0000000000000000       0x71 ./Src/sysmem.o
 .debug_macro   0x0000000000000000       0x1c ./Src/sysmem.o
 .debug_macro   0x0000000000000000      0x12a ./Src/sysmem.o
 .debug_macro   0x0000000000000000      0x23b ./Src/sysmem.o
 .debug_macro   0x0000000000000000      0x103 ./Src/sysmem.o
 .debug_macro   0x0000000000000000       0x6a ./Src/sysmem.o
 .debug_macro   0x0000000000000000      0x1df ./Src/sysmem.o
 .debug_line    0x0000000000000000      0x4b3 ./Src/sysmem.o
 .debug_str     0x0000000000000000     0x5d78 ./Src/sysmem.o
 .comment       0x0000000000000000       0x51 ./Src/sysmem.o
 .debug_frame   0x0000000000000000       0x34 ./Src/sysmem.o
 .ARM.attributes
                0x0000000000000000       0x2e ./Src/sysmem.o
 .text          0x0000000000000000       0x14 ./Startup/startup_stm32f411retx.o
 .data          0x0000000000000000        0x0 ./Startup/startup_stm32f411retx.o
 .bss           0x0000000000000000        0x0 ./Startup/startup_stm32f411retx.o
 .group         0x0000000000000000        0xc /home/jutoroa/workspace/STMDirectory/DriversSTM32/Debug/libDriversSTM32.a(EXTIxDriver.o)
 .group         0x0000000000000000        0xc /home/jutoroa/workspace/STMDirectory/DriversSTM32/Debug/libDriversSTM32.a(EXTIxDriver.o)
 .group         0x0000000000000000        0xc /home/jutoroa/workspace/STMDirectory/DriversSTM32/Debug/libDriversSTM32.a(EXTIxDriver.o)
 .group         0x0000000000000000        0xc /home/jutoroa/workspace/STMDirectory/DriversSTM32/Debug/libDriversSTM32.a(EXTIxDriver.o)
 .group         0x0000000000000000        0xc /home/jutoroa/workspace/STMDirectory/DriversSTM32/Debug/libDriversSTM32.a(EXTIxDriver.o)
 .group         0x0000000000000000        0xc /home/jutoroa/workspace/STMDirectory/DriversSTM32/Debug/libDriversSTM32.a(EXTIxDriver.o)
 .group         0x0000000000000000        0xc /home/jutoroa/workspace/STMDirectory/DriversSTM32/Debug/libDriversSTM32.a(EXTIxDriver.o)
 .group         0x0000000000000000        0xc /home/jutoroa/workspace/STMDirectory/DriversSTM32/Debug/libDriversSTM32.a(EXTIxDriver.o)
 .group         0x0000000000000000        0xc /home/jutoroa/workspace/STMDirectory/DriversSTM32/Debug/libDriversSTM32.a(EXTIxDriver.o)
 .group         0x0000000000000000        0xc /home/jutoroa/workspace/STMDirectory/DriversSTM32/Debug/libDriversSTM32.a(EXTIxDriver.o)
 .group         0x0000000000000000        0xc /home/jutoroa/workspace/STMDirectory/DriversSTM32/Debug/libDriversSTM32.a(EXTIxDriver.o)
 .group         0x0000000000000000        0xc /home/jutoroa/workspace/STMDirectory/DriversSTM32/Debug/libDriversSTM32.a(EXTIxDriver.o)
 .group         0x0000000000000000        0xc /home/jutoroa/workspace/STMDirectory/DriversSTM32/Debug/libDriversSTM32.a(EXTIxDriver.o)
 .group         0x0000000000000000        0xc /home/jutoroa/workspace/STMDirectory/DriversSTM32/Debug/libDriversSTM32.a(EXTIxDriver.o)
 .group         0x0000000000000000        0xc /home/jutoroa/workspace/STMDirectory/DriversSTM32/Debug/libDriversSTM32.a(EXTIxDriver.o)
 .group         0x0000000000000000        0xc /home/jutoroa/workspace/STMDirectory/DriversSTM32/Debug/libDriversSTM32.a(EXTIxDriver.o)
 .group         0x0000000000000000        0xc /home/jutoroa/workspace/STMDirectory/DriversSTM32/Debug/libDriversSTM32.a(EXTIxDriver.o)
 .group         0x0000000000000000        0xc /home/jutoroa/workspace/STMDirectory/DriversSTM32/Debug/libDriversSTM32.a(EXTIxDriver.o)
 .text          0x0000000000000000        0x0 /home/jutoroa/workspace/STMDirectory/DriversSTM32/Debug/libDriversSTM32.a(EXTIxDriver.o)
 .data          0x0000000000000000        0x0 /home/jutoroa/workspace/STMDirectory/DriversSTM32/Debug/libDriversSTM32.a(EXTIxDriver.o)
 .bss           0x0000000000000000        0x0 /home/jutoroa/workspace/STMDirectory/DriversSTM32/Debug/libDriversSTM32.a(EXTIxDriver.o)
 .text.EXTI0_Callback
                0x0000000000000000        0xe /home/jutoroa/workspace/STMDirectory/DriversSTM32/Debug/libDriversSTM32.a(EXTIxDriver.o)
 .text.EXTI3_Callback
                0x0000000000000000        0xe /home/jutoroa/workspace/STMDirectory/DriversSTM32/Debug/libDriversSTM32.a(EXTIxDriver.o)
 .debug_macro   0x0000000000000000      0xa7e /home/jutoroa/workspace/STMDirectory/DriversSTM32/Debug/libDriversSTM32.a(EXTIxDriver.o)
 .debug_macro   0x0000000000000000       0x28 /home/jutoroa/workspace/STMDirectory/DriversSTM32/Debug/libDriversSTM32.a(EXTIxDriver.o)
 .debug_macro   0x0000000000000000       0x28 /home/jutoroa/workspace/STMDirectory/DriversSTM32/Debug/libDriversSTM32.a(EXTIxDriver.o)
 .debug_macro   0x0000000000000000       0x22 /home/jutoroa/workspace/STMDirectory/DriversSTM32/Debug/libDriversSTM32.a(EXTIxDriver.o)
 .debug_macro   0x0000000000000000       0x8e /home/jutoroa/workspace/STMDirectory/DriversSTM32/Debug/libDriversSTM32.a(EXTIxDriver.o)
 .debug_macro   0x0000000000000000       0x51 /home/jutoroa/workspace/STMDirectory/DriversSTM32/Debug/libDriversSTM32.a(EXTIxDriver.o)
 .debug_macro   0x0000000000000000      0x103 /home/jutoroa/workspace/STMDirectory/DriversSTM32/Debug/libDriversSTM32.a(EXTIxDriver.o)
 .debug_macro   0x0000000000000000       0x6a /home/jutoroa/workspace/STMDirectory/DriversSTM32/Debug/libDriversSTM32.a(EXTIxDriver.o)
 .debug_macro   0x0000000000000000      0x1df /home/jutoroa/workspace/STMDirectory/DriversSTM32/Debug/libDriversSTM32.a(EXTIxDriver.o)
 .debug_macro   0x0000000000000000       0x1c /home/jutoroa/workspace/STMDirectory/DriversSTM32/Debug/libDriversSTM32.a(EXTIxDriver.o)
 .debug_macro   0x0000000000000000       0x22 /home/jutoroa/workspace/STMDirectory/DriversSTM32/Debug/libDriversSTM32.a(EXTIxDriver.o)
 .debug_macro   0x0000000000000000       0xd9 /home/jutoroa/workspace/STMDirectory/DriversSTM32/Debug/libDriversSTM32.a(EXTIxDriver.o)
 .debug_macro   0x0000000000000000     0x102d /home/jutoroa/workspace/STMDirectory/DriversSTM32/Debug/libDriversSTM32.a(EXTIxDriver.o)
 .debug_macro   0x0000000000000000      0x11f /home/jutoroa/workspace/STMDirectory/DriversSTM32/Debug/libDriversSTM32.a(EXTIxDriver.o)
 .debug_macro   0x0000000000000000     0xb953 /home/jutoroa/workspace/STMDirectory/DriversSTM32/Debug/libDriversSTM32.a(EXTIxDriver.o)
 .debug_macro   0x0000000000000000       0x6d /home/jutoroa/workspace/STMDirectory/DriversSTM32/Debug/libDriversSTM32.a(EXTIxDriver.o)
 .debug_macro   0x0000000000000000      0x12a /home/jutoroa/workspace/STMDirectory/DriversSTM32/Debug/libDriversSTM32.a(EXTIxDriver.o)
 .group         0x0000000000000000        0xc /home/jutoroa/workspace/STMDirectory/DriversSTM32/Debug/libDriversSTM32.a(GPIOxDriver.o)
 .group         0x0000000000000000        0xc /home/jutoroa/workspace/STMDirectory/DriversSTM32/Debug/libDriversSTM32.a(GPIOxDriver.o)
 .group         0x0000000000000000        0xc /home/jutoroa/workspace/STMDirectory/DriversSTM32/Debug/libDriversSTM32.a(GPIOxDriver.o)
 .group         0x0000000000000000        0xc /home/jutoroa/workspace/STMDirectory/DriversSTM32/Debug/libDriversSTM32.a(GPIOxDriver.o)
 .group         0x0000000000000000        0xc /home/jutoroa/workspace/STMDirectory/DriversSTM32/Debug/libDriversSTM32.a(GPIOxDriver.o)
 .group         0x0000000000000000        0xc /home/jutoroa/workspace/STMDirectory/DriversSTM32/Debug/libDriversSTM32.a(GPIOxDriver.o)
 .group         0x0000000000000000        0xc /home/jutoroa/workspace/STMDirectory/DriversSTM32/Debug/libDriversSTM32.a(GPIOxDriver.o)
 .group         0x0000000000000000        0xc /home/jutoroa/workspace/STMDirectory/DriversSTM32/Debug/libDriversSTM32.a(GPIOxDriver.o)
 .group         0x0000000000000000        0xc /home/jutoroa/workspace/STMDirectory/DriversSTM32/Debug/libDriversSTM32.a(GPIOxDriver.o)
 .group         0x0000000000000000        0xc /home/jutoroa/workspace/STMDirectory/DriversSTM32/Debug/libDriversSTM32.a(GPIOxDriver.o)
 .group         0x0000000000000000        0xc /home/jutoroa/workspace/STMDirectory/DriversSTM32/Debug/libDriversSTM32.a(GPIOxDriver.o)
 .group         0x0000000000000000        0xc /home/jutoroa/workspace/STMDirectory/DriversSTM32/Debug/libDriversSTM32.a(GPIOxDriver.o)
 .group         0x0000000000000000        0xc /home/jutoroa/workspace/STMDirectory/DriversSTM32/Debug/libDriversSTM32.a(GPIOxDriver.o)
 .group         0x0000000000000000        0xc /home/jutoroa/workspace/STMDirectory/DriversSTM32/Debug/libDriversSTM32.a(GPIOxDriver.o)
 .group         0x0000000000000000        0xc /home/jutoroa/workspace/STMDirectory/DriversSTM32/Debug/libDriversSTM32.a(GPIOxDriver.o)
 .group         0x0000000000000000        0xc /home/jutoroa/workspace/STMDirectory/DriversSTM32/Debug/libDriversSTM32.a(GPIOxDriver.o)
 .group         0x0000000000000000        0xc /home/jutoroa/workspace/STMDirectory/DriversSTM32/Debug/libDriversSTM32.a(GPIOxDriver.o)
 .text          0x0000000000000000        0x0 /home/jutoroa/workspace/STMDirectory/DriversSTM32/Debug/libDriversSTM32.a(GPIOxDriver.o)
 .data          0x0000000000000000        0x0 /home/jutoroa/workspace/STMDirectory/DriversSTM32/Debug/libDriversSTM32.a(GPIOxDriver.o)
 .bss           0x0000000000000000        0x0 /home/jutoroa/workspace/STMDirectory/DriversSTM32/Debug/libDriversSTM32.a(GPIOxDriver.o)
 .text.GPIO_ReadPin
                0x0000000000000000       0x2e /home/jutoroa/workspace/STMDirectory/DriversSTM32/Debug/libDriversSTM32.a(GPIOxDriver.o)
 .debug_macro   0x0000000000000000      0xa7e /home/jutoroa/workspace/STMDirectory/DriversSTM32/Debug/libDriversSTM32.a(GPIOxDriver.o)
 .debug_macro   0x0000000000000000       0x28 /home/jutoroa/workspace/STMDirectory/DriversSTM32/Debug/libDriversSTM32.a(GPIOxDriver.o)
 .debug_macro   0x0000000000000000       0x28 /home/jutoroa/workspace/STMDirectory/DriversSTM32/Debug/libDriversSTM32.a(GPIOxDriver.o)
 .debug_macro   0x0000000000000000       0x22 /home/jutoroa/workspace/STMDirectory/DriversSTM32/Debug/libDriversSTM32.a(GPIOxDriver.o)
 .debug_macro   0x0000000000000000       0x8e /home/jutoroa/workspace/STMDirectory/DriversSTM32/Debug/libDriversSTM32.a(GPIOxDriver.o)
 .debug_macro   0x0000000000000000       0x51 /home/jutoroa/workspace/STMDirectory/DriversSTM32/Debug/libDriversSTM32.a(GPIOxDriver.o)
 .debug_macro   0x0000000000000000      0x103 /home/jutoroa/workspace/STMDirectory/DriversSTM32/Debug/libDriversSTM32.a(GPIOxDriver.o)
 .debug_macro   0x0000000000000000       0x6a /home/jutoroa/workspace/STMDirectory/DriversSTM32/Debug/libDriversSTM32.a(GPIOxDriver.o)
 .debug_macro   0x0000000000000000      0x1df /home/jutoroa/workspace/STMDirectory/DriversSTM32/Debug/libDriversSTM32.a(GPIOxDriver.o)
 .debug_macro   0x0000000000000000       0x1c /home/jutoroa/workspace/STMDirectory/DriversSTM32/Debug/libDriversSTM32.a(GPIOxDriver.o)
 .debug_macro   0x0000000000000000       0x22 /home/jutoroa/workspace/STMDirectory/DriversSTM32/Debug/libDriversSTM32.a(GPIOxDriver.o)
 .debug_macro   0x0000000000000000       0xd9 /home/jutoroa/workspace/STMDirectory/DriversSTM32/Debug/libDriversSTM32.a(GPIOxDriver.o)
 .debug_macro   0x0000000000000000     0x102d /home/jutoroa/workspace/STMDirectory/DriversSTM32/Debug/libDriversSTM32.a(GPIOxDriver.o)
 .debug_macro   0x0000000000000000      0x11f /home/jutoroa/workspace/STMDirectory/DriversSTM32/Debug/libDriversSTM32.a(GPIOxDriver.o)
 .debug_macro   0x0000000000000000     0xb953 /home/jutoroa/workspace/STMDirectory/DriversSTM32/Debug/libDriversSTM32.a(GPIOxDriver.o)
 .debug_macro   0x0000000000000000       0x6d /home/jutoroa/workspace/STMDirectory/DriversSTM32/Debug/libDriversSTM32.a(GPIOxDriver.o)
 .group         0x0000000000000000        0xc /home/jutoroa/workspace/STMDirectory/DriversSTM32/Debug/libDriversSTM32.a(TIMxDriver.o)
 .group         0x0000000000000000        0xc /home/jutoroa/workspace/STMDirectory/DriversSTM32/Debug/libDriversSTM32.a(TIMxDriver.o)
 .group         0x0000000000000000        0xc /home/jutoroa/workspace/STMDirectory/DriversSTM32/Debug/libDriversSTM32.a(TIMxDriver.o)
 .group         0x0000000000000000        0xc /home/jutoroa/workspace/STMDirectory/DriversSTM32/Debug/libDriversSTM32.a(TIMxDriver.o)
 .group         0x0000000000000000        0xc /home/jutoroa/workspace/STMDirectory/DriversSTM32/Debug/libDriversSTM32.a(TIMxDriver.o)
 .group         0x0000000000000000        0xc /home/jutoroa/workspace/STMDirectory/DriversSTM32/Debug/libDriversSTM32.a(TIMxDriver.o)
 .group         0x0000000000000000        0xc /home/jutoroa/workspace/STMDirectory/DriversSTM32/Debug/libDriversSTM32.a(TIMxDriver.o)
 .group         0x0000000000000000        0xc /home/jutoroa/workspace/STMDirectory/DriversSTM32/Debug/libDriversSTM32.a(TIMxDriver.o)
 .group         0x0000000000000000        0xc /home/jutoroa/workspace/STMDirectory/DriversSTM32/Debug/libDriversSTM32.a(TIMxDriver.o)
 .group         0x0000000000000000        0xc /home/jutoroa/workspace/STMDirectory/DriversSTM32/Debug/libDriversSTM32.a(TIMxDriver.o)
 .group         0x0000000000000000        0xc /home/jutoroa/workspace/STMDirectory/DriversSTM32/Debug/libDriversSTM32.a(TIMxDriver.o)
 .group         0x0000000000000000        0xc /home/jutoroa/workspace/STMDirectory/DriversSTM32/Debug/libDriversSTM32.a(TIMxDriver.o)
 .group         0x0000000000000000        0xc /home/jutoroa/workspace/STMDirectory/DriversSTM32/Debug/libDriversSTM32.a(TIMxDriver.o)
 .group         0x0000000000000000        0xc /home/jutoroa/workspace/STMDirectory/DriversSTM32/Debug/libDriversSTM32.a(TIMxDriver.o)
 .group         0x0000000000000000        0xc /home/jutoroa/workspace/STMDirectory/DriversSTM32/Debug/libDriversSTM32.a(TIMxDriver.o)
 .group         0x0000000000000000        0xc /home/jutoroa/workspace/STMDirectory/DriversSTM32/Debug/libDriversSTM32.a(TIMxDriver.o)
 .group         0x0000000000000000        0xc /home/jutoroa/workspace/STMDirectory/DriversSTM32/Debug/libDriversSTM32.a(TIMxDriver.o)
 .text          0x0000000000000000        0x0 /home/jutoroa/workspace/STMDirectory/DriversSTM32/Debug/libDriversSTM32.a(TIMxDriver.o)
 .data          0x0000000000000000        0x0 /home/jutoroa/workspace/STMDirectory/DriversSTM32/Debug/libDriversSTM32.a(TIMxDriver.o)
 .bss           0x0000000000000000        0x0 /home/jutoroa/workspace/STMDirectory/DriversSTM32/Debug/libDriversSTM32.a(TIMxDriver.o)
 .text.startTimer
                0x0000000000000000       0x26 /home/jutoroa/workspace/STMDirectory/DriversSTM32/Debug/libDriversSTM32.a(TIMxDriver.o)
 .text.stopTimer
                0x0000000000000000       0x26 /home/jutoroa/workspace/STMDirectory/DriversSTM32/Debug/libDriversSTM32.a(TIMxDriver.o)
 .text.Timer2_Callback
                0x0000000000000000        0xe /home/jutoroa/workspace/STMDirectory/DriversSTM32/Debug/libDriversSTM32.a(TIMxDriver.o)
 .text.Timer4_Callback
                0x0000000000000000        0xe /home/jutoroa/workspace/STMDirectory/DriversSTM32/Debug/libDriversSTM32.a(TIMxDriver.o)
 .debug_macro   0x0000000000000000      0xa7e /home/jutoroa/workspace/STMDirectory/DriversSTM32/Debug/libDriversSTM32.a(TIMxDriver.o)
 .debug_macro   0x0000000000000000       0x28 /home/jutoroa/workspace/STMDirectory/DriversSTM32/Debug/libDriversSTM32.a(TIMxDriver.o)
 .debug_macro   0x0000000000000000       0x28 /home/jutoroa/workspace/STMDirectory/DriversSTM32/Debug/libDriversSTM32.a(TIMxDriver.o)
 .debug_macro   0x0000000000000000       0x22 /home/jutoroa/workspace/STMDirectory/DriversSTM32/Debug/libDriversSTM32.a(TIMxDriver.o)
 .debug_macro   0x0000000000000000       0x8e /home/jutoroa/workspace/STMDirectory/DriversSTM32/Debug/libDriversSTM32.a(TIMxDriver.o)
 .debug_macro   0x0000000000000000       0x51 /home/jutoroa/workspace/STMDirectory/DriversSTM32/Debug/libDriversSTM32.a(TIMxDriver.o)
 .debug_macro   0x0000000000000000      0x103 /home/jutoroa/workspace/STMDirectory/DriversSTM32/Debug/libDriversSTM32.a(TIMxDriver.o)
 .debug_macro   0x0000000000000000       0x6a /home/jutoroa/workspace/STMDirectory/DriversSTM32/Debug/libDriversSTM32.a(TIMxDriver.o)
 .debug_macro   0x0000000000000000      0x1df /home/jutoroa/workspace/STMDirectory/DriversSTM32/Debug/libDriversSTM32.a(TIMxDriver.o)
 .debug_macro   0x0000000000000000       0x1c /home/jutoroa/workspace/STMDirectory/DriversSTM32/Debug/libDriversSTM32.a(TIMxDriver.o)
 .debug_macro   0x0000000000000000       0x22 /home/jutoroa/workspace/STMDirectory/DriversSTM32/Debug/libDriversSTM32.a(TIMxDriver.o)
 .debug_macro   0x0000000000000000       0xd9 /home/jutoroa/workspace/STMDirectory/DriversSTM32/Debug/libDriversSTM32.a(TIMxDriver.o)
 .debug_macro   0x0000000000000000     0x102d /home/jutoroa/workspace/STMDirectory/DriversSTM32/Debug/libDriversSTM32.a(TIMxDriver.o)
 .debug_macro   0x0000000000000000      0x11f /home/jutoroa/workspace/STMDirectory/DriversSTM32/Debug/libDriversSTM32.a(TIMxDriver.o)
 .debug_macro   0x0000000000000000     0xb953 /home/jutoroa/workspace/STMDirectory/DriversSTM32/Debug/libDriversSTM32.a(TIMxDriver.o)
 .debug_macro   0x0000000000000000       0x6d /home/jutoroa/workspace/STMDirectory/DriversSTM32/Debug/libDriversSTM32.a(TIMxDriver.o)
 .debug_macro   0x0000000000000000       0x28 /home/jutoroa/workspace/STMDirectory/DriversSTM32/Debug/libDriversSTM32.a(TIMxDriver.o)
 .text          0x0000000000000000        0x0 /opt/st/stm32cubeide_1.9.0/plugins/com.st.stm32cube.ide.mcu.externaltools.gnu-tools-for-stm32.10.3-2021.10.linux64_1.0.0.202111181127/tools/bin/../lib/gcc/arm-none-eabi/10.3.1/../../../../arm-none-eabi/lib/thumb/v7e-m/nofp/libc_nano.a(lib_a-errno.o)
 .data          0x0000000000000000        0x0 /opt/st/stm32cubeide_1.9.0/plugins/com.st.stm32cube.ide.mcu.externaltools.gnu-tools-for-stm32.10.3-2021.10.linux64_1.0.0.202111181127/tools/bin/../lib/gcc/arm-none-eabi/10.3.1/../../../../arm-none-eabi/lib/thumb/v7e-m/nofp/libc_nano.a(lib_a-errno.o)
 .bss           0x0000000000000000        0x0 /opt/st/stm32cubeide_1.9.0/plugins/com.st.stm32cube.ide.mcu.externaltools.gnu-tools-for-stm32.10.3-2021.10.linux64_1.0.0.202111181127/tools/bin/../lib/gcc/arm-none-eabi/10.3.1/../../../../arm-none-eabi/lib/thumb/v7e-m/nofp/libc_nano.a(lib_a-errno.o)
 .text.__errno  0x0000000000000000        0xc /opt/st/stm32cubeide_1.9.0/plugins/com.st.stm32cube.ide.mcu.externaltools.gnu-tools-for-stm32.10.3-2021.10.linux64_1.0.0.202111181127/tools/bin/../lib/gcc/arm-none-eabi/10.3.1/../../../../arm-none-eabi/lib/thumb/v7e-m/nofp/libc_nano.a(lib_a-errno.o)
 .debug_frame   0x0000000000000000       0x20 /opt/st/stm32cubeide_1.9.0/plugins/com.st.stm32cube.ide.mcu.externaltools.gnu-tools-for-stm32.10.3-2021.10.linux64_1.0.0.202111181127/tools/bin/../lib/gcc/arm-none-eabi/10.3.1/../../../../arm-none-eabi/lib/thumb/v7e-m/nofp/libc_nano.a(lib_a-errno.o)
 .ARM.attributes
                0x0000000000000000       0x2e /opt/st/stm32cubeide_1.9.0/plugins/com.st.stm32cube.ide.mcu.externaltools.gnu-tools-for-stm32.10.3-2021.10.linux64_1.0.0.202111181127/tools/bin/../lib/gcc/arm-none-eabi/10.3.1/../../../../arm-none-eabi/lib/thumb/v7e-m/nofp/libc_nano.a(lib_a-errno.o)
 .text          0x0000000000000000        0x0 /opt/st/stm32cubeide_1.9.0/plugins/com.st.stm32cube.ide.mcu.externaltools.gnu-tools-for-stm32.10.3-2021.10.linux64_1.0.0.202111181127/tools/bin/../lib/gcc/arm-none-eabi/10.3.1/../../../../arm-none-eabi/lib/thumb/v7e-m/nofp/libc_nano.a(lib_a-exit.o)
 .data          0x0000000000000000        0x0 /opt/st/stm32cubeide_1.9.0/plugins/com.st.stm32cube.ide.mcu.externaltools.gnu-tools-for-stm32.10.3-2021.10.linux64_1.0.0.202111181127/tools/bin/../lib/gcc/arm-none-eabi/10.3.1/../../../../arm-none-eabi/lib/thumb/v7e-m/nofp/libc_nano.a(lib_a-exit.o)
 .bss           0x0000000000000000        0x0 /opt/st/stm32cubeide_1.9.0/plugins/com.st.stm32cube.ide.mcu.externaltools.gnu-tools-for-stm32.10.3-2021.10.linux64_1.0.0.202111181127/tools/bin/../lib/gcc/arm-none-eabi/10.3.1/../../../../arm-none-eabi/lib/thumb/v7e-m/nofp/libc_nano.a(lib_a-exit.o)
 .text.exit     0x0000000000000000       0x28 /opt/st/stm32cubeide_1.9.0/plugins/com.st.stm32cube.ide.mcu.externaltools.gnu-tools-for-stm32.10.3-2021.10.linux64_1.0.0.202111181127/tools/bin/../lib/gcc/arm-none-eabi/10.3.1/../../../../arm-none-eabi/lib/thumb/v7e-m/nofp/libc_nano.a(lib_a-exit.o)
 .debug_frame   0x0000000000000000       0x28 /opt/st/stm32cubeide_1.9.0/plugins/com.st.stm32cube.ide.mcu.externaltools.gnu-tools-for-stm32.10.3-2021.10.linux64_1.0.0.202111181127/tools/bin/../lib/gcc/arm-none-eabi/10.3.1/../../../../arm-none-eabi/lib/thumb/v7e-m/nofp/libc_nano.a(lib_a-exit.o)
 .ARM.attributes
                0x0000000000000000       0x2e /opt/st/stm32cubeide_1.9.0/plugins/com.st.stm32cube.ide.mcu.externaltools.gnu-tools-for-stm32.10.3-2021.10.linux64_1.0.0.202111181127/tools/bin/../lib/gcc/arm-none-eabi/10.3.1/../../../../arm-none-eabi/lib/thumb/v7e-m/nofp/libc_nano.a(lib_a-exit.o)
 .text          0x0000000000000000        0x0 /opt/st/stm32cubeide_1.9.0/plugins/com.st.stm32cube.ide.mcu.externaltools.gnu-tools-for-stm32.10.3-2021.10.linux64_1.0.0.202111181127/tools/bin/../lib/gcc/arm-none-eabi/10.3.1/../../../../arm-none-eabi/lib/thumb/v7e-m/nofp/libc_nano.a(lib_a-impure.o)
 .data          0x0000000000000000        0x0 /opt/st/stm32cubeide_1.9.0/plugins/com.st.stm32cube.ide.mcu.externaltools.gnu-tools-for-stm32.10.3-2021.10.linux64_1.0.0.202111181127/tools/bin/../lib/gcc/arm-none-eabi/10.3.1/../../../../arm-none-eabi/lib/thumb/v7e-m/nofp/libc_nano.a(lib_a-impure.o)
 .bss           0x0000000000000000        0x0 /opt/st/stm32cubeide_1.9.0/plugins/com.st.stm32cube.ide.mcu.externaltools.gnu-tools-for-stm32.10.3-2021.10.linux64_1.0.0.202111181127/tools/bin/../lib/gcc/arm-none-eabi/10.3.1/../../../../arm-none-eabi/lib/thumb/v7e-m/nofp/libc_nano.a(lib_a-impure.o)
 .data._impure_ptr
                0x0000000000000000        0x4 /opt/st/stm32cubeide_1.9.0/plugins/com.st.stm32cube.ide.mcu.externaltools.gnu-tools-for-stm32.10.3-2021.10.linux64_1.0.0.202111181127/tools/bin/../lib/gcc/arm-none-eabi/10.3.1/../../../../arm-none-eabi/lib/thumb/v7e-m/nofp/libc_nano.a(lib_a-impure.o)
 .data.impure_data
                0x0000000000000000       0x60 /opt/st/stm32cubeide_1.9.0/plugins/com.st.stm32cube.ide.mcu.externaltools.gnu-tools-for-stm32.10.3-2021.10.linux64_1.0.0.202111181127/tools/bin/../lib/gcc/arm-none-eabi/10.3.1/../../../../arm-none-eabi/lib/thumb/v7e-m/nofp/libc_nano.a(lib_a-impure.o)
 .rodata._global_impure_ptr
                0x0000000000000000        0x4 /opt/st/stm32cubeide_1.9.0/plugins/com.st.stm32cube.ide.mcu.externaltools.gnu-tools-for-stm32.10.3-2021.10.linux64_1.0.0.202111181127/tools/bin/../lib/gcc/arm-none-eabi/10.3.1/../../../../arm-none-eabi/lib/thumb/v7e-m/nofp/libc_nano.a(lib_a-impure.o)
 .ARM.attributes
                0x0000000000000000       0x2e /opt/st/stm32cubeide_1.9.0/plugins/com.st.stm32cube.ide.mcu.externaltools.gnu-tools-for-stm32.10.3-2021.10.linux64_1.0.0.202111181127/tools/bin/../lib/gcc/arm-none-eabi/10.3.1/../../../../arm-none-eabi/lib/thumb/v7e-m/nofp/libc_nano.a(lib_a-impure.o)
 .text          0x0000000000000000        0x0 /opt/st/stm32cubeide_1.9.0/plugins/com.st.stm32cube.ide.mcu.externaltools.gnu-tools-for-stm32.10.3-2021.10.linux64_1.0.0.202111181127/tools/bin/../lib/gcc/arm-none-eabi/10.3.1/../../../../arm-none-eabi/lib/thumb/v7e-m/nofp/libc_nano.a(lib_a-init.o)
 .data          0x0000000000000000        0x0 /opt/st/stm32cubeide_1.9.0/plugins/com.st.stm32cube.ide.mcu.externaltools.gnu-tools-for-stm32.10.3-2021.10.linux64_1.0.0.202111181127/tools/bin/../lib/gcc/arm-none-eabi/10.3.1/../../../../arm-none-eabi/lib/thumb/v7e-m/nofp/libc_nano.a(lib_a-init.o)
 .bss           0x0000000000000000        0x0 /opt/st/stm32cubeide_1.9.0/plugins/com.st.stm32cube.ide.mcu.externaltools.gnu-tools-for-stm32.10.3-2021.10.linux64_1.0.0.202111181127/tools/bin/../lib/gcc/arm-none-eabi/10.3.1/../../../../arm-none-eabi/lib/thumb/v7e-m/nofp/libc_nano.a(lib_a-init.o)
 .text          0x0000000000000000        0x0 /opt/st/stm32cubeide_1.9.0/plugins/com.st.stm32cube.ide.mcu.externaltools.gnu-tools-for-stm32.10.3-2021.10.linux64_1.0.0.202111181127/tools/bin/../lib/gcc/arm-none-eabi/10.3.1/../../../../arm-none-eabi/lib/thumb/v7e-m/nofp/libc_nano.a(lib_a-memset.o)
 .data          0x0000000000000000        0x0 /opt/st/stm32cubeide_1.9.0/plugins/com.st.stm32cube.ide.mcu.externaltools.gnu-tools-for-stm32.10.3-2021.10.linux64_1.0.0.202111181127/tools/bin/../lib/gcc/arm-none-eabi/10.3.1/../../../../arm-none-eabi/lib/thumb/v7e-m/nofp/libc_nano.a(lib_a-memset.o)
 .bss           0x0000000000000000        0x0 /opt/st/stm32cubeide_1.9.0/plugins/com.st.stm32cube.ide.mcu.externaltools.gnu-tools-for-stm32.10.3-2021.10.linux64_1.0.0.202111181127/tools/bin/../lib/gcc/arm-none-eabi/10.3.1/../../../../arm-none-eabi/lib/thumb/v7e-m/nofp/libc_nano.a(lib_a-memset.o)
 .text.memset   0x0000000000000000       0x10 /opt/st/stm32cubeide_1.9.0/plugins/com.st.stm32cube.ide.mcu.externaltools.gnu-tools-for-stm32.10.3-2021.10.linux64_1.0.0.202111181127/tools/bin/../lib/gcc/arm-none-eabi/10.3.1/../../../../arm-none-eabi/lib/thumb/v7e-m/nofp/libc_nano.a(lib_a-memset.o)
 .debug_frame   0x0000000000000000       0x20 /opt/st/stm32cubeide_1.9.0/plugins/com.st.stm32cube.ide.mcu.externaltools.gnu-tools-for-stm32.10.3-2021.10.linux64_1.0.0.202111181127/tools/bin/../lib/gcc/arm-none-eabi/10.3.1/../../../../arm-none-eabi/lib/thumb/v7e-m/nofp/libc_nano.a(lib_a-memset.o)
 .ARM.attributes
                0x0000000000000000       0x2e /opt/st/stm32cubeide_1.9.0/plugins/com.st.stm32cube.ide.mcu.externaltools.gnu-tools-for-stm32.10.3-2021.10.linux64_1.0.0.202111181127/tools/bin/../lib/gcc/arm-none-eabi/10.3.1/../../../../arm-none-eabi/lib/thumb/v7e-m/nofp/libc_nano.a(lib_a-memset.o)
 .text          0x0000000000000000        0x0 /opt/st/stm32cubeide_1.9.0/plugins/com.st.stm32cube.ide.mcu.externaltools.gnu-tools-for-stm32.10.3-2021.10.linux64_1.0.0.202111181127/tools/bin/../lib/gcc/arm-none-eabi/10.3.1/thumb/v7e-m/nofp/crtend.o
 .data          0x0000000000000000        0x0 /opt/st/stm32cubeide_1.9.0/plugins/com.st.stm32cube.ide.mcu.externaltools.gnu-tools-for-stm32.10.3-2021.10.linux64_1.0.0.202111181127/tools/bin/../lib/gcc/arm-none-eabi/10.3.1/thumb/v7e-m/nofp/crtend.o
 .bss           0x0000000000000000        0x0 /opt/st/stm32cubeide_1.9.0/plugins/com.st.stm32cube.ide.mcu.externaltools.gnu-tools-for-stm32.10.3-2021.10.linux64_1.0.0.202111181127/tools/bin/../lib/gcc/arm-none-eabi/10.3.1/thumb/v7e-m/nofp/crtend.o
 .rodata        0x0000000000000000       0x24 /opt/st/stm32cubeide_1.9.0/plugins/com.st.stm32cube.ide.mcu.externaltools.gnu-tools-for-stm32.10.3-2021.10.linux64_1.0.0.202111181127/tools/bin/../lib/gcc/arm-none-eabi/10.3.1/thumb/v7e-m/nofp/crtend.o
 .eh_frame      0x0000000000000000        0x4 /opt/st/stm32cubeide_1.9.0/plugins/com.st.stm32cube.ide.mcu.externaltools.gnu-tools-for-stm32.10.3-2021.10.linux64_1.0.0.202111181127/tools/bin/../lib/gcc/arm-none-eabi/10.3.1/thumb/v7e-m/nofp/crtend.o
 .ARM.attributes
                0x0000000000000000       0x2e /opt/st/stm32cubeide_1.9.0/plugins/com.st.stm32cube.ide.mcu.externaltools.gnu-tools-for-stm32.10.3-2021.10.linux64_1.0.0.202111181127/tools/bin/../lib/gcc/arm-none-eabi/10.3.1/thumb/v7e-m/nofp/crtend.o
 .text          0x0000000000000000        0x0 /opt/st/stm32cubeide_1.9.0/plugins/com.st.stm32cube.ide.mcu.externaltools.gnu-tools-for-stm32.10.3-2021.10.linux64_1.0.0.202111181127/tools/bin/../lib/gcc/arm-none-eabi/10.3.1/thumb/v7e-m/nofp/crtn.o
 .data          0x0000000000000000        0x0 /opt/st/stm32cubeide_1.9.0/plugins/com.st.stm32cube.ide.mcu.externaltools.gnu-tools-for-stm32.10.3-2021.10.linux64_1.0.0.202111181127/tools/bin/../lib/gcc/arm-none-eabi/10.3.1/thumb/v7e-m/nofp/crtn.o
 .bss           0x0000000000000000        0x0 /opt/st/stm32cubeide_1.9.0/plugins/com.st.stm32cube.ide.mcu.externaltools.gnu-tools-for-stm32.10.3-2021.10.linux64_1.0.0.202111181127/tools/bin/../lib/gcc/arm-none-eabi/10.3.1/thumb/v7e-m/nofp/crtn.o

Memory Configuration

Name             Origin             Length             Attributes
RAM              0x0000000020000000 0x0000000000020000 xrw
FLASH            0x0000000008000000 0x0000000000080000 xr
*default*        0x0000000000000000 0xffffffffffffffff

Linker script and memory map

LOAD /opt/st/stm32cubeide_1.9.0/plugins/com.st.stm32cube.ide.mcu.externaltools.gnu-tools-for-stm32.10.3-2021.10.linux64_1.0.0.202111181127/tools/bin/../lib/gcc/arm-none-eabi/10.3.1/thumb/v7e-m/nofp/crti.o
LOAD /opt/st/stm32cubeide_1.9.0/plugins/com.st.stm32cube.ide.mcu.externaltools.gnu-tools-for-stm32.10.3-2021.10.linux64_1.0.0.202111181127/tools/bin/../lib/gcc/arm-none-eabi/10.3.1/thumb/v7e-m/nofp/crtbegin.o
LOAD /opt/st/stm32cubeide_1.9.0/plugins/com.st.stm32cube.ide.mcu.externaltools.gnu-tools-for-stm32.10.3-2021.10.linux64_1.0.0.202111181127/tools/bin/../lib/gcc/arm-none-eabi/10.3.1/../../../../arm-none-eabi/lib/thumb/v7e-m/nofp/crt0.o
LOAD ./Src/main.o
LOAD ./Src/syscalls.o
LOAD ./Src/sysmem.o
LOAD ./Startup/startup_stm32f411retx.o
LOAD /home/jutoroa/workspace/STMDirectory/DriversSTM32/Debug/libDriversSTM32.a
START GROUP
LOAD /opt/st/stm32cubeide_1.9.0/plugins/com.st.stm32cube.ide.mcu.externaltools.gnu-tools-for-stm32.10.3-2021.10.linux64_1.0.0.202111181127/tools/bin/../lib/gcc/arm-none-eabi/10.3.1/../../../../arm-none-eabi/lib/thumb/v7e-m/nofp/libc_nano.a
LOAD /opt/st/stm32cubeide_1.9.0/plugins/com.st.stm32cube.ide.mcu.externaltools.gnu-tools-for-stm32.10.3-2021.10.linux64_1.0.0.202111181127/tools/bin/../lib/gcc/arm-none-eabi/10.3.1/../../../../arm-none-eabi/lib/thumb/v7e-m/nofp/libm.a
END GROUP
START GROUP
LOAD /opt/st/stm32cubeide_1.9.0/plugins/com.st.stm32cube.ide.mcu.externaltools.gnu-tools-for-stm32.10.3-2021.10.linux64_1.0.0.202111181127/tools/bin/../lib/gcc/arm-none-eabi/10.3.1/thumb/v7e-m/nofp/libgcc.a
LOAD /opt/st/stm32cubeide_1.9.0/plugins/com.st.stm32cube.ide.mcu.externaltools.gnu-tools-for-stm32.10.3-2021.10.linux64_1.0.0.202111181127/tools/bin/../lib/gcc/arm-none-eabi/10.3.1/../../../../arm-none-eabi/lib/thumb/v7e-m/nofp/libc_nano.a
END GROUP
START GROUP
LOAD /opt/st/stm32cubeide_1.9.0/plugins/com.st.stm32cube.ide.mcu.externaltools.gnu-tools-for-stm32.10.3-2021.10.linux64_1.0.0.202111181127/tools/bin/../lib/gcc/arm-none-eabi/10.3.1/thumb/v7e-m/nofp/libgcc.a
LOAD /opt/st/stm32cubeide_1.9.0/plugins/com.st.stm32cube.ide.mcu.externaltools.gnu-tools-for-stm32.10.3-2021.10.linux64_1.0.0.202111181127/tools/bin/../lib/gcc/arm-none-eabi/10.3.1/../../../../arm-none-eabi/lib/thumb/v7e-m/nofp/libc_nano.a
LOAD /opt/st/stm32cubeide_1.9.0/plugins/com.st.stm32cube.ide.mcu.externaltools.gnu-tools-for-stm32.10.3-2021.10.linux64_1.0.0.202111181127/tools/bin/../lib/gcc/arm-none-eabi/10.3.1/../../../../arm-none-eabi/lib/thumb/v7e-m/nofp/libnosys.a
END GROUP
START GROUP
LOAD /opt/st/stm32cubeide_1.9.0/plugins/com.st.stm32cube.ide.mcu.externaltools.gnu-tools-for-stm32.10.3-2021.10.linux64_1.0.0.202111181127/tools/bin/../lib/gcc/arm-none-eabi/10.3.1/thumb/v7e-m/nofp/libgcc.a
LOAD /opt/st/stm32cubeide_1.9.0/plugins/com.st.stm32cube.ide.mcu.externaltools.gnu-tools-for-stm32.10.3-2021.10.linux64_1.0.0.202111181127/tools/bin/../lib/gcc/arm-none-eabi/10.3.1/../../../../arm-none-eabi/lib/thumb/v7e-m/nofp/libc_nano.a
LOAD /opt/st/stm32cubeide_1.9.0/plugins/com.st.stm32cube.ide.mcu.externaltools.gnu-tools-for-stm32.10.3-2021.10.linux64_1.0.0.202111181127/tools/bin/../lib/gcc/arm-none-eabi/10.3.1/../../../../arm-none-eabi/lib/thumb/v7e-m/nofp/libnosys.a
END GROUP
LOAD /opt/st/stm32cubeide_1.9.0/plugins/com.st.stm32cube.ide.mcu.externaltools.gnu-tools-for-stm32.10.3-2021.10.linux64_1.0.0.202111181127/tools/bin/../lib/gcc/arm-none-eabi/10.3.1/thumb/v7e-m/nofp/crtend.o
LOAD /opt/st/stm32cubeide_1.9.0/plugins/com.st.stm32cube.ide.mcu.externaltools.gnu-tools-for-stm32.10.3-2021.10.linux64_1.0.0.202111181127/tools/bin/../lib/gcc/arm-none-eabi/10.3.1/thumb/v7e-m/nofp/crtn.o
                0x0000000020020000                _estack = (ORIGIN (RAM) + LENGTH (RAM))
                0x0000000000000200                _Min_Heap_Size = 0x200
                0x0000000000000400                _Min_Stack_Size = 0x400

.isr_vector     0x0000000008000000      0x198
                0x0000000008000000                . = ALIGN (0x4)
 *(.isr_vector)
 .isr_vector    0x0000000008000000      0x198 ./Startup/startup_stm32f411retx.o
                0x0000000008000000                g_pfnVectors
                0x0000000008000198                . = ALIGN (0x4)

.text           0x0000000008000198     0x157c
                0x0000000008000198                . = ALIGN (0x4)
 *(.text)
 .text          0x0000000008000198       0x40 /opt/st/stm32cubeide_1.9.0/plugins/com.st.stm32cube.ide.mcu.externaltools.gnu-tools-for-stm32.10.3-2021.10.linux64_1.0.0.202111181127/tools/bin/../lib/gcc/arm-none-eabi/10.3.1/thumb/v7e-m/nofp/crtbegin.o
 *(.text*)
 .text.main     0x00000000080001d8       0xe4 ./Src/main.o
                0x00000000080001d8                main
 .text.initSystem
                0x00000000080002bc      0x2fc ./Src/main.o
                0x00000000080002bc                initSystem
 .text.setNumber
                0x00000000080005b8      0x2a8 ./Src/main.o
                0x00000000080005b8                setNumber
 .text.Timer2_Callback
                0x0000000008000860       0x20 ./Src/main.o
                0x0000000008000860                Timer2_Callback
 .text.Timer4_Callback
                0x0000000008000880       0x78 ./Src/main.o
                0x0000000008000880                Timer4_Callback
 .text.EXTI0_Callback
                0x00000000080008f8       0x28 ./Src/main.o
                0x00000000080008f8                EXTI0_Callback
 .text.EXTI3_Callback
                0x0000000008000920       0x28 ./Src/main.o
                0x0000000008000920                EXTI3_Callback
 .text.Reset_Handler
                0x0000000008000948       0x50 ./Startup/startup_stm32f411retx.o
                0x0000000008000948                Reset_Handler
 .text.Default_Handler
                0x0000000008000998        0x2 ./Startup/startup_stm32f411retx.o
                0x0000000008000998                RTC_Alarm_IRQHandler
                0x0000000008000998                DebugMon_Handler
                0x0000000008000998                SPI4_IRQHandler
                0x0000000008000998                TIM1_CC_IRQHandler
                0x0000000008000998                DMA2_Stream5_IRQHandler
                0x0000000008000998                HardFault_Handler
                0x0000000008000998                DMA1_Stream5_IRQHandler
                0x0000000008000998                SysTick_Handler
                0x0000000008000998                PVD_IRQHandler
                0x0000000008000998                SDIO_IRQHandler
                0x0000000008000998                TAMP_STAMP_IRQHandler
                0x0000000008000998                PendSV_Handler
                0x0000000008000998                NMI_Handler
                0x0000000008000998                TIM1_UP_TIM10_IRQHandler
                0x0000000008000998                I2C3_ER_IRQHandler
                0x0000000008000998                I2C2_EV_IRQHandler
                0x0000000008000998                DMA1_Stream2_IRQHandler
                0x0000000008000998                FPU_IRQHandler
                0x0000000008000998                UsageFault_Handler
                0x0000000008000998                DMA2_Stream2_IRQHandler
                0x0000000008000998                SPI1_IRQHandler
                0x0000000008000998                TIM1_BRK_TIM9_IRQHandler
                0x0000000008000998                DMA2_Stream3_IRQHandler
                0x0000000008000998                USART6_IRQHandler
                0x0000000008000998                DMA2_Stream0_IRQHandler
                0x0000000008000998                I2C1_EV_IRQHandler
                0x0000000008000998                DMA1_Stream6_IRQHandler
                0x0000000008000998                DMA1_Stream1_IRQHandler
                0x0000000008000998                RCC_IRQHandler
                0x0000000008000998                Default_Handler
                0x0000000008000998                ADC_IRQHandler
                0x0000000008000998                DMA1_Stream7_IRQHandler
                0x0000000008000998                SPI5_IRQHandler
                0x0000000008000998                DMA2_Stream7_IRQHandler
                0x0000000008000998                I2C3_EV_IRQHandler
                0x0000000008000998                RTC_WKUP_IRQHandler
                0x0000000008000998                SPI2_IRQHandler
                0x0000000008000998                MemManage_Handler
                0x0000000008000998                DMA1_Stream0_IRQHandler
                0x0000000008000998                SVC_Handler
                0x0000000008000998                WWDG_IRQHandler
                0x0000000008000998                OTG_FS_WKUP_IRQHandler
                0x0000000008000998                TIM1_TRG_COM_TIM11_IRQHandler
                0x0000000008000998                USART2_IRQHandler
                0x0000000008000998                I2C2_ER_IRQHandler
                0x0000000008000998                DMA2_Stream1_IRQHandler
                0x0000000008000998                FLASH_IRQHandler
                0x0000000008000998                DMA2_Stream4_IRQHandler
                0x0000000008000998                BusFault_Handler
                0x0000000008000998                USART1_IRQHandler
                0x0000000008000998                OTG_FS_IRQHandler
                0x0000000008000998                SPI3_IRQHandler
                0x0000000008000998                DMA1_Stream4_IRQHandler
                0x0000000008000998                I2C1_ER_IRQHandler
                0x0000000008000998                DMA2_Stream6_IRQHandler
                0x0000000008000998                DMA1_Stream3_IRQHandler
 *fill*         0x000000000800099a        0x2 
 .text.__NVIC_EnableIRQ
                0x000000000800099c       0x38 /home/jutoroa/workspace/STMDirectory/DriversSTM32/Debug/libDriversSTM32.a(EXTIxDriver.o)
 .text.EXTI_Config
                0x00000000080009d4      0x4cc /home/jutoroa/workspace/STMDirectory/DriversSTM32/Debug/libDriversSTM32.a(EXTIxDriver.o)
                0x00000000080009d4                EXTI_Config
 .text.EXTI0_IRQHandler
                0x0000000008000ea0       0x1c /home/jutoroa/workspace/STMDirectory/DriversSTM32/Debug/libDriversSTM32.a(EXTIxDriver.o)
                0x0000000008000ea0                EXTI0_IRQHandler
 .text.EXTI1_IRQHandler
                0x0000000008000ebc       0x1c /home/jutoroa/workspace/STMDirectory/DriversSTM32/Debug/libDriversSTM32.a(EXTIxDriver.o)
                0x0000000008000ebc                EXTI1_IRQHandler
 .text.EXTI2_IRQHandler
                0x0000000008000ed8       0x1c /home/jutoroa/workspace/STMDirectory/DriversSTM32/Debug/libDriversSTM32.a(EXTIxDriver.o)
                0x0000000008000ed8                EXTI2_IRQHandler
 .text.EXTI3_IRQHandler
                0x0000000008000ef4       0x1c /home/jutoroa/workspace/STMDirectory/DriversSTM32/Debug/libDriversSTM32.a(EXTIxDriver.o)
                0x0000000008000ef4                EXTI3_IRQHandler
 .text.EXTI4_IRQHandler
                0x0000000008000f10       0x1c /home/jutoroa/workspace/STMDirectory/DriversSTM32/Debug/libDriversSTM32.a(EXTIxDriver.o)
                0x0000000008000f10                EXTI4_IRQHandler
 .text.EXTI9_5_IRQHandler
                0x0000000008000f2c       0xac /home/jutoroa/workspace/STMDirectory/DriversSTM32/Debug/libDriversSTM32.a(EXTIxDriver.o)
                0x0000000008000f2c                EXTI9_5_IRQHandler
 .text.EXTI15_10_IRQHandler
                0x0000000008000fd8       0xc0 /home/jutoroa/workspace/STMDirectory/DriversSTM32/Debug/libDriversSTM32.a(EXTIxDriver.o)
                0x0000000008000fd8                EXTI15_10_IRQHandler
 .text.EXTI1_Callback
                0x0000000008001098        0xe /home/jutoroa/workspace/STMDirectory/DriversSTM32/Debug/libDriversSTM32.a(EXTIxDriver.o)
                0x0000000008001098                EXTI1_Callback
 .text.EXTI2_Callback
                0x00000000080010a6        0xe /home/jutoroa/workspace/STMDirectory/DriversSTM32/Debug/libDriversSTM32.a(EXTIxDriver.o)
                0x00000000080010a6                EXTI2_Callback
 .text.EXTI4_Callback
                0x00000000080010b4        0xe /home/jutoroa/workspace/STMDirectory/DriversSTM32/Debug/libDriversSTM32.a(EXTIxDriver.o)
                0x00000000080010b4                EXTI4_Callback
 .text.EXTI5_Callback
                0x00000000080010c2        0xe /home/jutoroa/workspace/STMDirectory/DriversSTM32/Debug/libDriversSTM32.a(EXTIxDriver.o)
                0x00000000080010c2                EXTI5_Callback
 .text.EXTI6_Callback
                0x00000000080010d0        0xe /home/jutoroa/workspace/STMDirectory/DriversSTM32/Debug/libDriversSTM32.a(EXTIxDriver.o)
                0x00000000080010d0                EXTI6_Callback
 .text.EXTI7_Callback
                0x00000000080010de        0xe /home/jutoroa/workspace/STMDirectory/DriversSTM32/Debug/libDriversSTM32.a(EXTIxDriver.o)
                0x00000000080010de                EXTI7_Callback
 .text.EXTI8_Callback
                0x00000000080010ec        0xe /home/jutoroa/workspace/STMDirectory/DriversSTM32/Debug/libDriversSTM32.a(EXTIxDriver.o)
                0x00000000080010ec                EXTI8_Callback
 .text.EXTI9_Callback
                0x00000000080010fa        0xe /home/jutoroa/workspace/STMDirectory/DriversSTM32/Debug/libDriversSTM32.a(EXTIxDriver.o)
                0x00000000080010fa                EXTI9_Callback
 .text.EXTI10_Callback
                0x0000000008001108        0xe /home/jutoroa/workspace/STMDirectory/DriversSTM32/Debug/libDriversSTM32.a(EXTIxDriver.o)
                0x0000000008001108                EXTI10_Callback
 .text.EXTI11_Callback
                0x0000000008001116        0xe /home/jutoroa/workspace/STMDirectory/DriversSTM32/Debug/libDriversSTM32.a(EXTIxDriver.o)
                0x0000000008001116                EXTI11_Callback
 .text.EXTI12_Callback
                0x0000000008001124        0xe /home/jutoroa/workspace/STMDirectory/DriversSTM32/Debug/libDriversSTM32.a(EXTIxDriver.o)
                0x0000000008001124                EXTI12_Callback
 .text.EXTI13_Callback
                0x0000000008001132        0xe /home/jutoroa/workspace/STMDirectory/DriversSTM32/Debug/libDriversSTM32.a(EXTIxDriver.o)
                0x0000000008001132                EXTI13_Callback
 .text.EXTI14_Callback
                0x0000000008001140        0xe /home/jutoroa/workspace/STMDirectory/DriversSTM32/Debug/libDriversSTM32.a(EXTIxDriver.o)
                0x0000000008001140                EXTI14_Callback
 .text.EXTI15_Callback
                0x000000000800114e        0xe /home/jutoroa/workspace/STMDirectory/DriversSTM32/Debug/libDriversSTM32.a(EXTIxDriver.o)
                0x000000000800114e                EXTI15_Callback
 .text.GPIO_Config
                0x000000000800115c      0x250 /home/jutoroa/workspace/STMDirectory/DriversSTM32/Debug/libDriversSTM32.a(GPIOxDriver.o)
                0x000000000800115c                GPIO_Config
 .text.GPIO_WritePin
                0x00000000080013ac       0x54 /home/jutoroa/workspace/STMDirectory/DriversSTM32/Debug/libDriversSTM32.a(GPIOxDriver.o)
                0x00000000080013ac                GPIO_WritePin
 .text.__NVIC_EnableIRQ
                0x0000000008001400       0x38 /home/jutoroa/workspace/STMDirectory/DriversSTM32/Debug/libDriversSTM32.a(TIMxDriver.o)
 .text.__NVIC_DisableIRQ
                0x0000000008001438       0x48 /home/jutoroa/workspace/STMDirectory/DriversSTM32/Debug/libDriversSTM32.a(TIMxDriver.o)
 .text.__NVIC_SetPriority
                0x0000000008001480       0x54 /home/jutoroa/workspace/STMDirectory/DriversSTM32/Debug/libDriversSTM32.a(TIMxDriver.o)
 .text.Timer_Config
                0x00000000080014d4      0x154 /home/jutoroa/workspace/STMDirectory/DriversSTM32/Debug/libDriversSTM32.a(TIMxDriver.o)
                0x00000000080014d4                Timer_Config
 .text.Timer3_Callback
                0x0000000008001628        0xe /home/jutoroa/workspace/STMDirectory/DriversSTM32/Debug/libDriversSTM32.a(TIMxDriver.o)
                0x0000000008001628                Timer3_Callback
 .text.Timer5_Callback
                0x0000000008001636        0xe /home/jutoroa/workspace/STMDirectory/DriversSTM32/Debug/libDriversSTM32.a(TIMxDriver.o)
                0x0000000008001636                Timer5_Callback
 .text.TIM2_IRQHandler
                0x0000000008001644       0x1c /home/jutoroa/workspace/STMDirectory/DriversSTM32/Debug/libDriversSTM32.a(TIMxDriver.o)
                0x0000000008001644                TIM2_IRQHandler
 .text.TIM3_IRQHandler
                0x0000000008001660       0x1c /home/jutoroa/workspace/STMDirectory/DriversSTM32/Debug/libDriversSTM32.a(TIMxDriver.o)
                0x0000000008001660                TIM3_IRQHandler
 .text.TIM4_IRQHandler
                0x000000000800167c       0x1c /home/jutoroa/workspace/STMDirectory/DriversSTM32/Debug/libDriversSTM32.a(TIMxDriver.o)
                0x000000000800167c                TIM4_IRQHandler
 .text.TIM5_IRQHandler
                0x0000000008001698       0x1c /home/jutoroa/workspace/STMDirectory/DriversSTM32/Debug/libDriversSTM32.a(TIMxDriver.o)
                0x0000000008001698                TIM5_IRQHandler
 .text.__libc_init_array
                0x00000000080016b4       0x48 /opt/st/stm32cubeide_1.9.0/plugins/com.st.stm32cube.ide.mcu.externaltools.gnu-tools-for-stm32.10.3-2021.10.linux64_1.0.0.202111181127/tools/bin/../lib/gcc/arm-none-eabi/10.3.1/../../../../arm-none-eabi/lib/thumb/v7e-m/nofp/libc_nano.a(lib_a-init.o)
                0x00000000080016b4                __libc_init_array
 *(.glue_7)
 .glue_7        0x00000000080016fc        0x0 linker stubs
 *(.glue_7t)
 .glue_7t       0x00000000080016fc        0x0 linker stubs
 *(.eh_frame)
 .eh_frame      0x00000000080016fc        0x0 /opt/st/stm32cubeide_1.9.0/plugins/com.st.stm32cube.ide.mcu.externaltools.gnu-tools-for-stm32.10.3-2021.10.linux64_1.0.0.202111181127/tools/bin/../lib/gcc/arm-none-eabi/10.3.1/thumb/v7e-m/nofp/crtbegin.o
 *(.init)
 .init          0x00000000080016fc        0x4 /opt/st/stm32cubeide_1.9.0/plugins/com.st.stm32cube.ide.mcu.externaltools.gnu-tools-for-stm32.10.3-2021.10.linux64_1.0.0.202111181127/tools/bin/../lib/gcc/arm-none-eabi/10.3.1/thumb/v7e-m/nofp/crti.o
                0x00000000080016fc                _init
 .init          0x0000000008001700        0x8 /opt/st/stm32cubeide_1.9.0/plugins/com.st.stm32cube.ide.mcu.externaltools.gnu-tools-for-stm32.10.3-2021.10.linux64_1.0.0.202111181127/tools/bin/../lib/gcc/arm-none-eabi/10.3.1/thumb/v7e-m/nofp/crtn.o
 *(.fini)
 .fini          0x0000000008001708        0x4 /opt/st/stm32cubeide_1.9.0/plugins/com.st.stm32cube.ide.mcu.externaltools.gnu-tools-for-stm32.10.3-2021.10.linux64_1.0.0.202111181127/tools/bin/../lib/gcc/arm-none-eabi/10.3.1/thumb/v7e-m/nofp/crti.o
                0x0000000008001708                _fini
 .fini          0x000000000800170c        0x8 /opt/st/stm32cubeide_1.9.0/plugins/com.st.stm32cube.ide.mcu.externaltools.gnu-tools-for-stm32.10.3-2021.10.linux64_1.0.0.202111181127/tools/bin/../lib/gcc/arm-none-eabi/10.3.1/thumb/v7e-m/nofp/crtn.o
                0x0000000008001714                . = ALIGN (0x4)
                0x0000000008001714                _etext = .

.vfp11_veneer   0x0000000008001714        0x0
 .vfp11_veneer  0x0000000008001714        0x0 linker stubs

.v4_bx          0x0000000008001714        0x0
 .v4_bx         0x0000000008001714        0x0 linker stubs

.iplt           0x0000000008001714        0x0
 .iplt          0x0000000008001714        0x0 /opt/st/stm32cubeide_1.9.0/plugins/com.st.stm32cube.ide.mcu.externaltools.gnu-tools-for-stm32.10.3-2021.10.linux64_1.0.0.202111181127/tools/bin/../lib/gcc/arm-none-eabi/10.3.1/thumb/v7e-m/nofp/crtbegin.o

.rel.dyn        0x0000000008001714        0x0
 .rel.iplt      0x0000000008001714        0x0 /opt/st/stm32cubeide_1.9.0/plugins/com.st.stm32cube.ide.mcu.externaltools.gnu-tools-for-stm32.10.3-2021.10.linux64_1.0.0.202111181127/tools/bin/../lib/gcc/arm-none-eabi/10.3.1/thumb/v7e-m/nofp/crtbegin.o

.rodata         0x0000000008001714        0x0
                0x0000000008001714                . = ALIGN (0x4)
 *(.rodata)
 *(.rodata*)
                0x0000000008001714                . = ALIGN (0x4)

.ARM.extab      0x0000000008001714        0x0
                0x0000000008001714                . = ALIGN (0x4)
 *(.ARM.extab* .gnu.linkonce.armextab.*)
                0x0000000008001714                . = ALIGN (0x4)

.ARM            0x0000000008001714        0x0
                0x0000000008001714                . = ALIGN (0x4)
                0x0000000008001714                __exidx_start = .
 *(.ARM.exidx*)
                0x0000000008001714                __exidx_end = .
                0x0000000008001714                . = ALIGN (0x4)

.preinit_array  0x0000000008001714        0x0
                0x0000000008001714                . = ALIGN (0x4)
                0x0000000008001714                PROVIDE (__preinit_array_start = .)
 *(.preinit_array*)
                0x0000000008001714                PROVIDE (__preinit_array_end = .)
                0x0000000008001714                . = ALIGN (0x4)

.init_array     0x0000000008001714        0x4
                0x0000000008001714                . = ALIGN (0x4)
                0x0000000008001714                PROVIDE (__init_array_start = .)
 *(SORT_BY_NAME(.init_array.*))
 *(.init_array*)
 .init_array    0x0000000008001714        0x4 /opt/st/stm32cubeide_1.9.0/plugins/com.st.stm32cube.ide.mcu.externaltools.gnu-tools-for-stm32.10.3-2021.10.linux64_1.0.0.202111181127/tools/bin/../lib/gcc/arm-none-eabi/10.3.1/thumb/v7e-m/nofp/crtbegin.o
                0x0000000008001718                PROVIDE (__init_array_end = .)
                0x0000000008001718                . = ALIGN (0x4)

.fini_array     0x0000000008001718        0x4
                0x0000000008001718                . = ALIGN (0x4)
                [!provide]                        PROVIDE (__fini_array_start = .)
 *(SORT_BY_NAME(.fini_array.*))
 *(.fini_array*)
 .fini_array    0x0000000008001718        0x4 /opt/st/stm32cubeide_1.9.0/plugins/com.st.stm32cube.ide.mcu.externaltools.gnu-tools-for-stm32.10.3-2021.10.linux64_1.0.0.202111181127/tools/bin/../lib/gcc/arm-none-eabi/10.3.1/thumb/v7e-m/nofp/crtbegin.o
                [!provide]                        PROVIDE (__fini_array_end = .)
                0x000000000800171c                . = ALIGN (0x4)
                0x000000000800171c                _sidata = LOADADDR (.data)

.data           0x0000000020000000        0x4 load address 0x000000000800171c
                0x0000000020000000                . = ALIGN (0x4)
                0x0000000020000000                _sdata = .
 *(.data)
 *(.data*)
 .data.LEDState
                0x0000000020000000        0x1 ./Src/main.o
                0x0000000020000000                LEDState
 *(.RamFunc)
 *(.RamFunc*)
                0x0000000020000004                . = ALIGN (0x4)
 *fill*         0x0000000020000001        0x3 
                0x0000000020000004                _edata = .

.igot.plt       0x0000000020000004        0x0 load address 0x0000000008001720
 .igot.plt      0x0000000020000004        0x0 /opt/st/stm32cubeide_1.9.0/plugins/com.st.stm32cube.ide.mcu.externaltools.gnu-tools-for-stm32.10.3-2021.10.linux64_1.0.0.202111181127/tools/bin/../lib/gcc/arm-none-eabi/10.3.1/thumb/v7e-m/nofp/crtbegin.o
                0x0000000020000004                . = ALIGN (0x4)

.bss            0x0000000020000004       0xf0 load address 0x0000000008001720
                0x0000000020000004                _sbss = .
                0x0000000020000004                __bss_start__ = _sbss
 *(.bss)
 .bss           0x0000000020000004       0x1c /opt/st/stm32cubeide_1.9.0/plugins/com.st.stm32cube.ide.mcu.externaltools.gnu-tools-for-stm32.10.3-2021.10.linux64_1.0.0.202111181127/tools/bin/../lib/gcc/arm-none-eabi/10.3.1/thumb/v7e-m/nofp/crtbegin.o
 *(.bss*)
 .bss.handlerStateLED
                0x0000000020000020        0xc ./Src/main.o
                0x0000000020000020                handlerStateLED
 .bss.handlerSwitchLED
                0x000000002000002c        0xc ./Src/main.o
                0x000000002000002c                handlerSwitchLED
 .bss.handlerTimer2
                0x0000000020000038        0xc ./Src/main.o
                0x0000000020000038                handlerTimer2
 .bss.handlerTimer4
                0x0000000020000044        0xc ./Src/main.o
                0x0000000020000044                handlerTimer4
 .bss.handlerEXTI0
                0x0000000020000050        0x8 ./Src/main.o
                0x0000000020000050                handlerEXTI0
 .bss.handlerEXTI3
                0x0000000020000058        0x8 ./Src/main.o
                0x0000000020000058                handlerEXTI3
 .bss.handlerSevenSegmentsA
                0x0000000020000060        0xc ./Src/main.o
                0x0000000020000060                handlerSevenSegmentsA
 .bss.handlerSevenSegmentsB
                0x000000002000006c        0xc ./Src/main.o
                0x000000002000006c                handlerSevenSegmentsB
 .bss.handlerSevenSegmentsC
                0x0000000020000078        0xc ./Src/main.o
                0x0000000020000078                handlerSevenSegmentsC
 .bss.handlerSevenSegmentsD
                0x0000000020000084        0xc ./Src/main.o
                0x0000000020000084                handlerSevenSegmentsD
 .bss.handlerSevenSegmentsE
                0x0000000020000090        0xc ./Src/main.o
                0x0000000020000090                handlerSevenSegmentsE
 .bss.handlerSevenSegmentsF
                0x000000002000009c        0xc ./Src/main.o
                0x000000002000009c                handlerSevenSegmentsF
 .bss.handlerSevenSegmentsG
                0x00000000200000a8        0xc ./Src/main.o
                0x00000000200000a8                handlerSevenSegmentsG
 .bss.handlerSevenSegmentsP
                0x00000000200000b4        0xc ./Src/main.o
                0x00000000200000b4                handlerSevenSegmentsP
 .bss.handlerTransistorUnidades
                0x00000000200000c0        0xc ./Src/main.o
                0x00000000200000c0                handlerTransistorUnidades
 .bss.handlerTransistorDecenas
                0x00000000200000cc        0xc ./Src/main.o
                0x00000000200000cc                handlerTransistorDecenas
 .bss.counterUnidades
                0x00000000200000d8        0x4 ./Src/main.o
                0x00000000200000d8                counterUnidades
 .bss.counterDecenas
                0x00000000200000dc        0x4 ./Src/main.o
                0x00000000200000dc                counterDecenas
 .bss.auxCounter
                0x00000000200000e0        0x4 ./Src/main.o
                0x00000000200000e0                auxCounter
 .bss.buttonControl
                0x00000000200000e4        0x1 ./Src/main.o
                0x00000000200000e4                buttonControl
 *fill*         0x00000000200000e5        0x3 
 .bss.handlerEXTIxPin
                0x00000000200000e8        0xc /home/jutoroa/workspace/STMDirectory/DriversSTM32/Debug/libDriversSTM32.a(EXTIxDriver.o)
                0x00000000200000e8                handlerEXTIxPin
 *(COMMON)
                0x00000000200000f4                . = ALIGN (0x4)
                0x00000000200000f4                _ebss = .
                0x00000000200000f4                __bss_end__ = _ebss

._user_heap_stack
                0x00000000200000f4      0x604 load address 0x0000000008001720
                0x00000000200000f8                . = ALIGN (0x8)
 *fill*         0x00000000200000f4        0x4 
                [!provide]                        PROVIDE (end = .)
                0x00000000200000f8                PROVIDE (_end = .)
                0x00000000200002f8                . = (. + _Min_Heap_Size)
 *fill*         0x00000000200000f8      0x200 
                0x00000000200006f8                . = (. + _Min_Stack_Size)
 *fill*         0x00000000200002f8      0x400 
                0x00000000200006f8                . = ALIGN (0x8)

/DISCARD/
 libc.a(*)
 libm.a(*)
 libgcc.a(*)

.ARM.attributes
                0x0000000000000000       0x2a
 *(.ARM.attributes)
 .ARM.attributes
                0x0000000000000000       0x1e /opt/st/stm32cubeide_1.9.0/plugins/com.st.stm32cube.ide.mcu.externaltools.gnu-tools-for-stm32.10.3-2021.10.linux64_1.0.0.202111181127/tools/bin/../lib/gcc/arm-none-eabi/10.3.1/thumb/v7e-m/nofp/crti.o
 .ARM.attributes
                0x000000000000001e       0x2e /opt/st/stm32cubeide_1.9.0/plugins/com.st.stm32cube.ide.mcu.externaltools.gnu-tools-for-stm32.10.3-2021.10.linux64_1.0.0.202111181127/tools/bin/../lib/gcc/arm-none-eabi/10.3.1/thumb/v7e-m/nofp/crtbegin.o
 .ARM.attributes
                0x000000000000004c       0x2e ./Src/main.o
 .ARM.attributes
                0x000000000000007a       0x21 ./Startup/startup_stm32f411retx.o
 .ARM.attributes
                0x000000000000009b       0x2e /home/jutoroa/workspace/STMDirectory/DriversSTM32/Debug/libDriversSTM32.a(EXTIxDriver.o)
 .ARM.attributes
                0x00000000000000c9       0x2e /home/jutoroa/workspace/STMDirectory/DriversSTM32/Debug/libDriversSTM32.a(GPIOxDriver.o)
 .ARM.attributes
                0x00000000000000f7       0x2e /home/jutoroa/workspace/STMDirectory/DriversSTM32/Debug/libDriversSTM32.a(TIMxDriver.o)
 .ARM.attributes
                0x0000000000000125       0x2e /opt/st/stm32cubeide_1.9.0/plugins/com.st.stm32cube.ide.mcu.externaltools.gnu-tools-for-stm32.10.3-2021.10.linux64_1.0.0.202111181127/tools/bin/../lib/gcc/arm-none-eabi/10.3.1/../../../../arm-none-eabi/lib/thumb/v7e-m/nofp/libc_nano.a(lib_a-init.o)
 .ARM.attributes
                0x0000000000000153       0x1e /opt/st/stm32cubeide_1.9.0/plugins/com.st.stm32cube.ide.mcu.externaltools.gnu-tools-for-stm32.10.3-2021.10.linux64_1.0.0.202111181127/tools/bin/../lib/gcc/arm-none-eabi/10.3.1/thumb/v7e-m/nofp/crtn.o
OUTPUT(tarea4_jutoroa.elf elf32-littlearm)
LOAD linker stubs
LOAD /opt/st/stm32cubeide_1.9.0/plugins/com.st.stm32cube.ide.mcu.externaltools.gnu-tools-for-stm32.10.3-2021.10.linux64_1.0.0.202111181127/tools/bin/../lib/gcc/arm-none-eabi/10.3.1/../../../../arm-none-eabi/lib/thumb/v7e-m/nofp/libc.a
LOAD /opt/st/stm32cubeide_1.9.0/plugins/com.st.stm32cube.ide.mcu.externaltools.gnu-tools-for-stm32.10.3-2021.10.linux64_1.0.0.202111181127/tools/bin/../lib/gcc/arm-none-eabi/10.3.1/../../../../arm-none-eabi/lib/thumb/v7e-m/nofp/libm.a
LOAD /opt/st/stm32cubeide_1.9.0/plugins/com.st.stm32cube.ide.mcu.externaltools.gnu-tools-for-stm32.10.3-2021.10.linux64_1.0.0.202111181127/tools/bin/../lib/gcc/arm-none-eabi/10.3.1/thumb/v7e-m/nofp/libgcc.a

.debug_info     0x0000000000000000     0x20bc
 .debug_info    0x0000000000000000      0x699 ./Src/main.o
 .debug_info    0x0000000000000699       0x22 ./Startup/startup_stm32f411retx.o
 .debug_info    0x00000000000006bb      0xa50 /home/jutoroa/workspace/STMDirectory/DriversSTM32/Debug/libDriversSTM32.a(EXTIxDriver.o)
 .debug_info    0x000000000000110b      0x4b0 /home/jutoroa/workspace/STMDirectory/DriversSTM32/Debug/libDriversSTM32.a(GPIOxDriver.o)
 .debug_info    0x00000000000015bb      0xb01 /home/jutoroa/workspace/STMDirectory/DriversSTM32/Debug/libDriversSTM32.a(TIMxDriver.o)

.debug_abbrev   0x0000000000000000      0x73e
 .debug_abbrev  0x0000000000000000      0x1ba ./Src/main.o
 .debug_abbrev  0x00000000000001ba       0x12 ./Startup/startup_stm32f411retx.o
 .debug_abbrev  0x00000000000001cc      0x225 /home/jutoroa/workspace/STMDirectory/DriversSTM32/Debug/libDriversSTM32.a(EXTIxDriver.o)
 .debug_abbrev  0x00000000000003f1      0x159 /home/jutoroa/workspace/STMDirectory/DriversSTM32/Debug/libDriversSTM32.a(GPIOxDriver.o)
 .debug_abbrev  0x000000000000054a      0x1f4 /home/jutoroa/workspace/STMDirectory/DriversSTM32/Debug/libDriversSTM32.a(TIMxDriver.o)

.debug_aranges  0x0000000000000000      0x210
 .debug_aranges
                0x0000000000000000       0x50 ./Src/main.o
 .debug_aranges
                0x0000000000000050       0x28 ./Startup/startup_stm32f411retx.o
 .debug_aranges
                0x0000000000000078       0xe0 /home/jutoroa/workspace/STMDirectory/DriversSTM32/Debug/libDriversSTM32.a(EXTIxDriver.o)
 .debug_aranges
                0x0000000000000158       0x30 /home/jutoroa/workspace/STMDirectory/DriversSTM32/Debug/libDriversSTM32.a(GPIOxDriver.o)
 .debug_aranges
                0x0000000000000188       0x88 /home/jutoroa/workspace/STMDirectory/DriversSTM32/Debug/libDriversSTM32.a(TIMxDriver.o)

.debug_ranges   0x0000000000000000      0x1c8
 .debug_ranges  0x0000000000000000       0x40 ./Src/main.o
 .debug_ranges  0x0000000000000040       0x20 ./Startup/startup_stm32f411retx.o
 .debug_ranges  0x0000000000000060       0xd0 /home/jutoroa/workspace/STMDirectory/DriversSTM32/Debug/libDriversSTM32.a(EXTIxDriver.o)
 .debug_ranges  0x0000000000000130       0x20 /home/jutoroa/workspace/STMDirectory/DriversSTM32/Debug/libDriversSTM32.a(GPIOxDriver.o)
 .debug_ranges  0x0000000000000150       0x78 /home/jutoroa/workspace/STMDirectory/DriversSTM32/Debug/libDriversSTM32.a(TIMxDriver.o)

.debug_macro    0x0000000000000000     0xf086
 .debug_macro   0x0000000000000000      0x268 ./Src/main.o
 .debug_macro   0x0000000000000268      0xa7e ./Src/main.o
 .debug_macro   0x0000000000000ce6       0x28 ./Src/main.o
 .debug_macro   0x0000000000000d0e       0x28 ./Src/main.o
 .debug_macro   0x0000000000000d36       0x22 ./Src/main.o
 .debug_macro   0x0000000000000d58       0x8e ./Src/main.o
 .debug_macro   0x0000000000000de6       0x51 ./Src/main.o
 .debug_macro   0x0000000000000e37      0x103 ./Src/main.o
 .debug_macro   0x0000000000000f3a       0x6a ./Src/main.o
 .debug_macro   0x0000000000000fa4      0x1df ./Src/main.o
 .debug_macro   0x0000000000001183       0x1c ./Src/main.o
 .debug_macro   0x000000000000119f       0x22 ./Src/main.o
 .debug_macro   0x00000000000011c1       0xd9 ./Src/main.o
 .debug_macro   0x000000000000129a     0x102d ./Src/main.o
 .debug_macro   0x00000000000022c7      0x11f ./Src/main.o
 .debug_macro   0x00000000000023e6     0xb953 ./Src/main.o
 .debug_macro   0x000000000000dd39       0x6d ./Src/main.o
 .debug_macro   0x000000000000dda6       0x22 ./Src/main.o
 .debug_macro   0x000000000000ddc8      0x12a ./Src/main.o
 .debug_macro   0x000000000000def2       0x52 ./Src/main.o
 .debug_macro   0x000000000000df44       0x18 ./Src/main.o
 .debug_macro   0x000000000000df5c       0x3c ./Src/main.o
 .debug_macro   0x000000000000df98       0x34 ./Src/main.o
 .debug_macro   0x000000000000dfcc       0x16 ./Src/main.o
 .debug_macro   0x000000000000dfe2       0x97 ./Src/main.o
 .debug_macro   0x000000000000e079      0x341 ./Src/main.o
 .debug_macro   0x000000000000e3ba       0xfd ./Src/main.o
 .debug_macro   0x000000000000e4b7       0x10 ./Src/main.o
 .debug_macro   0x000000000000e4c7       0x16 ./Src/main.o
 .debug_macro   0x000000000000e4dd       0x43 ./Src/main.o
 .debug_macro   0x000000000000e520       0x34 ./Src/main.o
 .debug_macro   0x000000000000e554       0x10 ./Src/main.o
 .debug_macro   0x000000000000e564       0x58 ./Src/main.o
 .debug_macro   0x000000000000e5bc       0x71 ./Src/main.o
 .debug_macro   0x000000000000e62d       0x1c ./Src/main.o
 .debug_macro   0x000000000000e649      0x12a ./Src/main.o
 .debug_macro   0x000000000000e773       0x10 ./Src/main.o
 .debug_macro   0x000000000000e783       0x1c ./Src/main.o
 .debug_macro   0x000000000000e79f       0x52 ./Src/main.o
 .debug_macro   0x000000000000e7f1       0x22 ./Src/main.o
 .debug_macro   0x000000000000e813       0x10 ./Src/main.o
 .debug_macro   0x000000000000e823       0x52 ./Src/main.o
 .debug_macro   0x000000000000e875       0xd5 ./Src/main.o
 .debug_macro   0x000000000000e94a       0x1c ./Src/main.o
 .debug_macro   0x000000000000e966       0x3d ./Src/main.o
 .debug_macro   0x000000000000e9a3       0x16 ./Src/main.o
 .debug_macro   0x000000000000e9b9      0x145 ./Src/main.o
 .debug_macro   0x000000000000eafe       0x82 ./Src/main.o
 .debug_macro   0x000000000000eb80       0x28 ./Src/main.o
 .debug_macro   0x000000000000eba8       0xca ./Src/main.o
 .debug_macro   0x000000000000ec72       0x2e ./Src/main.o
 .debug_macro   0x000000000000eca0       0xe6 /home/jutoroa/workspace/STMDirectory/DriversSTM32/Debug/libDriversSTM32.a(EXTIxDriver.o)
 .debug_macro   0x000000000000ed86       0x28 /home/jutoroa/workspace/STMDirectory/DriversSTM32/Debug/libDriversSTM32.a(EXTIxDriver.o)
 .debug_macro   0x000000000000edae       0xdd /home/jutoroa/workspace/STMDirectory/DriversSTM32/Debug/libDriversSTM32.a(GPIOxDriver.o)
 .debug_macro   0x000000000000ee8b      0x124 /home/jutoroa/workspace/STMDirectory/DriversSTM32/Debug/libDriversSTM32.a(GPIOxDriver.o)
 .debug_macro   0x000000000000efaf       0xd7 /home/jutoroa/workspace/STMDirectory/DriversSTM32/Debug/libDriversSTM32.a(TIMxDriver.o)

.debug_line     0x0000000000000000     0x22db
 .debug_line    0x0000000000000000      0x9ba ./Src/main.o
 .debug_line    0x00000000000009ba       0x84 ./Startup/startup_stm32f411retx.o
 .debug_line    0x0000000000000a3e      0xb1c /home/jutoroa/workspace/STMDirectory/DriversSTM32/Debug/libDriversSTM32.a(EXTIxDriver.o)
 .debug_line    0x000000000000155a      0x662 /home/jutoroa/workspace/STMDirectory/DriversSTM32/Debug/libDriversSTM32.a(GPIOxDriver.o)
 .debug_line    0x0000000000001bbc      0x71f /home/jutoroa/workspace/STMDirectory/DriversSTM32/Debug/libDriversSTM32.a(TIMxDriver.o)

.debug_str      0x0000000000000000    0x54d16
 .debug_str     0x0000000000000000    0x5447c ./Src/main.o
                                      0x54678 (size before relaxing)
 .debug_str     0x000000000005447c       0x31 ./Startup/startup_stm32f411retx.o
                                         0x6b (size before relaxing)
 .debug_str     0x00000000000544ad      0x705 /home/jutoroa/workspace/STMDirectory/DriversSTM32/Debug/libDriversSTM32.a(EXTIxDriver.o)
                                      0x504ba (size before relaxing)
 .debug_str     0x0000000000054bb2       0x63 /home/jutoroa/workspace/STMDirectory/DriversSTM32/Debug/libDriversSTM32.a(GPIOxDriver.o)
                                      0x4fe90 (size before relaxing)
 .debug_str     0x0000000000054c15      0x101 /home/jutoroa/workspace/STMDirectory/DriversSTM32/Debug/libDriversSTM32.a(TIMxDriver.o)
                                      0x50143 (size before relaxing)

.comment        0x0000000000000000       0x50
 .comment       0x0000000000000000       0x50 ./Src/main.o
                                         0x51 (size before relaxing)
 .comment       0x0000000000000050       0x51 /home/jutoroa/workspace/STMDirectory/DriversSTM32/Debug/libDriversSTM32.a(EXTIxDriver.o)
 .comment       0x0000000000000050       0x51 /home/jutoroa/workspace/STMDirectory/DriversSTM32/Debug/libDriversSTM32.a(GPIOxDriver.o)
 .comment       0x0000000000000050       0x51 /home/jutoroa/workspace/STMDirectory/DriversSTM32/Debug/libDriversSTM32.a(TIMxDriver.o)

.debug_frame    0x0000000000000000      0x6a8
 .debug_frame   0x0000000000000000       0xec ./Src/main.o
 .debug_frame   0x00000000000000ec      0x324 /home/jutoroa/workspace/STMDirectory/DriversSTM32/Debug/libDriversSTM32.a(EXTIxDriver.o)
 .debug_frame   0x0000000000000410       0x88 /home/jutoroa/workspace/STMDirectory/DriversSTM32/Debug/libDriversSTM32.a(GPIOxDriver.o)
 .debug_frame   0x0000000000000498      0x1e4 /home/jutoroa/workspace/STMDirectory/DriversSTM32/Debug/libDriversSTM32.a(TIMxDriver.o)
 .debug_frame   0x000000000000067c       0x2c /opt/st/stm32cubeide_1.9.0/plugins/com.st.stm32cube.ide.mcu.externaltools.gnu-tools-for-stm32.10.3-2021.10.linux64_1.0.0.202111181127/tools/bin/../lib/gcc/arm-none-eabi/10.3.1/../../../../arm-none-eabi/lib/thumb/v7e-m/nofp/libc_nano.a(lib_a-init.o)
