Archive member included to satisfy reference by file (symbol)

/home/jutoroa/workspace/STMDirectory/DriversSTM32/Debug/libDriversSTM32.a(EXTIxDriver.o)
                              ./Src/main.o (EXTI_Config)
/home/jutoroa/workspace/STMDirectory/DriversSTM32/Debug/libDriversSTM32.a(GPIOxDriver.o)
                              ./Src/main.o (GPIO_Config)
/home/jutoroa/workspace/STMDirectory/DriversSTM32/Debug/libDriversSTM32.a(TIMxDriver.o)
                              ./Src/main.o (Timer_Config)
/opt/st/stm32cubeide_1.9.0/plugins/com.st.stm32cube.ide.mcu.externaltools.gnu-tools-for-stm32.10.3-2021.10.linux64_1.0.0.202111181127/tools/bin/../lib/gcc/arm-none-eabi/10.3.1/../../../../arm-none-eabi/lib/thumb/v7e-m/nofp/libc_nano.a(lib_a-errno.o)
                              ./Src/syscalls.o (__errno)
/opt/st/stm32cubeide_1.9.0/plugins/com.st.stm32cube.ide.mcu.externaltools.gnu-tools-for-stm32.10.3-2021.10.linux64_1.0.0.202111181127/tools/bin/../lib/gcc/arm-none-eabi/10.3.1/../../../../arm-none-eabi/lib/thumb/v7e-m/nofp/libc_nano.a(lib_a-exit.o)
                              /opt/st/stm32cubeide_1.9.0/plugins/com.st.stm32cube.ide.mcu.externaltools.gnu-tools-for-stm32.10.3-2021.10.linux64_1.0.0.202111181127/tools/bin/../lib/gcc/arm-none-eabi/10.3.1/../../../../arm-none-eabi/lib/thumb/v7e-m/nofp/crt0.o (exit)
/opt/st/stm32cubeide_1.9.0/plugins/com.st.stm32cube.ide.mcu.externaltools.gnu-tools-for-stm32.10.3-2021.10.linux64_1.0.0.202111181127/tools/bin/../lib/gcc/arm-none-eabi/10.3.1/../../../../arm-none-eabi/lib/thumb/v7e-m/nofp/libc_nano.a(lib_a-impure.o)
                              /opt/st/stm32cubeide_1.9.0/plugins/com.st.stm32cube.ide.mcu.externaltools.gnu-tools-for-stm32.10.3-2021.10.linux64_1.0.0.202111181127/tools/bin/../lib/gcc/arm-none-eabi/10.3.1/../../../../arm-none-eabi/lib/thumb/v7e-m/nofp/libc_nano.a(lib_a-exit.o) (_global_impure_ptr)
/opt/st/stm32cubeide_1.9.0/plugins/com.st.stm32cube.ide.mcu.externaltools.gnu-tools-for-stm32.10.3-2021.10.linux64_1.0.0.202111181127/tools/bin/../lib/gcc/arm-none-eabi/10.3.1/../../../../arm-none-eabi/lib/thumb/v7e-m/nofp/libc_nano.a(lib_a-init.o)
                              /opt/st/stm32cubeide_1.9.0/plugins/com.st.stm32cube.ide.mcu.externaltools.gnu-tools-for-stm32.10.3-2021.10.linux64_1.0.0.202111181127/tools/bin/../lib/gcc/arm-none-eabi/10.3.1/../../../../arm-none-eabi/lib/thumb/v7e-m/nofp/crt0.o (__libc_init_array)
/opt/st/stm32cubeide_1.9.0/plugins/com.st.stm32cube.ide.mcu.externaltools.gnu-tools-for-stm32.10.3-2021.10.linux64_1.0.0.202111181127/tools/bin/../lib/gcc/arm-none-eabi/10.3.1/../../../../arm-none-eabi/lib/thumb/v7e-m/nofp/libc_nano.a(lib_a-memset.o)
                              /opt/st/stm32cubeide_1.9.0/plugins/com.st.stm32cube.ide.mcu.externaltools.gnu-tools-for-stm32.10.3-2021.10.linux64_1.0.0.202111181127/tools/bin/../lib/gcc/arm-none-eabi/10.3.1/../../../../arm-none-eabi/lib/thumb/v7e-m/nofp/crt0.o (memset)

Discarded input sections

 .text          0x0000000000000000        0x0 /opt/st/stm32cubeide_1.9.0/plugins/com.st.stm32cube.ide.mcu.externaltools.gnu-tools-for-stm32.10.3-2021.10.linux64_1.0.0.202111181127/tools/bin/../lib/gcc/arm-none-eabi/10.3.1/thumb/v7e-m/nofp/crti.o
 .data          0x0000000000000000        0x0 /opt/st/stm32cubeide_1.9.0/plugins/com.st.stm32cube.ide.mcu.externaltools.gnu-tools-for-stm32.10.3-2021.10.linux64_1.0.0.202111181127/tools/bin/../lib/gcc/arm-none-eabi/10.3.1/thumb/v7e-m/nofp/crti.o
 .bss           0x0000000000000000        0x0 /opt/st/stm32cubeide_1.9.0/plugins/com.st.stm32cube.ide.mcu.externaltools.gnu-tools-for-stm32.10.3-2021.10.linux64_1.0.0.202111181127/tools/bin/../lib/gcc/arm-none-eabi/10.3.1/thumb/v7e-m/nofp/crti.o
 .data          0x0000000000000000        0x4 /opt/st/stm32cubeide_1.9.0/plugins/com.st.stm32cube.ide.mcu.externaltools.gnu-tools-for-stm32.10.3-2021.10.linux64_1.0.0.202111181127/tools/bin/../lib/gcc/arm-none-eabi/10.3.1/thumb/v7e-m/nofp/crtbegin.o
 .rodata        0x0000000000000000       0x24 /opt/st/stm32cubeide_1.9.0/plugins/com.st.stm32cube.ide.mcu.externaltools.gnu-tools-for-stm32.10.3-2021.10.linux64_1.0.0.202111181127/tools/bin/../lib/gcc/arm-none-eabi/10.3.1/thumb/v7e-m/nofp/crtbegin.o
 .text          0x0000000000000000       0x7c /opt/st/stm32cubeide_1.9.0/plugins/com.st.stm32cube.ide.mcu.externaltools.gnu-tools-for-stm32.10.3-2021.10.linux64_1.0.0.202111181127/tools/bin/../lib/gcc/arm-none-eabi/10.3.1/../../../../arm-none-eabi/lib/thumb/v7e-m/nofp/crt0.o
 .data          0x0000000000000000        0x0 /opt/st/stm32cubeide_1.9.0/plugins/com.st.stm32cube.ide.mcu.externaltools.gnu-tools-for-stm32.10.3-2021.10.linux64_1.0.0.202111181127/tools/bin/../lib/gcc/arm-none-eabi/10.3.1/../../../../arm-none-eabi/lib/thumb/v7e-m/nofp/crt0.o
 .bss           0x0000000000000000        0x0 /opt/st/stm32cubeide_1.9.0/plugins/com.st.stm32cube.ide.mcu.externaltools.gnu-tools-for-stm32.10.3-2021.10.linux64_1.0.0.202111181127/tools/bin/../lib/gcc/arm-none-eabi/10.3.1/../../../../arm-none-eabi/lib/thumb/v7e-m/nofp/crt0.o
 .ARM.extab     0x0000000000000000        0x0 /opt/st/stm32cubeide_1.9.0/plugins/com.st.stm32cube.ide.mcu.externaltools.gnu-tools-for-stm32.10.3-2021.10.linux64_1.0.0.202111181127/tools/bin/../lib/gcc/arm-none-eabi/10.3.1/../../../../arm-none-eabi/lib/thumb/v7e-m/nofp/crt0.o
 .ARM.exidx     0x0000000000000000       0x10 /opt/st/stm32cubeide_1.9.0/plugins/com.st.stm32cube.ide.mcu.externaltools.gnu-tools-for-stm32.10.3-2021.10.linux64_1.0.0.202111181127/tools/bin/../lib/gcc/arm-none-eabi/10.3.1/../../../../arm-none-eabi/lib/thumb/v7e-m/nofp/crt0.o
 .ARM.attributes
                0x0000000000000000       0x1c /opt/st/stm32cubeide_1.9.0/plugins/com.st.stm32cube.ide.mcu.externaltools.gnu-tools-for-stm32.10.3-2021.10.linux64_1.0.0.202111181127/tools/bin/../lib/gcc/arm-none-eabi/10.3.1/../../../../arm-none-eabi/lib/thumb/v7e-m/nofp/crt0.o
 .group         0x0000000000000000        0xc ./Src/main.o
 .group         0x0000000000000000        0xc ./Src/main.o
 .group         0x0000000000000000        0xc ./Src/main.o
 .group         0x0000000000000000        0xc ./Src/main.o
 .group         0x0000000000000000        0xc ./Src/main.o
 .group         0x0000000000000000        0xc ./Src/main.o
 .group         0x0000000000000000        0xc ./Src/main.o
 .group         0x0000000000000000        0xc ./Src/main.o
 .group         0x0000000000000000        0xc ./Src/main.o
 .group         0x0000000000000000        0xc ./Src/main.o
 .group         0x0000000000000000        0xc ./Src/main.o
 .group         0x0000000000000000        0xc ./Src/main.o
 .group         0x0000000000000000        0xc ./Src/main.o
 .group         0x0000000000000000        0xc ./Src/main.o
 .group         0x0000000000000000        0xc ./Src/main.o
 .group         0x0000000000000000        0xc ./Src/main.o
 .group         0x0000000000000000        0xc ./Src/main.o
 .group         0x0000000000000000        0xc ./Src/main.o
 .group         0x0000000000000000        0xc ./Src/main.o
 .group         0x0000000000000000        0xc ./Src/main.o
 .group         0x0000000000000000        0xc ./Src/main.o
 .group         0x0000000000000000        0xc ./Src/main.o
 .group         0x0000000000000000        0xc ./Src/main.o
 .group         0x0000000000000000        0xc ./Src/main.o
 .group         0x0000000000000000        0xc ./Src/main.o
 .group         0x0000000000000000        0xc ./Src/main.o
 .group         0x0000000000000000        0xc ./Src/main.o
 .group         0x0000000000000000        0xc ./Src/main.o
 .group         0x0000000000000000        0xc ./Src/main.o
 .group         0x0000000000000000        0xc ./Src/main.o
 .group         0x0000000000000000        0xc ./Src/main.o
 .group         0x0000000000000000        0xc ./Src/main.o
 .group         0x0000000000000000        0xc ./Src/main.o
 .group         0x0000000000000000        0xc ./Src/main.o
 .group         0x0000000000000000        0xc ./Src/main.o
 .group         0x0000000000000000        0xc ./Src/main.o
 .group         0x0000000000000000        0xc ./Src/main.o
 .group         0x0000000000000000        0xc ./Src/main.o
 .group         0x0000000000000000        0xc ./Src/main.o
 .group         0x0000000000000000        0xc ./Src/main.o
 .group         0x0000000000000000        0xc ./Src/main.o
 .group         0x0000000000000000        0xc ./Src/main.o
 .group         0x0000000000000000        0xc ./Src/main.o
 .group         0x0000000000000000        0xc ./Src/main.o
 .group         0x0000000000000000        0xc ./Src/main.o
 .group         0x0000000000000000        0xc ./Src/main.o
 .group         0x0000000000000000        0xc ./Src/main.o
 .group         0x0000000000000000        0xc ./Src/main.o
 .group         0x0000000000000000        0xc ./Src/main.o
 .group         0x0000000000000000        0xc ./Src/main.o
 .text          0x0000000000000000        0x0 ./Src/main.o
 .data          0x0000000000000000        0x0 ./Src/main.o
 .bss           0x0000000000000000        0x0 ./Src/main.o
 .bss.auxCounter
                0x0000000000000000        0x2 ./Src/main.o
 .group         0x0000000000000000        0xc ./Src/syscalls.o
 .group         0x0000000000000000        0xc ./Src/syscalls.o
 .group         0x0000000000000000        0xc ./Src/syscalls.o
 .group         0x0000000000000000        0xc ./Src/syscalls.o
 .group         0x0000000000000000        0xc ./Src/syscalls.o
 .group         0x0000000000000000        0xc ./Src/syscalls.o
 .group         0x0000000000000000        0xc ./Src/syscalls.o
 .group         0x0000000000000000        0xc ./Src/syscalls.o
 .group         0x0000000000000000        0xc ./Src/syscalls.o
 .group         0x0000000000000000        0xc ./Src/syscalls.o
 .group         0x0000000000000000        0xc ./Src/syscalls.o
 .group         0x0000000000000000        0xc ./Src/syscalls.o
 .group         0x0000000000000000        0xc ./Src/syscalls.o
 .group         0x0000000000000000        0xc ./Src/syscalls.o
 .group         0x0000000000000000        0xc ./Src/syscalls.o
 .group         0x0000000000000000        0xc ./Src/syscalls.o
 .group         0x0000000000000000        0xc ./Src/syscalls.o
 .group         0x0000000000000000        0xc ./Src/syscalls.o
 .group         0x0000000000000000        0xc ./Src/syscalls.o
 .group         0x0000000000000000        0xc ./Src/syscalls.o
 .group         0x0000000000000000        0xc ./Src/syscalls.o
 .group         0x0000000000000000        0xc ./Src/syscalls.o
 .group         0x0000000000000000        0xc ./Src/syscalls.o
 .group         0x0000000000000000        0xc ./Src/syscalls.o
 .group         0x0000000000000000        0xc ./Src/syscalls.o
 .group         0x0000000000000000        0xc ./Src/syscalls.o
 .group         0x0000000000000000        0xc ./Src/syscalls.o
 .group         0x0000000000000000        0xc ./Src/syscalls.o
 .group         0x0000000000000000        0xc ./Src/syscalls.o
 .group         0x0000000000000000        0xc ./Src/syscalls.o
 .group         0x0000000000000000        0xc ./Src/syscalls.o
 .group         0x0000000000000000        0xc ./Src/syscalls.o
 .group         0x0000000000000000        0xc ./Src/syscalls.o
 .group         0x0000000000000000        0xc ./Src/syscalls.o
 .group         0x0000000000000000        0xc ./Src/syscalls.o
 .group         0x0000000000000000        0xc ./Src/syscalls.o
 .group         0x0000000000000000        0xc ./Src/syscalls.o
 .group         0x0000000000000000        0xc ./Src/syscalls.o
 .group         0x0000000000000000        0xc ./Src/syscalls.o
 .group         0x0000000000000000        0xc ./Src/syscalls.o
 .group         0x0000000000000000        0xc ./Src/syscalls.o
 .group         0x0000000000000000        0xc ./Src/syscalls.o
 .group         0x0000000000000000        0xc ./Src/syscalls.o
 .group         0x0000000000000000        0xc ./Src/syscalls.o
 .group         0x0000000000000000        0xc ./Src/syscalls.o
 .group         0x0000000000000000        0xc ./Src/syscalls.o
 .group         0x0000000000000000        0xc ./Src/syscalls.o
 .text          0x0000000000000000        0x0 ./Src/syscalls.o
 .data          0x0000000000000000        0x0 ./Src/syscalls.o
 .bss           0x0000000000000000        0x0 ./Src/syscalls.o
 .bss.__env     0x0000000000000000        0x4 ./Src/syscalls.o
 .data.environ  0x0000000000000000        0x4 ./Src/syscalls.o
 .text.initialise_monitor_handles
                0x0000000000000000        0xc ./Src/syscalls.o
 .text._getpid  0x0000000000000000        0xe ./Src/syscalls.o
 .text._kill    0x0000000000000000       0x20 ./Src/syscalls.o
 .text._exit    0x0000000000000000       0x14 ./Src/syscalls.o
 .text._read    0x0000000000000000       0x3a ./Src/syscalls.o
 .text._write   0x0000000000000000       0x38 ./Src/syscalls.o
 .text._close   0x0000000000000000       0x16 ./Src/syscalls.o
 .text._fstat   0x0000000000000000       0x1e ./Src/syscalls.o
 .text._isatty  0x0000000000000000       0x14 ./Src/syscalls.o
 .text._lseek   0x0000000000000000       0x18 ./Src/syscalls.o
 .text._open    0x0000000000000000       0x1a ./Src/syscalls.o
 .text._wait    0x0000000000000000       0x1e ./Src/syscalls.o
 .text._unlink  0x0000000000000000       0x1e ./Src/syscalls.o
 .text._times   0x0000000000000000       0x16 ./Src/syscalls.o
 .text._stat    0x0000000000000000       0x1e ./Src/syscalls.o
 .text._link    0x0000000000000000       0x20 ./Src/syscalls.o
 .text._fork    0x0000000000000000       0x16 ./Src/syscalls.o
 .text._execve  0x0000000000000000       0x22 ./Src/syscalls.o
 .debug_info    0x0000000000000000      0x6e0 ./Src/syscalls.o
 .debug_abbrev  0x0000000000000000      0x1b3 ./Src/syscalls.o
 .debug_aranges
                0x0000000000000000       0xa8 ./Src/syscalls.o
 .debug_ranges  0x0000000000000000       0x98 ./Src/syscalls.o
 .debug_macro   0x0000000000000000      0x24c ./Src/syscalls.o
 .debug_macro   0x0000000000000000      0xa7e ./Src/syscalls.o
 .debug_macro   0x0000000000000000       0x22 ./Src/syscalls.o
 .debug_macro   0x0000000000000000       0x4c ./Src/syscalls.o
 .debug_macro   0x0000000000000000       0x18 ./Src/syscalls.o
 .debug_macro   0x0000000000000000       0x94 ./Src/syscalls.o
 .debug_macro   0x0000000000000000       0x3c ./Src/syscalls.o
 .debug_macro   0x0000000000000000       0x34 ./Src/syscalls.o
 .debug_macro   0x0000000000000000       0x57 ./Src/syscalls.o
 .debug_macro   0x0000000000000000      0x174 ./Src/syscalls.o
 .debug_macro   0x0000000000000000      0x341 ./Src/syscalls.o
 .debug_macro   0x0000000000000000       0x16 ./Src/syscalls.o
 .debug_macro   0x0000000000000000       0x43 ./Src/syscalls.o
 .debug_macro   0x0000000000000000       0x34 ./Src/syscalls.o
 .debug_macro   0x0000000000000000       0x10 ./Src/syscalls.o
 .debug_macro   0x0000000000000000       0x58 ./Src/syscalls.o
 .debug_macro   0x0000000000000000       0x71 ./Src/syscalls.o
 .debug_macro   0x0000000000000000       0x1c ./Src/syscalls.o
 .debug_macro   0x0000000000000000      0x12a ./Src/syscalls.o
 .debug_macro   0x0000000000000000       0x10 ./Src/syscalls.o
 .debug_macro   0x0000000000000000       0x35 ./Src/syscalls.o
 .debug_macro   0x0000000000000000       0x10 ./Src/syscalls.o
 .debug_macro   0x0000000000000000       0x10 ./Src/syscalls.o
 .debug_macro   0x0000000000000000       0x10 ./Src/syscalls.o
 .debug_macro   0x0000000000000000       0x6a ./Src/syscalls.o
 .debug_macro   0x0000000000000000       0x1c ./Src/syscalls.o
 .debug_macro   0x0000000000000000       0x52 ./Src/syscalls.o
 .debug_macro   0x0000000000000000       0x22 ./Src/syscalls.o
 .debug_macro   0x0000000000000000       0x10 ./Src/syscalls.o
 .debug_macro   0x0000000000000000       0x52 ./Src/syscalls.o
 .debug_macro   0x0000000000000000       0xd5 ./Src/syscalls.o
 .debug_macro   0x0000000000000000       0x1c ./Src/syscalls.o
 .debug_macro   0x0000000000000000       0x3d ./Src/syscalls.o
 .debug_macro   0x0000000000000000       0x35 ./Src/syscalls.o
 .debug_macro   0x0000000000000000      0x12c ./Src/syscalls.o
 .debug_macro   0x0000000000000000       0x16 ./Src/syscalls.o
 .debug_macro   0x0000000000000000       0x16 ./Src/syscalls.o
 .debug_macro   0x0000000000000000       0x29 ./Src/syscalls.o
 .debug_macro   0x0000000000000000       0x10 ./Src/syscalls.o
 .debug_macro   0x0000000000000000      0x241 ./Src/syscalls.o
 .debug_macro   0x0000000000000000       0x1c ./Src/syscalls.o
 .debug_macro   0x0000000000000000       0x10 ./Src/syscalls.o
 .debug_macro   0x0000000000000000       0x10 ./Src/syscalls.o
 .debug_macro   0x0000000000000000       0x16 ./Src/syscalls.o
 .debug_macro   0x0000000000000000      0x145 ./Src/syscalls.o
 .debug_macro   0x0000000000000000      0x189 ./Src/syscalls.o
 .debug_macro   0x0000000000000000       0x16 ./Src/syscalls.o
 .debug_macro   0x0000000000000000       0xce ./Src/syscalls.o
 .debug_line    0x0000000000000000      0x7bd ./Src/syscalls.o
 .debug_str     0x0000000000000000     0x8a3a ./Src/syscalls.o
 .comment       0x0000000000000000       0x51 ./Src/syscalls.o
 .debug_frame   0x0000000000000000      0x2ac ./Src/syscalls.o
 .ARM.attributes
                0x0000000000000000       0x2e ./Src/syscalls.o
 .group         0x0000000000000000        0xc ./Src/sysmem.o
 .group         0x0000000000000000        0xc ./Src/sysmem.o
 .group         0x0000000000000000        0xc ./Src/sysmem.o
 .group         0x0000000000000000        0xc ./Src/sysmem.o
 .group         0x0000000000000000        0xc ./Src/sysmem.o
 .group         0x0000000000000000        0xc ./Src/sysmem.o
 .group         0x0000000000000000        0xc ./Src/sysmem.o
 .group         0x0000000000000000        0xc ./Src/sysmem.o
 .group         0x0000000000000000        0xc ./Src/sysmem.o
 .group         0x0000000000000000        0xc ./Src/sysmem.o
 .group         0x0000000000000000        0xc ./Src/sysmem.o
 .group         0x0000000000000000        0xc ./Src/sysmem.o
 .group         0x0000000000000000        0xc ./Src/sysmem.o
 .group         0x0000000000000000        0xc ./Src/sysmem.o
 .group         0x0000000000000000        0xc ./Src/sysmem.o
 .group         0x0000000000000000        0xc ./Src/sysmem.o
 .group         0x0000000000000000        0xc ./Src/sysmem.o
 .group         0x0000000000000000        0xc ./Src/sysmem.o
 .group         0x0000000000000000        0xc ./Src/sysmem.o
 .group         0x0000000000000000        0xc ./Src/sysmem.o
 .group         0x0000000000000000        0xc ./Src/sysmem.o
 .group         0x0000000000000000        0xc ./Src/sysmem.o
 .text          0x0000000000000000        0x0 ./Src/sysmem.o
 .data          0x0000000000000000        0x0 ./Src/sysmem.o
 .bss           0x0000000000000000        0x0 ./Src/sysmem.o
 .bss.__sbrk_heap_end
                0x0000000000000000        0x4 ./Src/sysmem.o
 .text._sbrk    0x0000000000000000       0x6c ./Src/sysmem.o
 .debug_info    0x0000000000000000      0x171 ./Src/sysmem.o
 .debug_abbrev  0x0000000000000000       0xbb ./Src/sysmem.o
 .debug_aranges
                0x0000000000000000       0x20 ./Src/sysmem.o
 .debug_ranges  0x0000000000000000       0x10 ./Src/sysmem.o
 .debug_macro   0x0000000000000000       0xff ./Src/sysmem.o
 .debug_macro   0x0000000000000000      0xa7e ./Src/sysmem.o
 .debug_macro   0x0000000000000000       0x10 ./Src/sysmem.o
 .debug_macro   0x0000000000000000       0x22 ./Src/sysmem.o
 .debug_macro   0x0000000000000000       0x4c ./Src/sysmem.o
 .debug_macro   0x0000000000000000       0x18 ./Src/sysmem.o
 .debug_macro   0x0000000000000000       0x94 ./Src/sysmem.o
 .debug_macro   0x0000000000000000       0x3c ./Src/sysmem.o
 .debug_macro   0x0000000000000000       0x34 ./Src/sysmem.o
 .debug_macro   0x0000000000000000      0x174 ./Src/sysmem.o
 .debug_macro   0x0000000000000000       0x16 ./Src/sysmem.o
 .debug_macro   0x0000000000000000       0x43 ./Src/sysmem.o
 .debug_macro   0x0000000000000000       0x57 ./Src/sysmem.o
 .debug_macro   0x0000000000000000       0x34 ./Src/sysmem.o
 .debug_macro   0x0000000000000000       0x10 ./Src/sysmem.o
 .debug_macro   0x0000000000000000       0x58 ./Src/sysmem.o
 .debug_macro   0x0000000000000000       0x71 ./Src/sysmem.o
 .debug_macro   0x0000000000000000       0x1c ./Src/sysmem.o
 .debug_macro   0x0000000000000000      0x12a ./Src/sysmem.o
 .debug_macro   0x0000000000000000      0x23b ./Src/sysmem.o
 .debug_macro   0x0000000000000000      0x103 ./Src/sysmem.o
 .debug_macro   0x0000000000000000       0x6a ./Src/sysmem.o
 .debug_macro   0x0000000000000000      0x1df ./Src/sysmem.o
 .debug_line    0x0000000000000000      0x4b3 ./Src/sysmem.o
 .debug_str     0x0000000000000000     0x5d76 ./Src/sysmem.o
 .comment       0x0000000000000000       0x51 ./Src/sysmem.o
 .debug_frame   0x0000000000000000       0x34 ./Src/sysmem.o
 .ARM.attributes
                0x0000000000000000       0x2e ./Src/sysmem.o
 .text          0x0000000000000000       0x14 ./Startup/startup_stm32f411retx.o
 .data          0x0000000000000000        0x0 ./Startup/startup_stm32f411retx.o
 .bss           0x0000000000000000        0x0 ./Startup/startup_stm32f411retx.o
 .group         0x0000000000000000        0xc /home/jutoroa/workspace/STMDirectory/DriversSTM32/Debug/libDriversSTM32.a(EXTIxDriver.o)
 .group         0x0000000000000000        0xc /home/jutoroa/workspace/STMDirectory/DriversSTM32/Debug/libDriversSTM32.a(EXTIxDriver.o)
 .group         0x0000000000000000        0xc /home/jutoroa/workspace/STMDirectory/DriversSTM32/Debug/libDriversSTM32.a(EXTIxDriver.o)
 .group         0x0000000000000000        0xc /home/jutoroa/workspace/STMDirectory/DriversSTM32/Debug/libDriversSTM32.a(EXTIxDriver.o)
 .group         0x0000000000000000        0xc /home/jutoroa/workspace/STMDirectory/DriversSTM32/Debug/libDriversSTM32.a(EXTIxDriver.o)
 .group         0x0000000000000000        0xc /home/jutoroa/workspace/STMDirectory/DriversSTM32/Debug/libDriversSTM32.a(EXTIxDriver.o)
 .group         0x0000000000000000        0xc /home/jutoroa/workspace/STMDirectory/DriversSTM32/Debug/libDriversSTM32.a(EXTIxDriver.o)
 .group         0x0000000000000000        0xc /home/jutoroa/workspace/STMDirectory/DriversSTM32/Debug/libDriversSTM32.a(EXTIxDriver.o)
 .group         0x0000000000000000        0xc /home/jutoroa/workspace/STMDirectory/DriversSTM32/Debug/libDriversSTM32.a(EXTIxDriver.o)
 .group         0x0000000000000000        0xc /home/jutoroa/workspace/STMDirectory/DriversSTM32/Debug/libDriversSTM32.a(EXTIxDriver.o)
 .group         0x0000000000000000        0xc /home/jutoroa/workspace/STMDirectory/DriversSTM32/Debug/libDriversSTM32.a(EXTIxDriver.o)
 .group         0x0000000000000000        0xc /home/jutoroa/workspace/STMDirectory/DriversSTM32/Debug/libDriversSTM32.a(EXTIxDriver.o)
 .group         0x0000000000000000        0xc /home/jutoroa/workspace/STMDirectory/DriversSTM32/Debug/libDriversSTM32.a(EXTIxDriver.o)
 .group         0x0000000000000000        0xc /home/jutoroa/workspace/STMDirectory/DriversSTM32/Debug/libDriversSTM32.a(EXTIxDriver.o)
 .group         0x0000000000000000        0xc /home/jutoroa/workspace/STMDirectory/DriversSTM32/Debug/libDriversSTM32.a(EXTIxDriver.o)
 .group         0x0000000000000000        0xc /home/jutoroa/workspace/STMDirectory/DriversSTM32/Debug/libDriversSTM32.a(EXTIxDriver.o)
 .group         0x0000000000000000        0xc /home/jutoroa/workspace/STMDirectory/DriversSTM32/Debug/libDriversSTM32.a(EXTIxDriver.o)
 .group         0x0000000000000000        0xc /home/jutoroa/workspace/STMDirectory/DriversSTM32/Debug/libDriversSTM32.a(EXTIxDriver.o)
 .text          0x0000000000000000        0x0 /home/jutoroa/workspace/STMDirectory/DriversSTM32/Debug/libDriversSTM32.a(EXTIxDriver.o)
 .data          0x0000000000000000        0x0 /home/jutoroa/workspace/STMDirectory/DriversSTM32/Debug/libDriversSTM32.a(EXTIxDriver.o)
 .bss           0x0000000000000000        0x0 /home/jutoroa/workspace/STMDirectory/DriversSTM32/Debug/libDriversSTM32.a(EXTIxDriver.o)
 .text.EXTI0_Callback
                0x0000000000000000        0xe /home/jutoroa/workspace/STMDirectory/DriversSTM32/Debug/libDriversSTM32.a(EXTIxDriver.o)
 .debug_macro   0x0000000000000000      0xa7e /home/jutoroa/workspace/STMDirectory/DriversSTM32/Debug/libDriversSTM32.a(EXTIxDriver.o)
 .debug_macro   0x0000000000000000       0x28 /home/jutoroa/workspace/STMDirectory/DriversSTM32/Debug/libDriversSTM32.a(EXTIxDriver.o)
 .debug_macro   0x0000000000000000       0x28 /home/jutoroa/workspace/STMDirectory/DriversSTM32/Debug/libDriversSTM32.a(EXTIxDriver.o)
 .debug_macro   0x0000000000000000       0x22 /home/jutoroa/workspace/STMDirectory/DriversSTM32/Debug/libDriversSTM32.a(EXTIxDriver.o)
 .debug_macro   0x0000000000000000       0x8e /home/jutoroa/workspace/STMDirectory/DriversSTM32/Debug/libDriversSTM32.a(EXTIxDriver.o)
 .debug_macro   0x0000000000000000       0x51 /home/jutoroa/workspace/STMDirectory/DriversSTM32/Debug/libDriversSTM32.a(EXTIxDriver.o)
 .debug_macro   0x0000000000000000      0x103 /home/jutoroa/workspace/STMDirectory/DriversSTM32/Debug/libDriversSTM32.a(EXTIxDriver.o)
 .debug_macro   0x0000000000000000       0x6a /home/jutoroa/workspace/STMDirectory/DriversSTM32/Debug/libDriversSTM32.a(EXTIxDriver.o)
 .debug_macro   0x0000000000000000      0x1df /home/jutoroa/workspace/STMDirectory/DriversSTM32/Debug/libDriversSTM32.a(EXTIxDriver.o)
 .debug_macro   0x0000000000000000       0x1c /home/jutoroa/workspace/STMDirectory/DriversSTM32/Debug/libDriversSTM32.a(EXTIxDriver.o)
 .debug_macro   0x0000000000000000       0x22 /home/jutoroa/workspace/STMDirectory/DriversSTM32/Debug/libDriversSTM32.a(EXTIxDriver.o)
 .debug_macro   0x0000000000000000       0xd9 /home/jutoroa/workspace/STMDirectory/DriversSTM32/Debug/libDriversSTM32.a(EXTIxDriver.o)
 .debug_macro   0x0000000000000000     0x102d /home/jutoroa/workspace/STMDirectory/DriversSTM32/Debug/libDriversSTM32.a(EXTIxDriver.o)
 .debug_macro   0x0000000000000000      0x11f /home/jutoroa/workspace/STMDirectory/DriversSTM32/Debug/libDriversSTM32.a(EXTIxDriver.o)
 .debug_macro   0x0000000000000000     0xb953 /home/jutoroa/workspace/STMDirectory/DriversSTM32/Debug/libDriversSTM32.a(EXTIxDriver.o)
 .debug_macro   0x0000000000000000       0x6d /home/jutoroa/workspace/STMDirectory/DriversSTM32/Debug/libDriversSTM32.a(EXTIxDriver.o)
 .debug_macro   0x0000000000000000      0x12a /home/jutoroa/workspace/STMDirectory/DriversSTM32/Debug/libDriversSTM32.a(EXTIxDriver.o)
 .group         0x0000000000000000        0xc /home/jutoroa/workspace/STMDirectory/DriversSTM32/Debug/libDriversSTM32.a(GPIOxDriver.o)
 .group         0x0000000000000000        0xc /home/jutoroa/workspace/STMDirectory/DriversSTM32/Debug/libDriversSTM32.a(GPIOxDriver.o)
 .group         0x0000000000000000        0xc /home/jutoroa/workspace/STMDirectory/DriversSTM32/Debug/libDriversSTM32.a(GPIOxDriver.o)
 .group         0x0000000000000000        0xc /home/jutoroa/workspace/STMDirectory/DriversSTM32/Debug/libDriversSTM32.a(GPIOxDriver.o)
 .group         0x0000000000000000        0xc /home/jutoroa/workspace/STMDirectory/DriversSTM32/Debug/libDriversSTM32.a(GPIOxDriver.o)
 .group         0x0000000000000000        0xc /home/jutoroa/workspace/STMDirectory/DriversSTM32/Debug/libDriversSTM32.a(GPIOxDriver.o)
 .group         0x0000000000000000        0xc /home/jutoroa/workspace/STMDirectory/DriversSTM32/Debug/libDriversSTM32.a(GPIOxDriver.o)
 .group         0x0000000000000000        0xc /home/jutoroa/workspace/STMDirectory/DriversSTM32/Debug/libDriversSTM32.a(GPIOxDriver.o)
 .group         0x0000000000000000        0xc /home/jutoroa/workspace/STMDirectory/DriversSTM32/Debug/libDriversSTM32.a(GPIOxDriver.o)
 .group         0x0000000000000000        0xc /home/jutoroa/workspace/STMDirectory/DriversSTM32/Debug/libDriversSTM32.a(GPIOxDriver.o)
 .group         0x0000000000000000        0xc /home/jutoroa/workspace/STMDirectory/DriversSTM32/Debug/libDriversSTM32.a(GPIOxDriver.o)
 .group         0x0000000000000000        0xc /home/jutoroa/workspace/STMDirectory/DriversSTM32/Debug/libDriversSTM32.a(GPIOxDriver.o)
 .group         0x0000000000000000        0xc /home/jutoroa/workspace/STMDirectory/DriversSTM32/Debug/libDriversSTM32.a(GPIOxDriver.o)
 .group         0x0000000000000000        0xc /home/jutoroa/workspace/STMDirectory/DriversSTM32/Debug/libDriversSTM32.a(GPIOxDriver.o)
 .group         0x0000000000000000        0xc /home/jutoroa/workspace/STMDirectory/DriversSTM32/Debug/libDriversSTM32.a(GPIOxDriver.o)
 .group         0x0000000000000000        0xc /home/jutoroa/workspace/STMDirectory/DriversSTM32/Debug/libDriversSTM32.a(GPIOxDriver.o)
 .group         0x0000000000000000        0xc /home/jutoroa/workspace/STMDirectory/DriversSTM32/Debug/libDriversSTM32.a(GPIOxDriver.o)
 .text          0x0000000000000000        0x0 /home/jutoroa/workspace/STMDirectory/DriversSTM32/Debug/libDriversSTM32.a(GPIOxDriver.o)
 .data          0x0000000000000000        0x0 /home/jutoroa/workspace/STMDirectory/DriversSTM32/Debug/libDriversSTM32.a(GPIOxDriver.o)
 .bss           0x0000000000000000        0x0 /home/jutoroa/workspace/STMDirectory/DriversSTM32/Debug/libDriversSTM32.a(GPIOxDriver.o)
 .text.GPIO_ReadPin
                0x0000000000000000       0x2e /home/jutoroa/workspace/STMDirectory/DriversSTM32/Debug/libDriversSTM32.a(GPIOxDriver.o)
 .debug_macro   0x0000000000000000      0xa7e /home/jutoroa/workspace/STMDirectory/DriversSTM32/Debug/libDriversSTM32.a(GPIOxDriver.o)
 .debug_macro   0x0000000000000000       0x28 /home/jutoroa/workspace/STMDirectory/DriversSTM32/Debug/libDriversSTM32.a(GPIOxDriver.o)
 .debug_macro   0x0000000000000000       0x28 /home/jutoroa/workspace/STMDirectory/DriversSTM32/Debug/libDriversSTM32.a(GPIOxDriver.o)
 .debug_macro   0x0000000000000000       0x22 /home/jutoroa/workspace/STMDirectory/DriversSTM32/Debug/libDriversSTM32.a(GPIOxDriver.o)
 .debug_macro   0x0000000000000000       0x8e /home/jutoroa/workspace/STMDirectory/DriversSTM32/Debug/libDriversSTM32.a(GPIOxDriver.o)
 .debug_macro   0x0000000000000000       0x51 /home/jutoroa/workspace/STMDirectory/DriversSTM32/Debug/libDriversSTM32.a(GPIOxDriver.o)
 .debug_macro   0x0000000000000000      0x103 /home/jutoroa/workspace/STMDirectory/DriversSTM32/Debug/libDriversSTM32.a(GPIOxDriver.o)
 .debug_macro   0x0000000000000000       0x6a /home/jutoroa/workspace/STMDirectory/DriversSTM32/Debug/libDriversSTM32.a(GPIOxDriver.o)
 .debug_macro   0x0000000000000000      0x1df /home/jutoroa/workspace/STMDirectory/DriversSTM32/Debug/libDriversSTM32.a(GPIOxDriver.o)
 .debug_macro   0x0000000000000000       0x1c /home/jutoroa/workspace/STMDirectory/DriversSTM32/Debug/libDriversSTM32.a(GPIOxDriver.o)
 .debug_macro   0x0000000000000000       0x22 /home/jutoroa/workspace/STMDirectory/DriversSTM32/Debug/libDriversSTM32.a(GPIOxDriver.o)
 .debug_macro   0x0000000000000000       0xd9 /home/jutoroa/workspace/STMDirectory/DriversSTM32/Debug/libDriversSTM32.a(GPIOxDriver.o)
 .debug_macro   0x0000000000000000     0x102d /home/jutoroa/workspace/STMDirectory/DriversSTM32/Debug/libDriversSTM32.a(GPIOxDriver.o)
 .debug_macro   0x0000000000000000      0x11f /home/jutoroa/workspace/STMDirectory/DriversSTM32/Debug/libDriversSTM32.a(GPIOxDriver.o)
 .debug_macro   0x0000000000000000     0xb953 /home/jutoroa/workspace/STMDirectory/DriversSTM32/Debug/libDriversSTM32.a(GPIOxDriver.o)
 .debug_macro   0x0000000000000000       0x6d /home/jutoroa/workspace/STMDirectory/DriversSTM32/Debug/libDriversSTM32.a(GPIOxDriver.o)
 .group         0x0000000000000000        0xc /home/jutoroa/workspace/STMDirectory/DriversSTM32/Debug/libDriversSTM32.a(TIMxDriver.o)
 .group         0x0000000000000000        0xc /home/jutoroa/workspace/STMDirectory/DriversSTM32/Debug/libDriversSTM32.a(TIMxDriver.o)
 .group         0x0000000000000000        0xc /home/jutoroa/workspace/STMDirectory/DriversSTM32/Debug/libDriversSTM32.a(TIMxDriver.o)
 .group         0x0000000000000000        0xc /home/jutoroa/workspace/STMDirectory/DriversSTM32/Debug/libDriversSTM32.a(TIMxDriver.o)
 .group         0x0000000000000000        0xc /home/jutoroa/workspace/STMDirectory/DriversSTM32/Debug/libDriversSTM32.a(TIMxDriver.o)
 .group         0x0000000000000000        0xc /home/jutoroa/workspace/STMDirectory/DriversSTM32/Debug/libDriversSTM32.a(TIMxDriver.o)
 .group         0x0000000000000000        0xc /home/jutoroa/workspace/STMDirectory/DriversSTM32/Debug/libDriversSTM32.a(TIMxDriver.o)
 .group         0x0000000000000000        0xc /home/jutoroa/workspace/STMDirectory/DriversSTM32/Debug/libDriversSTM32.a(TIMxDriver.o)
 .group         0x0000000000000000        0xc /home/jutoroa/workspace/STMDirectory/DriversSTM32/Debug/libDriversSTM32.a(TIMxDriver.o)
 .group         0x0000000000000000        0xc /home/jutoroa/workspace/STMDirectory/DriversSTM32/Debug/libDriversSTM32.a(TIMxDriver.o)
 .group         0x0000000000000000        0xc /home/jutoroa/workspace/STMDirectory/DriversSTM32/Debug/libDriversSTM32.a(TIMxDriver.o)
 .group         0x0000000000000000        0xc /home/jutoroa/workspace/STMDirectory/DriversSTM32/Debug/libDriversSTM32.a(TIMxDriver.o)
 .group         0x0000000000000000        0xc /home/jutoroa/workspace/STMDirectory/DriversSTM32/Debug/libDriversSTM32.a(TIMxDriver.o)
 .group         0x0000000000000000        0xc /home/jutoroa/workspace/STMDirectory/DriversSTM32/Debug/libDriversSTM32.a(TIMxDriver.o)
 .group         0x0000000000000000        0xc /home/jutoroa/workspace/STMDirectory/DriversSTM32/Debug/libDriversSTM32.a(TIMxDriver.o)
 .group         0x0000000000000000        0xc /home/jutoroa/workspace/STMDirectory/DriversSTM32/Debug/libDriversSTM32.a(TIMxDriver.o)
 .group         0x0000000000000000        0xc /home/jutoroa/workspace/STMDirectory/DriversSTM32/Debug/libDriversSTM32.a(TIMxDriver.o)
 .text          0x0000000000000000        0x0 /home/jutoroa/workspace/STMDirectory/DriversSTM32/Debug/libDriversSTM32.a(TIMxDriver.o)
 .data          0x0000000000000000        0x0 /home/jutoroa/workspace/STMDirectory/DriversSTM32/Debug/libDriversSTM32.a(TIMxDriver.o)
 .bss           0x0000000000000000        0x0 /home/jutoroa/workspace/STMDirectory/DriversSTM32/Debug/libDriversSTM32.a(TIMxDriver.o)
 .text.startTimer
                0x0000000000000000       0x26 /home/jutoroa/workspace/STMDirectory/DriversSTM32/Debug/libDriversSTM32.a(TIMxDriver.o)
 .text.stopTimer
                0x0000000000000000       0x26 /home/jutoroa/workspace/STMDirectory/DriversSTM32/Debug/libDriversSTM32.a(TIMxDriver.o)
 .text.Timer2_Callback
                0x0000000000000000        0xe /home/jutoroa/workspace/STMDirectory/DriversSTM32/Debug/libDriversSTM32.a(TIMxDriver.o)
 .debug_macro   0x0000000000000000      0xa7e /home/jutoroa/workspace/STMDirectory/DriversSTM32/Debug/libDriversSTM32.a(TIMxDriver.o)
 .debug_macro   0x0000000000000000       0x28 /home/jutoroa/workspace/STMDirectory/DriversSTM32/Debug/libDriversSTM32.a(TIMxDriver.o)
 .debug_macro   0x0000000000000000       0x28 /home/jutoroa/workspace/STMDirectory/DriversSTM32/Debug/libDriversSTM32.a(TIMxDriver.o)
 .debug_macro   0x0000000000000000       0x22 /home/jutoroa/workspace/STMDirectory/DriversSTM32/Debug/libDriversSTM32.a(TIMxDriver.o)
 .debug_macro   0x0000000000000000       0x8e /home/jutoroa/workspace/STMDirectory/DriversSTM32/Debug/libDriversSTM32.a(TIMxDriver.o)
 .debug_macro   0x0000000000000000       0x51 /home/jutoroa/workspace/STMDirectory/DriversSTM32/Debug/libDriversSTM32.a(TIMxDriver.o)
 .debug_macro   0x0000000000000000      0x103 /home/jutoroa/workspace/STMDirectory/DriversSTM32/Debug/libDriversSTM32.a(TIMxDriver.o)
 .debug_macro   0x0000000000000000       0x6a /home/jutoroa/workspace/STMDirectory/DriversSTM32/Debug/libDriversSTM32.a(TIMxDriver.o)
 .debug_macro   0x0000000000000000      0x1df /home/jutoroa/workspace/STMDirectory/DriversSTM32/Debug/libDriversSTM32.a(TIMxDriver.o)
 .debug_macro   0x0000000000000000       0x1c /home/jutoroa/workspace/STMDirectory/DriversSTM32/Debug/libDriversSTM32.a(TIMxDriver.o)
 .debug_macro   0x0000000000000000       0x22 /home/jutoroa/workspace/STMDirectory/DriversSTM32/Debug/libDriversSTM32.a(TIMxDriver.o)
 .debug_macro   0x0000000000000000       0xd9 /home/jutoroa/workspace/STMDirectory/DriversSTM32/Debug/libDriversSTM32.a(TIMxDriver.o)
 .debug_macro   0x0000000000000000     0x102d /home/jutoroa/workspace/STMDirectory/DriversSTM32/Debug/libDriversSTM32.a(TIMxDriver.o)
 .debug_macro   0x0000000000000000      0x11f /home/jutoroa/workspace/STMDirectory/DriversSTM32/Debug/libDriversSTM32.a(TIMxDriver.o)
 .debug_macro   0x0000000000000000     0xb953 /home/jutoroa/workspace/STMDirectory/DriversSTM32/Debug/libDriversSTM32.a(TIMxDriver.o)
 .debug_macro   0x0000000000000000       0x6d /home/jutoroa/workspace/STMDirectory/DriversSTM32/Debug/libDriversSTM32.a(TIMxDriver.o)
 .debug_macro   0x0000000000000000       0x28 /home/jutoroa/workspace/STMDirectory/DriversSTM32/Debug/libDriversSTM32.a(TIMxDriver.o)
 .text          0x0000000000000000        0x0 /opt/st/stm32cubeide_1.9.0/plugins/com.st.stm32cube.ide.mcu.externaltools.gnu-tools-for-stm32.10.3-2021.10.linux64_1.0.0.202111181127/tools/bin/../lib/gcc/arm-none-eabi/10.3.1/../../../../arm-none-eabi/lib/thumb/v7e-m/nofp/libc_nano.a(lib_a-errno.o)
 .data          0x0000000000000000        0x0 /opt/st/stm32cubeide_1.9.0/plugins/com.st.stm32cube.ide.mcu.externaltools.gnu-tools-for-stm32.10.3-2021.10.linux64_1.0.0.202111181127/tools/bin/../lib/gcc/arm-none-eabi/10.3.1/../../../../arm-none-eabi/lib/thumb/v7e-m/nofp/libc_nano.a(lib_a-errno.o)
 .bss           0x0000000000000000        0x0 /opt/st/stm32cubeide_1.9.0/plugins/com.st.stm32cube.ide.mcu.externaltools.gnu-tools-for-stm32.10.3-2021.10.linux64_1.0.0.202111181127/tools/bin/../lib/gcc/arm-none-eabi/10.3.1/../../../../arm-none-eabi/lib/thumb/v7e-m/nofp/libc_nano.a(lib_a-errno.o)
 .text.__errno  0x0000000000000000        0xc /opt/st/stm32cubeide_1.9.0/plugins/com.st.stm32cube.ide.mcu.externaltools.gnu-tools-for-stm32.10.3-2021.10.linux64_1.0.0.202111181127/tools/bin/../lib/gcc/arm-none-eabi/10.3.1/../../../../arm-none-eabi/lib/thumb/v7e-m/nofp/libc_nano.a(lib_a-errno.o)
 .debug_frame   0x0000000000000000       0x20 /opt/st/stm32cubeide_1.9.0/plugins/com.st.stm32cube.ide.mcu.externaltools.gnu-tools-for-stm32.10.3-2021.10.linux64_1.0.0.202111181127/tools/bin/../lib/gcc/arm-none-eabi/10.3.1/../../../../arm-none-eabi/lib/thumb/v7e-m/nofp/libc_nano.a(lib_a-errno.o)
 .ARM.attributes
                0x0000000000000000       0x2e /opt/st/stm32cubeide_1.9.0/plugins/com.st.stm32cube.ide.mcu.externaltools.gnu-tools-for-stm32.10.3-2021.10.linux64_1.0.0.202111181127/tools/bin/../lib/gcc/arm-none-eabi/10.3.1/../../../../arm-none-eabi/lib/thumb/v7e-m/nofp/libc_nano.a(lib_a-errno.o)
 .text          0x0000000000000000        0x0 /opt/st/stm32cubeide_1.9.0/plugins/com.st.stm32cube.ide.mcu.externaltools.gnu-tools-for-stm32.10.3-2021.10.linux64_1.0.0.202111181127/tools/bin/../lib/gcc/arm-none-eabi/10.3.1/../../../../arm-none-eabi/lib/thumb/v7e-m/nofp/libc_nano.a(lib_a-exit.o)
 .data          0x0000000000000000        0x0 /opt/st/stm32cubeide_1.9.0/plugins/com.st.stm32cube.ide.mcu.externaltools.gnu-tools-for-stm32.10.3-2021.10.linux64_1.0.0.202111181127/tools/bin/../lib/gcc/arm-none-eabi/10.3.1/../../../../arm-none-eabi/lib/thumb/v7e-m/nofp/libc_nano.a(lib_a-exit.o)
 .bss           0x0000000000000000        0x0 /opt/st/stm32cubeide_1.9.0/plugins/com.st.stm32cube.ide.mcu.externaltools.gnu-tools-for-stm32.10.3-2021.10.linux64_1.0.0.202111181127/tools/bin/../lib/gcc/arm-none-eabi/10.3.1/../../../../arm-none-eabi/lib/thumb/v7e-m/nofp/libc_nano.a(lib_a-exit.o)
 .text.exit     0x0000000000000000       0x28 /opt/st/stm32cubeide_1.9.0/plugins/com.st.stm32cube.ide.mcu.externaltools.gnu-tools-for-stm32.10.3-2021.10.linux64_1.0.0.202111181127/tools/bin/../lib/gcc/arm-none-eabi/10.3.1/../../../../arm-none-eabi/lib/thumb/v7e-m/nofp/libc_nano.a(lib_a-exit.o)
 .debug_frame   0x0000000000000000       0x28 /opt/st/stm32cubeide_1.9.0/plugins/com.st.stm32cube.ide.mcu.externaltools.gnu-tools-for-stm32.10.3-2021.10.linux64_1.0.0.202111181127/tools/bin/../lib/gcc/arm-none-eabi/10.3.1/../../../../arm-none-eabi/lib/thumb/v7e-m/nofp/libc_nano.a(lib_a-exit.o)
 .ARM.attributes
                0x0000000000000000       0x2e /opt/st/stm32cubeide_1.9.0/plugins/com.st.stm32cube.ide.mcu.externaltools.gnu-tools-for-stm32.10.3-2021.10.linux64_1.0.0.202111181127/tools/bin/../lib/gcc/arm-none-eabi/10.3.1/../../../../arm-none-eabi/lib/thumb/v7e-m/nofp/libc_nano.a(lib_a-exit.o)
 .text          0x0000000000000000        0x0 /opt/st/stm32cubeide_1.9.0/plugins/com.st.stm32cube.ide.mcu.externaltools.gnu-tools-for-stm32.10.3-2021.10.linux64_1.0.0.202111181127/tools/bin/../lib/gcc/arm-none-eabi/10.3.1/../../../../arm-none-eabi/lib/thumb/v7e-m/nofp/libc_nano.a(lib_a-impure.o)
 .data          0x0000000000000000        0x0 /opt/st/stm32cubeide_1.9.0/plugins/com.st.stm32cube.ide.mcu.externaltools.gnu-tools-for-stm32.10.3-2021.10.linux64_1.0.0.202111181127/tools/bin/../lib/gcc/arm-none-eabi/10.3.1/../../../../arm-none-eabi/lib/thumb/v7e-m/nofp/libc_nano.a(lib_a-impure.o)
 .bss           0x0000000000000000        0x0 /opt/st/stm32cubeide_1.9.0/plugins/com.st.stm32cube.ide.mcu.externaltools.gnu-tools-for-stm32.10.3-2021.10.linux64_1.0.0.202111181127/tools/bin/../lib/gcc/arm-none-eabi/10.3.1/../../../../arm-none-eabi/lib/thumb/v7e-m/nofp/libc_nano.a(lib_a-impure.o)
 .data._impure_ptr
                0x0000000000000000        0x4 /opt/st/stm32cubeide_1.9.0/plugins/com.st.stm32cube.ide.mcu.externaltools.gnu-tools-for-stm32.10.3-2021.10.linux64_1.0.0.202111181127/tools/bin/../lib/gcc/arm-none-eabi/10.3.1/../../../../arm-none-eabi/lib/thumb/v7e-m/nofp/libc_nano.a(lib_a-impure.o)
 .data.impure_data
                0x0000000000000000       0x60 /opt/st/stm32cubeide_1.9.0/plugins/com.st.stm32cube.ide.mcu.externaltools.gnu-tools-for-stm32.10.3-2021.10.linux64_1.0.0.202111181127/tools/bin/../lib/gcc/arm-none-eabi/10.3.1/../../../../arm-none-eabi/lib/thumb/v7e-m/nofp/libc_nano.a(lib_a-impure.o)
 .rodata._global_impure_ptr
                0x0000000000000000        0x4 /opt/st/stm32cubeide_1.9.0/plugins/com.st.stm32cube.ide.mcu.externaltools.gnu-tools-for-stm32.10.3-2021.10.linux64_1.0.0.202111181127/tools/bin/../lib/gcc/arm-none-eabi/10.3.1/../../../../arm-none-eabi/lib/thumb/v7e-m/nofp/libc_nano.a(lib_a-impure.o)
 .ARM.attributes
                0x0000000000000000       0x2e /opt/st/stm32cubeide_1.9.0/plugins/com.st.stm32cube.ide.mcu.externaltools.gnu-tools-for-stm32.10.3-2021.10.linux64_1.0.0.202111181127/tools/bin/../lib/gcc/arm-none-eabi/10.3.1/../../../../arm-none-eabi/lib/thumb/v7e-m/nofp/libc_nano.a(lib_a-impure.o)
 .text          0x0000000000000000        0x0 /opt/st/stm32cubeide_1.9.0/plugins/com.st.stm32cube.ide.mcu.externaltools.gnu-tools-for-stm32.10.3-2021.10.linux64_1.0.0.202111181127/tools/bin/../lib/gcc/arm-none-eabi/10.3.1/../../../../arm-none-eabi/lib/thumb/v7e-m/nofp/libc_nano.a(lib_a-init.o)
 .data          0x0000000000000000        0x0 /opt/st/stm32cubeide_1.9.0/plugins/com.st.stm32cube.ide.mcu.externaltools.gnu-tools-for-stm32.10.3-2021.10.linux64_1.0.0.202111181127/tools/bin/../lib/gcc/arm-none-eabi/10.3.1/../../../../arm-none-eabi/lib/thumb/v7e-m/nofp/libc_nano.a(lib_a-init.o)
 .bss           0x0000000000000000        0x0 /opt/st/stm32cubeide_1.9.0/plugins/com.st.stm32cube.ide.mcu.externaltools.gnu-tools-for-stm32.10.3-2021.10.linux64_1.0.0.202111181127/tools/bin/../lib/gcc/arm-none-eabi/10.3.1/../../../../arm-none-eabi/lib/thumb/v7e-m/nofp/libc_nano.a(lib_a-init.o)
 .text          0x0000000000000000        0x0 /opt/st/stm32cubeide_1.9.0/plugins/com.st.stm32cube.ide.mcu.externaltools.gnu-tools-for-stm32.10.3-2021.10.linux64_1.0.0.202111181127/tools/bin/../lib/gcc/arm-none-eabi/10.3.1/../../../../arm-none-eabi/lib/thumb/v7e-m/nofp/libc_nano.a(lib_a-memset.o)
 .data          0x0000000000000000        0x0 /opt/st/stm32cubeide_1.9.0/plugins/com.st.stm32cube.ide.mcu.externaltools.gnu-tools-for-stm32.10.3-2021.10.linux64_1.0.0.202111181127/tools/bin/../lib/gcc/arm-none-eabi/10.3.1/../../../../arm-none-eabi/lib/thumb/v7e-m/nofp/libc_nano.a(lib_a-memset.o)
 .bss           0x0000000000000000        0x0 /opt/st/stm32cubeide_1.9.0/plugins/com.st.stm32cube.ide.mcu.externaltools.gnu-tools-for-stm32.10.3-2021.10.linux64_1.0.0.202111181127/tools/bin/../lib/gcc/arm-none-eabi/10.3.1/../../../../arm-none-eabi/lib/thumb/v7e-m/nofp/libc_nano.a(lib_a-memset.o)
 .text.memset   0x0000000000000000       0x10 /opt/st/stm32cubeide_1.9.0/plugins/com.st.stm32cube.ide.mcu.externaltools.gnu-tools-for-stm32.10.3-2021.10.linux64_1.0.0.202111181127/tools/bin/../lib/gcc/arm-none-eabi/10.3.1/../../../../arm-none-eabi/lib/thumb/v7e-m/nofp/libc_nano.a(lib_a-memset.o)
 .debug_frame   0x0000000000000000       0x20 /opt/st/stm32cubeide_1.9.0/plugins/com.st.stm32cube.ide.mcu.externaltools.gnu-tools-for-stm32.10.3-2021.10.linux64_1.0.0.202111181127/tools/bin/../lib/gcc/arm-none-eabi/10.3.1/../../../../arm-none-eabi/lib/thumb/v7e-m/nofp/libc_nano.a(lib_a-memset.o)
 .ARM.attributes
                0x0000000000000000       0x2e /opt/st/stm32cubeide_1.9.0/plugins/com.st.stm32cube.ide.mcu.externaltools.gnu-tools-for-stm32.10.3-2021.10.linux64_1.0.0.202111181127/tools/bin/../lib/gcc/arm-none-eabi/10.3.1/../../../../arm-none-eabi/lib/thumb/v7e-m/nofp/libc_nano.a(lib_a-memset.o)
 .text          0x0000000000000000        0x0 /opt/st/stm32cubeide_1.9.0/plugins/com.st.stm32cube.ide.mcu.externaltools.gnu-tools-for-stm32.10.3-2021.10.linux64_1.0.0.202111181127/tools/bin/../lib/gcc/arm-none-eabi/10.3.1/thumb/v7e-m/nofp/crtend.o
 .data          0x0000000000000000        0x0 /opt/st/stm32cubeide_1.9.0/plugins/com.st.stm32cube.ide.mcu.externaltools.gnu-tools-for-stm32.10.3-2021.10.linux64_1.0.0.202111181127/tools/bin/../lib/gcc/arm-none-eabi/10.3.1/thumb/v7e-m/nofp/crtend.o
 .bss           0x0000000000000000        0x0 /opt/st/stm32cubeide_1.9.0/plugins/com.st.stm32cube.ide.mcu.externaltools.gnu-tools-for-stm32.10.3-2021.10.linux64_1.0.0.202111181127/tools/bin/../lib/gcc/arm-none-eabi/10.3.1/thumb/v7e-m/nofp/crtend.o
 .rodata        0x0000000000000000       0x24 /opt/st/stm32cubeide_1.9.0/plugins/com.st.stm32cube.ide.mcu.externaltools.gnu-tools-for-stm32.10.3-2021.10.linux64_1.0.0.202111181127/tools/bin/../lib/gcc/arm-none-eabi/10.3.1/thumb/v7e-m/nofp/crtend.o
 .eh_frame      0x0000000000000000        0x4 /opt/st/stm32cubeide_1.9.0/plugins/com.st.stm32cube.ide.mcu.externaltools.gnu-tools-for-stm32.10.3-2021.10.linux64_1.0.0.202111181127/tools/bin/../lib/gcc/arm-none-eabi/10.3.1/thumb/v7e-m/nofp/crtend.o
 .ARM.attributes
                0x0000000000000000       0x2e /opt/st/stm32cubeide_1.9.0/plugins/com.st.stm32cube.ide.mcu.externaltools.gnu-tools-for-stm32.10.3-2021.10.linux64_1.0.0.202111181127/tools/bin/../lib/gcc/arm-none-eabi/10.3.1/thumb/v7e-m/nofp/crtend.o
 .text          0x0000000000000000        0x0 /opt/st/stm32cubeide_1.9.0/plugins/com.st.stm32cube.ide.mcu.externaltools.gnu-tools-for-stm32.10.3-2021.10.linux64_1.0.0.202111181127/tools/bin/../lib/gcc/arm-none-eabi/10.3.1/thumb/v7e-m/nofp/crtn.o
 .data          0x0000000000000000        0x0 /opt/st/stm32cubeide_1.9.0/plugins/com.st.stm32cube.ide.mcu.externaltools.gnu-tools-for-stm32.10.3-2021.10.linux64_1.0.0.202111181127/tools/bin/../lib/gcc/arm-none-eabi/10.3.1/thumb/v7e-m/nofp/crtn.o
 .bss           0x0000000000000000        0x0 /opt/st/stm32cubeide_1.9.0/plugins/com.st.stm32cube.ide.mcu.externaltools.gnu-tools-for-stm32.10.3-2021.10.linux64_1.0.0.202111181127/tools/bin/../lib/gcc/arm-none-eabi/10.3.1/thumb/v7e-m/nofp/crtn.o

Memory Configuration

Name             Origin             Length             Attributes
RAM              0x0000000020000000 0x0000000000020000 xrw
FLASH            0x0000000008000000 0x0000000000080000 xr
*default*        0x0000000000000000 0xffffffffffffffff

Linker script and memory map

LOAD /opt/st/stm32cubeide_1.9.0/plugins/com.st.stm32cube.ide.mcu.externaltools.gnu-tools-for-stm32.10.3-2021.10.linux64_1.0.0.202111181127/tools/bin/../lib/gcc/arm-none-eabi/10.3.1/thumb/v7e-m/nofp/crti.o
LOAD /opt/st/stm32cubeide_1.9.0/plugins/com.st.stm32cube.ide.mcu.externaltools.gnu-tools-for-stm32.10.3-2021.10.linux64_1.0.0.202111181127/tools/bin/../lib/gcc/arm-none-eabi/10.3.1/thumb/v7e-m/nofp/crtbegin.o
LOAD /opt/st/stm32cubeide_1.9.0/plugins/com.st.stm32cube.ide.mcu.externaltools.gnu-tools-for-stm32.10.3-2021.10.linux64_1.0.0.202111181127/tools/bin/../lib/gcc/arm-none-eabi/10.3.1/../../../../arm-none-eabi/lib/thumb/v7e-m/nofp/crt0.o
LOAD ./Src/main.o
LOAD ./Src/syscalls.o
LOAD ./Src/sysmem.o
LOAD ./Startup/startup_stm32f411retx.o
LOAD /home/jutoroa/workspace/STMDirectory/DriversSTM32/Debug/libDriversSTM32.a
START GROUP
LOAD /opt/st/stm32cubeide_1.9.0/plugins/com.st.stm32cube.ide.mcu.externaltools.gnu-tools-for-stm32.10.3-2021.10.linux64_1.0.0.202111181127/tools/bin/../lib/gcc/arm-none-eabi/10.3.1/../../../../arm-none-eabi/lib/thumb/v7e-m/nofp/libc_nano.a
LOAD /opt/st/stm32cubeide_1.9.0/plugins/com.st.stm32cube.ide.mcu.externaltools.gnu-tools-for-stm32.10.3-2021.10.linux64_1.0.0.202111181127/tools/bin/../lib/gcc/arm-none-eabi/10.3.1/../../../../arm-none-eabi/lib/thumb/v7e-m/nofp/libm.a
END GROUP
START GROUP
LOAD /opt/st/stm32cubeide_1.9.0/plugins/com.st.stm32cube.ide.mcu.externaltools.gnu-tools-for-stm32.10.3-2021.10.linux64_1.0.0.202111181127/tools/bin/../lib/gcc/arm-none-eabi/10.3.1/thumb/v7e-m/nofp/libgcc.a
LOAD /opt/st/stm32cubeide_1.9.0/plugins/com.st.stm32cube.ide.mcu.externaltools.gnu-tools-for-stm32.10.3-2021.10.linux64_1.0.0.202111181127/tools/bin/../lib/gcc/arm-none-eabi/10.3.1/../../../../arm-none-eabi/lib/thumb/v7e-m/nofp/libc_nano.a
END GROUP
START GROUP
LOAD /opt/st/stm32cubeide_1.9.0/plugins/com.st.stm32cube.ide.mcu.externaltools.gnu-tools-for-stm32.10.3-2021.10.linux64_1.0.0.202111181127/tools/bin/../lib/gcc/arm-none-eabi/10.3.1/thumb/v7e-m/nofp/libgcc.a
LOAD /opt/st/stm32cubeide_1.9.0/plugins/com.st.stm32cube.ide.mcu.externaltools.gnu-tools-for-stm32.10.3-2021.10.linux64_1.0.0.202111181127/tools/bin/../lib/gcc/arm-none-eabi/10.3.1/../../../../arm-none-eabi/lib/thumb/v7e-m/nofp/libc_nano.a
LOAD /opt/st/stm32cubeide_1.9.0/plugins/com.st.stm32cube.ide.mcu.externaltools.gnu-tools-for-stm32.10.3-2021.10.linux64_1.0.0.202111181127/tools/bin/../lib/gcc/arm-none-eabi/10.3.1/../../../../arm-none-eabi/lib/thumb/v7e-m/nofp/libnosys.a
END GROUP
START GROUP
LOAD /opt/st/stm32cubeide_1.9.0/plugins/com.st.stm32cube.ide.mcu.externaltools.gnu-tools-for-stm32.10.3-2021.10.linux64_1.0.0.202111181127/tools/bin/../lib/gcc/arm-none-eabi/10.3.1/thumb/v7e-m/nofp/libgcc.a
LOAD /opt/st/stm32cubeide_1.9.0/plugins/com.st.stm32cube.ide.mcu.externaltools.gnu-tools-for-stm32.10.3-2021.10.linux64_1.0.0.202111181127/tools/bin/../lib/gcc/arm-none-eabi/10.3.1/../../../../arm-none-eabi/lib/thumb/v7e-m/nofp/libc_nano.a
LOAD /opt/st/stm32cubeide_1.9.0/plugins/com.st.stm32cube.ide.mcu.externaltools.gnu-tools-for-stm32.10.3-2021.10.linux64_1.0.0.202111181127/tools/bin/../lib/gcc/arm-none-eabi/10.3.1/../../../../arm-none-eabi/lib/thumb/v7e-m/nofp/libnosys.a
END GROUP
LOAD /opt/st/stm32cubeide_1.9.0/plugins/com.st.stm32cube.ide.mcu.externaltools.gnu-tools-for-stm32.10.3-2021.10.linux64_1.0.0.202111181127/tools/bin/../lib/gcc/arm-none-eabi/10.3.1/thumb/v7e-m/nofp/crtend.o
LOAD /opt/st/stm32cubeide_1.9.0/plugins/com.st.stm32cube.ide.mcu.externaltools.gnu-tools-for-stm32.10.3-2021.10.linux64_1.0.0.202111181127/tools/bin/../lib/gcc/arm-none-eabi/10.3.1/thumb/v7e-m/nofp/crtn.o
                0x0000000020020000                _estack = (ORIGIN (RAM) + LENGTH (RAM))
                0x0000000000000200                _Min_Heap_Size = 0x200
                0x0000000000000400                _Min_Stack_Size = 0x400

.isr_vector     0x0000000008000000      0x198
                0x0000000008000000                . = ALIGN (0x4)
 *(.isr_vector)
 .isr_vector    0x0000000008000000      0x198 ./Startup/startup_stm32f411retx.o
                0x0000000008000000                g_pfnVectors
                0x0000000008000198                . = ALIGN (0x4)

.text           0x0000000008000198      0xf24
                0x0000000008000198                . = ALIGN (0x4)
 *(.text)
 .text          0x0000000008000198       0x40 /opt/st/stm32cubeide_1.9.0/plugins/com.st.stm32cube.ide.mcu.externaltools.gnu-tools-for-stm32.10.3-2021.10.linux64_1.0.0.202111181127/tools/bin/../lib/gcc/arm-none-eabi/10.3.1/thumb/v7e-m/nofp/crtbegin.o
 *(.text*)
 .text.main     0x00000000080001d8       0x24 ./Src/main.o
                0x00000000080001d8                main
 .text.initSystem
                0x00000000080001fc       0x84 ./Src/main.o
                0x00000000080001fc                initSystem
 .text.Timer2_Callback
                0x0000000008000280       0x20 ./Src/main.o
                0x0000000008000280                Timer2_Callback
 .text.EXTI0_Callback
                0x00000000080002a0       0x30 ./Src/main.o
                0x00000000080002a0                EXTI0_Callback
 .text.Reset_Handler
                0x00000000080002d0       0x50 ./Startup/startup_stm32f411retx.o
                0x00000000080002d0                Reset_Handler
 .text.Default_Handler
                0x0000000008000320        0x2 ./Startup/startup_stm32f411retx.o
                0x0000000008000320                RTC_Alarm_IRQHandler
                0x0000000008000320                DebugMon_Handler
                0x0000000008000320                SPI4_IRQHandler
                0x0000000008000320                TIM1_CC_IRQHandler
                0x0000000008000320                DMA2_Stream5_IRQHandler
                0x0000000008000320                HardFault_Handler
                0x0000000008000320                DMA1_Stream5_IRQHandler
                0x0000000008000320                SysTick_Handler
                0x0000000008000320                PVD_IRQHandler
                0x0000000008000320                SDIO_IRQHandler
                0x0000000008000320                TAMP_STAMP_IRQHandler
                0x0000000008000320                PendSV_Handler
                0x0000000008000320                NMI_Handler
                0x0000000008000320                TIM1_UP_TIM10_IRQHandler
                0x0000000008000320                I2C3_ER_IRQHandler
                0x0000000008000320                I2C2_EV_IRQHandler
                0x0000000008000320                DMA1_Stream2_IRQHandler
                0x0000000008000320                FPU_IRQHandler
                0x0000000008000320                UsageFault_Handler
                0x0000000008000320                DMA2_Stream2_IRQHandler
                0x0000000008000320                SPI1_IRQHandler
                0x0000000008000320                TIM1_BRK_TIM9_IRQHandler
                0x0000000008000320                DMA2_Stream3_IRQHandler
                0x0000000008000320                USART6_IRQHandler
                0x0000000008000320                DMA2_Stream0_IRQHandler
                0x0000000008000320                I2C1_EV_IRQHandler
                0x0000000008000320                DMA1_Stream6_IRQHandler
                0x0000000008000320                DMA1_Stream1_IRQHandler
                0x0000000008000320                RCC_IRQHandler
                0x0000000008000320                Default_Handler
                0x0000000008000320                ADC_IRQHandler
                0x0000000008000320                DMA1_Stream7_IRQHandler
                0x0000000008000320                SPI5_IRQHandler
                0x0000000008000320                DMA2_Stream7_IRQHandler
                0x0000000008000320                I2C3_EV_IRQHandler
                0x0000000008000320                RTC_WKUP_IRQHandler
                0x0000000008000320                SPI2_IRQHandler
                0x0000000008000320                MemManage_Handler
                0x0000000008000320                DMA1_Stream0_IRQHandler
                0x0000000008000320                SVC_Handler
                0x0000000008000320                WWDG_IRQHandler
                0x0000000008000320                OTG_FS_WKUP_IRQHandler
                0x0000000008000320                TIM1_TRG_COM_TIM11_IRQHandler
                0x0000000008000320                USART2_IRQHandler
                0x0000000008000320                I2C2_ER_IRQHandler
                0x0000000008000320                DMA2_Stream1_IRQHandler
                0x0000000008000320                FLASH_IRQHandler
                0x0000000008000320                DMA2_Stream4_IRQHandler
                0x0000000008000320                BusFault_Handler
                0x0000000008000320                USART1_IRQHandler
                0x0000000008000320                OTG_FS_IRQHandler
                0x0000000008000320                SPI3_IRQHandler
                0x0000000008000320                DMA1_Stream4_IRQHandler
                0x0000000008000320                I2C1_ER_IRQHandler
                0x0000000008000320                DMA2_Stream6_IRQHandler
                0x0000000008000320                DMA1_Stream3_IRQHandler
 *fill*         0x0000000008000322        0x2 
 .text.__NVIC_EnableIRQ
                0x0000000008000324       0x38 /home/jutoroa/workspace/STMDirectory/DriversSTM32/Debug/libDriversSTM32.a(EXTIxDriver.o)
 .text.EXTI_Config
                0x000000000800035c      0x4cc /home/jutoroa/workspace/STMDirectory/DriversSTM32/Debug/libDriversSTM32.a(EXTIxDriver.o)
                0x000000000800035c                EXTI_Config
 .text.EXTI0_IRQHandler
                0x0000000008000828       0x1c /home/jutoroa/workspace/STMDirectory/DriversSTM32/Debug/libDriversSTM32.a(EXTIxDriver.o)
                0x0000000008000828                EXTI0_IRQHandler
 .text.EXTI1_IRQHandler
                0x0000000008000844       0x1c /home/jutoroa/workspace/STMDirectory/DriversSTM32/Debug/libDriversSTM32.a(EXTIxDriver.o)
                0x0000000008000844                EXTI1_IRQHandler
 .text.EXTI2_IRQHandler
                0x0000000008000860       0x1c /home/jutoroa/workspace/STMDirectory/DriversSTM32/Debug/libDriversSTM32.a(EXTIxDriver.o)
                0x0000000008000860                EXTI2_IRQHandler
 .text.EXTI3_IRQHandler
                0x000000000800087c       0x1c /home/jutoroa/workspace/STMDirectory/DriversSTM32/Debug/libDriversSTM32.a(EXTIxDriver.o)
                0x000000000800087c                EXTI3_IRQHandler
 .text.EXTI4_IRQHandler
                0x0000000008000898       0x1c /home/jutoroa/workspace/STMDirectory/DriversSTM32/Debug/libDriversSTM32.a(EXTIxDriver.o)
                0x0000000008000898                EXTI4_IRQHandler
 .text.EXTI9_5_IRQHandler
                0x00000000080008b4       0xac /home/jutoroa/workspace/STMDirectory/DriversSTM32/Debug/libDriversSTM32.a(EXTIxDriver.o)
                0x00000000080008b4                EXTI9_5_IRQHandler
 .text.EXTI15_10_IRQHandler
                0x0000000008000960       0xc0 /home/jutoroa/workspace/STMDirectory/DriversSTM32/Debug/libDriversSTM32.a(EXTIxDriver.o)
                0x0000000008000960                EXTI15_10_IRQHandler
 .text.EXTI1_Callback
                0x0000000008000a20        0xe /home/jutoroa/workspace/STMDirectory/DriversSTM32/Debug/libDriversSTM32.a(EXTIxDriver.o)
                0x0000000008000a20                EXTI1_Callback
 .text.EXTI2_Callback
                0x0000000008000a2e        0xe /home/jutoroa/workspace/STMDirectory/DriversSTM32/Debug/libDriversSTM32.a(EXTIxDriver.o)
                0x0000000008000a2e                EXTI2_Callback
 .text.EXTI3_Callback
                0x0000000008000a3c        0xe /home/jutoroa/workspace/STMDirectory/DriversSTM32/Debug/libDriversSTM32.a(EXTIxDriver.o)
                0x0000000008000a3c                EXTI3_Callback
 .text.EXTI4_Callback
                0x0000000008000a4a        0xe /home/jutoroa/workspace/STMDirectory/DriversSTM32/Debug/libDriversSTM32.a(EXTIxDriver.o)
                0x0000000008000a4a                EXTI4_Callback
 .text.EXTI5_Callback
                0x0000000008000a58        0xe /home/jutoroa/workspace/STMDirectory/DriversSTM32/Debug/libDriversSTM32.a(EXTIxDriver.o)
                0x0000000008000a58                EXTI5_Callback
 .text.EXTI6_Callback
                0x0000000008000a66        0xe /home/jutoroa/workspace/STMDirectory/DriversSTM32/Debug/libDriversSTM32.a(EXTIxDriver.o)
                0x0000000008000a66                EXTI6_Callback
 .text.EXTI7_Callback
                0x0000000008000a74        0xe /home/jutoroa/workspace/STMDirectory/DriversSTM32/Debug/libDriversSTM32.a(EXTIxDriver.o)
                0x0000000008000a74                EXTI7_Callback
 .text.EXTI8_Callback
                0x0000000008000a82        0xe /home/jutoroa/workspace/STMDirectory/DriversSTM32/Debug/libDriversSTM32.a(EXTIxDriver.o)
                0x0000000008000a82                EXTI8_Callback
 .text.EXTI9_Callback
                0x0000000008000a90        0xe /home/jutoroa/workspace/STMDirectory/DriversSTM32/Debug/libDriversSTM32.a(EXTIxDriver.o)
                0x0000000008000a90                EXTI9_Callback
 .text.EXTI10_Callback
                0x0000000008000a9e        0xe /home/jutoroa/workspace/STMDirectory/DriversSTM32/Debug/libDriversSTM32.a(EXTIxDriver.o)
                0x0000000008000a9e                EXTI10_Callback
 .text.EXTI11_Callback
                0x0000000008000aac        0xe /home/jutoroa/workspace/STMDirectory/DriversSTM32/Debug/libDriversSTM32.a(EXTIxDriver.o)
                0x0000000008000aac                EXTI11_Callback
 .text.EXTI12_Callback
                0x0000000008000aba        0xe /home/jutoroa/workspace/STMDirectory/DriversSTM32/Debug/libDriversSTM32.a(EXTIxDriver.o)
                0x0000000008000aba                EXTI12_Callback
 .text.EXTI13_Callback
                0x0000000008000ac8        0xe /home/jutoroa/workspace/STMDirectory/DriversSTM32/Debug/libDriversSTM32.a(EXTIxDriver.o)
                0x0000000008000ac8                EXTI13_Callback
 .text.EXTI14_Callback
                0x0000000008000ad6        0xe /home/jutoroa/workspace/STMDirectory/DriversSTM32/Debug/libDriversSTM32.a(EXTIxDriver.o)
                0x0000000008000ad6                EXTI14_Callback
 .text.EXTI15_Callback
                0x0000000008000ae4        0xe /home/jutoroa/workspace/STMDirectory/DriversSTM32/Debug/libDriversSTM32.a(EXTIxDriver.o)
                0x0000000008000ae4                EXTI15_Callback
 *fill*         0x0000000008000af2        0x2 
 .text.GPIO_Config
                0x0000000008000af4      0x250 /home/jutoroa/workspace/STMDirectory/DriversSTM32/Debug/libDriversSTM32.a(GPIOxDriver.o)
                0x0000000008000af4                GPIO_Config
 .text.GPIO_WritePin
                0x0000000008000d44       0x54 /home/jutoroa/workspace/STMDirectory/DriversSTM32/Debug/libDriversSTM32.a(GPIOxDriver.o)
                0x0000000008000d44                GPIO_WritePin
 .text.__NVIC_EnableIRQ
                0x0000000008000d98       0x38 /home/jutoroa/workspace/STMDirectory/DriversSTM32/Debug/libDriversSTM32.a(TIMxDriver.o)
 .text.__NVIC_DisableIRQ
                0x0000000008000dd0       0x48 /home/jutoroa/workspace/STMDirectory/DriversSTM32/Debug/libDriversSTM32.a(TIMxDriver.o)
 .text.__NVIC_SetPriority
                0x0000000008000e18       0x54 /home/jutoroa/workspace/STMDirectory/DriversSTM32/Debug/libDriversSTM32.a(TIMxDriver.o)
 .text.Timer_Config
                0x0000000008000e6c      0x154 /home/jutoroa/workspace/STMDirectory/DriversSTM32/Debug/libDriversSTM32.a(TIMxDriver.o)
                0x0000000008000e6c                Timer_Config
 .text.Timer3_Callback
                0x0000000008000fc0        0xe /home/jutoroa/workspace/STMDirectory/DriversSTM32/Debug/libDriversSTM32.a(TIMxDriver.o)
                0x0000000008000fc0                Timer3_Callback
 .text.Timer4_Callback
                0x0000000008000fce        0xe /home/jutoroa/workspace/STMDirectory/DriversSTM32/Debug/libDriversSTM32.a(TIMxDriver.o)
                0x0000000008000fce                Timer4_Callback
 .text.Timer5_Callback
                0x0000000008000fdc        0xe /home/jutoroa/workspace/STMDirectory/DriversSTM32/Debug/libDriversSTM32.a(TIMxDriver.o)
                0x0000000008000fdc                Timer5_Callback
 .text.TIM2_IRQHandler
                0x0000000008000fea       0x1c /home/jutoroa/workspace/STMDirectory/DriversSTM32/Debug/libDriversSTM32.a(TIMxDriver.o)
                0x0000000008000fea                TIM2_IRQHandler
 *fill*         0x0000000008001006        0x2 
 .text.TIM3_IRQHandler
                0x0000000008001008       0x1c /home/jutoroa/workspace/STMDirectory/DriversSTM32/Debug/libDriversSTM32.a(TIMxDriver.o)
                0x0000000008001008                TIM3_IRQHandler
 .text.TIM4_IRQHandler
                0x0000000008001024       0x1c /home/jutoroa/workspace/STMDirectory/DriversSTM32/Debug/libDriversSTM32.a(TIMxDriver.o)
                0x0000000008001024                TIM4_IRQHandler
 .text.TIM5_IRQHandler
                0x0000000008001040       0x1c /home/jutoroa/workspace/STMDirectory/DriversSTM32/Debug/libDriversSTM32.a(TIMxDriver.o)
                0x0000000008001040                TIM5_IRQHandler
 .text.__libc_init_array
                0x000000000800105c       0x48 /opt/st/stm32cubeide_1.9.0/plugins/com.st.stm32cube.ide.mcu.externaltools.gnu-tools-for-stm32.10.3-2021.10.linux64_1.0.0.202111181127/tools/bin/../lib/gcc/arm-none-eabi/10.3.1/../../../../arm-none-eabi/lib/thumb/v7e-m/nofp/libc_nano.a(lib_a-init.o)
                0x000000000800105c                __libc_init_array
 *(.glue_7)
 .glue_7        0x00000000080010a4        0x0 linker stubs
 *(.glue_7t)
 .glue_7t       0x00000000080010a4        0x0 linker stubs
 *(.eh_frame)
 .eh_frame      0x00000000080010a4        0x0 /opt/st/stm32cubeide_1.9.0/plugins/com.st.stm32cube.ide.mcu.externaltools.gnu-tools-for-stm32.10.3-2021.10.linux64_1.0.0.202111181127/tools/bin/../lib/gcc/arm-none-eabi/10.3.1/thumb/v7e-m/nofp/crtbegin.o
 *(.init)
 .init          0x00000000080010a4        0x4 /opt/st/stm32cubeide_1.9.0/plugins/com.st.stm32cube.ide.mcu.externaltools.gnu-tools-for-stm32.10.3-2021.10.linux64_1.0.0.202111181127/tools/bin/../lib/gcc/arm-none-eabi/10.3.1/thumb/v7e-m/nofp/crti.o
                0x00000000080010a4                _init
 .init          0x00000000080010a8        0x8 /opt/st/stm32cubeide_1.9.0/plugins/com.st.stm32cube.ide.mcu.externaltools.gnu-tools-for-stm32.10.3-2021.10.linux64_1.0.0.202111181127/tools/bin/../lib/gcc/arm-none-eabi/10.3.1/thumb/v7e-m/nofp/crtn.o
 *(.fini)
 .fini          0x00000000080010b0        0x4 /opt/st/stm32cubeide_1.9.0/plugins/com.st.stm32cube.ide.mcu.externaltools.gnu-tools-for-stm32.10.3-2021.10.linux64_1.0.0.202111181127/tools/bin/../lib/gcc/arm-none-eabi/10.3.1/thumb/v7e-m/nofp/crti.o
                0x00000000080010b0                _fini
 .fini          0x00000000080010b4        0x8 /opt/st/stm32cubeide_1.9.0/plugins/com.st.stm32cube.ide.mcu.externaltools.gnu-tools-for-stm32.10.3-2021.10.linux64_1.0.0.202111181127/tools/bin/../lib/gcc/arm-none-eabi/10.3.1/thumb/v7e-m/nofp/crtn.o
                0x00000000080010bc                . = ALIGN (0x4)
                0x00000000080010bc                _etext = .

.vfp11_veneer   0x00000000080010bc        0x0
 .vfp11_veneer  0x00000000080010bc        0x0 linker stubs

.v4_bx          0x00000000080010bc        0x0
 .v4_bx         0x00000000080010bc        0x0 linker stubs

.iplt           0x00000000080010bc        0x0
 .iplt          0x00000000080010bc        0x0 /opt/st/stm32cubeide_1.9.0/plugins/com.st.stm32cube.ide.mcu.externaltools.gnu-tools-for-stm32.10.3-2021.10.linux64_1.0.0.202111181127/tools/bin/../lib/gcc/arm-none-eabi/10.3.1/thumb/v7e-m/nofp/crtbegin.o

.rel.dyn        0x00000000080010bc        0x0
 .rel.iplt      0x00000000080010bc        0x0 /opt/st/stm32cubeide_1.9.0/plugins/com.st.stm32cube.ide.mcu.externaltools.gnu-tools-for-stm32.10.3-2021.10.linux64_1.0.0.202111181127/tools/bin/../lib/gcc/arm-none-eabi/10.3.1/thumb/v7e-m/nofp/crtbegin.o

.rodata         0x00000000080010bc        0x0
                0x00000000080010bc                . = ALIGN (0x4)
 *(.rodata)
 *(.rodata*)
                0x00000000080010bc                . = ALIGN (0x4)

.ARM.extab      0x00000000080010bc        0x0
                0x00000000080010bc                . = ALIGN (0x4)
 *(.ARM.extab* .gnu.linkonce.armextab.*)
                0x00000000080010bc                . = ALIGN (0x4)

.ARM            0x00000000080010bc        0x0
                0x00000000080010bc                . = ALIGN (0x4)
                0x00000000080010bc                __exidx_start = .
 *(.ARM.exidx*)
                0x00000000080010bc                __exidx_end = .
                0x00000000080010bc                . = ALIGN (0x4)

.preinit_array  0x00000000080010bc        0x0
                0x00000000080010bc                . = ALIGN (0x4)
                0x00000000080010bc                PROVIDE (__preinit_array_start = .)
 *(.preinit_array*)
                0x00000000080010bc                PROVIDE (__preinit_array_end = .)
                0x00000000080010bc                . = ALIGN (0x4)

.init_array     0x00000000080010bc        0x4
                0x00000000080010bc                . = ALIGN (0x4)
                0x00000000080010bc                PROVIDE (__init_array_start = .)
 *(SORT_BY_NAME(.init_array.*))
 *(.init_array*)
 .init_array    0x00000000080010bc        0x4 /opt/st/stm32cubeide_1.9.0/plugins/com.st.stm32cube.ide.mcu.externaltools.gnu-tools-for-stm32.10.3-2021.10.linux64_1.0.0.202111181127/tools/bin/../lib/gcc/arm-none-eabi/10.3.1/thumb/v7e-m/nofp/crtbegin.o
                0x00000000080010c0                PROVIDE (__init_array_end = .)
                0x00000000080010c0                . = ALIGN (0x4)

.fini_array     0x00000000080010c0        0x4
                0x00000000080010c0                . = ALIGN (0x4)
                [!provide]                        PROVIDE (__fini_array_start = .)
 *(SORT_BY_NAME(.fini_array.*))
 *(.fini_array*)
 .fini_array    0x00000000080010c0        0x4 /opt/st/stm32cubeide_1.9.0/plugins/com.st.stm32cube.ide.mcu.externaltools.gnu-tools-for-stm32.10.3-2021.10.linux64_1.0.0.202111181127/tools/bin/../lib/gcc/arm-none-eabi/10.3.1/thumb/v7e-m/nofp/crtbegin.o
                [!provide]                        PROVIDE (__fini_array_end = .)
                0x00000000080010c4                . = ALIGN (0x4)
                0x00000000080010c4                _sidata = LOADADDR (.data)

.data           0x0000000020000000        0x0 load address 0x00000000080010c4
                0x0000000020000000                . = ALIGN (0x4)
                0x0000000020000000                _sdata = .
 *(.data)
 *(.data*)
 *(.RamFunc)
 *(.RamFunc*)
                0x0000000020000000                . = ALIGN (0x4)
                0x0000000020000000                _edata = .

.igot.plt       0x0000000020000000        0x0 load address 0x00000000080010c4
 .igot.plt      0x0000000020000000        0x0 /opt/st/stm32cubeide_1.9.0/plugins/com.st.stm32cube.ide.mcu.externaltools.gnu-tools-for-stm32.10.3-2021.10.linux64_1.0.0.202111181127/tools/bin/../lib/gcc/arm-none-eabi/10.3.1/thumb/v7e-m/nofp/crtbegin.o
                0x0000000020000000                . = ALIGN (0x4)

.bss            0x0000000020000000       0x4c load address 0x00000000080010c4
                0x0000000020000000                _sbss = .
                0x0000000020000000                __bss_start__ = _sbss
 *(.bss)
 .bss           0x0000000020000000       0x1c /opt/st/stm32cubeide_1.9.0/plugins/com.st.stm32cube.ide.mcu.externaltools.gnu-tools-for-stm32.10.3-2021.10.linux64_1.0.0.202111181127/tools/bin/../lib/gcc/arm-none-eabi/10.3.1/thumb/v7e-m/nofp/crtbegin.o
 *(.bss*)
 .bss.handlerStateLED
                0x000000002000001c        0xc ./Src/main.o
                0x000000002000001c                handlerStateLED
 .bss.handlerTimer2
                0x0000000020000028        0xc ./Src/main.o
                0x0000000020000028                handlerTimer2
 .bss.handlerEXTI0
                0x0000000020000034        0x8 ./Src/main.o
                0x0000000020000034                handlerEXTI0
 .bss.counter   0x000000002000003c        0x2 ./Src/main.o
                0x000000002000003c                counter
 *fill*         0x000000002000003e        0x2 
 .bss.handlerEXTIxPin
                0x0000000020000040        0xc /home/jutoroa/workspace/STMDirectory/DriversSTM32/Debug/libDriversSTM32.a(EXTIxDriver.o)
                0x0000000020000040                handlerEXTIxPin
 *(COMMON)
                0x000000002000004c                . = ALIGN (0x4)
                0x000000002000004c                _ebss = .
                0x000000002000004c                __bss_end__ = _ebss

._user_heap_stack
                0x000000002000004c      0x604 load address 0x00000000080010c4
                0x0000000020000050                . = ALIGN (0x8)
 *fill*         0x000000002000004c        0x4 
                [!provide]                        PROVIDE (end = .)
                0x0000000020000050                PROVIDE (_end = .)
                0x0000000020000250                . = (. + _Min_Heap_Size)
 *fill*         0x0000000020000050      0x200 
                0x0000000020000650                . = (. + _Min_Stack_Size)
 *fill*         0x0000000020000250      0x400 
                0x0000000020000650                . = ALIGN (0x8)

/DISCARD/
 libc.a(*)
 libm.a(*)
 libgcc.a(*)

.ARM.attributes
                0x0000000000000000       0x2a
 *(.ARM.attributes)
 .ARM.attributes
                0x0000000000000000       0x1e /opt/st/stm32cubeide_1.9.0/plugins/com.st.stm32cube.ide.mcu.externaltools.gnu-tools-for-stm32.10.3-2021.10.linux64_1.0.0.202111181127/tools/bin/../lib/gcc/arm-none-eabi/10.3.1/thumb/v7e-m/nofp/crti.o
 .ARM.attributes
                0x000000000000001e       0x2e /opt/st/stm32cubeide_1.9.0/plugins/com.st.stm32cube.ide.mcu.externaltools.gnu-tools-for-stm32.10.3-2021.10.linux64_1.0.0.202111181127/tools/bin/../lib/gcc/arm-none-eabi/10.3.1/thumb/v7e-m/nofp/crtbegin.o
 .ARM.attributes
                0x000000000000004c       0x2e ./Src/main.o
 .ARM.attributes
                0x000000000000007a       0x21 ./Startup/startup_stm32f411retx.o
 .ARM.attributes
                0x000000000000009b       0x2e /home/jutoroa/workspace/STMDirectory/DriversSTM32/Debug/libDriversSTM32.a(EXTIxDriver.o)
 .ARM.attributes
                0x00000000000000c9       0x2e /home/jutoroa/workspace/STMDirectory/DriversSTM32/Debug/libDriversSTM32.a(GPIOxDriver.o)
 .ARM.attributes
                0x00000000000000f7       0x2e /home/jutoroa/workspace/STMDirectory/DriversSTM32/Debug/libDriversSTM32.a(TIMxDriver.o)
 .ARM.attributes
                0x0000000000000125       0x2e /opt/st/stm32cubeide_1.9.0/plugins/com.st.stm32cube.ide.mcu.externaltools.gnu-tools-for-stm32.10.3-2021.10.linux64_1.0.0.202111181127/tools/bin/../lib/gcc/arm-none-eabi/10.3.1/../../../../arm-none-eabi/lib/thumb/v7e-m/nofp/libc_nano.a(lib_a-init.o)
 .ARM.attributes
                0x0000000000000153       0x1e /opt/st/stm32cubeide_1.9.0/plugins/com.st.stm32cube.ide.mcu.externaltools.gnu-tools-for-stm32.10.3-2021.10.linux64_1.0.0.202111181127/tools/bin/../lib/gcc/arm-none-eabi/10.3.1/thumb/v7e-m/nofp/crtn.o
OUTPUT(EXTIEjemplo1.elf elf32-littlearm)
LOAD linker stubs
LOAD /opt/st/stm32cubeide_1.9.0/plugins/com.st.stm32cube.ide.mcu.externaltools.gnu-tools-for-stm32.10.3-2021.10.linux64_1.0.0.202111181127/tools/bin/../lib/gcc/arm-none-eabi/10.3.1/../../../../arm-none-eabi/lib/thumb/v7e-m/nofp/libc.a
LOAD /opt/st/stm32cubeide_1.9.0/plugins/com.st.stm32cube.ide.mcu.externaltools.gnu-tools-for-stm32.10.3-2021.10.linux64_1.0.0.202111181127/tools/bin/../lib/gcc/arm-none-eabi/10.3.1/../../../../arm-none-eabi/lib/thumb/v7e-m/nofp/libm.a
LOAD /opt/st/stm32cubeide_1.9.0/plugins/com.st.stm32cube.ide.mcu.externaltools.gnu-tools-for-stm32.10.3-2021.10.linux64_1.0.0.202111181127/tools/bin/../lib/gcc/arm-none-eabi/10.3.1/thumb/v7e-m/nofp/libgcc.a

.debug_info     0x0000000000000000     0x1f4c
 .debug_info    0x0000000000000000      0x529 ./Src/main.o
 .debug_info    0x0000000000000529       0x22 ./Startup/startup_stm32f411retx.o
 .debug_info    0x000000000000054b      0xa50 /home/jutoroa/workspace/STMDirectory/DriversSTM32/Debug/libDriversSTM32.a(EXTIxDriver.o)
 .debug_info    0x0000000000000f9b      0x4b0 /home/jutoroa/workspace/STMDirectory/DriversSTM32/Debug/libDriversSTM32.a(GPIOxDriver.o)
 .debug_info    0x000000000000144b      0xb01 /home/jutoroa/workspace/STMDirectory/DriversSTM32/Debug/libDriversSTM32.a(TIMxDriver.o)

.debug_abbrev   0x0000000000000000      0x6f7
 .debug_abbrev  0x0000000000000000      0x173 ./Src/main.o
 .debug_abbrev  0x0000000000000173       0x12 ./Startup/startup_stm32f411retx.o
 .debug_abbrev  0x0000000000000185      0x225 /home/jutoroa/workspace/STMDirectory/DriversSTM32/Debug/libDriversSTM32.a(EXTIxDriver.o)
 .debug_abbrev  0x00000000000003aa      0x159 /home/jutoroa/workspace/STMDirectory/DriversSTM32/Debug/libDriversSTM32.a(GPIOxDriver.o)
 .debug_abbrev  0x0000000000000503      0x1f4 /home/jutoroa/workspace/STMDirectory/DriversSTM32/Debug/libDriversSTM32.a(TIMxDriver.o)

.debug_aranges  0x0000000000000000      0x1f8
 .debug_aranges
                0x0000000000000000       0x38 ./Src/main.o
 .debug_aranges
                0x0000000000000038       0x28 ./Startup/startup_stm32f411retx.o
 .debug_aranges
                0x0000000000000060       0xe0 /home/jutoroa/workspace/STMDirectory/DriversSTM32/Debug/libDriversSTM32.a(EXTIxDriver.o)
 .debug_aranges
                0x0000000000000140       0x30 /home/jutoroa/workspace/STMDirectory/DriversSTM32/Debug/libDriversSTM32.a(GPIOxDriver.o)
 .debug_aranges
                0x0000000000000170       0x88 /home/jutoroa/workspace/STMDirectory/DriversSTM32/Debug/libDriversSTM32.a(TIMxDriver.o)

.debug_ranges   0x0000000000000000      0x1b0
 .debug_ranges  0x0000000000000000       0x28 ./Src/main.o
 .debug_ranges  0x0000000000000028       0x20 ./Startup/startup_stm32f411retx.o
 .debug_ranges  0x0000000000000048       0xd0 /home/jutoroa/workspace/STMDirectory/DriversSTM32/Debug/libDriversSTM32.a(EXTIxDriver.o)
 .debug_ranges  0x0000000000000118       0x20 /home/jutoroa/workspace/STMDirectory/DriversSTM32/Debug/libDriversSTM32.a(GPIOxDriver.o)
 .debug_ranges  0x0000000000000138       0x78 /home/jutoroa/workspace/STMDirectory/DriversSTM32/Debug/libDriversSTM32.a(TIMxDriver.o)

.debug_macro    0x0000000000000000     0xf080
 .debug_macro   0x0000000000000000      0x268 ./Src/main.o
 .debug_macro   0x0000000000000268      0xa7e ./Src/main.o
 .debug_macro   0x0000000000000ce6       0x28 ./Src/main.o
 .debug_macro   0x0000000000000d0e       0x28 ./Src/main.o
 .debug_macro   0x0000000000000d36       0x22 ./Src/main.o
 .debug_macro   0x0000000000000d58       0x8e ./Src/main.o
 .debug_macro   0x0000000000000de6       0x51 ./Src/main.o
 .debug_macro   0x0000000000000e37      0x103 ./Src/main.o
 .debug_macro   0x0000000000000f3a       0x6a ./Src/main.o
 .debug_macro   0x0000000000000fa4      0x1df ./Src/main.o
 .debug_macro   0x0000000000001183       0x1c ./Src/main.o
 .debug_macro   0x000000000000119f       0x22 ./Src/main.o
 .debug_macro   0x00000000000011c1       0xd9 ./Src/main.o
 .debug_macro   0x000000000000129a     0x102d ./Src/main.o
 .debug_macro   0x00000000000022c7      0x11f ./Src/main.o
 .debug_macro   0x00000000000023e6     0xb953 ./Src/main.o
 .debug_macro   0x000000000000dd39       0x6d ./Src/main.o
 .debug_macro   0x000000000000dda6       0x22 ./Src/main.o
 .debug_macro   0x000000000000ddc8      0x12a ./Src/main.o
 .debug_macro   0x000000000000def2       0x52 ./Src/main.o
 .debug_macro   0x000000000000df44       0x18 ./Src/main.o
 .debug_macro   0x000000000000df5c       0x3c ./Src/main.o
 .debug_macro   0x000000000000df98       0x34 ./Src/main.o
 .debug_macro   0x000000000000dfcc       0x16 ./Src/main.o
 .debug_macro   0x000000000000dfe2       0x97 ./Src/main.o
 .debug_macro   0x000000000000e079      0x341 ./Src/main.o
 .debug_macro   0x000000000000e3ba       0xfd ./Src/main.o
 .debug_macro   0x000000000000e4b7       0x10 ./Src/main.o
 .debug_macro   0x000000000000e4c7       0x16 ./Src/main.o
 .debug_macro   0x000000000000e4dd       0x43 ./Src/main.o
 .debug_macro   0x000000000000e520       0x34 ./Src/main.o
 .debug_macro   0x000000000000e554       0x10 ./Src/main.o
 .debug_macro   0x000000000000e564       0x58 ./Src/main.o
 .debug_macro   0x000000000000e5bc       0x71 ./Src/main.o
 .debug_macro   0x000000000000e62d       0x1c ./Src/main.o
 .debug_macro   0x000000000000e649      0x12a ./Src/main.o
 .debug_macro   0x000000000000e773       0x10 ./Src/main.o
 .debug_macro   0x000000000000e783       0x1c ./Src/main.o
 .debug_macro   0x000000000000e79f       0x52 ./Src/main.o
 .debug_macro   0x000000000000e7f1       0x22 ./Src/main.o
 .debug_macro   0x000000000000e813       0x10 ./Src/main.o
 .debug_macro   0x000000000000e823       0x52 ./Src/main.o
 .debug_macro   0x000000000000e875       0xd5 ./Src/main.o
 .debug_macro   0x000000000000e94a       0x1c ./Src/main.o
 .debug_macro   0x000000000000e966       0x3d ./Src/main.o
 .debug_macro   0x000000000000e9a3       0x16 ./Src/main.o
 .debug_macro   0x000000000000e9b9      0x145 ./Src/main.o
 .debug_macro   0x000000000000eafe       0x82 ./Src/main.o
 .debug_macro   0x000000000000eb80       0x28 ./Src/main.o
 .debug_macro   0x000000000000eba8       0xc4 ./Src/main.o
 .debug_macro   0x000000000000ec6c       0x2e ./Src/main.o
 .debug_macro   0x000000000000ec9a       0xe6 /home/jutoroa/workspace/STMDirectory/DriversSTM32/Debug/libDriversSTM32.a(EXTIxDriver.o)
 .debug_macro   0x000000000000ed80       0x28 /home/jutoroa/workspace/STMDirectory/DriversSTM32/Debug/libDriversSTM32.a(EXTIxDriver.o)
 .debug_macro   0x000000000000eda8       0xdd /home/jutoroa/workspace/STMDirectory/DriversSTM32/Debug/libDriversSTM32.a(GPIOxDriver.o)
 .debug_macro   0x000000000000ee85      0x124 /home/jutoroa/workspace/STMDirectory/DriversSTM32/Debug/libDriversSTM32.a(GPIOxDriver.o)
 .debug_macro   0x000000000000efa9       0xd7 /home/jutoroa/workspace/STMDirectory/DriversSTM32/Debug/libDriversSTM32.a(TIMxDriver.o)

.debug_line     0x0000000000000000     0x208f
 .debug_line    0x0000000000000000      0x76e ./Src/main.o
 .debug_line    0x000000000000076e       0x84 ./Startup/startup_stm32f411retx.o
 .debug_line    0x00000000000007f2      0xb1c /home/jutoroa/workspace/STMDirectory/DriversSTM32/Debug/libDriversSTM32.a(EXTIxDriver.o)
 .debug_line    0x000000000000130e      0x662 /home/jutoroa/workspace/STMDirectory/DriversSTM32/Debug/libDriversSTM32.a(GPIOxDriver.o)
 .debug_line    0x0000000000001970      0x71f /home/jutoroa/workspace/STMDirectory/DriversSTM32/Debug/libDriversSTM32.a(TIMxDriver.o)

.debug_str      0x0000000000000000    0x54bb1
 .debug_str     0x0000000000000000    0x542f8 ./Src/main.o
                                      0x544f4 (size before relaxing)
 .debug_str     0x00000000000542f8       0x31 ./Startup/startup_stm32f411retx.o
                                         0x69 (size before relaxing)
 .debug_str     0x0000000000054329      0x714 /home/jutoroa/workspace/STMDirectory/DriversSTM32/Debug/libDriversSTM32.a(EXTIxDriver.o)
                                      0x504ba (size before relaxing)
 .debug_str     0x0000000000054a3d       0x63 /home/jutoroa/workspace/STMDirectory/DriversSTM32/Debug/libDriversSTM32.a(GPIOxDriver.o)
                                      0x4fe90 (size before relaxing)
 .debug_str     0x0000000000054aa0      0x111 /home/jutoroa/workspace/STMDirectory/DriversSTM32/Debug/libDriversSTM32.a(TIMxDriver.o)
                                      0x50143 (size before relaxing)

.comment        0x0000000000000000       0x50
 .comment       0x0000000000000000       0x50 ./Src/main.o
                                         0x51 (size before relaxing)
 .comment       0x0000000000000050       0x51 /home/jutoroa/workspace/STMDirectory/DriversSTM32/Debug/libDriversSTM32.a(EXTIxDriver.o)
 .comment       0x0000000000000050       0x51 /home/jutoroa/workspace/STMDirectory/DriversSTM32/Debug/libDriversSTM32.a(GPIOxDriver.o)
 .comment       0x0000000000000050       0x51 /home/jutoroa/workspace/STMDirectory/DriversSTM32/Debug/libDriversSTM32.a(TIMxDriver.o)

.debug_frame    0x0000000000000000      0x644
 .debug_frame   0x0000000000000000       0x88 ./Src/main.o
 .debug_frame   0x0000000000000088      0x324 /home/jutoroa/workspace/STMDirectory/DriversSTM32/Debug/libDriversSTM32.a(EXTIxDriver.o)
 .debug_frame   0x00000000000003ac       0x88 /home/jutoroa/workspace/STMDirectory/DriversSTM32/Debug/libDriversSTM32.a(GPIOxDriver.o)
 .debug_frame   0x0000000000000434      0x1e4 /home/jutoroa/workspace/STMDirectory/DriversSTM32/Debug/libDriversSTM32.a(TIMxDriver.o)
 .debug_frame   0x0000000000000618       0x2c /opt/st/stm32cubeide_1.9.0/plugins/com.st.stm32cube.ide.mcu.externaltools.gnu-tools-for-stm32.10.3-2021.10.linux64_1.0.0.202111181127/tools/bin/../lib/gcc/arm-none-eabi/10.3.1/../../../../arm-none-eabi/lib/thumb/v7e-m/nofp/libc_nano.a(lib_a-init.o)
