G:/Mi unidad/Unalmed/Taller_5/STM32DIRECTORY/mcu_headers/CMSIS/Include/core_cm4.h:1688:22:__NVIC_EnableIRQ	16	static
G:/Mi unidad/Unalmed/Taller_5/STM32DIRECTORY/mcu_headers/CMSIS/Include/core_cm4.h:1724:22:__NVIC_DisableIRQ	16	static,ignoring_inline_asm
../Src/main.c:39:5:main	8	static,ignoring_inline_asm
../Src/main.c:68:6:delay	24	static,ignoring_inline_asm
../Src/main.c:77:6:__initSystem	4	static
../Src/main.c:143:6:Timer2_Callback	4	static
../Src/main.c:147:6:Timer3_Callback	4	static
../Src/main.c:151:6:USART2_Callback	16	static,ignoring_inline_asm
