G:/Mi unidad/Unalmed/Taller_5/STM32DIRECTORY/mcu_headers/CMSIS/Include/core_cm4.h:1688:22:__NVIC_EnableIRQ	16	static
../Drivers/Src/TIMxDriver.c:21:6:Timer_Config	16	static,ignoring_inline_asm
../Drivers/Src/TIMxDriver.c:102:28:Timer2_Callback	4	static,ignoring_inline_asm
../Drivers/Src/TIMxDriver.c:107:28:Timer3_Callback	4	static,ignoring_inline_asm
../Drivers/Src/TIMxDriver.c:112:28:Timer4_Callback	4	static,ignoring_inline_asm
../Drivers/Src/TIMxDriver.c:117:28:Timer5_Callback	4	static,ignoring_inline_asm
../Drivers/Src/TIMxDriver.c:124:6:TIM2_IRQHandler	8	static
../Drivers/Src/TIMxDriver.c:129:6:TIM3_IRQHandler	8	static
../Drivers/Src/TIMxDriver.c:134:6:TIM4_IRQHandler	8	static
../Drivers/Src/TIMxDriver.c:139:6:TIM5_IRQHandler	8	static
