core_cm4.h:1688:22:__NVIC_EnableIRQ	16	static
TIMxDriver.c:20:6:TIM_Config	16	static,ignoring_inline_asm
TIMxDriver.c:107:28:TIM2_Callback	4	static,ignoring_inline_asm
TIMxDriver.c:112:28:TIM3_Callback	4	static,ignoring_inline_asm
TIMxDriver.c:117:28:TIM4_Callback	4	static,ignoring_inline_asm
TIMxDriver.c:122:28:TIM5_Callback	4	static,ignoring_inline_asm
TIMxDriver.c:131:6:TIM2_IRQHandler	8	static
TIMxDriver.c:137:6:TIM3_IRQHandler	8	static
TIMxDriver.c:143:6:TIM4_IRQHandler	8	static
TIMxDriver.c:149:6:TIM5_IRQHandler	8	static
