core_cm4.h:1688:22:__NVIC_EnableIRQ	16	static
USARTxDriver.c:26:6:USART_Config	16	static,ignoring_inline_asm
USARTxDriver.c:300:28:USART1_Callback	4	static,ignoring_inline_asm
USARTxDriver.c:305:28:USART2_Callback	4	static,ignoring_inline_asm
USARTxDriver.c:310:28:USART6_Callback	4	static,ignoring_inline_asm
USARTxDriver.c:318:6:USART1_IRQHandler	8	static
USARTxDriver.c:327:6:USART2_IRQHandler	8	static
USARTxDriver.c:337:6:USART6_IRQHandler	8	static
USARTxDriver.c:350:6:readChar	24	static
USARTxDriver.c:359:9:returnDataUSART1	4	static
USARTxDriver.c:366:9:returnDataUSART2	4	static
USARTxDriver.c:373:9:returnDataUSART6	4	static
USARTxDriver.c:380:5:writeChar	16	static
