/home/jutoroa/workspace/STMDirectory/mcu_headers/CMSIS/Include/core_cm4.h:1688:22:__NVIC_EnableIRQ	16	static
/home/jutoroa/workspace/STMDirectory/mcu_headers/CMSIS/Include/core_cm4.h:1816:22:__NVIC_SetPriority	16	static
../Src/AdcDriver.c:15:6:adc_Config	16	static,ignoring_inline_asm
../Src/AdcDriver.c:185:6:startSingleADC	4	static
../Src/AdcDriver.c:190:6:startContinuousADC	4	static
../Src/AdcDriver.c:197:6:stopContinousADC	4	static
../Src/AdcDriver.c:202:10:getADC	4	static
../Src/AdcDriver.c:206:6:multiChannelADC	16	static
../Src/AdcDriver.c:211:6:ADC_IRQHandler	8	static
../Src/AdcDriver.c:222:28:adc_Complete_Callback	4	static,ignoring_inline_asm
../Src/AdcDriver.c:227:6:configAnalogPin	16	static
