../Src/OLEDDriver.c:10:6:OLED_CommandByte	24	static
../Src/OLEDDriver.c:27:6:OLED_DataByte	24	static
../Src/OLEDDriver.c:129:7:OLEDNull	4	static
../Src/OLEDDriver.c:130:7:OLED_A	4	static
../Src/OLEDDriver.c:131:7:OLED_B	4	static
../Src/OLEDDriver.c:132:7:OLED_C	4	static
../Src/OLEDDriver.c:133:7:OLED_D	4	static
../Src/OLEDDriver.c:134:7:OLED_E	4	static
../Src/OLEDDriver.c:135:7:OLED_F	4	static
../Src/OLEDDriver.c:136:7:OLED_G	4	static
../Src/OLEDDriver.c:137:7:OLED_H	4	static
../Src/OLEDDriver.c:138:7:OLED_I	4	static
../Src/OLEDDriver.c:139:7:OLED_J	4	static
../Src/OLEDDriver.c:140:7:OLED_K	4	static
../Src/OLEDDriver.c:141:7:OLED_L	4	static
../Src/OLEDDriver.c:142:7:OLED_M	4	static
../Src/OLEDDriver.c:143:7:OLED_N	4	static
../Src/OLEDDriver.c:144:7:OLED_O	4	static
../Src/OLEDDriver.c:145:7:OLED_P	4	static
../Src/OLEDDriver.c:146:7:OLED_Q	4	static
../Src/OLEDDriver.c:147:7:OLED_R	4	static
../Src/OLEDDriver.c:148:7:OLED_S	4	static
../Src/OLEDDriver.c:149:7:OLED_T	4	static
../Src/OLEDDriver.c:150:7:OLED_U	4	static
../Src/OLEDDriver.c:151:7:OLED_V	4	static
../Src/OLEDDriver.c:152:7:OLED_W	4	static
../Src/OLEDDriver.c:153:7:OLED_X	4	static
../Src/OLEDDriver.c:154:7:OLED_Y	4	static
../Src/OLEDDriver.c:155:7:OLED_Z	4	static
../Src/OLEDDriver.c:156:7:OLED_1	4	static
../Src/OLEDDriver.c:157:7:OLED_2	4	static
../Src/OLEDDriver.c:158:7:OLED_3	4	static
../Src/OLEDDriver.c:159:7:OLED_4	4	static
../Src/OLEDDriver.c:160:7:OLED_5	4	static
../Src/OLEDDriver.c:161:7:OLED_6	4	static
../Src/OLEDDriver.c:162:7:OLED_7	4	static
../Src/OLEDDriver.c:163:7:OLED_8	4	static
../Src/OLEDDriver.c:164:7:OLED_9	4	static
../Src/OLEDDriver.c:165:7:OLED_0	4	static
../Src/OLEDDriver.c:166:7:OLED_PLUS	4	static
../Src/OLEDDriver.c:167:7:OLED_SUS	4	static
../Src/OLEDDriver.c:168:7:OLED_EXC	4	static
../Src/OLEDDriver.c:169:7:OLED_HEART	4	static
../Src/OLEDDriver.c:170:7:OLED_CUBE	4	static
../Src/OLEDDriver.c:172:7:OLED_PERIOD	4	static
../Src/OLEDDriver.c:173:7:OLED_COMMA	4	static
../Src/OLEDDriver.c:174:7:OLED_COLON	4	static
../Src/OLEDDriver.c:175:7:OLED_QUEST	4	static
../Src/OLEDDriver.c:176:7:OLED_SLASH	4	static
../Src/OLEDDriver.c:177:7:OLED_UNDERSCORE	4	static
../Src/OLEDDriver.c:178:7:OLED_QUOTE	4	static
../Src/OLEDDriver.c:179:7:OLED_MULTIPLICATION	4	static
../Src/OLEDDriver.c:180:7:OLED_DIVISION	4	static
../Src/OLEDDriver.c:181:7:OLED_EQUAL	4	static
../Src/OLEDDriver.c:183:6:OLED_Init	16	static
../Src/OLEDDriver.c:214:6:OLED_Clean	88	static
../Src/OLEDDriver.c:222:6:OLED_SETPage	32	static
../Src/OLEDDriver.c:262:7:OLED_VarToChar	16	static
../Src/OLEDDriver.c:426:6:OLED_FPrintPage	32	static
../Src/OLEDDriver.c:465:6:OLED_FPrint	88	static
