/home/jutoroa/workspace/STMDirectory/mcu_headers/CMSIS/Include/core_cm4.h:1688:22:__NVIC_EnableIRQ	16	static
/home/jutoroa/workspace/STMDirectory/mcu_headers/CMSIS/Include/core_cm4.h:1816:22:__NVIC_SetPriority	16	static
../Src/TIMxDriver.c:21:6:Timer_Config	16	static,ignoring_inline_asm
../Src/TIMxDriver.c:102:6:startTimer	16	static
../Src/TIMxDriver.c:107:6:stopTimer	16	static
../Src/TIMxDriver.c:117:28:Timer2_Callback	4	static,ignoring_inline_asm
../Src/TIMxDriver.c:122:28:Timer3_Callback	4	static,ignoring_inline_asm
../Src/TIMxDriver.c:127:28:Timer4_Callback	4	static,ignoring_inline_asm
../Src/TIMxDriver.c:132:28:Timer5_Callback	4	static,ignoring_inline_asm
../Src/TIMxDriver.c:139:6:TIM2_IRQHandler	8	static
../Src/TIMxDriver.c:144:6:TIM3_IRQHandler	8	static
../Src/TIMxDriver.c:149:6:TIM4_IRQHandler	8	static
../Src/TIMxDriver.c:154:6:TIM5_IRQHandler	8	static
