/home/jutoroa/workspace/STMDirectory/mcu_headers/CMSIS/Include/core_cm4.h:1688:22:__NVIC_EnableIRQ	16	static
/home/jutoroa/workspace/STMDirectory/mcu_headers/CMSIS/Include/core_cm4.h:1724:22:__NVIC_DisableIRQ	16	static,ignoring_inline_asm
/home/jutoroa/workspace/STMDirectory/mcu_headers/CMSIS/Include/core_cm4.h:1816:22:__NVIC_SetPriority	16	static
../Src/TIMxDriver.c:21:6:Timer_Config	16	static,ignoring_inline_asm
../Src/TIMxDriver.c:104:6:startTimer	16	static
../Src/TIMxDriver.c:111:6:stopTimer	16	static
../Src/TIMxDriver.c:120:28:Timer2_Callback	4	static,ignoring_inline_asm
../Src/TIMxDriver.c:125:28:Timer3_Callback	4	static,ignoring_inline_asm
../Src/TIMxDriver.c:130:28:Timer4_Callback	4	static,ignoring_inline_asm
../Src/TIMxDriver.c:135:28:Timer5_Callback	4	static,ignoring_inline_asm
../Src/TIMxDriver.c:142:6:TIM2_IRQHandler	8	static
../Src/TIMxDriver.c:147:6:TIM3_IRQHandler	8	static
../Src/TIMxDriver.c:152:6:TIM4_IRQHandler	8	static
../Src/TIMxDriver.c:157:6:TIM5_IRQHandler	8	static
