/home/jutoroa/workspace/CMSIS_REPO/STM32CubeF4-master/Drivers/CMSIS/Core/Include/core_cm4.h:1688:22:__NVIC_EnableIRQ	16	static
../Src/USARTxDriver.c:19:6:USART_Config	16	static,ignoring_inline_asm
../Src/USARTxDriver.c:315:28:USART1_Callback	4	static,ignoring_inline_asm
../Src/USARTxDriver.c:320:28:USART2_Callback	4	static,ignoring_inline_asm
../Src/USARTxDriver.c:325:28:USART6_Callback	4	static,ignoring_inline_asm
../Src/USARTxDriver.c:332:6:USART1_IRQHandler	8	static
../Src/USARTxDriver.c:341:6:USART2_IRQHandler	8	static
../Src/USARTxDriver.c:351:6:USART6_IRQHandler	8	static
../Src/USARTxDriver.c:361:6:readChar	24	static
../Src/USARTxDriver.c:370:9:returnData	4	static
../Src/USARTxDriver.c:376:5:writeChar	16	static,ignoring_inline_asm
../Src/USARTxDriver.c:395:6:writeMsg	16	static
