Archive member included to satisfy reference by file (symbol)

/opt/st/stm32cubeide_1.9.0/plugins/com.st.stm32cube.ide.mcu.externaltools.gnu-tools-for-stm32.10.3-2021.10.linux64_1.0.0.202111181127/tools/bin/../lib/gcc/arm-none-eabi/10.3.1/../../../../arm-none-eabi/lib/thumb/v7e-m+fp/hard/libc_nano.a(lib_a-errno.o)
                              ./Src/syscalls.o (__errno)
/opt/st/stm32cubeide_1.9.0/plugins/com.st.stm32cube.ide.mcu.externaltools.gnu-tools-for-stm32.10.3-2021.10.linux64_1.0.0.202111181127/tools/bin/../lib/gcc/arm-none-eabi/10.3.1/../../../../arm-none-eabi/lib/thumb/v7e-m+fp/hard/libc_nano.a(lib_a-exit.o)
                              /opt/st/stm32cubeide_1.9.0/plugins/com.st.stm32cube.ide.mcu.externaltools.gnu-tools-for-stm32.10.3-2021.10.linux64_1.0.0.202111181127/tools/bin/../lib/gcc/arm-none-eabi/10.3.1/../../../../arm-none-eabi/lib/thumb/v7e-m+fp/hard/crt0.o (exit)
/opt/st/stm32cubeide_1.9.0/plugins/com.st.stm32cube.ide.mcu.externaltools.gnu-tools-for-stm32.10.3-2021.10.linux64_1.0.0.202111181127/tools/bin/../lib/gcc/arm-none-eabi/10.3.1/../../../../arm-none-eabi/lib/thumb/v7e-m+fp/hard/libc_nano.a(lib_a-impure.o)
                              /opt/st/stm32cubeide_1.9.0/plugins/com.st.stm32cube.ide.mcu.externaltools.gnu-tools-for-stm32.10.3-2021.10.linux64_1.0.0.202111181127/tools/bin/../lib/gcc/arm-none-eabi/10.3.1/../../../../arm-none-eabi/lib/thumb/v7e-m+fp/hard/libc_nano.a(lib_a-exit.o) (_global_impure_ptr)
/opt/st/stm32cubeide_1.9.0/plugins/com.st.stm32cube.ide.mcu.externaltools.gnu-tools-for-stm32.10.3-2021.10.linux64_1.0.0.202111181127/tools/bin/../lib/gcc/arm-none-eabi/10.3.1/../../../../arm-none-eabi/lib/thumb/v7e-m+fp/hard/libc_nano.a(lib_a-init.o)
                              /opt/st/stm32cubeide_1.9.0/plugins/com.st.stm32cube.ide.mcu.externaltools.gnu-tools-for-stm32.10.3-2021.10.linux64_1.0.0.202111181127/tools/bin/../lib/gcc/arm-none-eabi/10.3.1/../../../../arm-none-eabi/lib/thumb/v7e-m+fp/hard/crt0.o (__libc_init_array)
/opt/st/stm32cubeide_1.9.0/plugins/com.st.stm32cube.ide.mcu.externaltools.gnu-tools-for-stm32.10.3-2021.10.linux64_1.0.0.202111181127/tools/bin/../lib/gcc/arm-none-eabi/10.3.1/../../../../arm-none-eabi/lib/thumb/v7e-m+fp/hard/libc_nano.a(lib_a-memset.o)
                              /opt/st/stm32cubeide_1.9.0/plugins/com.st.stm32cube.ide.mcu.externaltools.gnu-tools-for-stm32.10.3-2021.10.linux64_1.0.0.202111181127/tools/bin/../lib/gcc/arm-none-eabi/10.3.1/../../../../arm-none-eabi/lib/thumb/v7e-m+fp/hard/crt0.o (memset)

Discarded input sections

 .text          0x0000000000000000        0x0 /opt/st/stm32cubeide_1.9.0/plugins/com.st.stm32cube.ide.mcu.externaltools.gnu-tools-for-stm32.10.3-2021.10.linux64_1.0.0.202111181127/tools/bin/../lib/gcc/arm-none-eabi/10.3.1/thumb/v7e-m+fp/hard/crti.o
 .data          0x0000000000000000        0x0 /opt/st/stm32cubeide_1.9.0/plugins/com.st.stm32cube.ide.mcu.externaltools.gnu-tools-for-stm32.10.3-2021.10.linux64_1.0.0.202111181127/tools/bin/../lib/gcc/arm-none-eabi/10.3.1/thumb/v7e-m+fp/hard/crti.o
 .bss           0x0000000000000000        0x0 /opt/st/stm32cubeide_1.9.0/plugins/com.st.stm32cube.ide.mcu.externaltools.gnu-tools-for-stm32.10.3-2021.10.linux64_1.0.0.202111181127/tools/bin/../lib/gcc/arm-none-eabi/10.3.1/thumb/v7e-m+fp/hard/crti.o
 .data          0x0000000000000000        0x4 /opt/st/stm32cubeide_1.9.0/plugins/com.st.stm32cube.ide.mcu.externaltools.gnu-tools-for-stm32.10.3-2021.10.linux64_1.0.0.202111181127/tools/bin/../lib/gcc/arm-none-eabi/10.3.1/thumb/v7e-m+fp/hard/crtbegin.o
 .rodata        0x0000000000000000       0x24 /opt/st/stm32cubeide_1.9.0/plugins/com.st.stm32cube.ide.mcu.externaltools.gnu-tools-for-stm32.10.3-2021.10.linux64_1.0.0.202111181127/tools/bin/../lib/gcc/arm-none-eabi/10.3.1/thumb/v7e-m+fp/hard/crtbegin.o
 .text          0x0000000000000000       0x7c /opt/st/stm32cubeide_1.9.0/plugins/com.st.stm32cube.ide.mcu.externaltools.gnu-tools-for-stm32.10.3-2021.10.linux64_1.0.0.202111181127/tools/bin/../lib/gcc/arm-none-eabi/10.3.1/../../../../arm-none-eabi/lib/thumb/v7e-m+fp/hard/crt0.o
 .data          0x0000000000000000        0x0 /opt/st/stm32cubeide_1.9.0/plugins/com.st.stm32cube.ide.mcu.externaltools.gnu-tools-for-stm32.10.3-2021.10.linux64_1.0.0.202111181127/tools/bin/../lib/gcc/arm-none-eabi/10.3.1/../../../../arm-none-eabi/lib/thumb/v7e-m+fp/hard/crt0.o
 .bss           0x0000000000000000        0x0 /opt/st/stm32cubeide_1.9.0/plugins/com.st.stm32cube.ide.mcu.externaltools.gnu-tools-for-stm32.10.3-2021.10.linux64_1.0.0.202111181127/tools/bin/../lib/gcc/arm-none-eabi/10.3.1/../../../../arm-none-eabi/lib/thumb/v7e-m+fp/hard/crt0.o
 .ARM.extab     0x0000000000000000        0x0 /opt/st/stm32cubeide_1.9.0/plugins/com.st.stm32cube.ide.mcu.externaltools.gnu-tools-for-stm32.10.3-2021.10.linux64_1.0.0.202111181127/tools/bin/../lib/gcc/arm-none-eabi/10.3.1/../../../../arm-none-eabi/lib/thumb/v7e-m+fp/hard/crt0.o
 .ARM.exidx     0x0000000000000000       0x10 /opt/st/stm32cubeide_1.9.0/plugins/com.st.stm32cube.ide.mcu.externaltools.gnu-tools-for-stm32.10.3-2021.10.linux64_1.0.0.202111181127/tools/bin/../lib/gcc/arm-none-eabi/10.3.1/../../../../arm-none-eabi/lib/thumb/v7e-m+fp/hard/crt0.o
 .ARM.attributes
                0x0000000000000000       0x1c /opt/st/stm32cubeide_1.9.0/plugins/com.st.stm32cube.ide.mcu.externaltools.gnu-tools-for-stm32.10.3-2021.10.linux64_1.0.0.202111181127/tools/bin/../lib/gcc/arm-none-eabi/10.3.1/../../../../arm-none-eabi/lib/thumb/v7e-m+fp/hard/crt0.o
 .group         0x0000000000000000        0xc ./Drivers/Src/GPIOxDriver.o
 .group         0x0000000000000000        0xc ./Drivers/Src/GPIOxDriver.o
 .group         0x0000000000000000        0xc ./Drivers/Src/GPIOxDriver.o
 .group         0x0000000000000000        0xc ./Drivers/Src/GPIOxDriver.o
 .group         0x0000000000000000        0xc ./Drivers/Src/GPIOxDriver.o
 .group         0x0000000000000000        0xc ./Drivers/Src/GPIOxDriver.o
 .group         0x0000000000000000        0xc ./Drivers/Src/GPIOxDriver.o
 .group         0x0000000000000000        0xc ./Drivers/Src/GPIOxDriver.o
 .group         0x0000000000000000        0xc ./Drivers/Src/GPIOxDriver.o
 .group         0x0000000000000000        0xc ./Drivers/Src/GPIOxDriver.o
 .group         0x0000000000000000        0xc ./Drivers/Src/GPIOxDriver.o
 .group         0x0000000000000000        0xc ./Drivers/Src/GPIOxDriver.o
 .group         0x0000000000000000        0xc ./Drivers/Src/GPIOxDriver.o
 .group         0x0000000000000000        0xc ./Drivers/Src/GPIOxDriver.o
 .group         0x0000000000000000        0xc ./Drivers/Src/GPIOxDriver.o
 .group         0x0000000000000000        0xc ./Drivers/Src/GPIOxDriver.o
 .group         0x0000000000000000        0xc ./Drivers/Src/GPIOxDriver.o
 .text          0x0000000000000000        0x0 ./Drivers/Src/GPIOxDriver.o
 .data          0x0000000000000000        0x0 ./Drivers/Src/GPIOxDriver.o
 .bss           0x0000000000000000        0x0 ./Drivers/Src/GPIOxDriver.o
 .text.GPIO_WritePin
                0x0000000000000000       0x56 ./Drivers/Src/GPIOxDriver.o
 .text.GPIO_ReadPin
                0x0000000000000000       0x30 ./Drivers/Src/GPIOxDriver.o
 .group         0x0000000000000000        0xc ./Drivers/Src/TIMxDriver.o
 .group         0x0000000000000000        0xc ./Drivers/Src/TIMxDriver.o
 .group         0x0000000000000000        0xc ./Drivers/Src/TIMxDriver.o
 .group         0x0000000000000000        0xc ./Drivers/Src/TIMxDriver.o
 .group         0x0000000000000000        0xc ./Drivers/Src/TIMxDriver.o
 .group         0x0000000000000000        0xc ./Drivers/Src/TIMxDriver.o
 .group         0x0000000000000000        0xc ./Drivers/Src/TIMxDriver.o
 .group         0x0000000000000000        0xc ./Drivers/Src/TIMxDriver.o
 .group         0x0000000000000000        0xc ./Drivers/Src/TIMxDriver.o
 .group         0x0000000000000000        0xc ./Drivers/Src/TIMxDriver.o
 .group         0x0000000000000000        0xc ./Drivers/Src/TIMxDriver.o
 .group         0x0000000000000000        0xc ./Drivers/Src/TIMxDriver.o
 .group         0x0000000000000000        0xc ./Drivers/Src/TIMxDriver.o
 .group         0x0000000000000000        0xc ./Drivers/Src/TIMxDriver.o
 .group         0x0000000000000000        0xc ./Drivers/Src/TIMxDriver.o
 .group         0x0000000000000000        0xc ./Drivers/Src/TIMxDriver.o
 .group         0x0000000000000000        0xc ./Drivers/Src/TIMxDriver.o
 .text          0x0000000000000000        0x0 ./Drivers/Src/TIMxDriver.o
 .data          0x0000000000000000        0x0 ./Drivers/Src/TIMxDriver.o
 .bss           0x0000000000000000        0x0 ./Drivers/Src/TIMxDriver.o
 .text.Timer2_Callback
                0x0000000000000000       0x10 ./Drivers/Src/TIMxDriver.o
 .text.Timer3_Callback
                0x0000000000000000       0x10 ./Drivers/Src/TIMxDriver.o
 .debug_macro   0x0000000000000000      0xa8a ./Drivers/Src/TIMxDriver.o
 .debug_macro   0x0000000000000000       0x28 ./Drivers/Src/TIMxDriver.o
 .debug_macro   0x0000000000000000       0x28 ./Drivers/Src/TIMxDriver.o
 .debug_macro   0x0000000000000000       0x22 ./Drivers/Src/TIMxDriver.o
 .debug_macro   0x0000000000000000       0x8e ./Drivers/Src/TIMxDriver.o
 .debug_macro   0x0000000000000000       0x51 ./Drivers/Src/TIMxDriver.o
 .debug_macro   0x0000000000000000      0x103 ./Drivers/Src/TIMxDriver.o
 .debug_macro   0x0000000000000000       0x6a ./Drivers/Src/TIMxDriver.o
 .debug_macro   0x0000000000000000      0x1df ./Drivers/Src/TIMxDriver.o
 .debug_macro   0x0000000000000000       0x1c ./Drivers/Src/TIMxDriver.o
 .debug_macro   0x0000000000000000       0x22 ./Drivers/Src/TIMxDriver.o
 .debug_macro   0x0000000000000000       0xd9 ./Drivers/Src/TIMxDriver.o
 .debug_macro   0x0000000000000000     0x102d ./Drivers/Src/TIMxDriver.o
 .debug_macro   0x0000000000000000      0x11f ./Drivers/Src/TIMxDriver.o
 .debug_macro   0x0000000000000000     0xb953 ./Drivers/Src/TIMxDriver.o
 .debug_macro   0x0000000000000000       0x6d ./Drivers/Src/TIMxDriver.o
 .group         0x0000000000000000        0xc ./Drivers/Src/USARTxDriver.o
 .group         0x0000000000000000        0xc ./Drivers/Src/USARTxDriver.o
 .group         0x0000000000000000        0xc ./Drivers/Src/USARTxDriver.o
 .group         0x0000000000000000        0xc ./Drivers/Src/USARTxDriver.o
 .group         0x0000000000000000        0xc ./Drivers/Src/USARTxDriver.o
 .group         0x0000000000000000        0xc ./Drivers/Src/USARTxDriver.o
 .group         0x0000000000000000        0xc ./Drivers/Src/USARTxDriver.o
 .group         0x0000000000000000        0xc ./Drivers/Src/USARTxDriver.o
 .group         0x0000000000000000        0xc ./Drivers/Src/USARTxDriver.o
 .group         0x0000000000000000        0xc ./Drivers/Src/USARTxDriver.o
 .group         0x0000000000000000        0xc ./Drivers/Src/USARTxDriver.o
 .group         0x0000000000000000        0xc ./Drivers/Src/USARTxDriver.o
 .group         0x0000000000000000        0xc ./Drivers/Src/USARTxDriver.o
 .group         0x0000000000000000        0xc ./Drivers/Src/USARTxDriver.o
 .group         0x0000000000000000        0xc ./Drivers/Src/USARTxDriver.o
 .group         0x0000000000000000        0xc ./Drivers/Src/USARTxDriver.o
 .group         0x0000000000000000        0xc ./Drivers/Src/USARTxDriver.o
 .group         0x0000000000000000        0xc ./Drivers/Src/USARTxDriver.o
 .group         0x0000000000000000        0xc ./Drivers/Src/USARTxDriver.o
 .group         0x0000000000000000        0xc ./Drivers/Src/USARTxDriver.o
 .group         0x0000000000000000        0xc ./Drivers/Src/USARTxDriver.o
 .group         0x0000000000000000        0xc ./Drivers/Src/USARTxDriver.o
 .group         0x0000000000000000        0xc ./Drivers/Src/USARTxDriver.o
 .group         0x0000000000000000        0xc ./Drivers/Src/USARTxDriver.o
 .group         0x0000000000000000        0xc ./Drivers/Src/USARTxDriver.o
 .group         0x0000000000000000        0xc ./Drivers/Src/USARTxDriver.o
 .group         0x0000000000000000        0xc ./Drivers/Src/USARTxDriver.o
 .group         0x0000000000000000        0xc ./Drivers/Src/USARTxDriver.o
 .group         0x0000000000000000        0xc ./Drivers/Src/USARTxDriver.o
 .group         0x0000000000000000        0xc ./Drivers/Src/USARTxDriver.o
 .group         0x0000000000000000        0xc ./Drivers/Src/USARTxDriver.o
 .group         0x0000000000000000        0xc ./Drivers/Src/USARTxDriver.o
 .group         0x0000000000000000        0xc ./Drivers/Src/USARTxDriver.o
 .group         0x0000000000000000        0xc ./Drivers/Src/USARTxDriver.o
 .group         0x0000000000000000        0xc ./Drivers/Src/USARTxDriver.o
 .group         0x0000000000000000        0xc ./Drivers/Src/USARTxDriver.o
 .group         0x0000000000000000        0xc ./Drivers/Src/USARTxDriver.o
 .group         0x0000000000000000        0xc ./Drivers/Src/USARTxDriver.o
 .group         0x0000000000000000        0xc ./Drivers/Src/USARTxDriver.o
 .group         0x0000000000000000        0xc ./Drivers/Src/USARTxDriver.o
 .group         0x0000000000000000        0xc ./Drivers/Src/USARTxDriver.o
 .group         0x0000000000000000        0xc ./Drivers/Src/USARTxDriver.o
 .group         0x0000000000000000        0xc ./Drivers/Src/USARTxDriver.o
 .group         0x0000000000000000        0xc ./Drivers/Src/USARTxDriver.o
 .group         0x0000000000000000        0xc ./Drivers/Src/USARTxDriver.o
 .text          0x0000000000000000        0x0 ./Drivers/Src/USARTxDriver.o
 .data          0x0000000000000000        0x0 ./Drivers/Src/USARTxDriver.o
 .bss           0x0000000000000000        0x0 ./Drivers/Src/USARTxDriver.o
 .text.USART2_Callback
                0x0000000000000000       0x10 ./Drivers/Src/USARTxDriver.o
 .debug_macro   0x0000000000000000      0xa8a ./Drivers/Src/USARTxDriver.o
 .debug_macro   0x0000000000000000       0x28 ./Drivers/Src/USARTxDriver.o
 .debug_macro   0x0000000000000000       0x28 ./Drivers/Src/USARTxDriver.o
 .debug_macro   0x0000000000000000       0x22 ./Drivers/Src/USARTxDriver.o
 .debug_macro   0x0000000000000000       0x8e ./Drivers/Src/USARTxDriver.o
 .debug_macro   0x0000000000000000       0x51 ./Drivers/Src/USARTxDriver.o
 .debug_macro   0x0000000000000000      0x103 ./Drivers/Src/USARTxDriver.o
 .debug_macro   0x0000000000000000       0x6a ./Drivers/Src/USARTxDriver.o
 .debug_macro   0x0000000000000000      0x1df ./Drivers/Src/USARTxDriver.o
 .debug_macro   0x0000000000000000       0x1c ./Drivers/Src/USARTxDriver.o
 .debug_macro   0x0000000000000000       0x22 ./Drivers/Src/USARTxDriver.o
 .debug_macro   0x0000000000000000       0xd9 ./Drivers/Src/USARTxDriver.o
 .debug_macro   0x0000000000000000     0x102d ./Drivers/Src/USARTxDriver.o
 .debug_macro   0x0000000000000000      0x11f ./Drivers/Src/USARTxDriver.o
 .debug_macro   0x0000000000000000     0xb953 ./Drivers/Src/USARTxDriver.o
 .debug_macro   0x0000000000000000       0x6d ./Drivers/Src/USARTxDriver.o
 .group         0x0000000000000000        0xc ./Src/main.o
 .group         0x0000000000000000        0xc ./Src/main.o
 .group         0x0000000000000000        0xc ./Src/main.o
 .group         0x0000000000000000        0xc ./Src/main.o
 .group         0x0000000000000000        0xc ./Src/main.o
 .group         0x0000000000000000        0xc ./Src/main.o
 .group         0x0000000000000000        0xc ./Src/main.o
 .group         0x0000000000000000        0xc ./Src/main.o
 .group         0x0000000000000000        0xc ./Src/main.o
 .group         0x0000000000000000        0xc ./Src/main.o
 .group         0x0000000000000000        0xc ./Src/main.o
 .group         0x0000000000000000        0xc ./Src/main.o
 .group         0x0000000000000000        0xc ./Src/main.o
 .group         0x0000000000000000        0xc ./Src/main.o
 .group         0x0000000000000000        0xc ./Src/main.o
 .group         0x0000000000000000        0xc ./Src/main.o
 .group         0x0000000000000000        0xc ./Src/main.o
 .group         0x0000000000000000        0xc ./Src/main.o
 .group         0x0000000000000000        0xc ./Src/main.o
 .group         0x0000000000000000        0xc ./Src/main.o
 .group         0x0000000000000000        0xc ./Src/main.o
 .group         0x0000000000000000        0xc ./Src/main.o
 .group         0x0000000000000000        0xc ./Src/main.o
 .group         0x0000000000000000        0xc ./Src/main.o
 .group         0x0000000000000000        0xc ./Src/main.o
 .group         0x0000000000000000        0xc ./Src/main.o
 .group         0x0000000000000000        0xc ./Src/main.o
 .group         0x0000000000000000        0xc ./Src/main.o
 .group         0x0000000000000000        0xc ./Src/main.o
 .group         0x0000000000000000        0xc ./Src/main.o
 .group         0x0000000000000000        0xc ./Src/main.o
 .group         0x0000000000000000        0xc ./Src/main.o
 .group         0x0000000000000000        0xc ./Src/main.o
 .group         0x0000000000000000        0xc ./Src/main.o
 .group         0x0000000000000000        0xc ./Src/main.o
 .group         0x0000000000000000        0xc ./Src/main.o
 .group         0x0000000000000000        0xc ./Src/main.o
 .group         0x0000000000000000        0xc ./Src/main.o
 .group         0x0000000000000000        0xc ./Src/main.o
 .group         0x0000000000000000        0xc ./Src/main.o
 .group         0x0000000000000000        0xc ./Src/main.o
 .group         0x0000000000000000        0xc ./Src/main.o
 .group         0x0000000000000000        0xc ./Src/main.o
 .group         0x0000000000000000        0xc ./Src/main.o
 .group         0x0000000000000000        0xc ./Src/main.o
 .group         0x0000000000000000        0xc ./Src/main.o
 .group         0x0000000000000000        0xc ./Src/main.o
 .text          0x0000000000000000        0x0 ./Src/main.o
 .data          0x0000000000000000        0x0 ./Src/main.o
 .bss           0x0000000000000000        0x0 ./Src/main.o
 .text.delay    0x0000000000000000       0x2c ./Src/main.o
 .debug_macro   0x0000000000000000      0xa8a ./Src/main.o
 .debug_macro   0x0000000000000000       0x28 ./Src/main.o
 .debug_macro   0x0000000000000000       0x28 ./Src/main.o
 .debug_macro   0x0000000000000000       0x22 ./Src/main.o
 .debug_macro   0x0000000000000000       0x8e ./Src/main.o
 .debug_macro   0x0000000000000000       0x51 ./Src/main.o
 .debug_macro   0x0000000000000000      0x103 ./Src/main.o
 .debug_macro   0x0000000000000000       0x6a ./Src/main.o
 .debug_macro   0x0000000000000000      0x1df ./Src/main.o
 .debug_macro   0x0000000000000000       0x1c ./Src/main.o
 .debug_macro   0x0000000000000000       0x22 ./Src/main.o
 .debug_macro   0x0000000000000000       0xd9 ./Src/main.o
 .debug_macro   0x0000000000000000     0x102d ./Src/main.o
 .debug_macro   0x0000000000000000      0x11f ./Src/main.o
 .debug_macro   0x0000000000000000     0xb953 ./Src/main.o
 .debug_macro   0x0000000000000000       0x6d ./Src/main.o
 .debug_macro   0x0000000000000000       0x52 ./Src/main.o
 .debug_macro   0x0000000000000000       0x1e ./Src/main.o
 .debug_macro   0x0000000000000000       0x3c ./Src/main.o
 .debug_macro   0x0000000000000000       0x34 ./Src/main.o
 .debug_macro   0x0000000000000000       0x16 ./Src/main.o
 .debug_macro   0x0000000000000000       0x97 ./Src/main.o
 .debug_macro   0x0000000000000000      0x341 ./Src/main.o
 .debug_macro   0x0000000000000000       0xfd ./Src/main.o
 .debug_macro   0x0000000000000000       0x10 ./Src/main.o
 .debug_macro   0x0000000000000000       0x16 ./Src/main.o
 .debug_macro   0x0000000000000000       0x43 ./Src/main.o
 .debug_macro   0x0000000000000000       0x34 ./Src/main.o
 .debug_macro   0x0000000000000000       0x10 ./Src/main.o
 .debug_macro   0x0000000000000000       0x58 ./Src/main.o
 .debug_macro   0x0000000000000000       0x71 ./Src/main.o
 .debug_macro   0x0000000000000000       0x1c ./Src/main.o
 .debug_macro   0x0000000000000000      0x12a ./Src/main.o
 .debug_macro   0x0000000000000000       0x10 ./Src/main.o
 .debug_macro   0x0000000000000000       0x1c ./Src/main.o
 .debug_macro   0x0000000000000000       0x52 ./Src/main.o
 .debug_macro   0x0000000000000000       0x22 ./Src/main.o
 .debug_macro   0x0000000000000000       0x10 ./Src/main.o
 .debug_macro   0x0000000000000000       0x52 ./Src/main.o
 .debug_macro   0x0000000000000000       0xd5 ./Src/main.o
 .debug_macro   0x0000000000000000       0x1c ./Src/main.o
 .debug_macro   0x0000000000000000       0x3d ./Src/main.o
 .debug_macro   0x0000000000000000       0x16 ./Src/main.o
 .debug_macro   0x0000000000000000      0x145 ./Src/main.o
 .debug_macro   0x0000000000000000       0x6a ./Src/main.o
 .debug_macro   0x0000000000000000       0x28 ./Src/main.o
 .group         0x0000000000000000        0xc ./Src/syscalls.o
 .group         0x0000000000000000        0xc ./Src/syscalls.o
 .group         0x0000000000000000        0xc ./Src/syscalls.o
 .group         0x0000000000000000        0xc ./Src/syscalls.o
 .group         0x0000000000000000        0xc ./Src/syscalls.o
 .group         0x0000000000000000        0xc ./Src/syscalls.o
 .group         0x0000000000000000        0xc ./Src/syscalls.o
 .group         0x0000000000000000        0xc ./Src/syscalls.o
 .group         0x0000000000000000        0xc ./Src/syscalls.o
 .group         0x0000000000000000        0xc ./Src/syscalls.o
 .group         0x0000000000000000        0xc ./Src/syscalls.o
 .group         0x0000000000000000        0xc ./Src/syscalls.o
 .group         0x0000000000000000        0xc ./Src/syscalls.o
 .group         0x0000000000000000        0xc ./Src/syscalls.o
 .group         0x0000000000000000        0xc ./Src/syscalls.o
 .group         0x0000000000000000        0xc ./Src/syscalls.o
 .group         0x0000000000000000        0xc ./Src/syscalls.o
 .group         0x0000000000000000        0xc ./Src/syscalls.o
 .group         0x0000000000000000        0xc ./Src/syscalls.o
 .group         0x0000000000000000        0xc ./Src/syscalls.o
 .group         0x0000000000000000        0xc ./Src/syscalls.o
 .group         0x0000000000000000        0xc ./Src/syscalls.o
 .group         0x0000000000000000        0xc ./Src/syscalls.o
 .group         0x0000000000000000        0xc ./Src/syscalls.o
 .group         0x0000000000000000        0xc ./Src/syscalls.o
 .group         0x0000000000000000        0xc ./Src/syscalls.o
 .group         0x0000000000000000        0xc ./Src/syscalls.o
 .group         0x0000000000000000        0xc ./Src/syscalls.o
 .group         0x0000000000000000        0xc ./Src/syscalls.o
 .group         0x0000000000000000        0xc ./Src/syscalls.o
 .group         0x0000000000000000        0xc ./Src/syscalls.o
 .group         0x0000000000000000        0xc ./Src/syscalls.o
 .group         0x0000000000000000        0xc ./Src/syscalls.o
 .group         0x0000000000000000        0xc ./Src/syscalls.o
 .group         0x0000000000000000        0xc ./Src/syscalls.o
 .group         0x0000000000000000        0xc ./Src/syscalls.o
 .group         0x0000000000000000        0xc ./Src/syscalls.o
 .group         0x0000000000000000        0xc ./Src/syscalls.o
 .group         0x0000000000000000        0xc ./Src/syscalls.o
 .group         0x0000000000000000        0xc ./Src/syscalls.o
 .group         0x0000000000000000        0xc ./Src/syscalls.o
 .group         0x0000000000000000        0xc ./Src/syscalls.o
 .group         0x0000000000000000        0xc ./Src/syscalls.o
 .group         0x0000000000000000        0xc ./Src/syscalls.o
 .group         0x0000000000000000        0xc ./Src/syscalls.o
 .group         0x0000000000000000        0xc ./Src/syscalls.o
 .group         0x0000000000000000        0xc ./Src/syscalls.o
 .text          0x0000000000000000        0x0 ./Src/syscalls.o
 .data          0x0000000000000000        0x0 ./Src/syscalls.o
 .bss           0x0000000000000000        0x0 ./Src/syscalls.o
 .bss.__env     0x0000000000000000        0x4 ./Src/syscalls.o
 .data.environ  0x0000000000000000        0x4 ./Src/syscalls.o
 .text.initialise_monitor_handles
                0x0000000000000000        0xe ./Src/syscalls.o
 .text._getpid  0x0000000000000000       0x10 ./Src/syscalls.o
 .text._kill    0x0000000000000000       0x20 ./Src/syscalls.o
 .text._exit    0x0000000000000000       0x14 ./Src/syscalls.o
 .text._read    0x0000000000000000       0x3a ./Src/syscalls.o
 .text._write   0x0000000000000000       0x38 ./Src/syscalls.o
 .text._close   0x0000000000000000       0x18 ./Src/syscalls.o
 .text._fstat   0x0000000000000000       0x20 ./Src/syscalls.o
 .text._isatty  0x0000000000000000       0x16 ./Src/syscalls.o
 .text._lseek   0x0000000000000000       0x1a ./Src/syscalls.o
 .text._open    0x0000000000000000       0x1c ./Src/syscalls.o
 .text._wait    0x0000000000000000       0x1e ./Src/syscalls.o
 .text._unlink  0x0000000000000000       0x1e ./Src/syscalls.o
 .text._times   0x0000000000000000       0x18 ./Src/syscalls.o
 .text._stat    0x0000000000000000       0x20 ./Src/syscalls.o
 .text._link    0x0000000000000000       0x20 ./Src/syscalls.o
 .text._fork    0x0000000000000000       0x16 ./Src/syscalls.o
 .text._execve  0x0000000000000000       0x22 ./Src/syscalls.o
 .debug_info    0x0000000000000000      0x6e0 ./Src/syscalls.o
 .debug_abbrev  0x0000000000000000      0x1b3 ./Src/syscalls.o
 .debug_aranges
                0x0000000000000000       0xa8 ./Src/syscalls.o
 .debug_ranges  0x0000000000000000       0x98 ./Src/syscalls.o
 .debug_macro   0x0000000000000000      0x24c ./Src/syscalls.o
 .debug_macro   0x0000000000000000      0xa8a ./Src/syscalls.o
 .debug_macro   0x0000000000000000       0x22 ./Src/syscalls.o
 .debug_macro   0x0000000000000000       0x4c ./Src/syscalls.o
 .debug_macro   0x0000000000000000       0x1e ./Src/syscalls.o
 .debug_macro   0x0000000000000000       0x94 ./Src/syscalls.o
 .debug_macro   0x0000000000000000       0x3c ./Src/syscalls.o
 .debug_macro   0x0000000000000000       0x34 ./Src/syscalls.o
 .debug_macro   0x0000000000000000       0x57 ./Src/syscalls.o
 .debug_macro   0x0000000000000000      0x174 ./Src/syscalls.o
 .debug_macro   0x0000000000000000      0x341 ./Src/syscalls.o
 .debug_macro   0x0000000000000000       0x16 ./Src/syscalls.o
 .debug_macro   0x0000000000000000       0x43 ./Src/syscalls.o
 .debug_macro   0x0000000000000000       0x34 ./Src/syscalls.o
 .debug_macro   0x0000000000000000       0x10 ./Src/syscalls.o
 .debug_macro   0x0000000000000000       0x58 ./Src/syscalls.o
 .debug_macro   0x0000000000000000       0x71 ./Src/syscalls.o
 .debug_macro   0x0000000000000000       0x1c ./Src/syscalls.o
 .debug_macro   0x0000000000000000      0x12a ./Src/syscalls.o
 .debug_macro   0x0000000000000000       0x10 ./Src/syscalls.o
 .debug_macro   0x0000000000000000       0x35 ./Src/syscalls.o
 .debug_macro   0x0000000000000000       0x10 ./Src/syscalls.o
 .debug_macro   0x0000000000000000       0x10 ./Src/syscalls.o
 .debug_macro   0x0000000000000000       0x10 ./Src/syscalls.o
 .debug_macro   0x0000000000000000       0x6a ./Src/syscalls.o
 .debug_macro   0x0000000000000000       0x1c ./Src/syscalls.o
 .debug_macro   0x0000000000000000       0x52 ./Src/syscalls.o
 .debug_macro   0x0000000000000000       0x22 ./Src/syscalls.o
 .debug_macro   0x0000000000000000       0x10 ./Src/syscalls.o
 .debug_macro   0x0000000000000000       0x52 ./Src/syscalls.o
 .debug_macro   0x0000000000000000       0xd5 ./Src/syscalls.o
 .debug_macro   0x0000000000000000       0x1c ./Src/syscalls.o
 .debug_macro   0x0000000000000000       0x3d ./Src/syscalls.o
 .debug_macro   0x0000000000000000       0x35 ./Src/syscalls.o
 .debug_macro   0x0000000000000000      0x12c ./Src/syscalls.o
 .debug_macro   0x0000000000000000       0x16 ./Src/syscalls.o
 .debug_macro   0x0000000000000000       0x16 ./Src/syscalls.o
 .debug_macro   0x0000000000000000       0x29 ./Src/syscalls.o
 .debug_macro   0x0000000000000000       0x10 ./Src/syscalls.o
 .debug_macro   0x0000000000000000      0x241 ./Src/syscalls.o
 .debug_macro   0x0000000000000000       0x1c ./Src/syscalls.o
 .debug_macro   0x0000000000000000       0x10 ./Src/syscalls.o
 .debug_macro   0x0000000000000000       0x10 ./Src/syscalls.o
 .debug_macro   0x0000000000000000       0x16 ./Src/syscalls.o
 .debug_macro   0x0000000000000000      0x145 ./Src/syscalls.o
 .debug_macro   0x0000000000000000      0x189 ./Src/syscalls.o
 .debug_macro   0x0000000000000000       0x16 ./Src/syscalls.o
 .debug_macro   0x0000000000000000       0xce ./Src/syscalls.o
 .debug_line    0x0000000000000000      0x7bd ./Src/syscalls.o
 .debug_str     0x0000000000000000     0x8a8e ./Src/syscalls.o
 .comment       0x0000000000000000       0x51 ./Src/syscalls.o
 .debug_frame   0x0000000000000000      0x2ac ./Src/syscalls.o
 .ARM.attributes
                0x0000000000000000       0x34 ./Src/syscalls.o
 .group         0x0000000000000000        0xc ./Src/sysmem.o
 .group         0x0000000000000000        0xc ./Src/sysmem.o
 .group         0x0000000000000000        0xc ./Src/sysmem.o
 .group         0x0000000000000000        0xc ./Src/sysmem.o
 .group         0x0000000000000000        0xc ./Src/sysmem.o
 .group         0x0000000000000000        0xc ./Src/sysmem.o
 .group         0x0000000000000000        0xc ./Src/sysmem.o
 .group         0x0000000000000000        0xc ./Src/sysmem.o
 .group         0x0000000000000000        0xc ./Src/sysmem.o
 .group         0x0000000000000000        0xc ./Src/sysmem.o
 .group         0x0000000000000000        0xc ./Src/sysmem.o
 .group         0x0000000000000000        0xc ./Src/sysmem.o
 .group         0x0000000000000000        0xc ./Src/sysmem.o
 .group         0x0000000000000000        0xc ./Src/sysmem.o
 .group         0x0000000000000000        0xc ./Src/sysmem.o
 .group         0x0000000000000000        0xc ./Src/sysmem.o
 .group         0x0000000000000000        0xc ./Src/sysmem.o
 .group         0x0000000000000000        0xc ./Src/sysmem.o
 .group         0x0000000000000000        0xc ./Src/sysmem.o
 .group         0x0000000000000000        0xc ./Src/sysmem.o
 .group         0x0000000000000000        0xc ./Src/sysmem.o
 .group         0x0000000000000000        0xc ./Src/sysmem.o
 .text          0x0000000000000000        0x0 ./Src/sysmem.o
 .data          0x0000000000000000        0x0 ./Src/sysmem.o
 .bss           0x0000000000000000        0x0 ./Src/sysmem.o
 .bss.__sbrk_heap_end
                0x0000000000000000        0x4 ./Src/sysmem.o
 .text._sbrk    0x0000000000000000       0x6c ./Src/sysmem.o
 .debug_info    0x0000000000000000      0x171 ./Src/sysmem.o
 .debug_abbrev  0x0000000000000000       0xbb ./Src/sysmem.o
 .debug_aranges
                0x0000000000000000       0x20 ./Src/sysmem.o
 .debug_ranges  0x0000000000000000       0x10 ./Src/sysmem.o
 .debug_macro   0x0000000000000000       0xff ./Src/sysmem.o
 .debug_macro   0x0000000000000000      0xa8a ./Src/sysmem.o
 .debug_macro   0x0000000000000000       0x10 ./Src/sysmem.o
 .debug_macro   0x0000000000000000       0x22 ./Src/sysmem.o
 .debug_macro   0x0000000000000000       0x4c ./Src/sysmem.o
 .debug_macro   0x0000000000000000       0x1e ./Src/sysmem.o
 .debug_macro   0x0000000000000000       0x94 ./Src/sysmem.o
 .debug_macro   0x0000000000000000       0x3c ./Src/sysmem.o
 .debug_macro   0x0000000000000000       0x34 ./Src/sysmem.o
 .debug_macro   0x0000000000000000      0x174 ./Src/sysmem.o
 .debug_macro   0x0000000000000000       0x16 ./Src/sysmem.o
 .debug_macro   0x0000000000000000       0x43 ./Src/sysmem.o
 .debug_macro   0x0000000000000000       0x57 ./Src/sysmem.o
 .debug_macro   0x0000000000000000       0x34 ./Src/sysmem.o
 .debug_macro   0x0000000000000000       0x10 ./Src/sysmem.o
 .debug_macro   0x0000000000000000       0x58 ./Src/sysmem.o
 .debug_macro   0x0000000000000000       0x71 ./Src/sysmem.o
 .debug_macro   0x0000000000000000       0x1c ./Src/sysmem.o
 .debug_macro   0x0000000000000000      0x12a ./Src/sysmem.o
 .debug_macro   0x0000000000000000      0x23b ./Src/sysmem.o
 .debug_macro   0x0000000000000000      0x103 ./Src/sysmem.o
 .debug_macro   0x0000000000000000       0x6a ./Src/sysmem.o
 .debug_macro   0x0000000000000000      0x1df ./Src/sysmem.o
 .debug_line    0x0000000000000000      0x4b3 ./Src/sysmem.o
 .debug_str     0x0000000000000000     0x5dca ./Src/sysmem.o
 .comment       0x0000000000000000       0x51 ./Src/sysmem.o
 .debug_frame   0x0000000000000000       0x34 ./Src/sysmem.o
 .ARM.attributes
                0x0000000000000000       0x34 ./Src/sysmem.o
 .text          0x0000000000000000       0x14 ./Startup/startup_stm32f411retx.o
 .data          0x0000000000000000        0x0 ./Startup/startup_stm32f411retx.o
 .bss           0x0000000000000000        0x0 ./Startup/startup_stm32f411retx.o
 .text          0x0000000000000000        0x0 /opt/st/stm32cubeide_1.9.0/plugins/com.st.stm32cube.ide.mcu.externaltools.gnu-tools-for-stm32.10.3-2021.10.linux64_1.0.0.202111181127/tools/bin/../lib/gcc/arm-none-eabi/10.3.1/../../../../arm-none-eabi/lib/thumb/v7e-m+fp/hard/libc_nano.a(lib_a-errno.o)
 .data          0x0000000000000000        0x0 /opt/st/stm32cubeide_1.9.0/plugins/com.st.stm32cube.ide.mcu.externaltools.gnu-tools-for-stm32.10.3-2021.10.linux64_1.0.0.202111181127/tools/bin/../lib/gcc/arm-none-eabi/10.3.1/../../../../arm-none-eabi/lib/thumb/v7e-m+fp/hard/libc_nano.a(lib_a-errno.o)
 .bss           0x0000000000000000        0x0 /opt/st/stm32cubeide_1.9.0/plugins/com.st.stm32cube.ide.mcu.externaltools.gnu-tools-for-stm32.10.3-2021.10.linux64_1.0.0.202111181127/tools/bin/../lib/gcc/arm-none-eabi/10.3.1/../../../../arm-none-eabi/lib/thumb/v7e-m+fp/hard/libc_nano.a(lib_a-errno.o)
 .text.__errno  0x0000000000000000        0xc /opt/st/stm32cubeide_1.9.0/plugins/com.st.stm32cube.ide.mcu.externaltools.gnu-tools-for-stm32.10.3-2021.10.linux64_1.0.0.202111181127/tools/bin/../lib/gcc/arm-none-eabi/10.3.1/../../../../arm-none-eabi/lib/thumb/v7e-m+fp/hard/libc_nano.a(lib_a-errno.o)
 .debug_frame   0x0000000000000000       0x20 /opt/st/stm32cubeide_1.9.0/plugins/com.st.stm32cube.ide.mcu.externaltools.gnu-tools-for-stm32.10.3-2021.10.linux64_1.0.0.202111181127/tools/bin/../lib/gcc/arm-none-eabi/10.3.1/../../../../arm-none-eabi/lib/thumb/v7e-m+fp/hard/libc_nano.a(lib_a-errno.o)
 .ARM.attributes
                0x0000000000000000       0x34 /opt/st/stm32cubeide_1.9.0/plugins/com.st.stm32cube.ide.mcu.externaltools.gnu-tools-for-stm32.10.3-2021.10.linux64_1.0.0.202111181127/tools/bin/../lib/gcc/arm-none-eabi/10.3.1/../../../../arm-none-eabi/lib/thumb/v7e-m+fp/hard/libc_nano.a(lib_a-errno.o)
 .text          0x0000000000000000        0x0 /opt/st/stm32cubeide_1.9.0/plugins/com.st.stm32cube.ide.mcu.externaltools.gnu-tools-for-stm32.10.3-2021.10.linux64_1.0.0.202111181127/tools/bin/../lib/gcc/arm-none-eabi/10.3.1/../../../../arm-none-eabi/lib/thumb/v7e-m+fp/hard/libc_nano.a(lib_a-exit.o)
 .data          0x0000000000000000        0x0 /opt/st/stm32cubeide_1.9.0/plugins/com.st.stm32cube.ide.mcu.externaltools.gnu-tools-for-stm32.10.3-2021.10.linux64_1.0.0.202111181127/tools/bin/../lib/gcc/arm-none-eabi/10.3.1/../../../../arm-none-eabi/lib/thumb/v7e-m+fp/hard/libc_nano.a(lib_a-exit.o)
 .bss           0x0000000000000000        0x0 /opt/st/stm32cubeide_1.9.0/plugins/com.st.stm32cube.ide.mcu.externaltools.gnu-tools-for-stm32.10.3-2021.10.linux64_1.0.0.202111181127/tools/bin/../lib/gcc/arm-none-eabi/10.3.1/../../../../arm-none-eabi/lib/thumb/v7e-m+fp/hard/libc_nano.a(lib_a-exit.o)
 .text.exit     0x0000000000000000       0x28 /opt/st/stm32cubeide_1.9.0/plugins/com.st.stm32cube.ide.mcu.externaltools.gnu-tools-for-stm32.10.3-2021.10.linux64_1.0.0.202111181127/tools/bin/../lib/gcc/arm-none-eabi/10.3.1/../../../../arm-none-eabi/lib/thumb/v7e-m+fp/hard/libc_nano.a(lib_a-exit.o)
 .debug_frame   0x0000000000000000       0x28 /opt/st/stm32cubeide_1.9.0/plugins/com.st.stm32cube.ide.mcu.externaltools.gnu-tools-for-stm32.10.3-2021.10.linux64_1.0.0.202111181127/tools/bin/../lib/gcc/arm-none-eabi/10.3.1/../../../../arm-none-eabi/lib/thumb/v7e-m+fp/hard/libc_nano.a(lib_a-exit.o)
 .ARM.attributes
                0x0000000000000000       0x34 /opt/st/stm32cubeide_1.9.0/plugins/com.st.stm32cube.ide.mcu.externaltools.gnu-tools-for-stm32.10.3-2021.10.linux64_1.0.0.202111181127/tools/bin/../lib/gcc/arm-none-eabi/10.3.1/../../../../arm-none-eabi/lib/thumb/v7e-m+fp/hard/libc_nano.a(lib_a-exit.o)
 .text          0x0000000000000000        0x0 /opt/st/stm32cubeide_1.9.0/plugins/com.st.stm32cube.ide.mcu.externaltools.gnu-tools-for-stm32.10.3-2021.10.linux64_1.0.0.202111181127/tools/bin/../lib/gcc/arm-none-eabi/10.3.1/../../../../arm-none-eabi/lib/thumb/v7e-m+fp/hard/libc_nano.a(lib_a-impure.o)
 .data          0x0000000000000000        0x0 /opt/st/stm32cubeide_1.9.0/plugins/com.st.stm32cube.ide.mcu.externaltools.gnu-tools-for-stm32.10.3-2021.10.linux64_1.0.0.202111181127/tools/bin/../lib/gcc/arm-none-eabi/10.3.1/../../../../arm-none-eabi/lib/thumb/v7e-m+fp/hard/libc_nano.a(lib_a-impure.o)
 .bss           0x0000000000000000        0x0 /opt/st/stm32cubeide_1.9.0/plugins/com.st.stm32cube.ide.mcu.externaltools.gnu-tools-for-stm32.10.3-2021.10.linux64_1.0.0.202111181127/tools/bin/../lib/gcc/arm-none-eabi/10.3.1/../../../../arm-none-eabi/lib/thumb/v7e-m+fp/hard/libc_nano.a(lib_a-impure.o)
 .data._impure_ptr
                0x0000000000000000        0x4 /opt/st/stm32cubeide_1.9.0/plugins/com.st.stm32cube.ide.mcu.externaltools.gnu-tools-for-stm32.10.3-2021.10.linux64_1.0.0.202111181127/tools/bin/../lib/gcc/arm-none-eabi/10.3.1/../../../../arm-none-eabi/lib/thumb/v7e-m+fp/hard/libc_nano.a(lib_a-impure.o)
 .data.impure_data
                0x0000000000000000       0x60 /opt/st/stm32cubeide_1.9.0/plugins/com.st.stm32cube.ide.mcu.externaltools.gnu-tools-for-stm32.10.3-2021.10.linux64_1.0.0.202111181127/tools/bin/../lib/gcc/arm-none-eabi/10.3.1/../../../../arm-none-eabi/lib/thumb/v7e-m+fp/hard/libc_nano.a(lib_a-impure.o)
 .rodata._global_impure_ptr
                0x0000000000000000        0x4 /opt/st/stm32cubeide_1.9.0/plugins/com.st.stm32cube.ide.mcu.externaltools.gnu-tools-for-stm32.10.3-2021.10.linux64_1.0.0.202111181127/tools/bin/../lib/gcc/arm-none-eabi/10.3.1/../../../../arm-none-eabi/lib/thumb/v7e-m+fp/hard/libc_nano.a(lib_a-impure.o)
 .ARM.attributes
                0x0000000000000000       0x34 /opt/st/stm32cubeide_1.9.0/plugins/com.st.stm32cube.ide.mcu.externaltools.gnu-tools-for-stm32.10.3-2021.10.linux64_1.0.0.202111181127/tools/bin/../lib/gcc/arm-none-eabi/10.3.1/../../../../arm-none-eabi/lib/thumb/v7e-m+fp/hard/libc_nano.a(lib_a-impure.o)
 .text          0x0000000000000000        0x0 /opt/st/stm32cubeide_1.9.0/plugins/com.st.stm32cube.ide.mcu.externaltools.gnu-tools-for-stm32.10.3-2021.10.linux64_1.0.0.202111181127/tools/bin/../lib/gcc/arm-none-eabi/10.3.1/../../../../arm-none-eabi/lib/thumb/v7e-m+fp/hard/libc_nano.a(lib_a-init.o)
 .data          0x0000000000000000        0x0 /opt/st/stm32cubeide_1.9.0/plugins/com.st.stm32cube.ide.mcu.externaltools.gnu-tools-for-stm32.10.3-2021.10.linux64_1.0.0.202111181127/tools/bin/../lib/gcc/arm-none-eabi/10.3.1/../../../../arm-none-eabi/lib/thumb/v7e-m+fp/hard/libc_nano.a(lib_a-init.o)
 .bss           0x0000000000000000        0x0 /opt/st/stm32cubeide_1.9.0/plugins/com.st.stm32cube.ide.mcu.externaltools.gnu-tools-for-stm32.10.3-2021.10.linux64_1.0.0.202111181127/tools/bin/../lib/gcc/arm-none-eabi/10.3.1/../../../../arm-none-eabi/lib/thumb/v7e-m+fp/hard/libc_nano.a(lib_a-init.o)
 .text          0x0000000000000000        0x0 /opt/st/stm32cubeide_1.9.0/plugins/com.st.stm32cube.ide.mcu.externaltools.gnu-tools-for-stm32.10.3-2021.10.linux64_1.0.0.202111181127/tools/bin/../lib/gcc/arm-none-eabi/10.3.1/../../../../arm-none-eabi/lib/thumb/v7e-m+fp/hard/libc_nano.a(lib_a-memset.o)
 .data          0x0000000000000000        0x0 /opt/st/stm32cubeide_1.9.0/plugins/com.st.stm32cube.ide.mcu.externaltools.gnu-tools-for-stm32.10.3-2021.10.linux64_1.0.0.202111181127/tools/bin/../lib/gcc/arm-none-eabi/10.3.1/../../../../arm-none-eabi/lib/thumb/v7e-m+fp/hard/libc_nano.a(lib_a-memset.o)
 .bss           0x0000000000000000        0x0 /opt/st/stm32cubeide_1.9.0/plugins/com.st.stm32cube.ide.mcu.externaltools.gnu-tools-for-stm32.10.3-2021.10.linux64_1.0.0.202111181127/tools/bin/../lib/gcc/arm-none-eabi/10.3.1/../../../../arm-none-eabi/lib/thumb/v7e-m+fp/hard/libc_nano.a(lib_a-memset.o)
 .text.memset   0x0000000000000000       0x10 /opt/st/stm32cubeide_1.9.0/plugins/com.st.stm32cube.ide.mcu.externaltools.gnu-tools-for-stm32.10.3-2021.10.linux64_1.0.0.202111181127/tools/bin/../lib/gcc/arm-none-eabi/10.3.1/../../../../arm-none-eabi/lib/thumb/v7e-m+fp/hard/libc_nano.a(lib_a-memset.o)
 .debug_frame   0x0000000000000000       0x20 /opt/st/stm32cubeide_1.9.0/plugins/com.st.stm32cube.ide.mcu.externaltools.gnu-tools-for-stm32.10.3-2021.10.linux64_1.0.0.202111181127/tools/bin/../lib/gcc/arm-none-eabi/10.3.1/../../../../arm-none-eabi/lib/thumb/v7e-m+fp/hard/libc_nano.a(lib_a-memset.o)
 .ARM.attributes
                0x0000000000000000       0x34 /opt/st/stm32cubeide_1.9.0/plugins/com.st.stm32cube.ide.mcu.externaltools.gnu-tools-for-stm32.10.3-2021.10.linux64_1.0.0.202111181127/tools/bin/../lib/gcc/arm-none-eabi/10.3.1/../../../../arm-none-eabi/lib/thumb/v7e-m+fp/hard/libc_nano.a(lib_a-memset.o)
 .text          0x0000000000000000        0x0 /opt/st/stm32cubeide_1.9.0/plugins/com.st.stm32cube.ide.mcu.externaltools.gnu-tools-for-stm32.10.3-2021.10.linux64_1.0.0.202111181127/tools/bin/../lib/gcc/arm-none-eabi/10.3.1/thumb/v7e-m+fp/hard/crtend.o
 .data          0x0000000000000000        0x0 /opt/st/stm32cubeide_1.9.0/plugins/com.st.stm32cube.ide.mcu.externaltools.gnu-tools-for-stm32.10.3-2021.10.linux64_1.0.0.202111181127/tools/bin/../lib/gcc/arm-none-eabi/10.3.1/thumb/v7e-m+fp/hard/crtend.o
 .bss           0x0000000000000000        0x0 /opt/st/stm32cubeide_1.9.0/plugins/com.st.stm32cube.ide.mcu.externaltools.gnu-tools-for-stm32.10.3-2021.10.linux64_1.0.0.202111181127/tools/bin/../lib/gcc/arm-none-eabi/10.3.1/thumb/v7e-m+fp/hard/crtend.o
 .rodata        0x0000000000000000       0x24 /opt/st/stm32cubeide_1.9.0/plugins/com.st.stm32cube.ide.mcu.externaltools.gnu-tools-for-stm32.10.3-2021.10.linux64_1.0.0.202111181127/tools/bin/../lib/gcc/arm-none-eabi/10.3.1/thumb/v7e-m+fp/hard/crtend.o
 .eh_frame      0x0000000000000000        0x4 /opt/st/stm32cubeide_1.9.0/plugins/com.st.stm32cube.ide.mcu.externaltools.gnu-tools-for-stm32.10.3-2021.10.linux64_1.0.0.202111181127/tools/bin/../lib/gcc/arm-none-eabi/10.3.1/thumb/v7e-m+fp/hard/crtend.o
 .ARM.attributes
                0x0000000000000000       0x34 /opt/st/stm32cubeide_1.9.0/plugins/com.st.stm32cube.ide.mcu.externaltools.gnu-tools-for-stm32.10.3-2021.10.linux64_1.0.0.202111181127/tools/bin/../lib/gcc/arm-none-eabi/10.3.1/thumb/v7e-m+fp/hard/crtend.o
 .text          0x0000000000000000        0x0 /opt/st/stm32cubeide_1.9.0/plugins/com.st.stm32cube.ide.mcu.externaltools.gnu-tools-for-stm32.10.3-2021.10.linux64_1.0.0.202111181127/tools/bin/../lib/gcc/arm-none-eabi/10.3.1/thumb/v7e-m+fp/hard/crtn.o
 .data          0x0000000000000000        0x0 /opt/st/stm32cubeide_1.9.0/plugins/com.st.stm32cube.ide.mcu.externaltools.gnu-tools-for-stm32.10.3-2021.10.linux64_1.0.0.202111181127/tools/bin/../lib/gcc/arm-none-eabi/10.3.1/thumb/v7e-m+fp/hard/crtn.o
 .bss           0x0000000000000000        0x0 /opt/st/stm32cubeide_1.9.0/plugins/com.st.stm32cube.ide.mcu.externaltools.gnu-tools-for-stm32.10.3-2021.10.linux64_1.0.0.202111181127/tools/bin/../lib/gcc/arm-none-eabi/10.3.1/thumb/v7e-m+fp/hard/crtn.o

Memory Configuration

Name             Origin             Length             Attributes
RAM              0x0000000020000000 0x0000000000020000 xrw
FLASH            0x0000000008000000 0x0000000000080000 xr
*default*        0x0000000000000000 0xffffffffffffffff

Linker script and memory map

LOAD /opt/st/stm32cubeide_1.9.0/plugins/com.st.stm32cube.ide.mcu.externaltools.gnu-tools-for-stm32.10.3-2021.10.linux64_1.0.0.202111181127/tools/bin/../lib/gcc/arm-none-eabi/10.3.1/thumb/v7e-m+fp/hard/crti.o
LOAD /opt/st/stm32cubeide_1.9.0/plugins/com.st.stm32cube.ide.mcu.externaltools.gnu-tools-for-stm32.10.3-2021.10.linux64_1.0.0.202111181127/tools/bin/../lib/gcc/arm-none-eabi/10.3.1/thumb/v7e-m+fp/hard/crtbegin.o
LOAD /opt/st/stm32cubeide_1.9.0/plugins/com.st.stm32cube.ide.mcu.externaltools.gnu-tools-for-stm32.10.3-2021.10.linux64_1.0.0.202111181127/tools/bin/../lib/gcc/arm-none-eabi/10.3.1/../../../../arm-none-eabi/lib/thumb/v7e-m+fp/hard/crt0.o
LOAD ./Drivers/Src/GPIOxDriver.o
LOAD ./Drivers/Src/TIMxDriver.o
LOAD ./Drivers/Src/USARTxDriver.o
LOAD ./Src/main.o
LOAD ./Src/syscalls.o
LOAD ./Src/sysmem.o
LOAD ./Startup/startup_stm32f411retx.o
START GROUP
LOAD /opt/st/stm32cubeide_1.9.0/plugins/com.st.stm32cube.ide.mcu.externaltools.gnu-tools-for-stm32.10.3-2021.10.linux64_1.0.0.202111181127/tools/bin/../lib/gcc/arm-none-eabi/10.3.1/../../../../arm-none-eabi/lib/thumb/v7e-m+fp/hard/libc_nano.a
LOAD /opt/st/stm32cubeide_1.9.0/plugins/com.st.stm32cube.ide.mcu.externaltools.gnu-tools-for-stm32.10.3-2021.10.linux64_1.0.0.202111181127/tools/bin/../lib/gcc/arm-none-eabi/10.3.1/../../../../arm-none-eabi/lib/thumb/v7e-m+fp/hard/libm.a
END GROUP
START GROUP
LOAD /opt/st/stm32cubeide_1.9.0/plugins/com.st.stm32cube.ide.mcu.externaltools.gnu-tools-for-stm32.10.3-2021.10.linux64_1.0.0.202111181127/tools/bin/../lib/gcc/arm-none-eabi/10.3.1/thumb/v7e-m+fp/hard/libgcc.a
LOAD /opt/st/stm32cubeide_1.9.0/plugins/com.st.stm32cube.ide.mcu.externaltools.gnu-tools-for-stm32.10.3-2021.10.linux64_1.0.0.202111181127/tools/bin/../lib/gcc/arm-none-eabi/10.3.1/../../../../arm-none-eabi/lib/thumb/v7e-m+fp/hard/libc_nano.a
END GROUP
START GROUP
LOAD /opt/st/stm32cubeide_1.9.0/plugins/com.st.stm32cube.ide.mcu.externaltools.gnu-tools-for-stm32.10.3-2021.10.linux64_1.0.0.202111181127/tools/bin/../lib/gcc/arm-none-eabi/10.3.1/thumb/v7e-m+fp/hard/libgcc.a
LOAD /opt/st/stm32cubeide_1.9.0/plugins/com.st.stm32cube.ide.mcu.externaltools.gnu-tools-for-stm32.10.3-2021.10.linux64_1.0.0.202111181127/tools/bin/../lib/gcc/arm-none-eabi/10.3.1/../../../../arm-none-eabi/lib/thumb/v7e-m+fp/hard/libc_nano.a
LOAD /opt/st/stm32cubeide_1.9.0/plugins/com.st.stm32cube.ide.mcu.externaltools.gnu-tools-for-stm32.10.3-2021.10.linux64_1.0.0.202111181127/tools/bin/../lib/gcc/arm-none-eabi/10.3.1/../../../../arm-none-eabi/lib/thumb/v7e-m+fp/hard/libnosys.a
END GROUP
START GROUP
LOAD /opt/st/stm32cubeide_1.9.0/plugins/com.st.stm32cube.ide.mcu.externaltools.gnu-tools-for-stm32.10.3-2021.10.linux64_1.0.0.202111181127/tools/bin/../lib/gcc/arm-none-eabi/10.3.1/thumb/v7e-m+fp/hard/libgcc.a
LOAD /opt/st/stm32cubeide_1.9.0/plugins/com.st.stm32cube.ide.mcu.externaltools.gnu-tools-for-stm32.10.3-2021.10.linux64_1.0.0.202111181127/tools/bin/../lib/gcc/arm-none-eabi/10.3.1/../../../../arm-none-eabi/lib/thumb/v7e-m+fp/hard/libc_nano.a
LOAD /opt/st/stm32cubeide_1.9.0/plugins/com.st.stm32cube.ide.mcu.externaltools.gnu-tools-for-stm32.10.3-2021.10.linux64_1.0.0.202111181127/tools/bin/../lib/gcc/arm-none-eabi/10.3.1/../../../../arm-none-eabi/lib/thumb/v7e-m+fp/hard/libnosys.a
END GROUP
LOAD /opt/st/stm32cubeide_1.9.0/plugins/com.st.stm32cube.ide.mcu.externaltools.gnu-tools-for-stm32.10.3-2021.10.linux64_1.0.0.202111181127/tools/bin/../lib/gcc/arm-none-eabi/10.3.1/thumb/v7e-m+fp/hard/crtend.o
LOAD /opt/st/stm32cubeide_1.9.0/plugins/com.st.stm32cube.ide.mcu.externaltools.gnu-tools-for-stm32.10.3-2021.10.linux64_1.0.0.202111181127/tools/bin/../lib/gcc/arm-none-eabi/10.3.1/thumb/v7e-m+fp/hard/crtn.o
                0x0000000020020000                _estack = (ORIGIN (RAM) + LENGTH (RAM))
                0x0000000000000200                _Min_Heap_Size = 0x200
                0x0000000000000400                _Min_Stack_Size = 0x400

.isr_vector     0x0000000008000000      0x198
                0x0000000008000000                . = ALIGN (0x4)
 *(.isr_vector)
 .isr_vector    0x0000000008000000      0x198 ./Startup/startup_stm32f411retx.o
                0x0000000008000000                g_pfnVectors
                0x0000000008000198                . = ALIGN (0x4)

.text           0x0000000008000198      0xcbc
                0x0000000008000198                . = ALIGN (0x4)
 *(.text)
 .text          0x0000000008000198       0x40 /opt/st/stm32cubeide_1.9.0/plugins/com.st.stm32cube.ide.mcu.externaltools.gnu-tools-for-stm32.10.3-2021.10.linux64_1.0.0.202111181127/tools/bin/../lib/gcc/arm-none-eabi/10.3.1/thumb/v7e-m+fp/hard/crtbegin.o
 *(.text*)
 .text.GPIO_Config
                0x00000000080001d8      0x254 ./Drivers/Src/GPIOxDriver.o
                0x00000000080001d8                GPIO_Config
 .text.__NVIC_EnableIRQ
                0x000000000800042c       0x3c ./Drivers/Src/TIMxDriver.o
 .text.Timer_Config
                0x0000000008000468      0x144 ./Drivers/Src/TIMxDriver.o
                0x0000000008000468                Timer_Config
 .text.Timer4_Callback
                0x00000000080005ac       0x10 ./Drivers/Src/TIMxDriver.o
                0x00000000080005ac                Timer4_Callback
 .text.Timer5_Callback
                0x00000000080005bc       0x10 ./Drivers/Src/TIMxDriver.o
                0x00000000080005bc                Timer5_Callback
 .text.TIM2_IRQHandler
                0x00000000080005cc       0x1c ./Drivers/Src/TIMxDriver.o
                0x00000000080005cc                TIM2_IRQHandler
 .text.TIM3_IRQHandler
                0x00000000080005e8       0x1c ./Drivers/Src/TIMxDriver.o
                0x00000000080005e8                TIM3_IRQHandler
 .text.TIM4_IRQHandler
                0x0000000008000604       0x1c ./Drivers/Src/TIMxDriver.o
                0x0000000008000604                TIM4_IRQHandler
 .text.TIM5_IRQHandler
                0x0000000008000620       0x1c ./Drivers/Src/TIMxDriver.o
                0x0000000008000620                TIM5_IRQHandler
 .text.__NVIC_EnableIRQ
                0x000000000800063c       0x3c ./Drivers/Src/USARTxDriver.o
 .text.USART_Config
                0x0000000008000678      0x2f0 ./Drivers/Src/USARTxDriver.o
                0x0000000008000678                USART_Config
 .text.USART1_Callback
                0x0000000008000968       0x10 ./Drivers/Src/USARTxDriver.o
                0x0000000008000968                USART1_Callback
 .text.USART6_Callback
                0x0000000008000978       0x10 ./Drivers/Src/USARTxDriver.o
                0x0000000008000978                USART6_Callback
 .text.USART1_IRQHandler
                0x0000000008000988       0x1c ./Drivers/Src/USARTxDriver.o
                0x0000000008000988                USART1_IRQHandler
 .text.USART2_IRQHandler
                0x00000000080009a4       0x28 ./Drivers/Src/USARTxDriver.o
                0x00000000080009a4                USART2_IRQHandler
 .text.USART6_IRQHandler
                0x00000000080009cc       0x1c ./Drivers/Src/USARTxDriver.o
                0x00000000080009cc                USART6_IRQHandler
 .text.readChar
                0x00000000080009e8       0x1e ./Drivers/Src/USARTxDriver.o
                0x00000000080009e8                readChar
 *fill*         0x0000000008000a06        0x2 
 .text.writeChar
                0x0000000008000a08       0x44 ./Drivers/Src/USARTxDriver.o
                0x0000000008000a08                writeChar
 .text.__NVIC_EnableIRQ
                0x0000000008000a4c       0x3c ./Src/main.o
 .text.__NVIC_DisableIRQ
                0x0000000008000a88       0x48 ./Src/main.o
 .text.main     0x0000000008000ad0       0x6c ./Src/main.o
                0x0000000008000ad0                main
 .text.__initSystem
                0x0000000008000b3c      0x15c ./Src/main.o
                0x0000000008000b3c                __initSystem
 .text.Timer2_Callback
                0x0000000008000c98       0x24 ./Src/main.o
                0x0000000008000c98                Timer2_Callback
 .text.Timer3_Callback
                0x0000000008000cbc       0x24 ./Src/main.o
                0x0000000008000cbc                Timer3_Callback
 .text.USART2_Callback
                0x0000000008000ce0       0xc0 ./Src/main.o
                0x0000000008000ce0                USART2_Callback
 .text.Reset_Handler
                0x0000000008000da0       0x50 ./Startup/startup_stm32f411retx.o
                0x0000000008000da0                Reset_Handler
 .text.Default_Handler
                0x0000000008000df0        0x2 ./Startup/startup_stm32f411retx.o
                0x0000000008000df0                RTC_Alarm_IRQHandler
                0x0000000008000df0                EXTI2_IRQHandler
                0x0000000008000df0                DebugMon_Handler
                0x0000000008000df0                SPI4_IRQHandler
                0x0000000008000df0                TIM1_CC_IRQHandler
                0x0000000008000df0                DMA2_Stream5_IRQHandler
                0x0000000008000df0                HardFault_Handler
                0x0000000008000df0                DMA1_Stream5_IRQHandler
                0x0000000008000df0                SysTick_Handler
                0x0000000008000df0                PVD_IRQHandler
                0x0000000008000df0                SDIO_IRQHandler
                0x0000000008000df0                TAMP_STAMP_IRQHandler
                0x0000000008000df0                PendSV_Handler
                0x0000000008000df0                NMI_Handler
                0x0000000008000df0                EXTI3_IRQHandler
                0x0000000008000df0                TIM1_UP_TIM10_IRQHandler
                0x0000000008000df0                I2C3_ER_IRQHandler
                0x0000000008000df0                EXTI0_IRQHandler
                0x0000000008000df0                I2C2_EV_IRQHandler
                0x0000000008000df0                DMA1_Stream2_IRQHandler
                0x0000000008000df0                FPU_IRQHandler
                0x0000000008000df0                UsageFault_Handler
                0x0000000008000df0                DMA2_Stream2_IRQHandler
                0x0000000008000df0                SPI1_IRQHandler
                0x0000000008000df0                TIM1_BRK_TIM9_IRQHandler
                0x0000000008000df0                DMA2_Stream3_IRQHandler
                0x0000000008000df0                DMA2_Stream0_IRQHandler
                0x0000000008000df0                I2C1_EV_IRQHandler
                0x0000000008000df0                DMA1_Stream6_IRQHandler
                0x0000000008000df0                DMA1_Stream1_IRQHandler
                0x0000000008000df0                RCC_IRQHandler
                0x0000000008000df0                Default_Handler
                0x0000000008000df0                EXTI15_10_IRQHandler
                0x0000000008000df0                ADC_IRQHandler
                0x0000000008000df0                DMA1_Stream7_IRQHandler
                0x0000000008000df0                SPI5_IRQHandler
                0x0000000008000df0                DMA2_Stream7_IRQHandler
                0x0000000008000df0                I2C3_EV_IRQHandler
                0x0000000008000df0                EXTI9_5_IRQHandler
                0x0000000008000df0                RTC_WKUP_IRQHandler
                0x0000000008000df0                SPI2_IRQHandler
                0x0000000008000df0                MemManage_Handler
                0x0000000008000df0                DMA1_Stream0_IRQHandler
                0x0000000008000df0                SVC_Handler
                0x0000000008000df0                EXTI4_IRQHandler
                0x0000000008000df0                WWDG_IRQHandler
                0x0000000008000df0                OTG_FS_WKUP_IRQHandler
                0x0000000008000df0                TIM1_TRG_COM_TIM11_IRQHandler
                0x0000000008000df0                EXTI1_IRQHandler
                0x0000000008000df0                I2C2_ER_IRQHandler
                0x0000000008000df0                DMA2_Stream1_IRQHandler
                0x0000000008000df0                FLASH_IRQHandler
                0x0000000008000df0                DMA2_Stream4_IRQHandler
                0x0000000008000df0                BusFault_Handler
                0x0000000008000df0                OTG_FS_IRQHandler
                0x0000000008000df0                SPI3_IRQHandler
                0x0000000008000df0                DMA1_Stream4_IRQHandler
                0x0000000008000df0                I2C1_ER_IRQHandler
                0x0000000008000df0                DMA2_Stream6_IRQHandler
                0x0000000008000df0                DMA1_Stream3_IRQHandler
 *fill*         0x0000000008000df2        0x2 
 .text.__libc_init_array
                0x0000000008000df4       0x48 /opt/st/stm32cubeide_1.9.0/plugins/com.st.stm32cube.ide.mcu.externaltools.gnu-tools-for-stm32.10.3-2021.10.linux64_1.0.0.202111181127/tools/bin/../lib/gcc/arm-none-eabi/10.3.1/../../../../arm-none-eabi/lib/thumb/v7e-m+fp/hard/libc_nano.a(lib_a-init.o)
                0x0000000008000df4                __libc_init_array
 *(.glue_7)
 .glue_7        0x0000000008000e3c        0x0 linker stubs
 *(.glue_7t)
 .glue_7t       0x0000000008000e3c        0x0 linker stubs
 *(.eh_frame)
 .eh_frame      0x0000000008000e3c        0x0 /opt/st/stm32cubeide_1.9.0/plugins/com.st.stm32cube.ide.mcu.externaltools.gnu-tools-for-stm32.10.3-2021.10.linux64_1.0.0.202111181127/tools/bin/../lib/gcc/arm-none-eabi/10.3.1/thumb/v7e-m+fp/hard/crtbegin.o
 *(.init)
 .init          0x0000000008000e3c        0x4 /opt/st/stm32cubeide_1.9.0/plugins/com.st.stm32cube.ide.mcu.externaltools.gnu-tools-for-stm32.10.3-2021.10.linux64_1.0.0.202111181127/tools/bin/../lib/gcc/arm-none-eabi/10.3.1/thumb/v7e-m+fp/hard/crti.o
                0x0000000008000e3c                _init
 .init          0x0000000008000e40        0x8 /opt/st/stm32cubeide_1.9.0/plugins/com.st.stm32cube.ide.mcu.externaltools.gnu-tools-for-stm32.10.3-2021.10.linux64_1.0.0.202111181127/tools/bin/../lib/gcc/arm-none-eabi/10.3.1/thumb/v7e-m+fp/hard/crtn.o
 *(.fini)
 .fini          0x0000000008000e48        0x4 /opt/st/stm32cubeide_1.9.0/plugins/com.st.stm32cube.ide.mcu.externaltools.gnu-tools-for-stm32.10.3-2021.10.linux64_1.0.0.202111181127/tools/bin/../lib/gcc/arm-none-eabi/10.3.1/thumb/v7e-m+fp/hard/crti.o
                0x0000000008000e48                _fini
 .fini          0x0000000008000e4c        0x8 /opt/st/stm32cubeide_1.9.0/plugins/com.st.stm32cube.ide.mcu.externaltools.gnu-tools-for-stm32.10.3-2021.10.linux64_1.0.0.202111181127/tools/bin/../lib/gcc/arm-none-eabi/10.3.1/thumb/v7e-m+fp/hard/crtn.o
                0x0000000008000e54                . = ALIGN (0x4)
                0x0000000008000e54                _etext = .

.vfp11_veneer   0x0000000008000e54        0x0
 .vfp11_veneer  0x0000000008000e54        0x0 linker stubs

.v4_bx          0x0000000008000e54        0x0
 .v4_bx         0x0000000008000e54        0x0 linker stubs

.iplt           0x0000000008000e54        0x0
 .iplt          0x0000000008000e54        0x0 /opt/st/stm32cubeide_1.9.0/plugins/com.st.stm32cube.ide.mcu.externaltools.gnu-tools-for-stm32.10.3-2021.10.linux64_1.0.0.202111181127/tools/bin/../lib/gcc/arm-none-eabi/10.3.1/thumb/v7e-m+fp/hard/crtbegin.o

.rel.dyn        0x0000000008000e54        0x0
 .rel.iplt      0x0000000008000e54        0x0 /opt/st/stm32cubeide_1.9.0/plugins/com.st.stm32cube.ide.mcu.externaltools.gnu-tools-for-stm32.10.3-2021.10.linux64_1.0.0.202111181127/tools/bin/../lib/gcc/arm-none-eabi/10.3.1/thumb/v7e-m+fp/hard/crtbegin.o

.rodata         0x0000000008000e54        0x0
                0x0000000008000e54                . = ALIGN (0x4)
 *(.rodata)
 *(.rodata*)
                0x0000000008000e54                . = ALIGN (0x4)

.ARM.extab      0x0000000008000e54        0x0
                0x0000000008000e54                . = ALIGN (0x4)
 *(.ARM.extab* .gnu.linkonce.armextab.*)
                0x0000000008000e54                . = ALIGN (0x4)

.ARM            0x0000000008000e54        0x0
                0x0000000008000e54                . = ALIGN (0x4)
                0x0000000008000e54                __exidx_start = .
 *(.ARM.exidx*)
                0x0000000008000e54                __exidx_end = .
                0x0000000008000e54                . = ALIGN (0x4)

.preinit_array  0x0000000008000e54        0x0
                0x0000000008000e54                . = ALIGN (0x4)
                0x0000000008000e54                PROVIDE (__preinit_array_start = .)
 *(.preinit_array*)
                0x0000000008000e54                PROVIDE (__preinit_array_end = .)
                0x0000000008000e54                . = ALIGN (0x4)

.init_array     0x0000000008000e54        0x4
                0x0000000008000e54                . = ALIGN (0x4)
                0x0000000008000e54                PROVIDE (__init_array_start = .)
 *(SORT_BY_NAME(.init_array.*))
 *(.init_array*)
 .init_array    0x0000000008000e54        0x4 /opt/st/stm32cubeide_1.9.0/plugins/com.st.stm32cube.ide.mcu.externaltools.gnu-tools-for-stm32.10.3-2021.10.linux64_1.0.0.202111181127/tools/bin/../lib/gcc/arm-none-eabi/10.3.1/thumb/v7e-m+fp/hard/crtbegin.o
                0x0000000008000e58                PROVIDE (__init_array_end = .)
                0x0000000008000e58                . = ALIGN (0x4)

.fini_array     0x0000000008000e58        0x4
                0x0000000008000e58                . = ALIGN (0x4)
                [!provide]                        PROVIDE (__fini_array_start = .)
 *(SORT_BY_NAME(.fini_array.*))
 *(.fini_array*)
 .fini_array    0x0000000008000e58        0x4 /opt/st/stm32cubeide_1.9.0/plugins/com.st.stm32cube.ide.mcu.externaltools.gnu-tools-for-stm32.10.3-2021.10.linux64_1.0.0.202111181127/tools/bin/../lib/gcc/arm-none-eabi/10.3.1/thumb/v7e-m+fp/hard/crtbegin.o
                [!provide]                        PROVIDE (__fini_array_end = .)
                0x0000000008000e5c                . = ALIGN (0x4)
                0x0000000008000e5c                _sidata = LOADADDR (.data)

.data           0x0000000020000000        0x0 load address 0x0000000008000e5c
                0x0000000020000000                . = ALIGN (0x4)
                0x0000000020000000                _sdata = .
 *(.data)
 *(.data*)
 *(.RamFunc)
 *(.RamFunc*)
                0x0000000020000000                . = ALIGN (0x4)
                0x0000000020000000                _edata = .

.igot.plt       0x0000000020000000        0x0 load address 0x0000000008000e5c
 .igot.plt      0x0000000020000000        0x0 /opt/st/stm32cubeide_1.9.0/plugins/com.st.stm32cube.ide.mcu.externaltools.gnu-tools-for-stm32.10.3-2021.10.linux64_1.0.0.202111181127/tools/bin/../lib/gcc/arm-none-eabi/10.3.1/thumb/v7e-m+fp/hard/crtbegin.o
                0x0000000020000000                . = ALIGN (0x4)

.bss            0x0000000020000000      0x184 load address 0x0000000008000e5c
                0x0000000020000000                _sbss = .
                0x0000000020000000                __bss_start__ = _sbss
 *(.bss)
 .bss           0x0000000020000000       0x1c /opt/st/stm32cubeide_1.9.0/plugins/com.st.stm32cube.ide.mcu.externaltools.gnu-tools-for-stm32.10.3-2021.10.linux64_1.0.0.202111181127/tools/bin/../lib/gcc/arm-none-eabi/10.3.1/thumb/v7e-m+fp/hard/crtbegin.o
 *(.bss*)
 .bss.handlerStateLED
                0x000000002000001c        0xc ./Src/main.o
                0x000000002000001c                handlerStateLED
 .bss.handlerLEDPB9
                0x0000000020000028        0xc ./Src/main.o
                0x0000000020000028                handlerLEDPB9
 .bss.handlerUSB
                0x0000000020000034        0xc ./Src/main.o
                0x0000000020000034                handlerUSB
 .bss.handlerUSBTX
                0x0000000020000040        0xc ./Src/main.o
                0x0000000020000040                handlerUSBTX
 .bss.handlerTimer2
                0x000000002000004c        0xc ./Src/main.o
                0x000000002000004c                handlerTimer2
 .bss.handlerTimer3
                0x0000000020000058        0xc ./Src/main.o
                0x0000000020000058                handlerTimer3
 .bss.handlerUsartRX
                0x0000000020000064       0x8c ./Src/main.o
                0x0000000020000064                handlerUsartRX
 .bss.handlerUsartTX
                0x00000000200000f0       0x8c ./Src/main.o
                0x00000000200000f0                handlerUsartTX
 .bss.interruptor
                0x000000002000017c        0x1 ./Src/main.o
                0x000000002000017c                interruptor
 *fill*         0x000000002000017d        0x3 
 .bss.ptr_interruptor
                0x0000000020000180        0x4 ./Src/main.o
                0x0000000020000180                ptr_interruptor
 *(COMMON)
                0x0000000020000184                . = ALIGN (0x4)
                0x0000000020000184                _ebss = .
                0x0000000020000184                __bss_end__ = _ebss

._user_heap_stack
                0x0000000020000184      0x604 load address 0x0000000008000e5c
                0x0000000020000188                . = ALIGN (0x8)
 *fill*         0x0000000020000184        0x4 
                [!provide]                        PROVIDE (end = .)
                0x0000000020000188                PROVIDE (_end = .)
                0x0000000020000388                . = (. + _Min_Heap_Size)
 *fill*         0x0000000020000188      0x200 
                0x0000000020000788                . = (. + _Min_Stack_Size)
 *fill*         0x0000000020000388      0x400 
                0x0000000020000788                . = ALIGN (0x8)

/DISCARD/
 libc.a(*)
 libm.a(*)
 libgcc.a(*)

.ARM.attributes
                0x0000000000000000       0x30
 *(.ARM.attributes)
 .ARM.attributes
                0x0000000000000000       0x1e /opt/st/stm32cubeide_1.9.0/plugins/com.st.stm32cube.ide.mcu.externaltools.gnu-tools-for-stm32.10.3-2021.10.linux64_1.0.0.202111181127/tools/bin/../lib/gcc/arm-none-eabi/10.3.1/thumb/v7e-m+fp/hard/crti.o
 .ARM.attributes
                0x000000000000001e       0x34 /opt/st/stm32cubeide_1.9.0/plugins/com.st.stm32cube.ide.mcu.externaltools.gnu-tools-for-stm32.10.3-2021.10.linux64_1.0.0.202111181127/tools/bin/../lib/gcc/arm-none-eabi/10.3.1/thumb/v7e-m+fp/hard/crtbegin.o
 .ARM.attributes
                0x0000000000000052       0x34 ./Drivers/Src/GPIOxDriver.o
 .ARM.attributes
                0x0000000000000086       0x34 ./Drivers/Src/TIMxDriver.o
 .ARM.attributes
                0x00000000000000ba       0x34 ./Drivers/Src/USARTxDriver.o
 .ARM.attributes
                0x00000000000000ee       0x34 ./Src/main.o
 .ARM.attributes
                0x0000000000000122       0x21 ./Startup/startup_stm32f411retx.o
 .ARM.attributes
                0x0000000000000143       0x34 /opt/st/stm32cubeide_1.9.0/plugins/com.st.stm32cube.ide.mcu.externaltools.gnu-tools-for-stm32.10.3-2021.10.linux64_1.0.0.202111181127/tools/bin/../lib/gcc/arm-none-eabi/10.3.1/../../../../arm-none-eabi/lib/thumb/v7e-m+fp/hard/libc_nano.a(lib_a-init.o)
 .ARM.attributes
                0x0000000000000177       0x1e /opt/st/stm32cubeide_1.9.0/plugins/com.st.stm32cube.ide.mcu.externaltools.gnu-tools-for-stm32.10.3-2021.10.linux64_1.0.0.202111181127/tools/bin/../lib/gcc/arm-none-eabi/10.3.1/thumb/v7e-m+fp/hard/crtn.o
OUTPUT(tarea3_jutoroa.elf elf32-littlearm)
LOAD linker stubs
LOAD /opt/st/stm32cubeide_1.9.0/plugins/com.st.stm32cube.ide.mcu.externaltools.gnu-tools-for-stm32.10.3-2021.10.linux64_1.0.0.202111181127/tools/bin/../lib/gcc/arm-none-eabi/10.3.1/../../../../arm-none-eabi/lib/thumb/v7e-m+fp/hard/libc.a
LOAD /opt/st/stm32cubeide_1.9.0/plugins/com.st.stm32cube.ide.mcu.externaltools.gnu-tools-for-stm32.10.3-2021.10.linux64_1.0.0.202111181127/tools/bin/../lib/gcc/arm-none-eabi/10.3.1/../../../../arm-none-eabi/lib/thumb/v7e-m+fp/hard/libm.a
LOAD /opt/st/stm32cubeide_1.9.0/plugins/com.st.stm32cube.ide.mcu.externaltools.gnu-tools-for-stm32.10.3-2021.10.linux64_1.0.0.202111181127/tools/bin/../lib/gcc/arm-none-eabi/10.3.1/thumb/v7e-m+fp/hard/libgcc.a

.debug_info     0x0000000000000000     0x1fea
 .debug_info    0x0000000000000000      0x4b0 ./Drivers/Src/GPIOxDriver.o
 .debug_info    0x00000000000004b0      0x869 ./Drivers/Src/TIMxDriver.o
 .debug_info    0x0000000000000d19      0x84f ./Drivers/Src/USARTxDriver.o
 .debug_info    0x0000000000001568      0xa60 ./Src/main.o
 .debug_info    0x0000000000001fc8       0x22 ./Startup/startup_stm32f411retx.o

.debug_abbrev   0x0000000000000000      0x7a4
 .debug_abbrev  0x0000000000000000      0x159 ./Drivers/Src/GPIOxDriver.o
 .debug_abbrev  0x0000000000000159      0x1cb ./Drivers/Src/TIMxDriver.o
 .debug_abbrev  0x0000000000000324      0x214 ./Drivers/Src/USARTxDriver.o
 .debug_abbrev  0x0000000000000538      0x25a ./Src/main.o
 .debug_abbrev  0x0000000000000792       0x12 ./Startup/startup_stm32f411retx.o

.debug_aranges  0x0000000000000000      0x180
 .debug_aranges
                0x0000000000000000       0x30 ./Drivers/Src/GPIOxDriver.o
 .debug_aranges
                0x0000000000000030       0x68 ./Drivers/Src/TIMxDriver.o
 .debug_aranges
                0x0000000000000098       0x68 ./Drivers/Src/USARTxDriver.o
 .debug_aranges
                0x0000000000000100       0x58 ./Src/main.o
 .debug_aranges
                0x0000000000000158       0x28 ./Startup/startup_stm32f411retx.o

.debug_ranges   0x0000000000000000      0x138
 .debug_ranges  0x0000000000000000       0x20 ./Drivers/Src/GPIOxDriver.o
 .debug_ranges  0x0000000000000020       0x58 ./Drivers/Src/TIMxDriver.o
 .debug_ranges  0x0000000000000078       0x58 ./Drivers/Src/USARTxDriver.o
 .debug_ranges  0x00000000000000d0       0x48 ./Src/main.o
 .debug_ranges  0x0000000000000118       0x20 ./Startup/startup_stm32f411retx.o

.debug_macro    0x0000000000000000     0xf060
 .debug_macro   0x0000000000000000       0xdd ./Drivers/Src/GPIOxDriver.o
 .debug_macro   0x00000000000000dd      0xa8a ./Drivers/Src/GPIOxDriver.o
 .debug_macro   0x0000000000000b67       0x28 ./Drivers/Src/GPIOxDriver.o
 .debug_macro   0x0000000000000b8f       0x28 ./Drivers/Src/GPIOxDriver.o
 .debug_macro   0x0000000000000bb7       0x22 ./Drivers/Src/GPIOxDriver.o
 .debug_macro   0x0000000000000bd9       0x8e ./Drivers/Src/GPIOxDriver.o
 .debug_macro   0x0000000000000c67       0x51 ./Drivers/Src/GPIOxDriver.o
 .debug_macro   0x0000000000000cb8      0x103 ./Drivers/Src/GPIOxDriver.o
 .debug_macro   0x0000000000000dbb       0x6a ./Drivers/Src/GPIOxDriver.o
 .debug_macro   0x0000000000000e25      0x1df ./Drivers/Src/GPIOxDriver.o
 .debug_macro   0x0000000000001004       0x1c ./Drivers/Src/GPIOxDriver.o
 .debug_macro   0x0000000000001020       0x22 ./Drivers/Src/GPIOxDriver.o
 .debug_macro   0x0000000000001042       0xd9 ./Drivers/Src/GPIOxDriver.o
 .debug_macro   0x000000000000111b     0x102d ./Drivers/Src/GPIOxDriver.o
 .debug_macro   0x0000000000002148      0x11f ./Drivers/Src/GPIOxDriver.o
 .debug_macro   0x0000000000002267     0xb953 ./Drivers/Src/GPIOxDriver.o
 .debug_macro   0x000000000000dbba       0x6d ./Drivers/Src/GPIOxDriver.o
 .debug_macro   0x000000000000dc27      0x118 ./Drivers/Src/GPIOxDriver.o
 .debug_macro   0x000000000000dd3f       0xd7 ./Drivers/Src/TIMxDriver.o
 .debug_macro   0x000000000000de16       0x28 ./Drivers/Src/TIMxDriver.o
 .debug_macro   0x000000000000de3e      0x23b ./Drivers/Src/USARTxDriver.o
 .debug_macro   0x000000000000e079       0x52 ./Drivers/Src/USARTxDriver.o
 .debug_macro   0x000000000000e0cb       0x1e ./Drivers/Src/USARTxDriver.o
 .debug_macro   0x000000000000e0e9       0x3c ./Drivers/Src/USARTxDriver.o
 .debug_macro   0x000000000000e125       0x34 ./Drivers/Src/USARTxDriver.o
 .debug_macro   0x000000000000e159       0x16 ./Drivers/Src/USARTxDriver.o
 .debug_macro   0x000000000000e16f       0x97 ./Drivers/Src/USARTxDriver.o
 .debug_macro   0x000000000000e206      0x341 ./Drivers/Src/USARTxDriver.o
 .debug_macro   0x000000000000e547       0xfd ./Drivers/Src/USARTxDriver.o
 .debug_macro   0x000000000000e644       0x10 ./Drivers/Src/USARTxDriver.o
 .debug_macro   0x000000000000e654       0x16 ./Drivers/Src/USARTxDriver.o
 .debug_macro   0x000000000000e66a       0x43 ./Drivers/Src/USARTxDriver.o
 .debug_macro   0x000000000000e6ad       0x34 ./Drivers/Src/USARTxDriver.o
 .debug_macro   0x000000000000e6e1       0x10 ./Drivers/Src/USARTxDriver.o
 .debug_macro   0x000000000000e6f1       0x58 ./Drivers/Src/USARTxDriver.o
 .debug_macro   0x000000000000e749       0x71 ./Drivers/Src/USARTxDriver.o
 .debug_macro   0x000000000000e7ba       0x1c ./Drivers/Src/USARTxDriver.o
 .debug_macro   0x000000000000e7d6      0x12a ./Drivers/Src/USARTxDriver.o
 .debug_macro   0x000000000000e900       0x10 ./Drivers/Src/USARTxDriver.o
 .debug_macro   0x000000000000e910       0x1c ./Drivers/Src/USARTxDriver.o
 .debug_macro   0x000000000000e92c       0x52 ./Drivers/Src/USARTxDriver.o
 .debug_macro   0x000000000000e97e       0x22 ./Drivers/Src/USARTxDriver.o
 .debug_macro   0x000000000000e9a0       0x10 ./Drivers/Src/USARTxDriver.o
 .debug_macro   0x000000000000e9b0       0x52 ./Drivers/Src/USARTxDriver.o
 .debug_macro   0x000000000000ea02       0xd5 ./Drivers/Src/USARTxDriver.o
 .debug_macro   0x000000000000ead7       0x1c ./Drivers/Src/USARTxDriver.o
 .debug_macro   0x000000000000eaf3       0x3d ./Drivers/Src/USARTxDriver.o
 .debug_macro   0x000000000000eb30       0x16 ./Drivers/Src/USARTxDriver.o
 .debug_macro   0x000000000000eb46      0x145 ./Drivers/Src/USARTxDriver.o
 .debug_macro   0x000000000000ec8b       0x6a ./Drivers/Src/USARTxDriver.o
 .debug_macro   0x000000000000ecf5      0x24d ./Src/main.o
 .debug_macro   0x000000000000ef42      0x11e ./Src/main.o

.debug_line     0x0000000000000000     0x2032
 .debug_line    0x0000000000000000      0x6a3 ./Drivers/Src/GPIOxDriver.o
 .debug_line    0x00000000000006a3      0x691 ./Drivers/Src/TIMxDriver.o
 .debug_line    0x0000000000000d34      0x9b4 ./Drivers/Src/USARTxDriver.o
 .debug_line    0x00000000000016e8      0x8c6 ./Src/main.o
 .debug_line    0x0000000000001fae       0x84 ./Startup/startup_stm32f411retx.o

.debug_str      0x0000000000000000    0x54713
 .debug_str     0x0000000000000000    0x4fd53 ./Drivers/Src/GPIOxDriver.o
                                      0x4fec9 (size before relaxing)
 .debug_str     0x000000000004fd53      0x5db ./Drivers/Src/TIMxDriver.o
                                      0x500e7 (size before relaxing)
 .debug_str     0x000000000005032e     0x42f3 ./Drivers/Src/USARTxDriver.o
                                      0x5426e (size before relaxing)
 .debug_str     0x0000000000054621       0xc1 ./Src/main.o
                                      0x54684 (size before relaxing)
 .debug_str     0x00000000000546e2       0x31 ./Startup/startup_stm32f411retx.o
                                         0x6b (size before relaxing)

.comment        0x0000000000000000       0x50
 .comment       0x0000000000000000       0x50 ./Drivers/Src/GPIOxDriver.o
                                         0x51 (size before relaxing)
 .comment       0x0000000000000050       0x51 ./Drivers/Src/TIMxDriver.o
 .comment       0x0000000000000050       0x51 ./Drivers/Src/USARTxDriver.o
 .comment       0x0000000000000050       0x51 ./Src/main.o

.debug_frame    0x0000000000000000      0x48c
 .debug_frame   0x0000000000000000       0x88 ./Drivers/Src/GPIOxDriver.o
 .debug_frame   0x0000000000000088      0x14c ./Drivers/Src/TIMxDriver.o
 .debug_frame   0x00000000000001d4      0x164 ./Drivers/Src/USARTxDriver.o
 .debug_frame   0x0000000000000338      0x128 ./Src/main.o
 .debug_frame   0x0000000000000460       0x2c /opt/st/stm32cubeide_1.9.0/plugins/com.st.stm32cube.ide.mcu.externaltools.gnu-tools-for-stm32.10.3-2021.10.linux64_1.0.0.202111181127/tools/bin/../lib/gcc/arm-none-eabi/10.3.1/../../../../arm-none-eabi/lib/thumb/v7e-m+fp/hard/libc_nano.a(lib_a-init.o)
