Archive member included to satisfy reference by file (symbol)

/home/jutoroa/workspace/STMDirectory/DriversSTM32/Debug/libDriversSTM32.a(GPIOxDriver.o)
                              ./Src/PWMEjemplo1.o (GPIO_Config)
/opt/st/stm32cubeide_1.9.0/plugins/com.st.stm32cube.ide.mcu.externaltools.gnu-tools-for-stm32.10.3-2021.10.linux64_1.0.0.202111181127/tools/bin/../lib/gcc/arm-none-eabi/10.3.1/../../../../arm-none-eabi/lib/thumb/v7e-m/nofp/libc_nano.a(lib_a-errno.o)
                              ./Src/syscalls.o (__errno)
/opt/st/stm32cubeide_1.9.0/plugins/com.st.stm32cube.ide.mcu.externaltools.gnu-tools-for-stm32.10.3-2021.10.linux64_1.0.0.202111181127/tools/bin/../lib/gcc/arm-none-eabi/10.3.1/../../../../arm-none-eabi/lib/thumb/v7e-m/nofp/libc_nano.a(lib_a-exit.o)
                              /opt/st/stm32cubeide_1.9.0/plugins/com.st.stm32cube.ide.mcu.externaltools.gnu-tools-for-stm32.10.3-2021.10.linux64_1.0.0.202111181127/tools/bin/../lib/gcc/arm-none-eabi/10.3.1/../../../../arm-none-eabi/lib/thumb/v7e-m/nofp/crt0.o (exit)
/opt/st/stm32cubeide_1.9.0/plugins/com.st.stm32cube.ide.mcu.externaltools.gnu-tools-for-stm32.10.3-2021.10.linux64_1.0.0.202111181127/tools/bin/../lib/gcc/arm-none-eabi/10.3.1/../../../../arm-none-eabi/lib/thumb/v7e-m/nofp/libc_nano.a(lib_a-impure.o)
                              /opt/st/stm32cubeide_1.9.0/plugins/com.st.stm32cube.ide.mcu.externaltools.gnu-tools-for-stm32.10.3-2021.10.linux64_1.0.0.202111181127/tools/bin/../lib/gcc/arm-none-eabi/10.3.1/../../../../arm-none-eabi/lib/thumb/v7e-m/nofp/libc_nano.a(lib_a-exit.o) (_global_impure_ptr)
/opt/st/stm32cubeide_1.9.0/plugins/com.st.stm32cube.ide.mcu.externaltools.gnu-tools-for-stm32.10.3-2021.10.linux64_1.0.0.202111181127/tools/bin/../lib/gcc/arm-none-eabi/10.3.1/../../../../arm-none-eabi/lib/thumb/v7e-m/nofp/libc_nano.a(lib_a-init.o)
                              /opt/st/stm32cubeide_1.9.0/plugins/com.st.stm32cube.ide.mcu.externaltools.gnu-tools-for-stm32.10.3-2021.10.linux64_1.0.0.202111181127/tools/bin/../lib/gcc/arm-none-eabi/10.3.1/../../../../arm-none-eabi/lib/thumb/v7e-m/nofp/crt0.o (__libc_init_array)
/opt/st/stm32cubeide_1.9.0/plugins/com.st.stm32cube.ide.mcu.externaltools.gnu-tools-for-stm32.10.3-2021.10.linux64_1.0.0.202111181127/tools/bin/../lib/gcc/arm-none-eabi/10.3.1/../../../../arm-none-eabi/lib/thumb/v7e-m/nofp/libc_nano.a(lib_a-memset.o)
                              /opt/st/stm32cubeide_1.9.0/plugins/com.st.stm32cube.ide.mcu.externaltools.gnu-tools-for-stm32.10.3-2021.10.linux64_1.0.0.202111181127/tools/bin/../lib/gcc/arm-none-eabi/10.3.1/../../../../arm-none-eabi/lib/thumb/v7e-m/nofp/crt0.o (memset)

Discarded input sections

 .text          0x0000000000000000        0x0 /opt/st/stm32cubeide_1.9.0/plugins/com.st.stm32cube.ide.mcu.externaltools.gnu-tools-for-stm32.10.3-2021.10.linux64_1.0.0.202111181127/tools/bin/../lib/gcc/arm-none-eabi/10.3.1/thumb/v7e-m/nofp/crti.o
 .data          0x0000000000000000        0x0 /opt/st/stm32cubeide_1.9.0/plugins/com.st.stm32cube.ide.mcu.externaltools.gnu-tools-for-stm32.10.3-2021.10.linux64_1.0.0.202111181127/tools/bin/../lib/gcc/arm-none-eabi/10.3.1/thumb/v7e-m/nofp/crti.o
 .bss           0x0000000000000000        0x0 /opt/st/stm32cubeide_1.9.0/plugins/com.st.stm32cube.ide.mcu.externaltools.gnu-tools-for-stm32.10.3-2021.10.linux64_1.0.0.202111181127/tools/bin/../lib/gcc/arm-none-eabi/10.3.1/thumb/v7e-m/nofp/crti.o
 .data          0x0000000000000000        0x4 /opt/st/stm32cubeide_1.9.0/plugins/com.st.stm32cube.ide.mcu.externaltools.gnu-tools-for-stm32.10.3-2021.10.linux64_1.0.0.202111181127/tools/bin/../lib/gcc/arm-none-eabi/10.3.1/thumb/v7e-m/nofp/crtbegin.o
 .rodata        0x0000000000000000       0x24 /opt/st/stm32cubeide_1.9.0/plugins/com.st.stm32cube.ide.mcu.externaltools.gnu-tools-for-stm32.10.3-2021.10.linux64_1.0.0.202111181127/tools/bin/../lib/gcc/arm-none-eabi/10.3.1/thumb/v7e-m/nofp/crtbegin.o
 .text          0x0000000000000000       0x7c /opt/st/stm32cubeide_1.9.0/plugins/com.st.stm32cube.ide.mcu.externaltools.gnu-tools-for-stm32.10.3-2021.10.linux64_1.0.0.202111181127/tools/bin/../lib/gcc/arm-none-eabi/10.3.1/../../../../arm-none-eabi/lib/thumb/v7e-m/nofp/crt0.o
 .data          0x0000000000000000        0x0 /opt/st/stm32cubeide_1.9.0/plugins/com.st.stm32cube.ide.mcu.externaltools.gnu-tools-for-stm32.10.3-2021.10.linux64_1.0.0.202111181127/tools/bin/../lib/gcc/arm-none-eabi/10.3.1/../../../../arm-none-eabi/lib/thumb/v7e-m/nofp/crt0.o
 .bss           0x0000000000000000        0x0 /opt/st/stm32cubeide_1.9.0/plugins/com.st.stm32cube.ide.mcu.externaltools.gnu-tools-for-stm32.10.3-2021.10.linux64_1.0.0.202111181127/tools/bin/../lib/gcc/arm-none-eabi/10.3.1/../../../../arm-none-eabi/lib/thumb/v7e-m/nofp/crt0.o
 .ARM.extab     0x0000000000000000        0x0 /opt/st/stm32cubeide_1.9.0/plugins/com.st.stm32cube.ide.mcu.externaltools.gnu-tools-for-stm32.10.3-2021.10.linux64_1.0.0.202111181127/tools/bin/../lib/gcc/arm-none-eabi/10.3.1/../../../../arm-none-eabi/lib/thumb/v7e-m/nofp/crt0.o
 .ARM.exidx     0x0000000000000000       0x10 /opt/st/stm32cubeide_1.9.0/plugins/com.st.stm32cube.ide.mcu.externaltools.gnu-tools-for-stm32.10.3-2021.10.linux64_1.0.0.202111181127/tools/bin/../lib/gcc/arm-none-eabi/10.3.1/../../../../arm-none-eabi/lib/thumb/v7e-m/nofp/crt0.o
 .ARM.attributes
                0x0000000000000000       0x1c /opt/st/stm32cubeide_1.9.0/plugins/com.st.stm32cube.ide.mcu.externaltools.gnu-tools-for-stm32.10.3-2021.10.linux64_1.0.0.202111181127/tools/bin/../lib/gcc/arm-none-eabi/10.3.1/../../../../arm-none-eabi/lib/thumb/v7e-m/nofp/crt0.o
 .group         0x0000000000000000        0xc ./Src/PWMEjemplo1.o
 .group         0x0000000000000000        0xc ./Src/PWMEjemplo1.o
 .group         0x0000000000000000        0xc ./Src/PWMEjemplo1.o
 .group         0x0000000000000000        0xc ./Src/PWMEjemplo1.o
 .group         0x0000000000000000        0xc ./Src/PWMEjemplo1.o
 .group         0x0000000000000000        0xc ./Src/PWMEjemplo1.o
 .group         0x0000000000000000        0xc ./Src/PWMEjemplo1.o
 .group         0x0000000000000000        0xc ./Src/PWMEjemplo1.o
 .group         0x0000000000000000        0xc ./Src/PWMEjemplo1.o
 .group         0x0000000000000000        0xc ./Src/PWMEjemplo1.o
 .group         0x0000000000000000        0xc ./Src/PWMEjemplo1.o
 .group         0x0000000000000000        0xc ./Src/PWMEjemplo1.o
 .group         0x0000000000000000        0xc ./Src/PWMEjemplo1.o
 .group         0x0000000000000000        0xc ./Src/PWMEjemplo1.o
 .group         0x0000000000000000        0xc ./Src/PWMEjemplo1.o
 .group         0x0000000000000000        0xc ./Src/PWMEjemplo1.o
 .group         0x0000000000000000        0xc ./Src/PWMEjemplo1.o
 .group         0x0000000000000000        0xc ./Src/PWMEjemplo1.o
 .group         0x0000000000000000        0xc ./Src/PWMEjemplo1.o
 .group         0x0000000000000000        0xc ./Src/PWMEjemplo1.o
 .group         0x0000000000000000        0xc ./Src/PWMEjemplo1.o
 .group         0x0000000000000000        0xc ./Src/PWMEjemplo1.o
 .group         0x0000000000000000        0xc ./Src/PWMEjemplo1.o
 .group         0x0000000000000000        0xc ./Src/PWMEjemplo1.o
 .group         0x0000000000000000        0xc ./Src/PWMEjemplo1.o
 .group         0x0000000000000000        0xc ./Src/PWMEjemplo1.o
 .group         0x0000000000000000        0xc ./Src/PWMEjemplo1.o
 .group         0x0000000000000000        0xc ./Src/PWMEjemplo1.o
 .group         0x0000000000000000        0xc ./Src/PWMEjemplo1.o
 .group         0x0000000000000000        0xc ./Src/PWMEjemplo1.o
 .group         0x0000000000000000        0xc ./Src/PWMEjemplo1.o
 .group         0x0000000000000000        0xc ./Src/PWMEjemplo1.o
 .group         0x0000000000000000        0xc ./Src/PWMEjemplo1.o
 .group         0x0000000000000000        0xc ./Src/PWMEjemplo1.o
 .group         0x0000000000000000        0xc ./Src/PWMEjemplo1.o
 .group         0x0000000000000000        0xc ./Src/PWMEjemplo1.o
 .group         0x0000000000000000        0xc ./Src/PWMEjemplo1.o
 .group         0x0000000000000000        0xc ./Src/PWMEjemplo1.o
 .group         0x0000000000000000        0xc ./Src/PWMEjemplo1.o
 .group         0x0000000000000000        0xc ./Src/PWMEjemplo1.o
 .group         0x0000000000000000        0xc ./Src/PWMEjemplo1.o
 .group         0x0000000000000000        0xc ./Src/PWMEjemplo1.o
 .group         0x0000000000000000        0xc ./Src/PWMEjemplo1.o
 .group         0x0000000000000000        0xc ./Src/PWMEjemplo1.o
 .group         0x0000000000000000        0xc ./Src/PWMEjemplo1.o
 .group         0x0000000000000000        0xc ./Src/PWMEjemplo1.o
 .group         0x0000000000000000        0xc ./Src/PWMEjemplo1.o
 .group         0x0000000000000000        0xc ./Src/PWMEjemplo1.o
 .group         0x0000000000000000        0xc ./Src/PWMEjemplo1.o
 .group         0x0000000000000000        0xc ./Src/PWMEjemplo1.o
 .text          0x0000000000000000        0x0 ./Src/PWMEjemplo1.o
 .data          0x0000000000000000        0x0 ./Src/PWMEjemplo1.o
 .bss           0x0000000000000000        0x0 ./Src/PWMEjemplo1.o
 .group         0x0000000000000000        0xc ./Src/syscalls.o
 .group         0x0000000000000000        0xc ./Src/syscalls.o
 .group         0x0000000000000000        0xc ./Src/syscalls.o
 .group         0x0000000000000000        0xc ./Src/syscalls.o
 .group         0x0000000000000000        0xc ./Src/syscalls.o
 .group         0x0000000000000000        0xc ./Src/syscalls.o
 .group         0x0000000000000000        0xc ./Src/syscalls.o
 .group         0x0000000000000000        0xc ./Src/syscalls.o
 .group         0x0000000000000000        0xc ./Src/syscalls.o
 .group         0x0000000000000000        0xc ./Src/syscalls.o
 .group         0x0000000000000000        0xc ./Src/syscalls.o
 .group         0x0000000000000000        0xc ./Src/syscalls.o
 .group         0x0000000000000000        0xc ./Src/syscalls.o
 .group         0x0000000000000000        0xc ./Src/syscalls.o
 .group         0x0000000000000000        0xc ./Src/syscalls.o
 .group         0x0000000000000000        0xc ./Src/syscalls.o
 .group         0x0000000000000000        0xc ./Src/syscalls.o
 .group         0x0000000000000000        0xc ./Src/syscalls.o
 .group         0x0000000000000000        0xc ./Src/syscalls.o
 .group         0x0000000000000000        0xc ./Src/syscalls.o
 .group         0x0000000000000000        0xc ./Src/syscalls.o
 .group         0x0000000000000000        0xc ./Src/syscalls.o
 .group         0x0000000000000000        0xc ./Src/syscalls.o
 .group         0x0000000000000000        0xc ./Src/syscalls.o
 .group         0x0000000000000000        0xc ./Src/syscalls.o
 .group         0x0000000000000000        0xc ./Src/syscalls.o
 .group         0x0000000000000000        0xc ./Src/syscalls.o
 .group         0x0000000000000000        0xc ./Src/syscalls.o
 .group         0x0000000000000000        0xc ./Src/syscalls.o
 .group         0x0000000000000000        0xc ./Src/syscalls.o
 .group         0x0000000000000000        0xc ./Src/syscalls.o
 .group         0x0000000000000000        0xc ./Src/syscalls.o
 .group         0x0000000000000000        0xc ./Src/syscalls.o
 .group         0x0000000000000000        0xc ./Src/syscalls.o
 .group         0x0000000000000000        0xc ./Src/syscalls.o
 .group         0x0000000000000000        0xc ./Src/syscalls.o
 .group         0x0000000000000000        0xc ./Src/syscalls.o
 .group         0x0000000000000000        0xc ./Src/syscalls.o
 .group         0x0000000000000000        0xc ./Src/syscalls.o
 .group         0x0000000000000000        0xc ./Src/syscalls.o
 .group         0x0000000000000000        0xc ./Src/syscalls.o
 .group         0x0000000000000000        0xc ./Src/syscalls.o
 .group         0x0000000000000000        0xc ./Src/syscalls.o
 .group         0x0000000000000000        0xc ./Src/syscalls.o
 .group         0x0000000000000000        0xc ./Src/syscalls.o
 .group         0x0000000000000000        0xc ./Src/syscalls.o
 .group         0x0000000000000000        0xc ./Src/syscalls.o
 .text          0x0000000000000000        0x0 ./Src/syscalls.o
 .data          0x0000000000000000        0x0 ./Src/syscalls.o
 .bss           0x0000000000000000        0x0 ./Src/syscalls.o
 .bss.__env     0x0000000000000000        0x4 ./Src/syscalls.o
 .data.environ  0x0000000000000000        0x4 ./Src/syscalls.o
 .text.initialise_monitor_handles
                0x0000000000000000        0xc ./Src/syscalls.o
 .text._getpid  0x0000000000000000        0xe ./Src/syscalls.o
 .text._kill    0x0000000000000000       0x20 ./Src/syscalls.o
 .text._exit    0x0000000000000000       0x14 ./Src/syscalls.o
 .text._read    0x0000000000000000       0x3a ./Src/syscalls.o
 .text._write   0x0000000000000000       0x38 ./Src/syscalls.o
 .text._close   0x0000000000000000       0x16 ./Src/syscalls.o
 .text._fstat   0x0000000000000000       0x1e ./Src/syscalls.o
 .text._isatty  0x0000000000000000       0x14 ./Src/syscalls.o
 .text._lseek   0x0000000000000000       0x18 ./Src/syscalls.o
 .text._open    0x0000000000000000       0x1a ./Src/syscalls.o
 .text._wait    0x0000000000000000       0x1e ./Src/syscalls.o
 .text._unlink  0x0000000000000000       0x1e ./Src/syscalls.o
 .text._times   0x0000000000000000       0x16 ./Src/syscalls.o
 .text._stat    0x0000000000000000       0x1e ./Src/syscalls.o
 .text._link    0x0000000000000000       0x20 ./Src/syscalls.o
 .text._fork    0x0000000000000000       0x16 ./Src/syscalls.o
 .text._execve  0x0000000000000000       0x22 ./Src/syscalls.o
 .debug_info    0x0000000000000000      0x6e0 ./Src/syscalls.o
 .debug_abbrev  0x0000000000000000      0x1b3 ./Src/syscalls.o
 .debug_aranges
                0x0000000000000000       0xa8 ./Src/syscalls.o
 .debug_ranges  0x0000000000000000       0x98 ./Src/syscalls.o
 .debug_macro   0x0000000000000000      0x24c ./Src/syscalls.o
 .debug_macro   0x0000000000000000      0xa7e ./Src/syscalls.o
 .debug_macro   0x0000000000000000       0x22 ./Src/syscalls.o
 .debug_macro   0x0000000000000000       0x4c ./Src/syscalls.o
 .debug_macro   0x0000000000000000       0x18 ./Src/syscalls.o
 .debug_macro   0x0000000000000000       0x94 ./Src/syscalls.o
 .debug_macro   0x0000000000000000       0x3c ./Src/syscalls.o
 .debug_macro   0x0000000000000000       0x34 ./Src/syscalls.o
 .debug_macro   0x0000000000000000       0x57 ./Src/syscalls.o
 .debug_macro   0x0000000000000000      0x174 ./Src/syscalls.o
 .debug_macro   0x0000000000000000      0x341 ./Src/syscalls.o
 .debug_macro   0x0000000000000000       0x16 ./Src/syscalls.o
 .debug_macro   0x0000000000000000       0x43 ./Src/syscalls.o
 .debug_macro   0x0000000000000000       0x34 ./Src/syscalls.o
 .debug_macro   0x0000000000000000       0x10 ./Src/syscalls.o
 .debug_macro   0x0000000000000000       0x58 ./Src/syscalls.o
 .debug_macro   0x0000000000000000       0x71 ./Src/syscalls.o
 .debug_macro   0x0000000000000000       0x1c ./Src/syscalls.o
 .debug_macro   0x0000000000000000      0x12a ./Src/syscalls.o
 .debug_macro   0x0000000000000000       0x10 ./Src/syscalls.o
 .debug_macro   0x0000000000000000       0x35 ./Src/syscalls.o
 .debug_macro   0x0000000000000000       0x10 ./Src/syscalls.o
 .debug_macro   0x0000000000000000       0x10 ./Src/syscalls.o
 .debug_macro   0x0000000000000000       0x10 ./Src/syscalls.o
 .debug_macro   0x0000000000000000       0x6a ./Src/syscalls.o
 .debug_macro   0x0000000000000000       0x1c ./Src/syscalls.o
 .debug_macro   0x0000000000000000       0x52 ./Src/syscalls.o
 .debug_macro   0x0000000000000000       0x22 ./Src/syscalls.o
 .debug_macro   0x0000000000000000       0x10 ./Src/syscalls.o
 .debug_macro   0x0000000000000000       0x52 ./Src/syscalls.o
 .debug_macro   0x0000000000000000       0xd5 ./Src/syscalls.o
 .debug_macro   0x0000000000000000       0x1c ./Src/syscalls.o
 .debug_macro   0x0000000000000000       0x3d ./Src/syscalls.o
 .debug_macro   0x0000000000000000       0x35 ./Src/syscalls.o
 .debug_macro   0x0000000000000000      0x12c ./Src/syscalls.o
 .debug_macro   0x0000000000000000       0x16 ./Src/syscalls.o
 .debug_macro   0x0000000000000000       0x16 ./Src/syscalls.o
 .debug_macro   0x0000000000000000       0x29 ./Src/syscalls.o
 .debug_macro   0x0000000000000000       0x10 ./Src/syscalls.o
 .debug_macro   0x0000000000000000      0x241 ./Src/syscalls.o
 .debug_macro   0x0000000000000000       0x1c ./Src/syscalls.o
 .debug_macro   0x0000000000000000       0x10 ./Src/syscalls.o
 .debug_macro   0x0000000000000000       0x10 ./Src/syscalls.o
 .debug_macro   0x0000000000000000       0x16 ./Src/syscalls.o
 .debug_macro   0x0000000000000000      0x145 ./Src/syscalls.o
 .debug_macro   0x0000000000000000      0x189 ./Src/syscalls.o
 .debug_macro   0x0000000000000000       0x16 ./Src/syscalls.o
 .debug_macro   0x0000000000000000       0xce ./Src/syscalls.o
 .debug_line    0x0000000000000000      0x7bd ./Src/syscalls.o
 .debug_str     0x0000000000000000     0x8a39 ./Src/syscalls.o
 .comment       0x0000000000000000       0x51 ./Src/syscalls.o
 .debug_frame   0x0000000000000000      0x2ac ./Src/syscalls.o
 .ARM.attributes
                0x0000000000000000       0x2e ./Src/syscalls.o
 .group         0x0000000000000000        0xc ./Src/sysmem.o
 .group         0x0000000000000000        0xc ./Src/sysmem.o
 .group         0x0000000000000000        0xc ./Src/sysmem.o
 .group         0x0000000000000000        0xc ./Src/sysmem.o
 .group         0x0000000000000000        0xc ./Src/sysmem.o
 .group         0x0000000000000000        0xc ./Src/sysmem.o
 .group         0x0000000000000000        0xc ./Src/sysmem.o
 .group         0x0000000000000000        0xc ./Src/sysmem.o
 .group         0x0000000000000000        0xc ./Src/sysmem.o
 .group         0x0000000000000000        0xc ./Src/sysmem.o
 .group         0x0000000000000000        0xc ./Src/sysmem.o
 .group         0x0000000000000000        0xc ./Src/sysmem.o
 .group         0x0000000000000000        0xc ./Src/sysmem.o
 .group         0x0000000000000000        0xc ./Src/sysmem.o
 .group         0x0000000000000000        0xc ./Src/sysmem.o
 .group         0x0000000000000000        0xc ./Src/sysmem.o
 .group         0x0000000000000000        0xc ./Src/sysmem.o
 .group         0x0000000000000000        0xc ./Src/sysmem.o
 .group         0x0000000000000000        0xc ./Src/sysmem.o
 .group         0x0000000000000000        0xc ./Src/sysmem.o
 .group         0x0000000000000000        0xc ./Src/sysmem.o
 .group         0x0000000000000000        0xc ./Src/sysmem.o
 .text          0x0000000000000000        0x0 ./Src/sysmem.o
 .data          0x0000000000000000        0x0 ./Src/sysmem.o
 .bss           0x0000000000000000        0x0 ./Src/sysmem.o
 .bss.__sbrk_heap_end
                0x0000000000000000        0x4 ./Src/sysmem.o
 .text._sbrk    0x0000000000000000       0x6c ./Src/sysmem.o
 .debug_info    0x0000000000000000      0x171 ./Src/sysmem.o
 .debug_abbrev  0x0000000000000000       0xbb ./Src/sysmem.o
 .debug_aranges
                0x0000000000000000       0x20 ./Src/sysmem.o
 .debug_ranges  0x0000000000000000       0x10 ./Src/sysmem.o
 .debug_macro   0x0000000000000000       0xff ./Src/sysmem.o
 .debug_macro   0x0000000000000000      0xa7e ./Src/sysmem.o
 .debug_macro   0x0000000000000000       0x10 ./Src/sysmem.o
 .debug_macro   0x0000000000000000       0x22 ./Src/sysmem.o
 .debug_macro   0x0000000000000000       0x4c ./Src/sysmem.o
 .debug_macro   0x0000000000000000       0x18 ./Src/sysmem.o
 .debug_macro   0x0000000000000000       0x94 ./Src/sysmem.o
 .debug_macro   0x0000000000000000       0x3c ./Src/sysmem.o
 .debug_macro   0x0000000000000000       0x34 ./Src/sysmem.o
 .debug_macro   0x0000000000000000      0x174 ./Src/sysmem.o
 .debug_macro   0x0000000000000000       0x16 ./Src/sysmem.o
 .debug_macro   0x0000000000000000       0x43 ./Src/sysmem.o
 .debug_macro   0x0000000000000000       0x57 ./Src/sysmem.o
 .debug_macro   0x0000000000000000       0x34 ./Src/sysmem.o
 .debug_macro   0x0000000000000000       0x10 ./Src/sysmem.o
 .debug_macro   0x0000000000000000       0x58 ./Src/sysmem.o
 .debug_macro   0x0000000000000000       0x71 ./Src/sysmem.o
 .debug_macro   0x0000000000000000       0x1c ./Src/sysmem.o
 .debug_macro   0x0000000000000000      0x12a ./Src/sysmem.o
 .debug_macro   0x0000000000000000      0x23b ./Src/sysmem.o
 .debug_macro   0x0000000000000000      0x103 ./Src/sysmem.o
 .debug_macro   0x0000000000000000       0x6a ./Src/sysmem.o
 .debug_macro   0x0000000000000000      0x1df ./Src/sysmem.o
 .debug_line    0x0000000000000000      0x4b3 ./Src/sysmem.o
 .debug_str     0x0000000000000000     0x5d75 ./Src/sysmem.o
 .comment       0x0000000000000000       0x51 ./Src/sysmem.o
 .debug_frame   0x0000000000000000       0x34 ./Src/sysmem.o
 .ARM.attributes
                0x0000000000000000       0x2e ./Src/sysmem.o
 .text          0x0000000000000000       0x14 ./Startup/startup_stm32f411retx.o
 .data          0x0000000000000000        0x0 ./Startup/startup_stm32f411retx.o
 .bss           0x0000000000000000        0x0 ./Startup/startup_stm32f411retx.o
 .group         0x0000000000000000        0xc /home/jutoroa/workspace/STMDirectory/DriversSTM32/Debug/libDriversSTM32.a(GPIOxDriver.o)
 .group         0x0000000000000000        0xc /home/jutoroa/workspace/STMDirectory/DriversSTM32/Debug/libDriversSTM32.a(GPIOxDriver.o)
 .group         0x0000000000000000        0xc /home/jutoroa/workspace/STMDirectory/DriversSTM32/Debug/libDriversSTM32.a(GPIOxDriver.o)
 .group         0x0000000000000000        0xc /home/jutoroa/workspace/STMDirectory/DriversSTM32/Debug/libDriversSTM32.a(GPIOxDriver.o)
 .group         0x0000000000000000        0xc /home/jutoroa/workspace/STMDirectory/DriversSTM32/Debug/libDriversSTM32.a(GPIOxDriver.o)
 .group         0x0000000000000000        0xc /home/jutoroa/workspace/STMDirectory/DriversSTM32/Debug/libDriversSTM32.a(GPIOxDriver.o)
 .group         0x0000000000000000        0xc /home/jutoroa/workspace/STMDirectory/DriversSTM32/Debug/libDriversSTM32.a(GPIOxDriver.o)
 .group         0x0000000000000000        0xc /home/jutoroa/workspace/STMDirectory/DriversSTM32/Debug/libDriversSTM32.a(GPIOxDriver.o)
 .group         0x0000000000000000        0xc /home/jutoroa/workspace/STMDirectory/DriversSTM32/Debug/libDriversSTM32.a(GPIOxDriver.o)
 .group         0x0000000000000000        0xc /home/jutoroa/workspace/STMDirectory/DriversSTM32/Debug/libDriversSTM32.a(GPIOxDriver.o)
 .group         0x0000000000000000        0xc /home/jutoroa/workspace/STMDirectory/DriversSTM32/Debug/libDriversSTM32.a(GPIOxDriver.o)
 .group         0x0000000000000000        0xc /home/jutoroa/workspace/STMDirectory/DriversSTM32/Debug/libDriversSTM32.a(GPIOxDriver.o)
 .group         0x0000000000000000        0xc /home/jutoroa/workspace/STMDirectory/DriversSTM32/Debug/libDriversSTM32.a(GPIOxDriver.o)
 .group         0x0000000000000000        0xc /home/jutoroa/workspace/STMDirectory/DriversSTM32/Debug/libDriversSTM32.a(GPIOxDriver.o)
 .group         0x0000000000000000        0xc /home/jutoroa/workspace/STMDirectory/DriversSTM32/Debug/libDriversSTM32.a(GPIOxDriver.o)
 .group         0x0000000000000000        0xc /home/jutoroa/workspace/STMDirectory/DriversSTM32/Debug/libDriversSTM32.a(GPIOxDriver.o)
 .group         0x0000000000000000        0xc /home/jutoroa/workspace/STMDirectory/DriversSTM32/Debug/libDriversSTM32.a(GPIOxDriver.o)
 .text          0x0000000000000000        0x0 /home/jutoroa/workspace/STMDirectory/DriversSTM32/Debug/libDriversSTM32.a(GPIOxDriver.o)
 .data          0x0000000000000000        0x0 /home/jutoroa/workspace/STMDirectory/DriversSTM32/Debug/libDriversSTM32.a(GPIOxDriver.o)
 .bss           0x0000000000000000        0x0 /home/jutoroa/workspace/STMDirectory/DriversSTM32/Debug/libDriversSTM32.a(GPIOxDriver.o)
 .text.GPIO_ReadPin
                0x0000000000000000       0x2e /home/jutoroa/workspace/STMDirectory/DriversSTM32/Debug/libDriversSTM32.a(GPIOxDriver.o)
 .debug_macro   0x0000000000000000      0xa7e /home/jutoroa/workspace/STMDirectory/DriversSTM32/Debug/libDriversSTM32.a(GPIOxDriver.o)
 .debug_macro   0x0000000000000000       0x28 /home/jutoroa/workspace/STMDirectory/DriversSTM32/Debug/libDriversSTM32.a(GPIOxDriver.o)
 .debug_macro   0x0000000000000000       0x28 /home/jutoroa/workspace/STMDirectory/DriversSTM32/Debug/libDriversSTM32.a(GPIOxDriver.o)
 .debug_macro   0x0000000000000000       0x22 /home/jutoroa/workspace/STMDirectory/DriversSTM32/Debug/libDriversSTM32.a(GPIOxDriver.o)
 .debug_macro   0x0000000000000000       0x8e /home/jutoroa/workspace/STMDirectory/DriversSTM32/Debug/libDriversSTM32.a(GPIOxDriver.o)
 .debug_macro   0x0000000000000000       0x51 /home/jutoroa/workspace/STMDirectory/DriversSTM32/Debug/libDriversSTM32.a(GPIOxDriver.o)
 .debug_macro   0x0000000000000000      0x103 /home/jutoroa/workspace/STMDirectory/DriversSTM32/Debug/libDriversSTM32.a(GPIOxDriver.o)
 .debug_macro   0x0000000000000000       0x6a /home/jutoroa/workspace/STMDirectory/DriversSTM32/Debug/libDriversSTM32.a(GPIOxDriver.o)
 .debug_macro   0x0000000000000000      0x1df /home/jutoroa/workspace/STMDirectory/DriversSTM32/Debug/libDriversSTM32.a(GPIOxDriver.o)
 .debug_macro   0x0000000000000000       0x1c /home/jutoroa/workspace/STMDirectory/DriversSTM32/Debug/libDriversSTM32.a(GPIOxDriver.o)
 .debug_macro   0x0000000000000000       0x22 /home/jutoroa/workspace/STMDirectory/DriversSTM32/Debug/libDriversSTM32.a(GPIOxDriver.o)
 .debug_macro   0x0000000000000000       0xd9 /home/jutoroa/workspace/STMDirectory/DriversSTM32/Debug/libDriversSTM32.a(GPIOxDriver.o)
 .debug_macro   0x0000000000000000     0x102d /home/jutoroa/workspace/STMDirectory/DriversSTM32/Debug/libDriversSTM32.a(GPIOxDriver.o)
 .debug_macro   0x0000000000000000      0x11f /home/jutoroa/workspace/STMDirectory/DriversSTM32/Debug/libDriversSTM32.a(GPIOxDriver.o)
 .debug_macro   0x0000000000000000     0xb953 /home/jutoroa/workspace/STMDirectory/DriversSTM32/Debug/libDriversSTM32.a(GPIOxDriver.o)
 .debug_macro   0x0000000000000000       0x6d /home/jutoroa/workspace/STMDirectory/DriversSTM32/Debug/libDriversSTM32.a(GPIOxDriver.o)
 .text          0x0000000000000000        0x0 /opt/st/stm32cubeide_1.9.0/plugins/com.st.stm32cube.ide.mcu.externaltools.gnu-tools-for-stm32.10.3-2021.10.linux64_1.0.0.202111181127/tools/bin/../lib/gcc/arm-none-eabi/10.3.1/../../../../arm-none-eabi/lib/thumb/v7e-m/nofp/libc_nano.a(lib_a-errno.o)
 .data          0x0000000000000000        0x0 /opt/st/stm32cubeide_1.9.0/plugins/com.st.stm32cube.ide.mcu.externaltools.gnu-tools-for-stm32.10.3-2021.10.linux64_1.0.0.202111181127/tools/bin/../lib/gcc/arm-none-eabi/10.3.1/../../../../arm-none-eabi/lib/thumb/v7e-m/nofp/libc_nano.a(lib_a-errno.o)
 .bss           0x0000000000000000        0x0 /opt/st/stm32cubeide_1.9.0/plugins/com.st.stm32cube.ide.mcu.externaltools.gnu-tools-for-stm32.10.3-2021.10.linux64_1.0.0.202111181127/tools/bin/../lib/gcc/arm-none-eabi/10.3.1/../../../../arm-none-eabi/lib/thumb/v7e-m/nofp/libc_nano.a(lib_a-errno.o)
 .text.__errno  0x0000000000000000        0xc /opt/st/stm32cubeide_1.9.0/plugins/com.st.stm32cube.ide.mcu.externaltools.gnu-tools-for-stm32.10.3-2021.10.linux64_1.0.0.202111181127/tools/bin/../lib/gcc/arm-none-eabi/10.3.1/../../../../arm-none-eabi/lib/thumb/v7e-m/nofp/libc_nano.a(lib_a-errno.o)
 .debug_frame   0x0000000000000000       0x20 /opt/st/stm32cubeide_1.9.0/plugins/com.st.stm32cube.ide.mcu.externaltools.gnu-tools-for-stm32.10.3-2021.10.linux64_1.0.0.202111181127/tools/bin/../lib/gcc/arm-none-eabi/10.3.1/../../../../arm-none-eabi/lib/thumb/v7e-m/nofp/libc_nano.a(lib_a-errno.o)
 .ARM.attributes
                0x0000000000000000       0x2e /opt/st/stm32cubeide_1.9.0/plugins/com.st.stm32cube.ide.mcu.externaltools.gnu-tools-for-stm32.10.3-2021.10.linux64_1.0.0.202111181127/tools/bin/../lib/gcc/arm-none-eabi/10.3.1/../../../../arm-none-eabi/lib/thumb/v7e-m/nofp/libc_nano.a(lib_a-errno.o)
 .text          0x0000000000000000        0x0 /opt/st/stm32cubeide_1.9.0/plugins/com.st.stm32cube.ide.mcu.externaltools.gnu-tools-for-stm32.10.3-2021.10.linux64_1.0.0.202111181127/tools/bin/../lib/gcc/arm-none-eabi/10.3.1/../../../../arm-none-eabi/lib/thumb/v7e-m/nofp/libc_nano.a(lib_a-exit.o)
 .data          0x0000000000000000        0x0 /opt/st/stm32cubeide_1.9.0/plugins/com.st.stm32cube.ide.mcu.externaltools.gnu-tools-for-stm32.10.3-2021.10.linux64_1.0.0.202111181127/tools/bin/../lib/gcc/arm-none-eabi/10.3.1/../../../../arm-none-eabi/lib/thumb/v7e-m/nofp/libc_nano.a(lib_a-exit.o)
 .bss           0x0000000000000000        0x0 /opt/st/stm32cubeide_1.9.0/plugins/com.st.stm32cube.ide.mcu.externaltools.gnu-tools-for-stm32.10.3-2021.10.linux64_1.0.0.202111181127/tools/bin/../lib/gcc/arm-none-eabi/10.3.1/../../../../arm-none-eabi/lib/thumb/v7e-m/nofp/libc_nano.a(lib_a-exit.o)
 .text.exit     0x0000000000000000       0x28 /opt/st/stm32cubeide_1.9.0/plugins/com.st.stm32cube.ide.mcu.externaltools.gnu-tools-for-stm32.10.3-2021.10.linux64_1.0.0.202111181127/tools/bin/../lib/gcc/arm-none-eabi/10.3.1/../../../../arm-none-eabi/lib/thumb/v7e-m/nofp/libc_nano.a(lib_a-exit.o)
 .debug_frame   0x0000000000000000       0x28 /opt/st/stm32cubeide_1.9.0/plugins/com.st.stm32cube.ide.mcu.externaltools.gnu-tools-for-stm32.10.3-2021.10.linux64_1.0.0.202111181127/tools/bin/../lib/gcc/arm-none-eabi/10.3.1/../../../../arm-none-eabi/lib/thumb/v7e-m/nofp/libc_nano.a(lib_a-exit.o)
 .ARM.attributes
                0x0000000000000000       0x2e /opt/st/stm32cubeide_1.9.0/plugins/com.st.stm32cube.ide.mcu.externaltools.gnu-tools-for-stm32.10.3-2021.10.linux64_1.0.0.202111181127/tools/bin/../lib/gcc/arm-none-eabi/10.3.1/../../../../arm-none-eabi/lib/thumb/v7e-m/nofp/libc_nano.a(lib_a-exit.o)
 .text          0x0000000000000000        0x0 /opt/st/stm32cubeide_1.9.0/plugins/com.st.stm32cube.ide.mcu.externaltools.gnu-tools-for-stm32.10.3-2021.10.linux64_1.0.0.202111181127/tools/bin/../lib/gcc/arm-none-eabi/10.3.1/../../../../arm-none-eabi/lib/thumb/v7e-m/nofp/libc_nano.a(lib_a-impure.o)
 .data          0x0000000000000000        0x0 /opt/st/stm32cubeide_1.9.0/plugins/com.st.stm32cube.ide.mcu.externaltools.gnu-tools-for-stm32.10.3-2021.10.linux64_1.0.0.202111181127/tools/bin/../lib/gcc/arm-none-eabi/10.3.1/../../../../arm-none-eabi/lib/thumb/v7e-m/nofp/libc_nano.a(lib_a-impure.o)
 .bss           0x0000000000000000        0x0 /opt/st/stm32cubeide_1.9.0/plugins/com.st.stm32cube.ide.mcu.externaltools.gnu-tools-for-stm32.10.3-2021.10.linux64_1.0.0.202111181127/tools/bin/../lib/gcc/arm-none-eabi/10.3.1/../../../../arm-none-eabi/lib/thumb/v7e-m/nofp/libc_nano.a(lib_a-impure.o)
 .data._impure_ptr
                0x0000000000000000        0x4 /opt/st/stm32cubeide_1.9.0/plugins/com.st.stm32cube.ide.mcu.externaltools.gnu-tools-for-stm32.10.3-2021.10.linux64_1.0.0.202111181127/tools/bin/../lib/gcc/arm-none-eabi/10.3.1/../../../../arm-none-eabi/lib/thumb/v7e-m/nofp/libc_nano.a(lib_a-impure.o)
 .data.impure_data
                0x0000000000000000       0x60 /opt/st/stm32cubeide_1.9.0/plugins/com.st.stm32cube.ide.mcu.externaltools.gnu-tools-for-stm32.10.3-2021.10.linux64_1.0.0.202111181127/tools/bin/../lib/gcc/arm-none-eabi/10.3.1/../../../../arm-none-eabi/lib/thumb/v7e-m/nofp/libc_nano.a(lib_a-impure.o)
 .rodata._global_impure_ptr
                0x0000000000000000        0x4 /opt/st/stm32cubeide_1.9.0/plugins/com.st.stm32cube.ide.mcu.externaltools.gnu-tools-for-stm32.10.3-2021.10.linux64_1.0.0.202111181127/tools/bin/../lib/gcc/arm-none-eabi/10.3.1/../../../../arm-none-eabi/lib/thumb/v7e-m/nofp/libc_nano.a(lib_a-impure.o)
 .ARM.attributes
                0x0000000000000000       0x2e /opt/st/stm32cubeide_1.9.0/plugins/com.st.stm32cube.ide.mcu.externaltools.gnu-tools-for-stm32.10.3-2021.10.linux64_1.0.0.202111181127/tools/bin/../lib/gcc/arm-none-eabi/10.3.1/../../../../arm-none-eabi/lib/thumb/v7e-m/nofp/libc_nano.a(lib_a-impure.o)
 .text          0x0000000000000000        0x0 /opt/st/stm32cubeide_1.9.0/plugins/com.st.stm32cube.ide.mcu.externaltools.gnu-tools-for-stm32.10.3-2021.10.linux64_1.0.0.202111181127/tools/bin/../lib/gcc/arm-none-eabi/10.3.1/../../../../arm-none-eabi/lib/thumb/v7e-m/nofp/libc_nano.a(lib_a-init.o)
 .data          0x0000000000000000        0x0 /opt/st/stm32cubeide_1.9.0/plugins/com.st.stm32cube.ide.mcu.externaltools.gnu-tools-for-stm32.10.3-2021.10.linux64_1.0.0.202111181127/tools/bin/../lib/gcc/arm-none-eabi/10.3.1/../../../../arm-none-eabi/lib/thumb/v7e-m/nofp/libc_nano.a(lib_a-init.o)
 .bss           0x0000000000000000        0x0 /opt/st/stm32cubeide_1.9.0/plugins/com.st.stm32cube.ide.mcu.externaltools.gnu-tools-for-stm32.10.3-2021.10.linux64_1.0.0.202111181127/tools/bin/../lib/gcc/arm-none-eabi/10.3.1/../../../../arm-none-eabi/lib/thumb/v7e-m/nofp/libc_nano.a(lib_a-init.o)
 .text          0x0000000000000000        0x0 /opt/st/stm32cubeide_1.9.0/plugins/com.st.stm32cube.ide.mcu.externaltools.gnu-tools-for-stm32.10.3-2021.10.linux64_1.0.0.202111181127/tools/bin/../lib/gcc/arm-none-eabi/10.3.1/../../../../arm-none-eabi/lib/thumb/v7e-m/nofp/libc_nano.a(lib_a-memset.o)
 .data          0x0000000000000000        0x0 /opt/st/stm32cubeide_1.9.0/plugins/com.st.stm32cube.ide.mcu.externaltools.gnu-tools-for-stm32.10.3-2021.10.linux64_1.0.0.202111181127/tools/bin/../lib/gcc/arm-none-eabi/10.3.1/../../../../arm-none-eabi/lib/thumb/v7e-m/nofp/libc_nano.a(lib_a-memset.o)
 .bss           0x0000000000000000        0x0 /opt/st/stm32cubeide_1.9.0/plugins/com.st.stm32cube.ide.mcu.externaltools.gnu-tools-for-stm32.10.3-2021.10.linux64_1.0.0.202111181127/tools/bin/../lib/gcc/arm-none-eabi/10.3.1/../../../../arm-none-eabi/lib/thumb/v7e-m/nofp/libc_nano.a(lib_a-memset.o)
 .text.memset   0x0000000000000000       0x10 /opt/st/stm32cubeide_1.9.0/plugins/com.st.stm32cube.ide.mcu.externaltools.gnu-tools-for-stm32.10.3-2021.10.linux64_1.0.0.202111181127/tools/bin/../lib/gcc/arm-none-eabi/10.3.1/../../../../arm-none-eabi/lib/thumb/v7e-m/nofp/libc_nano.a(lib_a-memset.o)
 .debug_frame   0x0000000000000000       0x20 /opt/st/stm32cubeide_1.9.0/plugins/com.st.stm32cube.ide.mcu.externaltools.gnu-tools-for-stm32.10.3-2021.10.linux64_1.0.0.202111181127/tools/bin/../lib/gcc/arm-none-eabi/10.3.1/../../../../arm-none-eabi/lib/thumb/v7e-m/nofp/libc_nano.a(lib_a-memset.o)
 .ARM.attributes
                0x0000000000000000       0x2e /opt/st/stm32cubeide_1.9.0/plugins/com.st.stm32cube.ide.mcu.externaltools.gnu-tools-for-stm32.10.3-2021.10.linux64_1.0.0.202111181127/tools/bin/../lib/gcc/arm-none-eabi/10.3.1/../../../../arm-none-eabi/lib/thumb/v7e-m/nofp/libc_nano.a(lib_a-memset.o)
 .text          0x0000000000000000        0x0 /opt/st/stm32cubeide_1.9.0/plugins/com.st.stm32cube.ide.mcu.externaltools.gnu-tools-for-stm32.10.3-2021.10.linux64_1.0.0.202111181127/tools/bin/../lib/gcc/arm-none-eabi/10.3.1/thumb/v7e-m/nofp/crtend.o
 .data          0x0000000000000000        0x0 /opt/st/stm32cubeide_1.9.0/plugins/com.st.stm32cube.ide.mcu.externaltools.gnu-tools-for-stm32.10.3-2021.10.linux64_1.0.0.202111181127/tools/bin/../lib/gcc/arm-none-eabi/10.3.1/thumb/v7e-m/nofp/crtend.o
 .bss           0x0000000000000000        0x0 /opt/st/stm32cubeide_1.9.0/plugins/com.st.stm32cube.ide.mcu.externaltools.gnu-tools-for-stm32.10.3-2021.10.linux64_1.0.0.202111181127/tools/bin/../lib/gcc/arm-none-eabi/10.3.1/thumb/v7e-m/nofp/crtend.o
 .rodata        0x0000000000000000       0x24 /opt/st/stm32cubeide_1.9.0/plugins/com.st.stm32cube.ide.mcu.externaltools.gnu-tools-for-stm32.10.3-2021.10.linux64_1.0.0.202111181127/tools/bin/../lib/gcc/arm-none-eabi/10.3.1/thumb/v7e-m/nofp/crtend.o
 .eh_frame      0x0000000000000000        0x4 /opt/st/stm32cubeide_1.9.0/plugins/com.st.stm32cube.ide.mcu.externaltools.gnu-tools-for-stm32.10.3-2021.10.linux64_1.0.0.202111181127/tools/bin/../lib/gcc/arm-none-eabi/10.3.1/thumb/v7e-m/nofp/crtend.o
 .ARM.attributes
                0x0000000000000000       0x2e /opt/st/stm32cubeide_1.9.0/plugins/com.st.stm32cube.ide.mcu.externaltools.gnu-tools-for-stm32.10.3-2021.10.linux64_1.0.0.202111181127/tools/bin/../lib/gcc/arm-none-eabi/10.3.1/thumb/v7e-m/nofp/crtend.o
 .text          0x0000000000000000        0x0 /opt/st/stm32cubeide_1.9.0/plugins/com.st.stm32cube.ide.mcu.externaltools.gnu-tools-for-stm32.10.3-2021.10.linux64_1.0.0.202111181127/tools/bin/../lib/gcc/arm-none-eabi/10.3.1/thumb/v7e-m/nofp/crtn.o
 .data          0x0000000000000000        0x0 /opt/st/stm32cubeide_1.9.0/plugins/com.st.stm32cube.ide.mcu.externaltools.gnu-tools-for-stm32.10.3-2021.10.linux64_1.0.0.202111181127/tools/bin/../lib/gcc/arm-none-eabi/10.3.1/thumb/v7e-m/nofp/crtn.o
 .bss           0x0000000000000000        0x0 /opt/st/stm32cubeide_1.9.0/plugins/com.st.stm32cube.ide.mcu.externaltools.gnu-tools-for-stm32.10.3-2021.10.linux64_1.0.0.202111181127/tools/bin/../lib/gcc/arm-none-eabi/10.3.1/thumb/v7e-m/nofp/crtn.o

Memory Configuration

Name             Origin             Length             Attributes
RAM              0x0000000020000000 0x0000000000020000 xrw
FLASH            0x0000000008000000 0x0000000000080000 xr
*default*        0x0000000000000000 0xffffffffffffffff

Linker script and memory map

LOAD /opt/st/stm32cubeide_1.9.0/plugins/com.st.stm32cube.ide.mcu.externaltools.gnu-tools-for-stm32.10.3-2021.10.linux64_1.0.0.202111181127/tools/bin/../lib/gcc/arm-none-eabi/10.3.1/thumb/v7e-m/nofp/crti.o
LOAD /opt/st/stm32cubeide_1.9.0/plugins/com.st.stm32cube.ide.mcu.externaltools.gnu-tools-for-stm32.10.3-2021.10.linux64_1.0.0.202111181127/tools/bin/../lib/gcc/arm-none-eabi/10.3.1/thumb/v7e-m/nofp/crtbegin.o
LOAD /opt/st/stm32cubeide_1.9.0/plugins/com.st.stm32cube.ide.mcu.externaltools.gnu-tools-for-stm32.10.3-2021.10.linux64_1.0.0.202111181127/tools/bin/../lib/gcc/arm-none-eabi/10.3.1/../../../../arm-none-eabi/lib/thumb/v7e-m/nofp/crt0.o
LOAD ./Src/PWMEjemplo1.o
LOAD ./Src/syscalls.o
LOAD ./Src/sysmem.o
LOAD ./Startup/startup_stm32f411retx.o
LOAD /home/jutoroa/workspace/STMDirectory/DriversSTM32/Debug/libDriversSTM32.a
START GROUP
LOAD /opt/st/stm32cubeide_1.9.0/plugins/com.st.stm32cube.ide.mcu.externaltools.gnu-tools-for-stm32.10.3-2021.10.linux64_1.0.0.202111181127/tools/bin/../lib/gcc/arm-none-eabi/10.3.1/../../../../arm-none-eabi/lib/thumb/v7e-m/nofp/libc_nano.a
LOAD /opt/st/stm32cubeide_1.9.0/plugins/com.st.stm32cube.ide.mcu.externaltools.gnu-tools-for-stm32.10.3-2021.10.linux64_1.0.0.202111181127/tools/bin/../lib/gcc/arm-none-eabi/10.3.1/../../../../arm-none-eabi/lib/thumb/v7e-m/nofp/libm.a
END GROUP
START GROUP
LOAD /opt/st/stm32cubeide_1.9.0/plugins/com.st.stm32cube.ide.mcu.externaltools.gnu-tools-for-stm32.10.3-2021.10.linux64_1.0.0.202111181127/tools/bin/../lib/gcc/arm-none-eabi/10.3.1/thumb/v7e-m/nofp/libgcc.a
LOAD /opt/st/stm32cubeide_1.9.0/plugins/com.st.stm32cube.ide.mcu.externaltools.gnu-tools-for-stm32.10.3-2021.10.linux64_1.0.0.202111181127/tools/bin/../lib/gcc/arm-none-eabi/10.3.1/../../../../arm-none-eabi/lib/thumb/v7e-m/nofp/libc_nano.a
END GROUP
START GROUP
LOAD /opt/st/stm32cubeide_1.9.0/plugins/com.st.stm32cube.ide.mcu.externaltools.gnu-tools-for-stm32.10.3-2021.10.linux64_1.0.0.202111181127/tools/bin/../lib/gcc/arm-none-eabi/10.3.1/thumb/v7e-m/nofp/libgcc.a
LOAD /opt/st/stm32cubeide_1.9.0/plugins/com.st.stm32cube.ide.mcu.externaltools.gnu-tools-for-stm32.10.3-2021.10.linux64_1.0.0.202111181127/tools/bin/../lib/gcc/arm-none-eabi/10.3.1/../../../../arm-none-eabi/lib/thumb/v7e-m/nofp/libc_nano.a
LOAD /opt/st/stm32cubeide_1.9.0/plugins/com.st.stm32cube.ide.mcu.externaltools.gnu-tools-for-stm32.10.3-2021.10.linux64_1.0.0.202111181127/tools/bin/../lib/gcc/arm-none-eabi/10.3.1/../../../../arm-none-eabi/lib/thumb/v7e-m/nofp/libnosys.a
END GROUP
START GROUP
LOAD /opt/st/stm32cubeide_1.9.0/plugins/com.st.stm32cube.ide.mcu.externaltools.gnu-tools-for-stm32.10.3-2021.10.linux64_1.0.0.202111181127/tools/bin/../lib/gcc/arm-none-eabi/10.3.1/thumb/v7e-m/nofp/libgcc.a
LOAD /opt/st/stm32cubeide_1.9.0/plugins/com.st.stm32cube.ide.mcu.externaltools.gnu-tools-for-stm32.10.3-2021.10.linux64_1.0.0.202111181127/tools/bin/../lib/gcc/arm-none-eabi/10.3.1/../../../../arm-none-eabi/lib/thumb/v7e-m/nofp/libc_nano.a
LOAD /opt/st/stm32cubeide_1.9.0/plugins/com.st.stm32cube.ide.mcu.externaltools.gnu-tools-for-stm32.10.3-2021.10.linux64_1.0.0.202111181127/tools/bin/../lib/gcc/arm-none-eabi/10.3.1/../../../../arm-none-eabi/lib/thumb/v7e-m/nofp/libnosys.a
END GROUP
LOAD /opt/st/stm32cubeide_1.9.0/plugins/com.st.stm32cube.ide.mcu.externaltools.gnu-tools-for-stm32.10.3-2021.10.linux64_1.0.0.202111181127/tools/bin/../lib/gcc/arm-none-eabi/10.3.1/thumb/v7e-m/nofp/crtend.o
LOAD /opt/st/stm32cubeide_1.9.0/plugins/com.st.stm32cube.ide.mcu.externaltools.gnu-tools-for-stm32.10.3-2021.10.linux64_1.0.0.202111181127/tools/bin/../lib/gcc/arm-none-eabi/10.3.1/thumb/v7e-m/nofp/crtn.o
                0x0000000020020000                _estack = (ORIGIN (RAM) + LENGTH (RAM))
                0x0000000000000200                _Min_Heap_Size = 0x200
                0x0000000000000400                _Min_Stack_Size = 0x400

.isr_vector     0x0000000008000000      0x198
                0x0000000008000000                . = ALIGN (0x4)
 *(.isr_vector)
 .isr_vector    0x0000000008000000      0x198 ./Startup/startup_stm32f411retx.o
                0x0000000008000000                g_pfnVectors
                0x0000000008000198                . = ALIGN (0x4)

.text           0x0000000008000198      0x4f8
                0x0000000008000198                . = ALIGN (0x4)
 *(.text)
 .text          0x0000000008000198       0x40 /opt/st/stm32cubeide_1.9.0/plugins/com.st.stm32cube.ide.mcu.externaltools.gnu-tools-for-stm32.10.3-2021.10.linux64_1.0.0.202111181127/tools/bin/../lib/gcc/arm-none-eabi/10.3.1/thumb/v7e-m/nofp/crtbegin.o
 *(.text*)
 .text.PWD_config
                0x00000000080001d8       0xa0 ./Src/PWMEjemplo1.o
                0x00000000080001d8                PWD_config
 .text.delay    0x0000000008000278       0x2a ./Src/PWMEjemplo1.o
                0x0000000008000278                delay
 *fill*         0x00000000080002a2        0x2 
 .text.main     0x00000000080002a4       0x94 ./Src/PWMEjemplo1.o
                0x00000000080002a4                main
 .text.Reset_Handler
                0x0000000008000338       0x50 ./Startup/startup_stm32f411retx.o
                0x0000000008000338                Reset_Handler
 .text.Default_Handler
                0x0000000008000388        0x2 ./Startup/startup_stm32f411retx.o
                0x0000000008000388                RTC_Alarm_IRQHandler
                0x0000000008000388                EXTI2_IRQHandler
                0x0000000008000388                DebugMon_Handler
                0x0000000008000388                SPI4_IRQHandler
                0x0000000008000388                TIM1_CC_IRQHandler
                0x0000000008000388                DMA2_Stream5_IRQHandler
                0x0000000008000388                HardFault_Handler
                0x0000000008000388                DMA1_Stream5_IRQHandler
                0x0000000008000388                SysTick_Handler
                0x0000000008000388                PVD_IRQHandler
                0x0000000008000388                SDIO_IRQHandler
                0x0000000008000388                TAMP_STAMP_IRQHandler
                0x0000000008000388                PendSV_Handler
                0x0000000008000388                NMI_Handler
                0x0000000008000388                EXTI3_IRQHandler
                0x0000000008000388                TIM1_UP_TIM10_IRQHandler
                0x0000000008000388                I2C3_ER_IRQHandler
                0x0000000008000388                EXTI0_IRQHandler
                0x0000000008000388                I2C2_EV_IRQHandler
                0x0000000008000388                DMA1_Stream2_IRQHandler
                0x0000000008000388                FPU_IRQHandler
                0x0000000008000388                UsageFault_Handler
                0x0000000008000388                DMA2_Stream2_IRQHandler
                0x0000000008000388                SPI1_IRQHandler
                0x0000000008000388                TIM1_BRK_TIM9_IRQHandler
                0x0000000008000388                DMA2_Stream3_IRQHandler
                0x0000000008000388                USART6_IRQHandler
                0x0000000008000388                DMA2_Stream0_IRQHandler
                0x0000000008000388                TIM4_IRQHandler
                0x0000000008000388                I2C1_EV_IRQHandler
                0x0000000008000388                DMA1_Stream6_IRQHandler
                0x0000000008000388                DMA1_Stream1_IRQHandler
                0x0000000008000388                TIM3_IRQHandler
                0x0000000008000388                RCC_IRQHandler
                0x0000000008000388                Default_Handler
                0x0000000008000388                EXTI15_10_IRQHandler
                0x0000000008000388                ADC_IRQHandler
                0x0000000008000388                DMA1_Stream7_IRQHandler
                0x0000000008000388                SPI5_IRQHandler
                0x0000000008000388                TIM5_IRQHandler
                0x0000000008000388                DMA2_Stream7_IRQHandler
                0x0000000008000388                I2C3_EV_IRQHandler
                0x0000000008000388                EXTI9_5_IRQHandler
                0x0000000008000388                RTC_WKUP_IRQHandler
                0x0000000008000388                SPI2_IRQHandler
                0x0000000008000388                MemManage_Handler
                0x0000000008000388                DMA1_Stream0_IRQHandler
                0x0000000008000388                SVC_Handler
                0x0000000008000388                EXTI4_IRQHandler
                0x0000000008000388                WWDG_IRQHandler
                0x0000000008000388                TIM2_IRQHandler
                0x0000000008000388                OTG_FS_WKUP_IRQHandler
                0x0000000008000388                TIM1_TRG_COM_TIM11_IRQHandler
                0x0000000008000388                EXTI1_IRQHandler
                0x0000000008000388                USART2_IRQHandler
                0x0000000008000388                I2C2_ER_IRQHandler
                0x0000000008000388                DMA2_Stream1_IRQHandler
                0x0000000008000388                FLASH_IRQHandler
                0x0000000008000388                DMA2_Stream4_IRQHandler
                0x0000000008000388                BusFault_Handler
                0x0000000008000388                USART1_IRQHandler
                0x0000000008000388                OTG_FS_IRQHandler
                0x0000000008000388                SPI3_IRQHandler
                0x0000000008000388                DMA1_Stream4_IRQHandler
                0x0000000008000388                I2C1_ER_IRQHandler
                0x0000000008000388                DMA2_Stream6_IRQHandler
                0x0000000008000388                DMA1_Stream3_IRQHandler
 *fill*         0x000000000800038a        0x2 
 .text.GPIO_Config
                0x000000000800038c      0x250 /home/jutoroa/workspace/STMDirectory/DriversSTM32/Debug/libDriversSTM32.a(GPIOxDriver.o)
                0x000000000800038c                GPIO_Config
 .text.GPIO_WritePin
                0x00000000080005dc       0x54 /home/jutoroa/workspace/STMDirectory/DriversSTM32/Debug/libDriversSTM32.a(GPIOxDriver.o)
                0x00000000080005dc                GPIO_WritePin
 .text.__libc_init_array
                0x0000000008000630       0x48 /opt/st/stm32cubeide_1.9.0/plugins/com.st.stm32cube.ide.mcu.externaltools.gnu-tools-for-stm32.10.3-2021.10.linux64_1.0.0.202111181127/tools/bin/../lib/gcc/arm-none-eabi/10.3.1/../../../../arm-none-eabi/lib/thumb/v7e-m/nofp/libc_nano.a(lib_a-init.o)
                0x0000000008000630                __libc_init_array
 *(.glue_7)
 .glue_7        0x0000000008000678        0x0 linker stubs
 *(.glue_7t)
 .glue_7t       0x0000000008000678        0x0 linker stubs
 *(.eh_frame)
 .eh_frame      0x0000000008000678        0x0 /opt/st/stm32cubeide_1.9.0/plugins/com.st.stm32cube.ide.mcu.externaltools.gnu-tools-for-stm32.10.3-2021.10.linux64_1.0.0.202111181127/tools/bin/../lib/gcc/arm-none-eabi/10.3.1/thumb/v7e-m/nofp/crtbegin.o
 *(.init)
 .init          0x0000000008000678        0x4 /opt/st/stm32cubeide_1.9.0/plugins/com.st.stm32cube.ide.mcu.externaltools.gnu-tools-for-stm32.10.3-2021.10.linux64_1.0.0.202111181127/tools/bin/../lib/gcc/arm-none-eabi/10.3.1/thumb/v7e-m/nofp/crti.o
                0x0000000008000678                _init
 .init          0x000000000800067c        0x8 /opt/st/stm32cubeide_1.9.0/plugins/com.st.stm32cube.ide.mcu.externaltools.gnu-tools-for-stm32.10.3-2021.10.linux64_1.0.0.202111181127/tools/bin/../lib/gcc/arm-none-eabi/10.3.1/thumb/v7e-m/nofp/crtn.o
 *(.fini)
 .fini          0x0000000008000684        0x4 /opt/st/stm32cubeide_1.9.0/plugins/com.st.stm32cube.ide.mcu.externaltools.gnu-tools-for-stm32.10.3-2021.10.linux64_1.0.0.202111181127/tools/bin/../lib/gcc/arm-none-eabi/10.3.1/thumb/v7e-m/nofp/crti.o
                0x0000000008000684                _fini
 .fini          0x0000000008000688        0x8 /opt/st/stm32cubeide_1.9.0/plugins/com.st.stm32cube.ide.mcu.externaltools.gnu-tools-for-stm32.10.3-2021.10.linux64_1.0.0.202111181127/tools/bin/../lib/gcc/arm-none-eabi/10.3.1/thumb/v7e-m/nofp/crtn.o
                0x0000000008000690                . = ALIGN (0x4)
                0x0000000008000690                _etext = .

.vfp11_veneer   0x0000000008000690        0x0
 .vfp11_veneer  0x0000000008000690        0x0 linker stubs

.v4_bx          0x0000000008000690        0x0
 .v4_bx         0x0000000008000690        0x0 linker stubs

.iplt           0x0000000008000690        0x0
 .iplt          0x0000000008000690        0x0 /opt/st/stm32cubeide_1.9.0/plugins/com.st.stm32cube.ide.mcu.externaltools.gnu-tools-for-stm32.10.3-2021.10.linux64_1.0.0.202111181127/tools/bin/../lib/gcc/arm-none-eabi/10.3.1/thumb/v7e-m/nofp/crtbegin.o

.rel.dyn        0x0000000008000690        0x0
 .rel.iplt      0x0000000008000690        0x0 /opt/st/stm32cubeide_1.9.0/plugins/com.st.stm32cube.ide.mcu.externaltools.gnu-tools-for-stm32.10.3-2021.10.linux64_1.0.0.202111181127/tools/bin/../lib/gcc/arm-none-eabi/10.3.1/thumb/v7e-m/nofp/crtbegin.o

.rodata         0x0000000008000690        0x0
                0x0000000008000690                . = ALIGN (0x4)
 *(.rodata)
 *(.rodata*)
                0x0000000008000690                . = ALIGN (0x4)

.ARM.extab      0x0000000008000690        0x0
                0x0000000008000690                . = ALIGN (0x4)
 *(.ARM.extab* .gnu.linkonce.armextab.*)
                0x0000000008000690                . = ALIGN (0x4)

.ARM            0x0000000008000690        0x0
                0x0000000008000690                . = ALIGN (0x4)
                0x0000000008000690                __exidx_start = .
 *(.ARM.exidx*)
                0x0000000008000690                __exidx_end = .
                0x0000000008000690                . = ALIGN (0x4)

.preinit_array  0x0000000008000690        0x0
                0x0000000008000690                . = ALIGN (0x4)
                0x0000000008000690                PROVIDE (__preinit_array_start = .)
 *(.preinit_array*)
                0x0000000008000690                PROVIDE (__preinit_array_end = .)
                0x0000000008000690                . = ALIGN (0x4)

.init_array     0x0000000008000690        0x4
                0x0000000008000690                . = ALIGN (0x4)
                0x0000000008000690                PROVIDE (__init_array_start = .)
 *(SORT_BY_NAME(.init_array.*))
 *(.init_array*)
 .init_array    0x0000000008000690        0x4 /opt/st/stm32cubeide_1.9.0/plugins/com.st.stm32cube.ide.mcu.externaltools.gnu-tools-for-stm32.10.3-2021.10.linux64_1.0.0.202111181127/tools/bin/../lib/gcc/arm-none-eabi/10.3.1/thumb/v7e-m/nofp/crtbegin.o
                0x0000000008000694                PROVIDE (__init_array_end = .)
                0x0000000008000694                . = ALIGN (0x4)

.fini_array     0x0000000008000694        0x4
                0x0000000008000694                . = ALIGN (0x4)
                [!provide]                        PROVIDE (__fini_array_start = .)
 *(SORT_BY_NAME(.fini_array.*))
 *(.fini_array*)
 .fini_array    0x0000000008000694        0x4 /opt/st/stm32cubeide_1.9.0/plugins/com.st.stm32cube.ide.mcu.externaltools.gnu-tools-for-stm32.10.3-2021.10.linux64_1.0.0.202111181127/tools/bin/../lib/gcc/arm-none-eabi/10.3.1/thumb/v7e-m/nofp/crtbegin.o
                [!provide]                        PROVIDE (__fini_array_end = .)
                0x0000000008000698                . = ALIGN (0x4)
                0x0000000008000698                _sidata = LOADADDR (.data)

.data           0x0000000020000000        0x0 load address 0x0000000008000698
                0x0000000020000000                . = ALIGN (0x4)
                0x0000000020000000                _sdata = .
 *(.data)
 *(.data*)
 *(.RamFunc)
 *(.RamFunc*)
                0x0000000020000000                . = ALIGN (0x4)
                0x0000000020000000                _edata = .

.igot.plt       0x0000000020000000        0x0 load address 0x0000000008000698
 .igot.plt      0x0000000020000000        0x0 /opt/st/stm32cubeide_1.9.0/plugins/com.st.stm32cube.ide.mcu.externaltools.gnu-tools-for-stm32.10.3-2021.10.linux64_1.0.0.202111181127/tools/bin/../lib/gcc/arm-none-eabi/10.3.1/thumb/v7e-m/nofp/crtbegin.o
                0x0000000020000000                . = ALIGN (0x4)

.bss            0x0000000020000000       0x34 load address 0x0000000008000698
                0x0000000020000000                _sbss = .
                0x0000000020000000                __bss_start__ = _sbss
 *(.bss)
 .bss           0x0000000020000000       0x1c /opt/st/stm32cubeide_1.9.0/plugins/com.st.stm32cube.ide.mcu.externaltools.gnu-tools-for-stm32.10.3-2021.10.linux64_1.0.0.202111181127/tools/bin/../lib/gcc/arm-none-eabi/10.3.1/thumb/v7e-m/nofp/crtbegin.o
 *(.bss*)
 .bss.handlerStateLED
                0x000000002000001c        0xc ./Src/PWMEjemplo1.o
                0x000000002000001c                handlerStateLED
 .bss.handlerPWDTimer
                0x0000000020000028        0xc ./Src/PWMEjemplo1.o
                0x0000000020000028                handlerPWDTimer
 *(COMMON)
                0x0000000020000034                . = ALIGN (0x4)
                0x0000000020000034                _ebss = .
                0x0000000020000034                __bss_end__ = _ebss

._user_heap_stack
                0x0000000020000034      0x604 load address 0x0000000008000698
                0x0000000020000038                . = ALIGN (0x8)
 *fill*         0x0000000020000034        0x4 
                [!provide]                        PROVIDE (end = .)
                0x0000000020000038                PROVIDE (_end = .)
                0x0000000020000238                . = (. + _Min_Heap_Size)
 *fill*         0x0000000020000038      0x200 
                0x0000000020000638                . = (. + _Min_Stack_Size)
 *fill*         0x0000000020000238      0x400 
                0x0000000020000638                . = ALIGN (0x8)

/DISCARD/
 libc.a(*)
 libm.a(*)
 libgcc.a(*)

.ARM.attributes
                0x0000000000000000       0x2a
 *(.ARM.attributes)
 .ARM.attributes
                0x0000000000000000       0x1e /opt/st/stm32cubeide_1.9.0/plugins/com.st.stm32cube.ide.mcu.externaltools.gnu-tools-for-stm32.10.3-2021.10.linux64_1.0.0.202111181127/tools/bin/../lib/gcc/arm-none-eabi/10.3.1/thumb/v7e-m/nofp/crti.o
 .ARM.attributes
                0x000000000000001e       0x2e /opt/st/stm32cubeide_1.9.0/plugins/com.st.stm32cube.ide.mcu.externaltools.gnu-tools-for-stm32.10.3-2021.10.linux64_1.0.0.202111181127/tools/bin/../lib/gcc/arm-none-eabi/10.3.1/thumb/v7e-m/nofp/crtbegin.o
 .ARM.attributes
                0x000000000000004c       0x2e ./Src/PWMEjemplo1.o
 .ARM.attributes
                0x000000000000007a       0x21 ./Startup/startup_stm32f411retx.o
 .ARM.attributes
                0x000000000000009b       0x2e /home/jutoroa/workspace/STMDirectory/DriversSTM32/Debug/libDriversSTM32.a(GPIOxDriver.o)
 .ARM.attributes
                0x00000000000000c9       0x2e /opt/st/stm32cubeide_1.9.0/plugins/com.st.stm32cube.ide.mcu.externaltools.gnu-tools-for-stm32.10.3-2021.10.linux64_1.0.0.202111181127/tools/bin/../lib/gcc/arm-none-eabi/10.3.1/../../../../arm-none-eabi/lib/thumb/v7e-m/nofp/libc_nano.a(lib_a-init.o)
 .ARM.attributes
                0x00000000000000f7       0x1e /opt/st/stm32cubeide_1.9.0/plugins/com.st.stm32cube.ide.mcu.externaltools.gnu-tools-for-stm32.10.3-2021.10.linux64_1.0.0.202111181127/tools/bin/../lib/gcc/arm-none-eabi/10.3.1/thumb/v7e-m/nofp/crtn.o
OUTPUT(PWMEjemplo1.elf elf32-littlearm)
LOAD linker stubs
LOAD /opt/st/stm32cubeide_1.9.0/plugins/com.st.stm32cube.ide.mcu.externaltools.gnu-tools-for-stm32.10.3-2021.10.linux64_1.0.0.202111181127/tools/bin/../lib/gcc/arm-none-eabi/10.3.1/../../../../arm-none-eabi/lib/thumb/v7e-m/nofp/libc.a
LOAD /opt/st/stm32cubeide_1.9.0/plugins/com.st.stm32cube.ide.mcu.externaltools.gnu-tools-for-stm32.10.3-2021.10.linux64_1.0.0.202111181127/tools/bin/../lib/gcc/arm-none-eabi/10.3.1/../../../../arm-none-eabi/lib/thumb/v7e-m/nofp/libm.a
LOAD /opt/st/stm32cubeide_1.9.0/plugins/com.st.stm32cube.ide.mcu.externaltools.gnu-tools-for-stm32.10.3-2021.10.linux64_1.0.0.202111181127/tools/bin/../lib/gcc/arm-none-eabi/10.3.1/thumb/v7e-m/nofp/libgcc.a

.debug_info     0x0000000000000000      0xad0
 .debug_info    0x0000000000000000      0x5fe ./Src/PWMEjemplo1.o
 .debug_info    0x00000000000005fe       0x22 ./Startup/startup_stm32f411retx.o
 .debug_info    0x0000000000000620      0x4b0 /home/jutoroa/workspace/STMDirectory/DriversSTM32/Debug/libDriversSTM32.a(GPIOxDriver.o)

.debug_abbrev   0x0000000000000000      0x2fa
 .debug_abbrev  0x0000000000000000      0x18f ./Src/PWMEjemplo1.o
 .debug_abbrev  0x000000000000018f       0x12 ./Startup/startup_stm32f411retx.o
 .debug_abbrev  0x00000000000001a1      0x159 /home/jutoroa/workspace/STMDirectory/DriversSTM32/Debug/libDriversSTM32.a(GPIOxDriver.o)

.debug_aranges  0x0000000000000000       0x88
 .debug_aranges
                0x0000000000000000       0x30 ./Src/PWMEjemplo1.o
 .debug_aranges
                0x0000000000000030       0x28 ./Startup/startup_stm32f411retx.o
 .debug_aranges
                0x0000000000000058       0x30 /home/jutoroa/workspace/STMDirectory/DriversSTM32/Debug/libDriversSTM32.a(GPIOxDriver.o)

.debug_ranges   0x0000000000000000       0x60
 .debug_ranges  0x0000000000000000       0x20 ./Src/PWMEjemplo1.o
 .debug_ranges  0x0000000000000020       0x20 ./Startup/startup_stm32f411retx.o
 .debug_ranges  0x0000000000000040       0x20 /home/jutoroa/workspace/STMDirectory/DriversSTM32/Debug/libDriversSTM32.a(GPIOxDriver.o)

.debug_macro    0x0000000000000000     0xee9b
 .debug_macro   0x0000000000000000      0x268 ./Src/PWMEjemplo1.o
 .debug_macro   0x0000000000000268      0xa7e ./Src/PWMEjemplo1.o
 .debug_macro   0x0000000000000ce6       0x28 ./Src/PWMEjemplo1.o
 .debug_macro   0x0000000000000d0e       0x28 ./Src/PWMEjemplo1.o
 .debug_macro   0x0000000000000d36       0x22 ./Src/PWMEjemplo1.o
 .debug_macro   0x0000000000000d58       0x8e ./Src/PWMEjemplo1.o
 .debug_macro   0x0000000000000de6       0x51 ./Src/PWMEjemplo1.o
 .debug_macro   0x0000000000000e37      0x103 ./Src/PWMEjemplo1.o
 .debug_macro   0x0000000000000f3a       0x6a ./Src/PWMEjemplo1.o
 .debug_macro   0x0000000000000fa4      0x1df ./Src/PWMEjemplo1.o
 .debug_macro   0x0000000000001183       0x1c ./Src/PWMEjemplo1.o
 .debug_macro   0x000000000000119f       0x22 ./Src/PWMEjemplo1.o
 .debug_macro   0x00000000000011c1       0xd9 ./Src/PWMEjemplo1.o
 .debug_macro   0x000000000000129a     0x102d ./Src/PWMEjemplo1.o
 .debug_macro   0x00000000000022c7      0x11f ./Src/PWMEjemplo1.o
 .debug_macro   0x00000000000023e6     0xb953 ./Src/PWMEjemplo1.o
 .debug_macro   0x000000000000dd39       0x6d ./Src/PWMEjemplo1.o
 .debug_macro   0x000000000000dda6       0x22 ./Src/PWMEjemplo1.o
 .debug_macro   0x000000000000ddc8      0x12a ./Src/PWMEjemplo1.o
 .debug_macro   0x000000000000def2       0x52 ./Src/PWMEjemplo1.o
 .debug_macro   0x000000000000df44       0x18 ./Src/PWMEjemplo1.o
 .debug_macro   0x000000000000df5c       0x3c ./Src/PWMEjemplo1.o
 .debug_macro   0x000000000000df98       0x34 ./Src/PWMEjemplo1.o
 .debug_macro   0x000000000000dfcc       0x16 ./Src/PWMEjemplo1.o
 .debug_macro   0x000000000000dfe2       0x97 ./Src/PWMEjemplo1.o
 .debug_macro   0x000000000000e079      0x341 ./Src/PWMEjemplo1.o
 .debug_macro   0x000000000000e3ba       0xfd ./Src/PWMEjemplo1.o
 .debug_macro   0x000000000000e4b7       0x10 ./Src/PWMEjemplo1.o
 .debug_macro   0x000000000000e4c7       0x16 ./Src/PWMEjemplo1.o
 .debug_macro   0x000000000000e4dd       0x43 ./Src/PWMEjemplo1.o
 .debug_macro   0x000000000000e520       0x34 ./Src/PWMEjemplo1.o
 .debug_macro   0x000000000000e554       0x10 ./Src/PWMEjemplo1.o
 .debug_macro   0x000000000000e564       0x58 ./Src/PWMEjemplo1.o
 .debug_macro   0x000000000000e5bc       0x71 ./Src/PWMEjemplo1.o
 .debug_macro   0x000000000000e62d       0x1c ./Src/PWMEjemplo1.o
 .debug_macro   0x000000000000e649      0x12a ./Src/PWMEjemplo1.o
 .debug_macro   0x000000000000e773       0x10 ./Src/PWMEjemplo1.o
 .debug_macro   0x000000000000e783       0x1c ./Src/PWMEjemplo1.o
 .debug_macro   0x000000000000e79f       0x52 ./Src/PWMEjemplo1.o
 .debug_macro   0x000000000000e7f1       0x22 ./Src/PWMEjemplo1.o
 .debug_macro   0x000000000000e813       0x10 ./Src/PWMEjemplo1.o
 .debug_macro   0x000000000000e823       0x52 ./Src/PWMEjemplo1.o
 .debug_macro   0x000000000000e875       0xd5 ./Src/PWMEjemplo1.o
 .debug_macro   0x000000000000e94a       0x1c ./Src/PWMEjemplo1.o
 .debug_macro   0x000000000000e966       0x3d ./Src/PWMEjemplo1.o
 .debug_macro   0x000000000000e9a3       0x16 ./Src/PWMEjemplo1.o
 .debug_macro   0x000000000000e9b9      0x145 ./Src/PWMEjemplo1.o
 .debug_macro   0x000000000000eafe       0x82 ./Src/PWMEjemplo1.o
 .debug_macro   0x000000000000eb80       0x28 ./Src/PWMEjemplo1.o
 .debug_macro   0x000000000000eba8       0xc4 ./Src/PWMEjemplo1.o
 .debug_macro   0x000000000000ec6c       0x2e ./Src/PWMEjemplo1.o
 .debug_macro   0x000000000000ec9a       0xdd /home/jutoroa/workspace/STMDirectory/DriversSTM32/Debug/libDriversSTM32.a(GPIOxDriver.o)
 .debug_macro   0x000000000000ed77      0x124 /home/jutoroa/workspace/STMDirectory/DriversSTM32/Debug/libDriversSTM32.a(GPIOxDriver.o)

.debug_line     0x0000000000000000      0xe94
 .debug_line    0x0000000000000000      0x7ae ./Src/PWMEjemplo1.o
 .debug_line    0x00000000000007ae       0x84 ./Startup/startup_stm32f411retx.o
 .debug_line    0x0000000000000832      0x662 /home/jutoroa/workspace/STMDirectory/DriversSTM32/Debug/libDriversSTM32.a(GPIOxDriver.o)

.debug_str      0x0000000000000000    0x54400
 .debug_str     0x0000000000000000    0x54334 ./Src/PWMEjemplo1.o
                                      0x5452c (size before relaxing)
 .debug_str     0x0000000000054334       0x31 ./Startup/startup_stm32f411retx.o
                                         0x68 (size before relaxing)
 .debug_str     0x0000000000054365       0x9b /home/jutoroa/workspace/STMDirectory/DriversSTM32/Debug/libDriversSTM32.a(GPIOxDriver.o)
                                      0x4fe90 (size before relaxing)

.comment        0x0000000000000000       0x50
 .comment       0x0000000000000000       0x50 ./Src/PWMEjemplo1.o
                                         0x51 (size before relaxing)
 .comment       0x0000000000000050       0x51 /home/jutoroa/workspace/STMDirectory/DriversSTM32/Debug/libDriversSTM32.a(GPIOxDriver.o)

.debug_frame    0x0000000000000000      0x128
 .debug_frame   0x0000000000000000       0x74 ./Src/PWMEjemplo1.o
 .debug_frame   0x0000000000000074       0x88 /home/jutoroa/workspace/STMDirectory/DriversSTM32/Debug/libDriversSTM32.a(GPIOxDriver.o)
 .debug_frame   0x00000000000000fc       0x2c /opt/st/stm32cubeide_1.9.0/plugins/com.st.stm32cube.ide.mcu.externaltools.gnu-tools-for-stm32.10.3-2021.10.linux64_1.0.0.202111181127/tools/bin/../lib/gcc/arm-none-eabi/10.3.1/../../../../arm-none-eabi/lib/thumb/v7e-m/nofp/libc_nano.a(lib_a-init.o)
