Archive member included to satisfy reference by file (symbol)

/home/jutoroa/workspace/STMDirectory/DriversSTM32/Debug/libDriversSTM32.a(AdcDriver.o)
                              ./Src/main.o (adc_Config)
/home/jutoroa/workspace/STMDirectory/DriversSTM32/Debug/libDriversSTM32.a(GPIOxDriver.o)
                              ./Src/main.o (GPIO_Config)
/home/jutoroa/workspace/STMDirectory/DriversSTM32/Debug/libDriversSTM32.a(TIMxDriver.o)
                              ./Src/main.o (Timer_Config)
/home/jutoroa/workspace/STMDirectory/DriversSTM32/Debug/libDriversSTM32.a(USARTxDriver.o)
                              ./Src/main.o (USART_Config)
/opt/st/stm32cubeide_1.9.0/plugins/com.st.stm32cube.ide.mcu.externaltools.gnu-tools-for-stm32.10.3-2021.10.linux64_1.0.0.202111181127/tools/bin/../lib/gcc/arm-none-eabi/10.3.1/../../../../arm-none-eabi/lib/thumb/v7e-m/nofp/libc_nano.a(lib_a-errno.o)
                              ./Src/syscalls.o (__errno)
/opt/st/stm32cubeide_1.9.0/plugins/com.st.stm32cube.ide.mcu.externaltools.gnu-tools-for-stm32.10.3-2021.10.linux64_1.0.0.202111181127/tools/bin/../lib/gcc/arm-none-eabi/10.3.1/../../../../arm-none-eabi/lib/thumb/v7e-m/nofp/libc_nano.a(lib_a-exit.o)
                              /opt/st/stm32cubeide_1.9.0/plugins/com.st.stm32cube.ide.mcu.externaltools.gnu-tools-for-stm32.10.3-2021.10.linux64_1.0.0.202111181127/tools/bin/../lib/gcc/arm-none-eabi/10.3.1/../../../../arm-none-eabi/lib/thumb/v7e-m/nofp/crt0.o (exit)
/opt/st/stm32cubeide_1.9.0/plugins/com.st.stm32cube.ide.mcu.externaltools.gnu-tools-for-stm32.10.3-2021.10.linux64_1.0.0.202111181127/tools/bin/../lib/gcc/arm-none-eabi/10.3.1/../../../../arm-none-eabi/lib/thumb/v7e-m/nofp/libc_nano.a(lib_a-impure.o)
                              /opt/st/stm32cubeide_1.9.0/plugins/com.st.stm32cube.ide.mcu.externaltools.gnu-tools-for-stm32.10.3-2021.10.linux64_1.0.0.202111181127/tools/bin/../lib/gcc/arm-none-eabi/10.3.1/../../../../arm-none-eabi/lib/thumb/v7e-m/nofp/libc_nano.a(lib_a-exit.o) (_global_impure_ptr)
/opt/st/stm32cubeide_1.9.0/plugins/com.st.stm32cube.ide.mcu.externaltools.gnu-tools-for-stm32.10.3-2021.10.linux64_1.0.0.202111181127/tools/bin/../lib/gcc/arm-none-eabi/10.3.1/../../../../arm-none-eabi/lib/thumb/v7e-m/nofp/libc_nano.a(lib_a-init.o)
                              /opt/st/stm32cubeide_1.9.0/plugins/com.st.stm32cube.ide.mcu.externaltools.gnu-tools-for-stm32.10.3-2021.10.linux64_1.0.0.202111181127/tools/bin/../lib/gcc/arm-none-eabi/10.3.1/../../../../arm-none-eabi/lib/thumb/v7e-m/nofp/crt0.o (__libc_init_array)
/opt/st/stm32cubeide_1.9.0/plugins/com.st.stm32cube.ide.mcu.externaltools.gnu-tools-for-stm32.10.3-2021.10.linux64_1.0.0.202111181127/tools/bin/../lib/gcc/arm-none-eabi/10.3.1/../../../../arm-none-eabi/lib/thumb/v7e-m/nofp/libc_nano.a(lib_a-memset.o)
                              /opt/st/stm32cubeide_1.9.0/plugins/com.st.stm32cube.ide.mcu.externaltools.gnu-tools-for-stm32.10.3-2021.10.linux64_1.0.0.202111181127/tools/bin/../lib/gcc/arm-none-eabi/10.3.1/../../../../arm-none-eabi/lib/thumb/v7e-m/nofp/crt0.o (memset)
/opt/st/stm32cubeide_1.9.0/plugins/com.st.stm32cube.ide.mcu.externaltools.gnu-tools-for-stm32.10.3-2021.10.linux64_1.0.0.202111181127/tools/bin/../lib/gcc/arm-none-eabi/10.3.1/../../../../arm-none-eabi/lib/thumb/v7e-m/nofp/libc_nano.a(lib_a-sprintf.o)
                              ./Src/main.o (sprintf)
/opt/st/stm32cubeide_1.9.0/plugins/com.st.stm32cube.ide.mcu.externaltools.gnu-tools-for-stm32.10.3-2021.10.linux64_1.0.0.202111181127/tools/bin/../lib/gcc/arm-none-eabi/10.3.1/../../../../arm-none-eabi/lib/thumb/v7e-m/nofp/libc_nano.a(lib_a-nano-svfprintf.o)
                              /opt/st/stm32cubeide_1.9.0/plugins/com.st.stm32cube.ide.mcu.externaltools.gnu-tools-for-stm32.10.3-2021.10.linux64_1.0.0.202111181127/tools/bin/../lib/gcc/arm-none-eabi/10.3.1/../../../../arm-none-eabi/lib/thumb/v7e-m/nofp/libc_nano.a(lib_a-sprintf.o) (_svfprintf_r)
/opt/st/stm32cubeide_1.9.0/plugins/com.st.stm32cube.ide.mcu.externaltools.gnu-tools-for-stm32.10.3-2021.10.linux64_1.0.0.202111181127/tools/bin/../lib/gcc/arm-none-eabi/10.3.1/../../../../arm-none-eabi/lib/thumb/v7e-m/nofp/libc_nano.a(lib_a-nano-vfprintf_i.o)
                              /opt/st/stm32cubeide_1.9.0/plugins/com.st.stm32cube.ide.mcu.externaltools.gnu-tools-for-stm32.10.3-2021.10.linux64_1.0.0.202111181127/tools/bin/../lib/gcc/arm-none-eabi/10.3.1/../../../../arm-none-eabi/lib/thumb/v7e-m/nofp/libc_nano.a(lib_a-nano-svfprintf.o) (_printf_i)
/opt/st/stm32cubeide_1.9.0/plugins/com.st.stm32cube.ide.mcu.externaltools.gnu-tools-for-stm32.10.3-2021.10.linux64_1.0.0.202111181127/tools/bin/../lib/gcc/arm-none-eabi/10.3.1/../../../../arm-none-eabi/lib/thumb/v7e-m/nofp/libc_nano.a(lib_a-memchr.o)
[...]
Memory Configuration

Name             Origin             Length             Attributes
RAM              0x0000000020000000 0x0000000000020000 xrw
FLASH            0x0000000008000000 0x0000000000080000 xr
*default*        0x0000000000000000 0xffffffffffffffff

Linker script and memory map

LOAD /opt/st/stm32cubeide_1.9.0/plugins/com.st.stm32cube.ide.mcu.externaltools.gnu-tools-for-stm32.10.3-2021.10.linux64_1.0.0.202111181127/tools/bin/../lib/gcc/arm-none-eabi/10.3.1/thumb/v7e-m/nofp/crti.o
LOAD /opt/st/stm32cubeide_1.9.0/plugins/com.st.stm32cube.ide.mcu.externaltools.gnu-tools-for-stm32.10.3-2021.10.linux64_1.0.0.202111181127/tools/bin/../lib/gcc/arm-none-eabi/10.3.1/thumb/v7e-m/nofp/crtbegin.o
LOAD /opt/st/stm32cubeide_1.9.0/plugins/com.st.stm32cube.ide.mcu.externaltools.gnu-tools-for-stm32.10.3-2021.10.linux64_1.0.0.202111181127/tools/bin/../lib/gcc/arm-none-eabi/10.3.1/../../../../arm-none-eabi/lib/thumb/v7e-m/nofp/crt0.o
LOAD ./Src/main.o
LOAD ./Src/syscalls.o
LOAD ./Src/sysmem.o
LOAD ./Startup/startup_stm32f411retx.o
LOAD /home/jutoroa/workspace/STMDirectory/DriversSTM32/Debug/libDriversSTM32.a
START GROUP
LOAD /opt/st/stm32cubeide_1.9.0/plugins/com.st.stm32cube.ide.mcu.externaltools.gnu-tools-for-stm32.10.3-2021.10.linux64_1.0.0.202111181127/tools/bin/../lib/gcc/arm-none-eabi/10.3.1/../../../../arm-none-eabi/lib/thumb/v7e-m/nofp/libc_nano.a
LOAD /opt/st/stm32cubeide_1.9.0/plugins/com.st.stm32cube.ide.mcu.externaltools.gnu-tools-for-stm32.10.3-2021.10.linux64_1.0.0.202111181127/tools/bin/../lib/gcc/arm-none-eabi/10.3.1/../../../../arm-none-eabi/lib/thumb/v7e-m/nofp/libm.a
END GROUP
START GROUP
LOAD /opt/st/stm32cubeide_1.9.0/plugins/com.st.stm32cube.ide.mcu.externaltools.gnu-tools-for-stm32.10.3-2021.10.linux64_1.0.0.202111181127/tools/bin/../lib/gcc/arm-none-eabi/10.3.1/thumb/v7e-m/nofp/libgcc.a
LOAD /opt/st/stm32cubeide_1.9.0/plugins/com.st.stm32cube.ide.mcu.externaltools.gnu-tools-for-stm32.10.3-2021.10.linux64_1.0.0.202111181127/tools/bin/../lib/gcc/arm-none-eabi/10.3.1/../../../../arm-none-eabi/lib/thumb/v7e-m/nofp/libc_nano.a
END GROUP
START GROUP
LOAD /opt/st/stm32cubeide_1.9.0/plugins/com.st.stm32cube.ide.mcu.externaltools.gnu-tools-for-stm32.10.3-2021.10.linux64_1.0.0.202111181127/tools/bin/../lib/gcc/arm-none-eabi/10.3.1/thumb/v7e-m/nofp/libgcc.a
LOAD /opt/st/stm32cubeide_1.9.0/plugins/com.st.stm32cube.ide.mcu.externaltools.gnu-tools-for-stm32.10.3-2021.10.linux64_1.0.0.202111181127/tools/bin/../lib/gcc/arm-none-eabi/10.3.1/../../../../arm-none-eabi/lib/thumb/v7e-m/nofp/libc_nano.a
LOAD /opt/st/stm32cubeide_1.9.0/plugins/com.st.stm32cube.ide.mcu.externaltools.gnu-tools-for-stm32.10.3-2021.10.linux64_1.0.0.202111181127/tools/bin/../lib/gcc/arm-none-eabi/10.3.1/../../../../arm-none-eabi/lib/thumb/v7e-m/nofp/libnosys.a
END GROUP
START GROUP
LOAD /opt/st/stm32cubeide_1.9.0/plugins/com.st.stm32cube.ide.mcu.externaltools.gnu-tools-for-stm32.10.3-2021.10.linux64_1.0.0.202111181127/tools/bin/../lib/gcc/arm-none-eabi/10.3.1/thumb/v7e-m/nofp/libgcc.a
LOAD /opt/st/stm32cubeide_1.9.0/plugins/com.st.stm32cube.ide.mcu.externaltools.gnu-tools-for-stm32.10.3-2021.10.linux64_1.0.0.202111181127/tools/bin/../lib/gcc/arm-none-eabi/10.3.1/../../../../arm-none-eabi/lib/thumb/v7e-m/nofp/libc_nano.a
LOAD /opt/st/stm32cubeide_1.9.0/plugins/com.st.stm32cube.ide.mcu.externaltools.gnu-tools-for-stm32.10.3-2021.10.linux64_1.0.0.202111181127/tools/bin/../lib/gcc/arm-none-eabi/10.3.1/../../../../arm-none-eabi/lib/thumb/v7e-m/nofp/libnosys.a
END GROUP
LOAD /opt/st/stm32cubeide_1.9.0/plugins/com.st.stm32cube.ide.mcu.externaltools.gnu-tools-for-stm32.10.3-2021.10.linux64_1.0.0.202111181127/tools/bin/../lib/gcc/arm-none-eabi/10.3.1/thumb/v7e-m/nofp/crtend.o
LOAD /opt/st/stm32cubeide_1.9.0/plugins/com.st.stm32cube.ide.mcu.externaltools.gnu-tools-for-stm32.10.3-2021.10.linux64_1.0.0.202111181127/tools/bin/../lib/gcc/arm-none-eabi/10.3.1/thumb/v7e-m/nofp/crtn.o
                0x0000000020020000                _estack = (ORIGIN (RAM) + LENGTH (RAM))
                0x0000000000000200                _Min_Heap_Size = 0x200
                0x0000000000000400                _Min_Stack_Size = 0x400

.isr_vector     0x0000000008000000      0x198
                0x0000000008000000                . = ALIGN (0x4)
 *(.isr_vector)
 .isr_vector    0x0000000008000000      0x198 ./Startup/startup_stm32f411retx.o
                0x0000000008000000                g_pfnVectors
                0x0000000008000198                . = ALIGN (0x4)

.text           0x00000000080001a0     0x1d9c
                0x00000000080001a0                . = ALIGN (0x4)
 *(.text)
 .text          0x00000000080001a0       0x40 /opt/st/stm32cubeide_1.9.0/plugins/com.st.stm32cube.ide.mcu.externaltools.gnu-tools-for-stm32.10.3-2021.10.linux64_1.0.0.202111181127/tools/bin/../lib/gcc/arm-none-eabi/10.3.1/thumb/v7e-m/nofp/crtbegin.o
 .text          0x00000000080001e0       0xa0 /opt/st/stm32cubeide_1.9.0/plugins/com.st.stm32cube.ide.mcu.externaltools.gnu-tools-for-stm32.10.3-2021.10.linux64_1.0.0.202111181127/tools/bin/../lib/gcc/arm-none-eabi/10.3.1/../../../../arm-none-eabi/lib/thumb/v7e-m/nofp/libc_nano.a(lib_a-memchr.o)
                0x00000000080001e0                memchr
 *(.text*)
 .text.main     0x0000000008000280       0xa4 ./Src/main.o
                0x0000000008000280                main
 .text.initSystem
                0x0000000008000324      0x14c ./Src/main.o
                0x0000000008000324                initSystem
 .text.Timer2_Callback
                0x0000000008000470       0x20 ./Src/main.o
                0x0000000008000470                Timer2_Callback
 .text.Timer3_Callback
                0x0000000008000490        0xc ./Src/main.o
                0x0000000008000490                Timer3_Callback
 .text.USART2_Callback
                0x000000000800049c       0x18 ./Src/main.o
                0x000000000800049c                USART2_Callback
 .text.adc_Complete_Callback
                0x00000000080004b4       0x24 ./Src/main.o
                0x00000000080004b4                adc_Complete_Callback
 .text._sbrk    0x00000000080004d8       0x6c ./Src/sysmem.o
                0x00000000080004d8                _sbrk
 .text.Reset_Handler
                0x0000000008000544       0x50 ./Startup/startup_stm32f411retx.o
                0x0000000008000544                Reset_Handler
 .text.Default_Handler
                0x0000000008000594        0x2 ./Startup/startup_stm32f411retx.o
                0x0000000008000594                RTC_Alarm_IRQHandler
                0x0000000008000594                EXTI2_IRQHandler
                0x0000000008000594                DebugMon_Handler
                0x0000000008000594                SPI4_IRQHandler
                0x0000000008000594                TIM1_CC_IRQHandler
                0x0000000008000594                DMA2_Stream5_IRQHandler
                0x0000000008000594                HardFault_Handler
                0x0000000008000594                DMA1_Stream5_IRQHandler
                0x0000000008000594                SysTick_Handler
                0x0000000008000594                PVD_IRQHandler
                0x0000000008000594                SDIO_IRQHandler
                0x0000000008000594                TAMP_STAMP_IRQHandler
                0x0000000008000594                PendSV_Handler
                0x0000000008000594                NMI_Handler
                0x0000000008000594                EXTI3_IRQHandler
                0x0000000008000594                TIM1_UP_TIM10_IRQHandler
                0x0000000008000594                I2C3_ER_IRQHandler
                0x0000000008000594                EXTI0_IRQHandler
                0x0000000008000594                I2C2_EV_IRQHandler
                0x0000000008000594                DMA1_Stream2_IRQHandler
                0x0000000008000594                FPU_IRQHandler
                0x0000000008000594                UsageFault_Handler
                0x0000000008000594                DMA2_Stream2_IRQHandler
                0x0000000008000594                SPI1_IRQHandler
                0x0000000008000594                TIM1_BRK_TIM9_IRQHandler
                0x0000000008000594                DMA2_Stream3_IRQHandler
                0x0000000008000594                DMA2_Stream0_IRQHandler
                0x0000000008000594                I2C1_EV_IRQHandler
                0x0000000008000594                DMA1_Stream6_IRQHandler
                0x0000000008000594                DMA1_Stream1_IRQHandler
                0x0000000008000594                RCC_IRQHandler
                0x0000000008000594                Default_Handler
                0x0000000008000594                EXTI15_10_IRQHandler
                0x0000000008000594                DMA1_Stream7_IRQHandler
                0x0000000008000594                SPI5_IRQHandler
                0x0000000008000594                DMA2_Stream7_IRQHandler
                0x0000000008000594                I2C3_EV_IRQHandler
                0x0000000008000594                EXTI9_5_IRQHandler
                0x0000000008000594                RTC_WKUP_IRQHandler
                0x0000000008000594                SPI2_IRQHandler
                0x0000000008000594                MemManage_Handler
                0x0000000008000594                DMA1_Stream0_IRQHandler
                0x0000000008000594                SVC_Handler
                0x0000000008000594                EXTI4_IRQHandler
                0x0000000008000594                WWDG_IRQHandler
                0x0000000008000594                OTG_FS_WKUP_IRQHandler
                0x0000000008000594                TIM1_TRG_COM_TIM11_IRQHandler
                0x0000000008000594                EXTI1_IRQHandler
                0x0000000008000594                I2C2_ER_IRQHandler
                0x0000000008000594                DMA2_Stream1_IRQHandler
                0x0000000008000594                FLASH_IRQHandler
                0x0000000008000594                DMA2_Stream4_IRQHandler
                0x0000000008000594                BusFault_Handler
                0x0000000008000594                OTG_FS_IRQHandler
                0x0000000008000594                SPI3_IRQHandler
                0x0000000008000594                DMA1_Stream4_IRQHandler
                0x0000000008000594                I2C1_ER_IRQHandler
                0x0000000008000594                DMA2_Stream6_IRQHandler
                0x0000000008000594                DMA1_Stream3_IRQHandler
 *fill*         0x0000000008000596        0x2 
 .text.__NVIC_EnableIRQ
                0x0000000008000598       0x38 /home/jutoroa/workspace/STMDirectory/DriversSTM32/Debug/libDriversSTM32.a(AdcDriver.o)
 .text.__NVIC_SetPriority
                0x00000000080005d0       0x54 /home/jutoroa/workspace/STMDirectory/DriversSTM32/Debug/libDriversSTM32.a(AdcDriver.o)
 .text.adc_Config
                0x0000000008000624      0x394 /home/jutoroa/workspace/STMDirectory/DriversSTM32/Debug/libDriversSTM32.a(AdcDriver.o)
                0x0000000008000624                adc_Config
 .text.startSingleADC
                0x00000000080009b8       0x1c /home/jutoroa/workspace/STMDirectory/DriversSTM32/Debug/libDriversSTM32.a(AdcDriver.o)
                0x00000000080009b8                startSingleADC
 .text.stopContinousADC
                0x00000000080009d4       0x1c /home/jutoroa/workspace/STMDirectory/DriversSTM32/Debug/libDriversSTM32.a(AdcDriver.o)
                0x00000000080009d4                stopContinousADC
 .text.getADC   0x00000000080009f0       0x14 /home/jutoroa/workspace/STMDirectory/DriversSTM32/Debug/libDriversSTM32.a(AdcDriver.o)
                0x00000000080009f0                getADC
 .text.ADC_IRQHandler
                0x0000000008000a04       0x2c /home/jutoroa/workspace/STMDirectory/DriversSTM32/Debug/libDriversSTM32.a(AdcDriver.o)
                0x0000000008000a04                ADC_IRQHandler
 .text.configAnalogPin
                0x0000000008000a30      0x160 /home/jutoroa/workspace/STMDirectory/DriversSTM32/Debug/libDriversSTM32.a(AdcDriver.o)
                0x0000000008000a30                configAnalogPin
 .text.GPIO_Config
                0x0000000008000b90      0x250 /home/jutoroa/workspace/STMDirectory/DriversSTM32/Debug/libDriversSTM32.a(GPIOxDriver.o)
                0x0000000008000b90                GPIO_Config
 .text.__NVIC_EnableIRQ
                0x0000000008000de0       0x38 /home/jutoroa/workspace/STMDirectory/DriversSTM32/Debug/libDriversSTM32.a(TIMxDriver.o)
 .text.__NVIC_DisableIRQ
                0x0000000008000e18       0x48 /home/jutoroa/workspace/STMDirectory/DriversSTM32/Debug/libDriversSTM32.a(TIMxDriver.o)
 .text.__NVIC_SetPriority
                0x0000000008000e60       0x54 /home/jutoroa/workspace/STMDirectory/DriversSTM32/Debug/libDriversSTM32.a(TIMxDriver.o)
 .text.Timer_Config
                0x0000000008000eb4      0x154 /home/jutoroa/workspace/STMDirectory/DriversSTM32/Debug/libDriversSTM32.a(TIMxDriver.o)
                0x0000000008000eb4                Timer_Config
 .text.startTimer
                0x0000000008001008       0x26 /home/jutoroa/workspace/STMDirectory/DriversSTM32/Debug/libDriversSTM32.a(TIMxDriver.o)
                0x0000000008001008                startTimer
 .text.stopTimer
                0x000000000800102e       0x26 /home/jutoroa/workspace/STMDirectory/DriversSTM32/Debug/libDriversSTM32.a(TIMxDriver.o)
                0x000000000800102e                stopTimer
 .text.Timer4_Callback
                0x0000000008001054        0xe /home/jutoroa/workspace/STMDirectory/DriversSTM32/Debug/libDriversSTM32.a(TIMxDriver.o)
                0x0000000008001054                Timer4_Callback
 .text.Timer5_Callback
                0x0000000008001062        0xe /home/jutoroa/workspace/STMDirectory/DriversSTM32/Debug/libDriversSTM32.a(TIMxDriver.o)
                0x0000000008001062                Timer5_Callback
 .text.TIM2_IRQHandler
                0x0000000008001070       0x1c /home/jutoroa/workspace/STMDirectory/DriversSTM32/Debug/libDriversSTM32.a(TIMxDriver.o)
                0x0000000008001070                TIM2_IRQHandler
 .text.TIM3_IRQHandler
                0x000000000800108c       0x1c /home/jutoroa/workspace/STMDirectory/DriversSTM32/Debug/libDriversSTM32.a(TIMxDriver.o)
                0x000000000800108c                TIM3_IRQHandler
 .text.TIM4_IRQHandler
                0x00000000080010a8       0x1c /home/jutoroa/workspace/STMDirectory/DriversSTM32/Debug/libDriversSTM32.a(TIMxDriver.o)
                0x00000000080010a8                TIM4_IRQHandler
 .text.TIM5_IRQHandler
                0x00000000080010c4       0x1c /home/jutoroa/workspace/STMDirectory/DriversSTM32/Debug/libDriversSTM32.a(TIMxDriver.o)
                0x00000000080010c4                TIM5_IRQHandler
 .text.__NVIC_EnableIRQ
                0x00000000080010e0       0x38 /home/jutoroa/workspace/STMDirectory/DriversSTM32/Debug/libDriversSTM32.a(USARTxDriver.o)
 .text.USART_Config
                0x0000000008001118      0x3ec /home/jutoroa/workspace/STMDirectory/DriversSTM32/Debug/libDriversSTM32.a(USARTxDriver.o)
                0x0000000008001118                USART_Config
 .text.USART1_Callback
                0x0000000008001504        0xe /home/jutoroa/workspace/STMDirectory/DriversSTM32/Debug/libDriversSTM32.a(USARTxDriver.o)
                0x0000000008001504                USART1_Callback
 .text.USART6_Callback
                0x0000000008001512        0xe /home/jutoroa/workspace/STMDirectory/DriversSTM32/Debug/libDriversSTM32.a(USARTxDriver.o)
                0x0000000008001512                USART6_Callback
 .text.USART1_IRQHandler
                0x0000000008001520       0x1c /home/jutoroa/workspace/STMDirectory/DriversSTM32/Debug/libDriversSTM32.a(USARTxDriver.o)
                0x0000000008001520                USART1_IRQHandler
 .text.USART2_IRQHandler
                0x000000000800153c       0x2c /home/jutoroa/workspace/STMDirectory/DriversSTM32/Debug/libDriversSTM32.a(USARTxDriver.o)
                0x000000000800153c                USART2_IRQHandler
 .text.USART6_IRQHandler
                0x0000000008001568       0x1c /home/jutoroa/workspace/STMDirectory/DriversSTM32/Debug/libDriversSTM32.a(USARTxDriver.o)
                0x0000000008001568                USART6_IRQHandler
 .text.returnData
                0x0000000008001584       0x14 /home/jutoroa/workspace/STMDirectory/DriversSTM32/Debug/libDriversSTM32.a(USARTxDriver.o)
                0x0000000008001584                returnData
 .text.writeChar
                0x0000000008001598       0x30 /home/jutoroa/workspace/STMDirectory/DriversSTM32/Debug/libDriversSTM32.a(USARTxDriver.o)
                0x0000000008001598                writeChar
 .text.writeMsg
                0x00000000080015c8       0x30 /home/jutoroa/workspace/STMDirectory/DriversSTM32/Debug/libDriversSTM32.a(USARTxDriver.o)
                0x00000000080015c8                writeMsg
 .text.__errno  0x00000000080015f8        0xc /opt/st/stm32cubeide_1.9.0/plugins/com.st.stm32cube.ide.mcu.externaltools.gnu-tools-for-stm32.10.3-2021.10.linux64_1.0.0.202111181127/tools/bin/../lib/gcc/arm-none-eabi/10.3.1/../../../../arm-none-eabi/lib/thumb/v7e-m/nofp/libc_nano.a(lib_a-errno.o)
                0x00000000080015f8                __errno
 .text.__libc_init_array
                0x0000000008001604       0x48 /opt/st/stm32cubeide_1.9.0/plugins/com.st.stm32cube.ide.mcu.externaltools.gnu-tools-for-stm32.10.3-2021.10.linux64_1.0.0.202111181127/tools/bin/../lib/gcc/arm-none-eabi/10.3.1/../../../../arm-none-eabi/lib/thumb/v7e-m/nofp/libc_nano.a(lib_a-init.o)
                0x0000000008001604                __libc_init_array
 .text.sprintf  0x000000000800164c       0x40 /opt/st/stm32cubeide_1.9.0/plugins/com.st.stm32cube.ide.mcu.externaltools.gnu-tools-for-stm32.10.3-2021.10.linux64_1.0.0.202111181127/tools/bin/../lib/gcc/arm-none-eabi/10.3.1/../../../../arm-none-eabi/lib/thumb/v7e-m/nofp/libc_nano.a(lib_a-sprintf.o)
                0x000000000800164c                sprintf
                0x000000000800164c                siprintf
 .text.__ssputs_r
                0x000000000800168c       0xb6 /opt/st/stm32cubeide_1.9.0/plugins/com.st.stm32cube.ide.mcu.externaltools.gnu-tools-for-stm32.10.3-2021.10.linux64_1.0.0.202111181127/tools/bin/../lib/gcc/arm-none-eabi/10.3.1/../../../../arm-none-eabi/lib/thumb/v7e-m/nofp/libc_nano.a(lib_a-nano-svfprintf.o)
                0x000000000800168c                __ssputs_r
 *fill*         0x0000000008001742        0x2 
 .text._svfprintf_r
                0x0000000008001744      0x200 /opt/st/stm32cubeide_1.9.0/plugins/com.st.stm32cube.ide.mcu.externaltools.gnu-tools-for-stm32.10.3-2021.10.linux64_1.0.0.202111181127/tools/bin/../lib/gcc/arm-none-eabi/10.3.1/../../../../arm-none-eabi/lib/thumb/v7e-m/nofp/libc_nano.a(lib_a-nano-svfprintf.o)
                0x0000000008001744                _svfprintf_r
                0x0000000008001744                _svfiprintf_r
 .text._printf_common
                0x0000000008001944       0xda /opt/st/stm32cubeide_1.9.0/plugins/com.st.stm32cube.ide.mcu.externaltools.gnu-tools-for-stm32.10.3-2021.10.linux64_1.0.0.202111181127/tools/bin/../lib/gcc/arm-none-eabi/10.3.1/../../../../arm-none-eabi/lib/thumb/v7e-m/nofp/libc_nano.a(lib_a-nano-vfprintf_i.o)
                0x0000000008001944                _printf_common
 *fill*         0x0000000008001a1e        0x2 
 .text._printf_i
                0x0000000008001a20      0x24c /opt/st/stm32cubeide_1.9.0/plugins/com.st.stm32cube.ide.mcu.externaltools.gnu-tools-for-stm32.10.3-2021.10.linux64_1.0.0.202111181127/tools/bin/../lib/gcc/arm-none-eabi/10.3.1/../../../../arm-none-eabi/lib/thumb/v7e-m/nofp/libc_nano.a(lib_a-nano-vfprintf_i.o)
                0x0000000008001a20                _printf_i
 .text.memcpy   0x0000000008001c6c       0x1c /opt/st/stm32cubeide_1.9.0/plugins/com.st.stm32cube.ide.mcu.externaltools.gnu-tools-for-stm32.10.3-2021.10.linux64_1.0.0.202111181127/tools/bin/../lib/gcc/arm-none-eabi/10.3.1/../../../../arm-none-eabi/lib/thumb/v7e-m/nofp/libc_nano.a(lib_a-memcpy-stub.o)
                0x0000000008001c6c                memcpy
 .text.memmove  0x0000000008001c88       0x34 /opt/st/stm32cubeide_1.9.0/plugins/com.st.stm32cube.ide.mcu.externaltools.gnu-tools-for-stm32.10.3-2021.10.linux64_1.0.0.202111181127/tools/bin/../lib/gcc/arm-none-eabi/10.3.1/../../../../arm-none-eabi/lib/thumb/v7e-m/nofp/libc_nano.a(lib_a-memmove.o)
                0x0000000008001c88                memmove
 .text._free_r  0x0000000008001cbc       0x94 /opt/st/stm32cubeide_1.9.0/plugins/com.st.stm32cube.ide.mcu.externaltools.gnu-tools-for-stm32.10.3-2021.10.linux64_1.0.0.202111181127/tools/bin/../lib/gcc/arm-none-eabi/10.3.1/../../../../arm-none-eabi/lib/thumb/v7e-m/nofp/libc_nano.a(lib_a-nano-freer.o)
                0x0000000008001cbc                _free_r
 .text.sbrk_aligned
                0x0000000008001d50       0x40 /opt/st/stm32cubeide_1.9.0/plugins/com.st.stm32cube.ide.mcu.externaltools.gnu-tools-for-stm32.10.3-2021.10.linux64_1.0.0.202111181127/tools/bin/../lib/gcc/arm-none-eabi/10.3.1/../../../../arm-none-eabi/lib/thumb/v7e-m/nofp/libc_nano.a(lib_a-nano-mallocr.o)
 .text._malloc_r
                0x0000000008001d90       0xe8 /opt/st/stm32cubeide_1.9.0/plugins/com.st.stm32cube.ide.mcu.externaltools.gnu-tools-for-stm32.10.3-2021.10.linux64_1.0.0.202111181127/tools/bin/../lib/gcc/arm-none-eabi/10.3.1/../../../../arm-none-eabi/lib/thumb/v7e-m/nofp/libc_nano.a(lib_a-nano-mallocr.o)
                0x0000000008001d90                _malloc_r
 .text._realloc_r
                0x0000000008001e78       0x5e /opt/st/stm32cubeide_1.9.0/plugins/com.st.stm32cube.ide.mcu.externaltools.gnu-tools-for-stm32.10.3-2021.10.linux64_1.0.0.202111181127/tools/bin/../lib/gcc/arm-none-eabi/10.3.1/../../../../arm-none-eabi/lib/thumb/v7e-m/nofp/libc_nano.a(lib_a-nano-reallocr.o)
                0x0000000008001e78                _realloc_r
 *fill*         0x0000000008001ed6        0x2 
 .text._sbrk_r  0x0000000008001ed8       0x20 /opt/st/stm32cubeide_1.9.0/plugins/com.st.stm32cube.ide.mcu.externaltools.gnu-tools-for-stm32.10.3-2021.10.linux64_1.0.0.202111181127/tools/bin/../lib/gcc/arm-none-eabi/10.3.1/../../../../arm-none-eabi/lib/thumb/v7e-m/nofp/libc_nano.a(lib_a-sbrkr.o)
                0x0000000008001ed8                _sbrk_r
 .text.__malloc_lock
                0x0000000008001ef8        0xc /opt/st/stm32cubeide_1.9.0/plugins/com.st.stm32cube.ide.mcu.externaltools.gnu-tools-for-stm32.10.3-2021.10.linux64_1.0.0.202111181127/tools/bin/../lib/gcc/arm-none-eabi/10.3.1/../../../../arm-none-eabi/lib/thumb/v7e-m/nofp/libc_nano.a(lib_a-mlock.o)
                0x0000000008001ef8                __malloc_lock
 .text.__malloc_unlock
                0x0000000008001f04        0xc /opt/st/stm32cubeide_1.9.0/plugins/com.st.stm32cube.ide.mcu.externaltools.gnu-tools-for-stm32.10.3-2021.10.linux64_1.0.0.202111181127/tools/bin/../lib/gcc/arm-none-eabi/10.3.1/../../../../arm-none-eabi/lib/thumb/v7e-m/nofp/libc_nano.a(lib_a-mlock.o)
                0x0000000008001f04                __malloc_unlock
 .text._malloc_usable_size_r
                0x0000000008001f10       0x10 /opt/st/stm32cubeide_1.9.0/plugins/com.st.stm32cube.ide.mcu.externaltools.gnu-tools-for-stm32.10.3-2021.10.linux64_1.0.0.202111181127/tools/bin/../lib/gcc/arm-none-eabi/10.3.1/../../../../arm-none-eabi/lib/thumb/v7e-m/nofp/libc_nano.a(lib_a-nano-msizer.o)
                0x0000000008001f10                _malloc_usable_size_r
 .text.__retarget_lock_acquire_recursive
                0x0000000008001f20        0x2 /opt/st/stm32cubeide_1.9.0/plugins/com.st.stm32cube.ide.mcu.externaltools.gnu-tools-for-stm32.10.3-2021.10.linux64_1.0.0.202111181127/tools/bin/../lib/gcc/arm-none-eabi/10.3.1/../../../../arm-none-eabi/lib/thumb/v7e-m/nofp/libc_nano.a(lib_a-lock.o)
                0x0000000008001f20                __retarget_lock_acquire_recursive
 .text.__retarget_lock_release_recursive
                0x0000000008001f22        0x2 /opt/st/stm32cubeide_1.9.0/plugins/com.st.stm32cube.ide.mcu.externaltools.gnu-tools-for-stm32.10.3-2021.10.linux64_1.0.0.202111181127/tools/bin/../lib/gcc/arm-none-eabi/10.3.1/../../../../arm-none-eabi/lib/thumb/v7e-m/nofp/libc_nano.a(lib_a-lock.o)
                0x0000000008001f22                __retarget_lock_release_recursive
 *(.glue_7)
 .glue_7        0x0000000008001f24        0x0 linker stubs
 *(.glue_7t)
 .glue_7t       0x0000000008001f24        0x0 linker stubs
 *(.eh_frame)
 .eh_frame      0x0000000008001f24        0x0 /opt/st/stm32cubeide_1.9.0/plugins/com.st.stm32cube.ide.mcu.externaltools.gnu-tools-for-stm32.10.3-2021.10.linux64_1.0.0.202111181127/tools/bin/../lib/gcc/arm-none-eabi/10.3.1/thumb/v7e-m/nofp/crtbegin.o
 *(.init)
 .init          0x0000000008001f24        0x4 /opt/st/stm32cubeide_1.9.0/plugins/com.st.stm32cube.ide.mcu.externaltools.gnu-tools-for-stm32.10.3-2021.10.linux64_1.0.0.202111181127/tools/bin/../lib/gcc/arm-none-eabi/10.3.1/thumb/v7e-m/nofp/crti.o
                0x0000000008001f24                _init
 .init          0x0000000008001f28        0x8 /opt/st/stm32cubeide_1.9.0/plugins/com.st.stm32cube.ide.mcu.externaltools.gnu-tools-for-stm32.10.3-2021.10.linux64_1.0.0.202111181127/tools/bin/../lib/gcc/arm-none-eabi/10.3.1/thumb/v7e-m/nofp/crtn.o
 *(.fini)
 .fini          0x0000000008001f30        0x4 /opt/st/stm32cubeide_1.9.0/plugins/com.st.stm32cube.ide.mcu.externaltools.gnu-tools-for-stm32.10.3-2021.10.linux64_1.0.0.202111181127/tools/bin/../lib/gcc/arm-none-eabi/10.3.1/thumb/v7e-m/nofp/crti.o
                0x0000000008001f30                _fini
 .fini          0x0000000008001f34        0x8 /opt/st/stm32cubeide_1.9.0/plugins/com.st.stm32cube.ide.mcu.externaltools.gnu-tools-for-stm32.10.3-2021.10.linux64_1.0.0.202111181127/tools/bin/../lib/gcc/arm-none-eabi/10.3.1/thumb/v7e-m/nofp/crtn.o
                0x0000000008001f3c                . = ALIGN (0x4)
                0x0000000008001f3c                _etext = .

.vfp11_veneer   0x0000000008001f3c        0x0
 .vfp11_veneer  0x0000000008001f3c        0x0 linker stubs

.v4_bx          0x0000000008001f3c        0x0
 .v4_bx         0x0000000008001f3c        0x0 linker stubs

.iplt           0x0000000008001f3c        0x0
 .iplt          0x0000000008001f3c        0x0 /opt/st/stm32cubeide_1.9.0/plugins/com.st.stm32cube.ide.mcu.externaltools.gnu-tools-for-stm32.10.3-2021.10.linux64_1.0.0.202111181127/tools/bin/../lib/gcc/arm-none-eabi/10.3.1/thumb/v7e-m/nofp/crtbegin.o

.rodata         0x0000000008001f3c       0x44
                0x0000000008001f3c                . = ALIGN (0x4)
 *(.rodata)
 .rodata        0x0000000008001f3c       0x10 ./Src/main.o
 *(.rodata*)
 .rodata._svfprintf_r.str1.1
                0x0000000008001f4c       0x11 /opt/st/stm32cubeide_1.9.0/plugins/com.st.stm32cube.ide.mcu.externaltools.gnu-tools-for-stm32.10.3-2021.10.linux64_1.0.0.202111181127/tools/bin/../lib/gcc/arm-none-eabi/10.3.1/../../../../arm-none-eabi/lib/thumb/v7e-m/nofp/libc_nano.a(lib_a-nano-svfprintf.o)
 .rodata._printf_i.str1.1
                0x0000000008001f5d       0x22 /opt/st/stm32cubeide_1.9.0/plugins/com.st.stm32cube.ide.mcu.externaltools.gnu-tools-for-stm32.10.3-2021.10.linux64_1.0.0.202111181127/tools/bin/../lib/gcc/arm-none-eabi/10.3.1/../../../../arm-none-eabi/lib/thumb/v7e-m/nofp/libc_nano.a(lib_a-nano-vfprintf_i.o)
                0x0000000008001f80                . = ALIGN (0x4)
 *fill*         0x0000000008001f7f        0x1 

.rel.dyn        0x0000000008001f80        0x0
 .rel.iplt      0x0000000008001f80        0x0 /opt/st/stm32cubeide_1.9.0/plugins/com.st.stm32cube.ide.mcu.externaltools.gnu-tools-for-stm32.10.3-2021.10.linux64_1.0.0.202111181127/tools/bin/../lib/gcc/arm-none-eabi/10.3.1/thumb/v7e-m/nofp/crtbegin.o

.ARM.extab      0x0000000008001f80        0x0
                0x0000000008001f80                . = ALIGN (0x4)
 *(.ARM.extab* .gnu.linkonce.armextab.*)
                0x0000000008001f80                . = ALIGN (0x4)

.ARM            0x0000000008001f80        0x0
                0x0000000008001f80                . = ALIGN (0x4)
                0x0000000008001f80                __exidx_start = .
 *(.ARM.exidx*)
                0x0000000008001f80                __exidx_end = .
                0x0000000008001f80                . = ALIGN (0x4)

.preinit_array  0x0000000008001f80        0x0
                0x0000000008001f80                . = ALIGN (0x4)
                0x0000000008001f80                PROVIDE (__preinit_array_start = .)
 *(.preinit_array*)
                0x0000000008001f80                PROVIDE (__preinit_array_end = .)
                0x0000000008001f80                . = ALIGN (0x4)

.init_array     0x0000000008001f80        0x4
                0x0000000008001f80                . = ALIGN (0x4)
                0x0000000008001f80                PROVIDE (__init_array_start = .)
 *(SORT_BY_NAME(.init_array.*))
 *(.init_array*)
 .init_array    0x0000000008001f80        0x4 /opt/st/stm32cubeide_1.9.0/plugins/com.st.stm32cube.ide.mcu.externaltools.gnu-tools-for-stm32.10.3-2021.10.linux64_1.0.0.202111181127/tools/bin/../lib/gcc/arm-none-eabi/10.3.1/thumb/v7e-m/nofp/crtbegin.o
                0x0000000008001f84                PROVIDE (__init_array_end = .)
                0x0000000008001f84                . = ALIGN (0x4)

.fini_array     0x0000000008001f84        0x4
                0x0000000008001f84                . = ALIGN (0x4)
                [!provide]                        PROVIDE (__fini_array_start = .)
 *(SORT_BY_NAME(.fini_array.*))
 *(.fini_array*)
 .fini_array    0x0000000008001f84        0x4 /opt/st/stm32cubeide_1.9.0/plugins/com.st.stm32cube.ide.mcu.externaltools.gnu-tools-for-stm32.10.3-2021.10.linux64_1.0.0.202111181127/tools/bin/../lib/gcc/arm-none-eabi/10.3.1/thumb/v7e-m/nofp/crtbegin.o
                [!provide]                        PROVIDE (__fini_array_end = .)
                0x0000000008001f88                . = ALIGN (0x4)
                0x0000000008001f88                _sidata = LOADADDR (.data)

.data           0x0000000020000000       0x64 load address 0x0000000008001f88
                0x0000000020000000                . = ALIGN (0x4)
                0x0000000020000000                _sdata = .
 *(.data)
 *(.data*)
 .data._impure_ptr
                0x0000000020000000        0x4 /opt/st/stm32cubeide_1.9.0/plugins/com.st.stm32cube.ide.mcu.externaltools.gnu-tools-for-stm32.10.3-2021.10.linux64_1.0.0.202111181127/tools/bin/../lib/gcc/arm-none-eabi/10.3.1/../../../../arm-none-eabi/lib/thumb/v7e-m/nofp/libc_nano.a(lib_a-impure.o)
                0x0000000020000000                _impure_ptr
 .data.impure_data
                0x0000000020000004       0x60 /opt/st/stm32cubeide_1.9.0/plugins/com.st.stm32cube.ide.mcu.externaltools.gnu-tools-for-stm32.10.3-2021.10.linux64_1.0.0.202111181127/tools/bin/../lib/gcc/arm-none-eabi/10.3.1/../../../../arm-none-eabi/lib/thumb/v7e-m/nofp/libc_nano.a(lib_a-impure.o)
 *(.RamFunc)
 *(.RamFunc*)
                0x0000000020000064                . = ALIGN (0x4)
                0x0000000020000064                _edata = .

.igot.plt       0x0000000020000064        0x0 load address 0x0000000008001fec
 .igot.plt      0x0000000020000064        0x0 /opt/st/stm32cubeide_1.9.0/plugins/com.st.stm32cube.ide.mcu.externaltools.gnu-tools-for-stm32.10.3-2021.10.linux64_1.0.0.202111181127/tools/bin/../lib/gcc/arm-none-eabi/10.3.1/thumb/v7e-m/nofp/crtbegin.o
                0x0000000020000064                . = ALIGN (0x4)

.bss            0x0000000020000064      0x158 load address 0x0000000008001fec
                0x0000000020000064                _sbss = .
                0x0000000020000064                __bss_start__ = _sbss
 *(.bss)
 .bss           0x0000000020000064       0x1c /opt/st/stm32cubeide_1.9.0/plugins/com.st.stm32cube.ide.mcu.externaltools.gnu-tools-for-stm32.10.3-2021.10.linux64_1.0.0.202111181127/tools/bin/../lib/gcc/arm-none-eabi/10.3.1/thumb/v7e-m/nofp/crtbegin.o
 *(.bss*)
 .bss.handlerStateLED
                0x0000000020000080        0xc ./Src/main.o
                0x0000000020000080                handlerStateLED
 .bss.configADC
                0x000000002000008c        0x6 ./Src/main.o
                0x000000002000008c                configADC
 *fill*         0x0000000020000092        0x2 
 .bss.handlerTimer2
                0x0000000020000094        0xc ./Src/main.o
                0x0000000020000094                handlerTimer2
 .bss.handlerTimer3
                0x00000000200000a0        0xc ./Src/main.o
                0x00000000200000a0                handlerTimer3
 .bss.handlerUSBRX
                0x00000000200000ac        0xc ./Src/main.o
                0x00000000200000ac                handlerUSBRX
 .bss.handlerUSBTX
                0x00000000200000b8        0xc ./Src/main.o
                0x00000000200000b8                handlerUSBTX
 .bss.handlerUsart2
                0x00000000200000c4       0x8c ./Src/main.o
                0x00000000200000c4                handlerUsart2
 .bss.rxData    0x0000000020000150        0x1 ./Src/main.o
                0x0000000020000150                rxData
 .bss.adcIsComplete
                0x0000000020000151        0x1 ./Src/main.o
                0x0000000020000151                adcIsComplete
 .bss.adcData   0x0000000020000152        0x2 ./Src/main.o
                0x0000000020000152                adcData
 .bss.counter   0x0000000020000154        0x2 ./Src/main.o
                0x0000000020000154                counter
 *fill*         0x0000000020000156        0x2 
 .bss.bufferData
                0x0000000020000158       0x40 ./Src/main.o
                0x0000000020000158                bufferData
 .bss.__sbrk_heap_end
                0x0000000020000198        0x4 ./Src/sysmem.o
 .bss.handlerAdcPin
                0x000000002000019c        0xc /home/jutoroa/workspace/STMDirectory/DriversSTM32/Debug/libDriversSTM32.a(AdcDriver.o)
                0x000000002000019c                handlerAdcPin
 .bss.adcRawData
                0x00000000200001a8        0x2 /home/jutoroa/workspace/STMDirectory/DriversSTM32/Debug/libDriversSTM32.a(AdcDriver.o)
                0x00000000200001a8                adcRawData
 .bss.data      0x00000000200001aa        0x1 /home/jutoroa/workspace/STMDirectory/DriversSTM32/Debug/libDriversSTM32.a(USARTxDriver.o)
                0x00000000200001aa                data
 *fill*         0x00000000200001ab        0x1 
 .bss.__malloc_free_list
                0x00000000200001ac        0x4 /opt/st/stm32cubeide_1.9.0/plugins/com.st.stm32cube.ide.mcu.externaltools.gnu-tools-for-stm32.10.3-2021.10.linux64_1.0.0.202111181127/tools/bin/../lib/gcc/arm-none-eabi/10.3.1/../../../../arm-none-eabi/lib/thumb/v7e-m/nofp/libc_nano.a(lib_a-nano-mallocr.o)
                0x00000000200001ac                __malloc_free_list
 .bss.__malloc_sbrk_start
                0x00000000200001b0        0x4 /opt/st/stm32cubeide_1.9.0/plugins/com.st.stm32cube.ide.mcu.externaltools.gnu-tools-for-stm32.10.3-2021.10.linux64_1.0.0.202111181127/tools/bin/../lib/gcc/arm-none-eabi/10.3.1/../../../../arm-none-eabi/lib/thumb/v7e-m/nofp/libc_nano.a(lib_a-nano-mallocr.o)
                0x00000000200001b0                __malloc_sbrk_start
 .bss.errno     0x00000000200001b4        0x4 /opt/st/stm32cubeide_1.9.0/plugins/com.st.stm32cube.ide.mcu.externaltools.gnu-tools-for-stm32.10.3-2021.10.linux64_1.0.0.202111181127/tools/bin/../lib/gcc/arm-none-eabi/10.3.1/../../../../arm-none-eabi/lib/thumb/v7e-m/nofp/libc_nano.a(lib_a-reent.o)
                0x00000000200001b4                errno
 .bss.__lock___malloc_recursive_mutex
                0x00000000200001b8        0x1 /opt/st/stm32cubeide_1.9.0/plugins/com.st.stm32cube.ide.mcu.externaltools.gnu-tools-for-stm32.10.3-2021.10.linux64_1.0.0.202111181127/tools/bin/../lib/gcc/arm-none-eabi/10.3.1/../../../../arm-none-eabi/lib/thumb/v7e-m/nofp/libc_nano.a(lib_a-lock.o)
                0x00000000200001b8                __lock___malloc_recursive_mutex
 *(COMMON)
                0x00000000200001bc                . = ALIGN (0x4)
 *fill*         0x00000000200001b9        0x3 
                0x00000000200001bc                _ebss = .
                0x00000000200001bc                __bss_end__ = _ebss

._user_heap_stack
                0x00000000200001bc      0x604 load address 0x0000000008001fec
                0x00000000200001c0                . = ALIGN (0x8)
 *fill*         0x00000000200001bc        0x4 
                [!provide]                        PROVIDE (end = .)
                0x00000000200001c0                PROVIDE (_end = .)
                0x00000000200003c0                . = (. + _Min_Heap_Size)
 *fill*         0x00000000200001c0      0x200 
                0x00000000200007c0                . = (. + _Min_Stack_Size)
 *fill*         0x00000000200003c0      0x400 
                0x00000000200007c0                . = ALIGN (0x8)

/DISCARD/
 libc.a(*)
 libm.a(*)
 libgcc.a(*)

.ARM.attributes
                0x0000000000000000       0x2a
 *(.ARM.attributes)
 .ARM.attributes
                0x0000000000000000       0x1e /opt/st/stm32cubeide_1.9.0/plugins/com.st.stm32cube.ide.mcu.externaltools.gnu-tools-for-stm32.10.3-2021.10.linux64_1.0.0.202111181127/tools/bin/../lib/gcc/arm-none-eabi/10.3.1/thumb/v7e-m/nofp/crti.o
 .ARM.attributes
                0x000000000000001e       0x2e /opt/st/stm32cubeide_1.9.0/plugins/com.st.stm32cube.ide.mcu.externaltools.gnu-tools-for-stm32.10.3-2021.10.linux64_1.0.0.202111181127/tools/bin/../lib/gcc/arm-none-eabi/10.3.1/thumb/v7e-m/nofp/crtbegin.o
 .ARM.attributes
                0x000000000000004c       0x2e ./Src/main.o
 .ARM.attributes
                0x000000000000007a       0x2e ./Src/sysmem.o
 .ARM.attributes
                0x00000000000000a8       0x21 ./Startup/startup_stm32f411retx.o
 .ARM.attributes
                0x00000000000000c9       0x2e /home/jutoroa/workspace/STMDirectory/DriversSTM32/Debug/libDriversSTM32.a(AdcDriver.o)
 .ARM.attributes
                0x00000000000000f7       0x2e /home/jutoroa/workspace/STMDirectory/DriversSTM32/Debug/libDriversSTM32.a(GPIOxDriver.o)
 .ARM.attributes
                0x0000000000000125       0x2e /home/jutoroa/workspace/STMDirectory/DriversSTM32/Debug/libDriversSTM32.a(TIMxDriver.o)
 .ARM.attributes
                0x0000000000000153       0x2e /home/jutoroa/workspace/STMDirectory/DriversSTM32/Debug/libDriversSTM32.a(USARTxDriver.o)
 .ARM.attributes
                0x0000000000000181       0x2e /opt/st/stm32cubeide_1.9.0/plugins/com.st.stm32cube.ide.mcu.externaltools.gnu-tools-for-stm32.10.3-2021.10.linux64_1.0.0.202111181127/tools/bin/../lib/gcc/arm-none-eabi/10.3.1/../../../../arm-none-eabi/lib/thumb/v7e-m/nofp/libc_nano.a(lib_a-errno.o)
 .ARM.attributes
                0x00000000000001af       0x2e /opt/st/stm32cubeide_1.9.0/plugins/com.st.stm32cube.ide.mcu.externaltools.gnu-tools-for-stm32.10.3-2021.10.linux64_1.0.0.202111181127/tools/bin/../lib/gcc/arm-none-eabi/10.3.1/../../../../arm-none-eabi/lib/thumb/v7e-m/nofp/libc_nano.a(lib_a-impure.o)
 .ARM.attributes
                0x00000000000001dd       0x2e /opt/st/stm32cubeide_1.9.0/plugins/com.st.stm32cube.ide.mcu.externaltools.gnu-tools-for-stm32.10.3-2021.10.linux64_1.0.0.202111181127/tools/bin/../lib/gcc/arm-none-eabi/10.3.1/../../../../arm-none-eabi/lib/thumb/v7e-m/nofp/libc_nano.a(lib_a-init.o)
 .ARM.attributes
                0x000000000000020b       0x2e /opt/st/stm32cubeide_1.9.0/plugins/com.st.stm32cube.ide.mcu.externaltools.gnu-tools-for-stm32.10.3-2021.10.linux64_1.0.0.202111181127/tools/bin/../lib/gcc/arm-none-eabi/10.3.1/../../../../arm-none-eabi/lib/thumb/v7e-m/nofp/libc_nano.a(lib_a-sprintf.o)
 .ARM.attributes
                0x0000000000000239       0x2e /opt/st/stm32cubeide_1.9.0/plugins/com.st.stm32cube.ide.mcu.externaltools.gnu-tools-for-stm32.10.3-2021.10.linux64_1.0.0.202111181127/tools/bin/../lib/gcc/arm-none-eabi/10.3.1/../../../../arm-none-eabi/lib/thumb/v7e-m/nofp/libc_nano.a(lib_a-nano-svfprintf.o)
 .ARM.attributes
                0x0000000000000267       0x2e /opt/st/stm32cubeide_1.9.0/plugins/com.st.stm32cube.ide.mcu.externaltools.gnu-tools-for-stm32.10.3-2021.10.linux64_1.0.0.202111181127/tools/bin/../lib/gcc/arm-none-eabi/10.3.1/../../../../arm-none-eabi/lib/thumb/v7e-m/nofp/libc_nano.a(lib_a-nano-vfprintf_i.o)
 .ARM.attributes
                0x0000000000000295       0x1c /opt/st/stm32cubeide_1.9.0/plugins/com.st.stm32cube.ide.mcu.externaltools.gnu-tools-for-stm32.10.3-2021.10.linux64_1.0.0.202111181127/tools/bin/../lib/gcc/arm-none-eabi/10.3.1/../../../../arm-none-eabi/lib/thumb/v7e-m/nofp/libc_nano.a(lib_a-memchr.o)
 .ARM.attributes
                0x00000000000002b1       0x2e /opt/st/stm32cubeide_1.9.0/plugins/com.st.stm32cube.ide.mcu.externaltools.gnu-tools-for-stm32.10.3-2021.10.linux64_1.0.0.202111181127/tools/bin/../lib/gcc/arm-none-eabi/10.3.1/../../../../arm-none-eabi/lib/thumb/v7e-m/nofp/libc_nano.a(lib_a-memcpy-stub.o)
 .ARM.attributes
                0x00000000000002df       0x2e /opt/st/stm32cubeide_1.9.0/plugins/com.st.stm32cube.ide.mcu.externaltools.gnu-tools-for-stm32.10.3-2021.10.linux64_1.0.0.202111181127/tools/bin/../lib/gcc/arm-none-eabi/10.3.1/../../../../arm-none-eabi/lib/thumb/v7e-m/nofp/libc_nano.a(lib_a-memmove.o)
 .ARM.attributes
                0x000000000000030d       0x2e /opt/st/stm32cubeide_1.9.0/plugins/com.st.stm32cube.ide.mcu.externaltools.gnu-tools-for-stm32.10.3-2021.10.linux64_1.0.0.202111181127/tools/bin/../lib/gcc/arm-none-eabi/10.3.1/../../../../arm-none-eabi/lib/thumb/v7e-m/nofp/libc_nano.a(lib_a-nano-freer.o)
 .ARM.attributes
                0x000000000000033b       0x2e /opt/st/stm32cubeide_1.9.0/plugins/com.st.stm32cube.ide.mcu.externaltools.gnu-tools-for-stm32.10.3-2021.10.linux64_1.0.0.202111181127/tools/bin/../lib/gcc/arm-none-eabi/10.3.1/../../../../arm-none-eabi/lib/thumb/v7e-m/nofp/libc_nano.a(lib_a-nano-mallocr.o)
 .ARM.attributes
                0x0000000000000369       0x2e /opt/st/stm32cubeide_1.9.0/plugins/com.st.stm32cube.ide.mcu.externaltools.gnu-tools-for-stm32.10.3-2021.10.linux64_1.0.0.202111181127/tools/bin/../lib/gcc/arm-none-eabi/10.3.1/../../../../arm-none-eabi/lib/thumb/v7e-m/nofp/libc_nano.a(lib_a-nano-reallocr.o)
 .ARM.attributes
                0x0000000000000397       0x2e /opt/st/stm32cubeide_1.9.0/plugins/com.st.stm32cube.ide.mcu.externaltools.gnu-tools-for-stm32.10.3-2021.10.linux64_1.0.0.202111181127/tools/bin/../lib/gcc/arm-none-eabi/10.3.1/../../../../arm-none-eabi/lib/thumb/v7e-m/nofp/libc_nano.a(lib_a-sbrkr.o)
 .ARM.attributes
                0x00000000000003c5       0x2e /opt/st/stm32cubeide_1.9.0/plugins/com.st.stm32cube.ide.mcu.externaltools.gnu-tools-for-stm32.10.3-2021.10.linux64_1.0.0.202111181127/tools/bin/../lib/gcc/arm-none-eabi/10.3.1/../../../../arm-none-eabi/lib/thumb/v7e-m/nofp/libc_nano.a(lib_a-mlock.o)
 .ARM.attributes
                0x00000000000003f3       0x2e /opt/st/stm32cubeide_1.9.0/plugins/com.st.stm32cube.ide.mcu.externaltools.gnu-tools-for-stm32.10.3-2021.10.linux64_1.0.0.202111181127/tools/bin/../lib/gcc/arm-none-eabi/10.3.1/../../../../arm-none-eabi/lib/thumb/v7e-m/nofp/libc_nano.a(lib_a-nano-msizer.o)
 .ARM.attributes
                0x0000000000000421       0x2e /opt/st/stm32cubeide_1.9.0/plugins/com.st.stm32cube.ide.mcu.externaltools.gnu-tools-for-stm32.10.3-2021.10.linux64_1.0.0.202111181127/tools/bin/../lib/gcc/arm-none-eabi/10.3.1/../../../../arm-none-eabi/lib/thumb/v7e-m/nofp/libc_nano.a(lib_a-reent.o)
 .ARM.attributes
                0x000000000000044f       0x2e /opt/st/stm32cubeide_1.9.0/plugins/com.st.stm32cube.ide.mcu.externaltools.gnu-tools-for-stm32.10.3-2021.10.linux64_1.0.0.202111181127/tools/bin/../lib/gcc/arm-none-eabi/10.3.1/../../../../arm-none-eabi/lib/thumb/v7e-m/nofp/libc_nano.a(lib_a-lock.o)
 .ARM.attributes
                0x000000000000047d       0x1e /opt/st/stm32cubeide_1.9.0/plugins/com.st.stm32cube.ide.mcu.externaltools.gnu-tools-for-stm32.10.3-2021.10.linux64_1.0.0.202111181127/tools/bin/../lib/gcc/arm-none-eabi/10.3.1/thumb/v7e-m/nofp/crtn.o
OUTPUT(EjemploLibrerias.elf elf32-littlearm)
LOAD linker stubs
LOAD /opt/st/stm32cubeide_1.9.0/plugins/com.st.stm32cube.ide.mcu.externaltools.gnu-tools-for-stm32.10.3-2021.10.linux64_1.0.0.202111181127/tools/bin/../lib/gcc/arm-none-eabi/10.3.1/../../../../arm-none-eabi/lib/thumb/v7e-m/nofp/libc.a
LOAD /opt/st/stm32cubeide_1.9.0/plugins/com.st.stm32cube.ide.mcu.externaltools.gnu-tools-for-stm32.10.3-2021.10.linux64_1.0.0.202111181127/tools/bin/../lib/gcc/arm-none-eabi/10.3.1/../../../../arm-none-eabi/lib/thumb/v7e-m/nofp/libm.a
LOAD /opt/st/stm32cubeide_1.9.0/plugins/com.st.stm32cube.ide.mcu.externaltools.gnu-tools-for-stm32.10.3-2021.10.linux64_1.0.0.202111181127/tools/bin/../lib/gcc/arm-none-eabi/10.3.1/thumb/v7e-m/nofp/libgcc.a

.debug_info     0x0000000000000000     0x2e44
 .debug_info    0x0000000000000000      0x7f6 ./Src/main.o
 .debug_info    0x00000000000007f6      0x171 ./Src/sysmem.o
 .debug_info    0x0000000000000967       0x22 ./Startup/startup_stm32f411retx.o
 .debug_info    0x0000000000000989      0xc42 /home/jutoroa/workspace/STMDirectory/DriversSTM32/Debug/libDriversSTM32.a(AdcDriver.o)
 .debug_info    0x00000000000015cb      0x4b0 /home/jutoroa/workspace/STMDirectory/DriversSTM32/Debug/libDriversSTM32.a(GPIOxDriver.o)
 .debug_info    0x0000000000001a7b      0xb01 /home/jutoroa/workspace/STMDirectory/DriversSTM32/Debug/libDriversSTM32.a(TIMxDriver.o)
 .debug_info    0x000000000000257c      0x8c8 /home/jutoroa/workspace/STMDirectory/DriversSTM32/Debug/libDriversSTM32.a(USARTxDriver.o)

.debug_abbrev   0x0000000000000000      0xa42
 .debug_abbrev  0x0000000000000000      0x188 ./Src/main.o
 .debug_abbrev  0x0000000000000188       0xbb ./Src/sysmem.o
 .debug_abbrev  0x0000000000000243       0x12 ./Startup/startup_stm32f411retx.o
 .debug_abbrev  0x0000000000000255      0x24a /home/jutoroa/workspace/STMDirectory/DriversSTM32/Debug/libDriversSTM32.a(AdcDriver.o)
 .debug_abbrev  0x000000000000049f      0x159 /home/jutoroa/workspace/STMDirectory/DriversSTM32/Debug/libDriversSTM32.a(GPIOxDriver.o)
 .debug_abbrev  0x00000000000005f8      0x1f4 /home/jutoroa/workspace/STMDirectory/DriversSTM32/Debug/libDriversSTM32.a(TIMxDriver.o)
 .debug_abbrev  0x00000000000007ec      0x256 /home/jutoroa/workspace/STMDirectory/DriversSTM32/Debug/libDriversSTM32.a(USARTxDriver.o)

.debug_aranges  0x0000000000000000      0x230
 .debug_aranges
                0x0000000000000000       0x48 ./Src/main.o
 .debug_aranges
                0x0000000000000048       0x20 ./Src/sysmem.o
 .debug_aranges
                0x0000000000000068       0x28 ./Startup/startup_stm32f411retx.o
 .debug_aranges
                0x0000000000000090       0x70 /home/jutoroa/workspace/STMDirectory/DriversSTM32/Debug/libDriversSTM32.a(AdcDriver.o)
 .debug_aranges
                0x0000000000000100       0x30 /home/jutoroa/workspace/STMDirectory/DriversSTM32/Debug/libDriversSTM32.a(GPIOxDriver.o)
 .debug_aranges
                0x0000000000000130       0x88 /home/jutoroa/workspace/STMDirectory/DriversSTM32/Debug/libDriversSTM32.a(TIMxDriver.o)
 .debug_aranges
                0x00000000000001b8       0x78 /home/jutoroa/workspace/STMDirectory/DriversSTM32/Debug/libDriversSTM32.a(USARTxDriver.o)

.debug_ranges   0x0000000000000000      0x1c8
 .debug_ranges  0x0000000000000000       0x38 ./Src/main.o
 .debug_ranges  0x0000000000000038       0x10 ./Src/sysmem.o
 .debug_ranges  0x0000000000000048       0x20 ./Startup/startup_stm32f411retx.o
 .debug_ranges  0x0000000000000068       0x60 /home/jutoroa/workspace/STMDirectory/DriversSTM32/Debug/libDriversSTM32.a(AdcDriver.o)
 .debug_ranges  0x00000000000000c8       0x20 /home/jutoroa/workspace/STMDirectory/DriversSTM32/Debug/libDriversSTM32.a(GPIOxDriver.o)
 .debug_ranges  0x00000000000000e8       0x78 /home/jutoroa/workspace/STMDirectory/DriversSTM32/Debug/libDriversSTM32.a(TIMxDriver.o)
 .debug_ranges  0x0000000000000160       0x68 /home/jutoroa/workspace/STMDirectory/DriversSTM32/Debug/libDriversSTM32.a(USARTxDriver.o)

.debug_macro    0x0000000000000000     0xf65a
 .debug_macro   0x0000000000000000      0x25f ./Src/main.o
 .debug_macro   0x000000000000025f      0xa7e ./Src/main.o
 .debug_macro   0x0000000000000cdd       0x28 ./Src/main.o
 .debug_macro   0x0000000000000d05       0x28 ./Src/main.o
 .debug_macro   0x0000000000000d2d       0x22 ./Src/main.o
 .debug_macro   0x0000000000000d4f       0x8e ./Src/main.o
 .debug_macro   0x0000000000000ddd       0x51 ./Src/main.o
 .debug_macro   0x0000000000000e2e      0x103 ./Src/main.o
 .debug_macro   0x0000000000000f31       0x6a ./Src/main.o
 .debug_macro   0x0000000000000f9b      0x1df ./Src/main.o
 .debug_macro   0x000000000000117a       0x1c ./Src/main.o
 .debug_macro   0x0000000000001196       0x22 ./Src/main.o
 .debug_macro   0x00000000000011b8       0xd9 ./Src/main.o
 .debug_macro   0x0000000000001291     0x102d ./Src/main.o
 .debug_macro   0x00000000000022be      0x11f ./Src/main.o
 .debug_macro   0x00000000000023dd     0xb953 ./Src/main.o
 .debug_macro   0x000000000000dd30       0x6d ./Src/main.o
 .debug_macro   0x000000000000dd9d       0x22 ./Src/main.o
 .debug_macro   0x000000000000ddbf      0x12a ./Src/main.o
 .debug_macro   0x000000000000dee9       0x52 ./Src/main.o
 .debug_macro   0x000000000000df3b       0x18 ./Src/main.o
 .debug_macro   0x000000000000df53       0x3c ./Src/main.o
 .debug_macro   0x000000000000df8f       0x34 ./Src/main.o
 .debug_macro   0x000000000000dfc3       0x16 ./Src/main.o
 .debug_macro   0x000000000000dfd9       0x97 ./Src/main.o
 .debug_macro   0x000000000000e070      0x341 ./Src/main.o
 .debug_macro   0x000000000000e3b1       0xfd ./Src/main.o
 .debug_macro   0x000000000000e4ae       0x10 ./Src/main.o
 .debug_macro   0x000000000000e4be       0x16 ./Src/main.o
 .debug_macro   0x000000000000e4d4       0x43 ./Src/main.o
 .debug_macro   0x000000000000e517       0x34 ./Src/main.o
 .debug_macro   0x000000000000e54b       0x10 ./Src/main.o
 .debug_macro   0x000000000000e55b       0x58 ./Src/main.o
 .debug_macro   0x000000000000e5b3       0x71 ./Src/main.o
 .debug_macro   0x000000000000e624       0x1c ./Src/main.o
 .debug_macro   0x000000000000e640      0x12a ./Src/main.o
 .debug_macro   0x000000000000e76a       0x10 ./Src/main.o
 .debug_macro   0x000000000000e77a       0x1c ./Src/main.o
 .debug_macro   0x000000000000e796       0x52 ./Src/main.o
 .debug_macro   0x000000000000e7e8       0x22 ./Src/main.o
 .debug_macro   0x000000000000e80a       0x10 ./Src/main.o
 .debug_macro   0x000000000000e81a       0x52 ./Src/main.o
 .debug_macro   0x000000000000e86c       0xd5 ./Src/main.o
 .debug_macro   0x000000000000e941       0x1c ./Src/main.o
 .debug_macro   0x000000000000e95d       0x3d ./Src/main.o
 .debug_macro   0x000000000000e99a       0x16 ./Src/main.o
 .debug_macro   0x000000000000e9b0      0x145 ./Src/main.o
 .debug_macro   0x000000000000eaf5       0x82 ./Src/main.o
 .debug_macro   0x000000000000eb77       0x28 ./Src/main.o
 .debug_macro   0x000000000000eb9f       0xc4 ./Src/main.o
 .debug_macro   0x000000000000ec63       0xff ./Src/sysmem.o
 .debug_macro   0x000000000000ed62      0x23b ./Src/sysmem.o
 .debug_macro   0x000000000000ef9d       0xe6 /home/jutoroa/workspace/STMDirectory/DriversSTM32/Debug/libDriversSTM32.a(AdcDriver.o)
 .debug_macro   0x000000000000f083       0xc4 /home/jutoroa/workspace/STMDirectory/DriversSTM32/Debug/libDriversSTM32.a(AdcDriver.o)
 .debug_macro   0x000000000000f147       0xdd /home/jutoroa/workspace/STMDirectory/DriversSTM32/Debug/libDriversSTM32.a(GPIOxDriver.o)
 .debug_macro   0x000000000000f224      0x124 /home/jutoroa/workspace/STMDirectory/DriversSTM32/Debug/libDriversSTM32.a(GPIOxDriver.o)
 .debug_macro   0x000000000000f348       0xd7 /home/jutoroa/workspace/STMDirectory/DriversSTM32/Debug/libDriversSTM32.a(TIMxDriver.o)
 .debug_macro   0x000000000000f41f      0x23b /home/jutoroa/workspace/STMDirectory/DriversSTM32/Debug/libDriversSTM32.a(USARTxDriver.o)

.debug_line     0x0000000000000000     0x2d58
 .debug_line    0x0000000000000000      0x80b ./Src/main.o
 .debug_line    0x000000000000080b      0x4b3 ./Src/sysmem.o
 .debug_line    0x0000000000000cbe       0x84 ./Startup/startup_stm32f411retx.o
 .debug_line    0x0000000000000d42      0x832 /home/jutoroa/workspace/STMDirectory/DriversSTM32/Debug/libDriversSTM32.a(AdcDriver.o)
 .debug_line    0x0000000000001574      0x662 /home/jutoroa/workspace/STMDirectory/DriversSTM32/Debug/libDriversSTM32.a(GPIOxDriver.o)
 .debug_line    0x0000000000001bd6      0x71f /home/jutoroa/workspace/STMDirectory/DriversSTM32/Debug/libDriversSTM32.a(TIMxDriver.o)
 .debug_line    0x00000000000022f5      0xa63 /home/jutoroa/workspace/STMDirectory/DriversSTM32/Debug/libDriversSTM32.a(USARTxDriver.o)

.debug_str      0x0000000000000000    0x5520f
 .debug_str     0x0000000000000000    0x5445a ./Src/main.o
                                      0x54656 (size before relaxing)
 .debug_str     0x000000000005445a      0x4d5 ./Src/sysmem.o
                                       0x5d7a (size before relaxing)
 .debug_str     0x000000000005492f       0x31 ./Startup/startup_stm32f411retx.o
                                         0x6d (size before relaxing)
 .debug_str     0x0000000000054960      0x6ff /home/jutoroa/workspace/STMDirectory/DriversSTM32/Debug/libDriversSTM32.a(AdcDriver.o)
                                      0x50772 (size before relaxing)
 .debug_str     0x000000000005505f       0x77 /home/jutoroa/workspace/STMDirectory/DriversSTM32/Debug/libDriversSTM32.a(GPIOxDriver.o)
                                      0x4fe90 (size before relaxing)
 .debug_str     0x00000000000550d6       0x8f /home/jutoroa/workspace/STMDirectory/DriversSTM32/Debug/libDriversSTM32.a(TIMxDriver.o)
                                      0x50143 (size before relaxing)
 .debug_str     0x0000000000055165       0xaa /home/jutoroa/workspace/STMDirectory/DriversSTM32/Debug/libDriversSTM32.a(USARTxDriver.o)
                                      0x542ba (size before relaxing)

.comment        0x0000000000000000       0x50
 .comment       0x0000000000000000       0x50 ./Src/main.o
                                         0x51 (size before relaxing)
 .comment       0x0000000000000050       0x51 ./Src/sysmem.o
 .comment       0x0000000000000050       0x51 /home/jutoroa/workspace/STMDirectory/DriversSTM32/Debug/libDriversSTM32.a(AdcDriver.o)
 .comment       0x0000000000000050       0x51 /home/jutoroa/workspace/STMDirectory/DriversSTM32/Debug/libDriversSTM32.a(GPIOxDriver.o)
 .comment       0x0000000000000050       0x51 /home/jutoroa/workspace/STMDirectory/DriversSTM32/Debug/libDriversSTM32.a(TIMxDriver.o)
 .comment       0x0000000000000050       0x51 /home/jutoroa/workspace/STMDirectory/DriversSTM32/Debug/libDriversSTM32.a(USARTxDriver.o)

.debug_frame    0x0000000000000000      0xad4
 .debug_frame   0x0000000000000000       0xbc ./Src/main.o
 .debug_frame   0x00000000000000bc       0x34 ./Src/sysmem.o
 .debug_frame   0x00000000000000f0      0x190 /home/jutoroa/workspace/STMDirectory/DriversSTM32/Debug/libDriversSTM32.a(AdcDriver.o)
 .debug_frame   0x0000000000000280       0x88 /home/jutoroa/workspace/STMDirectory/DriversSTM32/Debug/libDriversSTM32.a(GPIOxDriver.o)
 .debug_frame   0x0000000000000308      0x1e4 /home/jutoroa/workspace/STMDirectory/DriversSTM32/Debug/libDriversSTM32.a(TIMxDriver.o)
 .debug_frame   0x00000000000004ec      0x1a8 /home/jutoroa/workspace/STMDirectory/DriversSTM32/Debug/libDriversSTM32.a(USARTxDriver.o)
 .debug_frame   0x0000000000000694       0x20 /opt/st/stm32cubeide_1.9.0/plugins/com.st.stm32cube.ide.mcu.externaltools.gnu-tools-for-stm32.10.3-2021.10.linux64_1.0.0.202111181127/tools/bin/../lib/gcc/arm-none-eabi/10.3.1/../../../../arm-none-eabi/lib/thumb/v7e-m/nofp/libc_nano.a(lib_a-errno.o)
 .debug_frame   0x00000000000006b4       0x2c /opt/st/stm32cubeide_1.9.0/plugins/com.st.stm32cube.ide.mcu.externaltools.gnu-tools-for-stm32.10.3-2021.10.linux64_1.0.0.202111181127/tools/bin/../lib/gcc/arm-none-eabi/10.3.1/../../../../arm-none-eabi/lib/thumb/v7e-m/nofp/libc_nano.a(lib_a-init.o)
 .debug_frame   0x00000000000006e0       0x6c /opt/st/stm32cubeide_1.9.0/plugins/com.st.stm32cube.ide.mcu.externaltools.gnu-tools-for-stm32.10.3-2021.10.linux64_1.0.0.202111181127/tools/bin/../lib/gcc/arm-none-eabi/10.3.1/../../../../arm-none-eabi/lib/thumb/v7e-m/nofp/libc_nano.a(lib_a-sprintf.o)
 .debug_frame   0x000000000000074c       0x90 /opt/st/stm32cubeide_1.9.0/plugins/com.st.stm32cube.ide.mcu.externaltools.gnu-tools-for-stm32.10.3-2021.10.linux64_1.0.0.202111181127/tools/bin/../lib/gcc/arm-none-eabi/10.3.1/../../../../arm-none-eabi/lib/thumb/v7e-m/nofp/libc_nano.a(lib_a-nano-svfprintf.o)
 .debug_frame   0x00000000000007dc       0x60 /opt/st/stm32cubeide_1.9.0/plugins/com.st.stm32cube.ide.mcu.externaltools.gnu-tools-for-stm32.10.3-2021.10.linux64_1.0.0.202111181127/tools/bin/../lib/gcc/arm-none-eabi/10.3.1/../../../../arm-none-eabi/lib/thumb/v7e-m/nofp/libc_nano.a(lib_a-nano-vfprintf_i.o)
 .debug_frame   0x000000000000083c       0x28 /opt/st/stm32cubeide_1.9.0/plugins/com.st.stm32cube.ide.mcu.externaltools.gnu-tools-for-stm32.10.3-2021.10.linux64_1.0.0.202111181127/tools/bin/../lib/gcc/arm-none-eabi/10.3.1/../../../../arm-none-eabi/lib/thumb/v7e-m/nofp/libc_nano.a(lib_a-memcpy-stub.o)
 .debug_frame   0x0000000000000864       0x28 /opt/st/stm32cubeide_1.9.0/plugins/com.st.stm32cube.ide.mcu.externaltools.gnu-tools-for-stm32.10.3-2021.10.linux64_1.0.0.202111181127/tools/bin/../lib/gcc/arm-none-eabi/10.3.1/../../../../arm-none-eabi/lib/thumb/v7e-m/nofp/libc_nano.a(lib_a-memmove.o)
 .debug_frame   0x000000000000088c       0x38 /opt/st/stm32cubeide_1.9.0/plugins/com.st.stm32cube.ide.mcu.externaltools.gnu-tools-for-stm32.10.3-2021.10.linux64_1.0.0.202111181127/tools/bin/../lib/gcc/arm-none-eabi/10.3.1/../../../../arm-none-eabi/lib/thumb/v7e-m/nofp/libc_nano.a(lib_a-nano-freer.o)
 .debug_frame   0x00000000000008c4       0x4c /opt/st/stm32cubeide_1.9.0/plugins/com.st.stm32cube.ide.mcu.externaltools.gnu-tools-for-stm32.10.3-2021.10.linux64_1.0.0.202111181127/tools/bin/../lib/gcc/arm-none-eabi/10.3.1/../../../../arm-none-eabi/lib/thumb/v7e-m/nofp/libc_nano.a(lib_a-nano-mallocr.o)
 .debug_frame   0x0000000000000910       0x3c /opt/st/stm32cubeide_1.9.0/plugins/com.st.stm32cube.ide.mcu.externaltools.gnu-tools-for-stm32.10.3-2021.10.linux64_1.0.0.202111181127/tools/bin/../lib/gcc/arm-none-eabi/10.3.1/../../../../arm-none-eabi/lib/thumb/v7e-m/nofp/libc_nano.a(lib_a-nano-reallocr.o)
 .debug_frame   0x000000000000094c       0x2c /opt/st/stm32cubeide_1.9.0/plugins/com.st.stm32cube.ide.mcu.externaltools.gnu-tools-for-stm32.10.3-2021.10.linux64_1.0.0.202111181127/tools/bin/../lib/gcc/arm-none-eabi/10.3.1/../../../../arm-none-eabi/lib/thumb/v7e-m/nofp/libc_nano.a(lib_a-sbrkr.o)
 .debug_frame   0x0000000000000978       0x30 /opt/st/stm32cubeide_1.9.0/plugins/com.st.stm32cube.ide.mcu.externaltools.gnu-tools-for-stm32.10.3-2021.10.linux64_1.0.0.202111181127/tools/bin/../lib/gcc/arm-none-eabi/10.3.1/../../../../arm-none-eabi/lib/thumb/v7e-m/nofp/libc_nano.a(lib_a-mlock.o)
 .debug_frame   0x00000000000009a8       0x20 /opt/st/stm32cubeide_1.9.0/plugins/com.st.stm32cube.ide.mcu.externaltools.gnu-tools-for-stm32.10.3-2021.10.linux64_1.0.0.202111181127/tools/bin/../lib/gcc/arm-none-eabi/10.3.1/../../../../arm-none-eabi/lib/thumb/v7e-m/nofp/libc_nano.a(lib_a-nano-msizer.o)
 .debug_frame   0x00000000000009c8       0x5c /opt/st/stm32cubeide_1.9.0/plugins/com.st.stm32cube.ide.mcu.externaltools.gnu-tools-for-stm32.10.3-2021.10.linux64_1.0.0.202111181127/tools/bin/../lib/gcc/arm-none-eabi/10.3.1/../../../../arm-none-eabi/lib/thumb/v7e-m/nofp/libc_nano.a(lib_a-reent.o)
 .debug_frame   0x0000000000000a24       0xb0 /opt/st/stm32cubeide_1.9.0/plugins/com.st.stm32cube.ide.mcu.externaltools.gnu-tools-for-stm32.10.3-2021.10.linux64_1.0.0.202111181127/tools/bin/../lib/gcc/arm-none-eabi/10.3.1/../../../../arm-none-eabi/lib/thumb/v7e-m/nofp/libc_nano.a(lib_a-lock.o)
