18:38:47 **** Incremental Build of configuration Debug for project I2CMPU6050V2 ****
make -j8 all 
arm-none-eabi-gcc "../Src/mainI2CMPU6050V2.c" -mcpu=cortex-m4 -std=gnu11 -g3 -DDEBUG -DNUCLEO_F411RE -DSTM32 -DSTM32F4 -DSTM32F411RETx -DSTM32F411xE -c -I../Inc -I"/home/jutoroa/workspace/STMDirectory/DriversSTM32/Inc" -I/home/jutoroa/workspace/STMDirectory/mcu_headers/CMSIS/Device/ST/STM32F4xx/Include -I/home/jutoroa/workspace/STMDirectory/mcu_headers/CMSIS/Include -O0 -ffunction-sections -fdata-sections -Wall -fstack-usage -MMD -MP -MF"Src/mainI2CMPU6050V2.d" -MT"Src/mainI2CMPU6050V2.o" --specs=nano.specs -mfloat-abi=soft -mthumb -o "Src/mainI2CMPU6050V2.o"
arm-none-eabi-gcc -o "I2CMPU6050V2.elf" @"objects.list"  -lDriversSTM32 -mcpu=cortex-m4 -T"/home/jutoroa/workspace/STMDirectory/I2CMPU6050V2/STM32F411RETX_FLASH.ld" --specs=nosys.specs -Wl,-Map="I2CMPU6050V2.map" -Wl,--gc-sections -static -L/home/jutoroa/workspace/STMDirectory/DriversSTM32/Debug --specs=nano.specs -mfloat-abi=soft -mthumb -Wl,--start-group -lc -lm -Wl,--end-group
Finished building target: I2CMPU6050V2.elf
 
arm-none-eabi-size   I2CMPU6050V2.elf 
arm-none-eabi-objdump -h -S  I2CMPU6050V2.elf  > "I2CMPU6050V2.list"
   text	   data	    bss	    dec	    hex	filename
   8740	    172	   1848	  10760	   2a08	I2CMPU6050V2.elf
Finished building: default.size.stdout
 
Finished building: I2CMPU6050V2.list
 
18:38:49 **** Incremental Build of configuration Debug for project I2CMPU6050V2 ****
make -j8 all 
arm-none-eabi-size   I2CMPU6050V2.elf 
   text	   data	    bss	    dec	    hex	filename
   8740	    172	   1848	  10760	   2a08	I2CMPU6050V2.elf
Finished building: default.size.stdout
 
18:39:30 **** Incremental Build of configuration Debug for project I2CMPU6050V2 ****
make -j8 all 
arm-none-eabi-gcc "../Src/mainI2CMPU6050V2.c" -mcpu=cortex-m4 -std=gnu11 -g3 -DDEBUG -DNUCLEO_F411RE -DSTM32 -DSTM32F4 -DSTM32F411RETx -DSTM32F411xE -c -I../Inc -I"/home/jutoroa/workspace/STMDirectory/DriversSTM32/Inc" -I/home/jutoroa/workspace/STMDirectory/mcu_headers/CMSIS/Device/ST/STM32F4xx/Include -I/home/jutoroa/workspace/STMDirectory/mcu_headers/CMSIS/Include -O0 -ffunction-sections -fdata-sections -Wall -fstack-usage -MMD -MP -MF"Src/mainI2CMPU6050V2.d" -MT"Src/mainI2CMPU6050V2.o" --specs=nano.specs -mfloat-abi=soft -mthumb -o "Src/mainI2CMPU6050V2.o"
arm-none-eabi-gcc -o "I2CMPU6050V2.elf" @"objects.list"  -lDriversSTM32 -mcpu=cortex-m4 -T"/home/jutoroa/workspace/STMDirectory/I2CMPU6050V2/STM32F411RETX_FLASH.ld" --specs=nosys.specs -Wl,-Map="I2CMPU6050V2.map" -Wl,--gc-sections -static -L/home/jutoroa/workspace/STMDirectory/DriversSTM32/Debug --specs=nano.specs -mfloat-abi=soft -mthumb -Wl,--start-group -lc -lm -Wl,--end-group
Finished building target: I2CMPU6050V2.elf
 
arm-none-eabi-size   I2CMPU6050V2.elf 
arm-none-eabi-objdump -h -S  I2CMPU6050V2.elf  > "I2CMPU6050V2.list"
   text	   data	    bss	    dec	    hex	filename
   8748	    172	   1848	  10768	   2a10	I2CMPU6050V2.elf
Finished building: default.size.stdout
 
Finished building: I2CMPU6050V2.list
 
18:40:53 **** Incremental Build of configuration Debug for project I2CMPU6050V2 ****
make -j8 all 
arm-none-eabi-gcc "../Src/mainI2CMPU6050V2.c" -mcpu=cortex-m4 -std=gnu11 -g3 -DDEBUG -DNUCLEO_F411RE -DSTM32 -DSTM32F4 -DSTM32F411RETx -DSTM32F411xE -c -I../Inc -I"/home/jutoroa/workspace/STMDirectory/DriversSTM32/Inc" -I/home/jutoroa/workspace/STMDirectory/mcu_headers/CMSIS/Device/ST/STM32F4xx/Include -I/home/jutoroa/workspace/STMDirectory/mcu_headers/CMSIS/Include -O0 -ffunction-sections -fdata-sections -Wall -fstack-usage -MMD -MP -MF"Src/mainI2CMPU6050V2.d" -MT"Src/mainI2CMPU6050V2.o" --specs=nano.specs -mfloat-abi=soft -mthumb -o "Src/mainI2CMPU6050V2.o"
arm-none-eabi-gcc -o "I2CMPU6050V2.elf" @"objects.list"  -lDriversSTM32 -mcpu=cortex-m4 -T"/home/jutoroa/workspace/STMDirectory/I2CMPU6050V2/STM32F411RETX_FLASH.ld" --specs=nosys.specs -Wl,-Map="I2CMPU6050V2.map" -Wl,--gc-sections -static -L/home/jutoroa/workspace/STMDirectory/DriversSTM32/Debug --specs=nano.specs -mfloat-abi=soft -mthumb -Wl,--start-group -lc -lm -Wl,--end-group
Finished building target: I2CMPU6050V2.elf
 
arm-none-eabi-size   I2CMPU6050V2.elf 
arm-none-eabi-objdump -h -S  I2CMPU6050V2.elf  > "I2CMPU6050V2.list"
   text	   data	    bss	    dec	    hex	filename
   8740	    172	   1848	  10760	   2a08	I2CMPU6050V2.elf
Finished building: default.size.stdout
 
Finished building: I2CMPU6050V2.list
 
