22:19:59 **** Build of configuration Debug for project I2CMPU6050V1 ****
make -j8 all 
arm-none-eabi-gcc -o "I2CMPU6050V1.elf" @"objects.list"  -lDriversSTM32 -mcpu=cortex-m4 -T"/home/jutoroa/workspace/STMDirectory/I2CMPU6050V1/STM32F411RETX_FLASH.ld" --specs=nosys.specs -Wl,-Map="I2CMPU6050V1.map" -Wl,--gc-sections -static -L/home/jutoroa/workspace/STMDirectory/DriversSTM32/Debug --specs=nano.specs -mfloat-abi=soft -mthumb -Wl,--start-group -lc -lm -Wl,--end-group
Finished building target: I2CMPU6050V1.elf
 
arm-none-eabi-size   I2CMPU6050V1.elf 
arm-none-eabi-objdump -h -S  I2CMPU6050V1.elf  > "I2CMPU6050V1.list"
   text	   data	    bss	    dec	    hex	filename
   8100	    172	   1824	  10096	   2770	I2CMPU6050V1.elf
Finished building: default.size.stdout
 
Finished building: I2CMPU6050V1.list
 

22:20:00 Build Finished. 0 errors, 0 warnings. (took 518ms)

