21:15:15 **** Incremental Build of configuration Debug for project tarea3_jutoroa_COPY ****
make -j8 all 
arm-none-eabi-gcc -mcpu=cortex-m4 -g3 -DDEBUG -c -x assembler-with-cpp -MMD -MP -MF"Startup/startup_stm32f411retx.d" -MT"Startup/startup_stm32f411retx.o" --specs=nano.specs -mfpu=fpv4-sp-d16 -mfloat-abi=hard -mthumb -o "Startup/startup_stm32f411retx.o" "../Startup/startup_stm32f411retx.s"
arm-none-eabi-gcc "../Src/newmain.c" -mcpu=cortex-m4 -std=gnu11 -g3 -DDEBUG -DNUCLEO_F411RE -DSTM32 -DSTM32F4 -DSTM32F411RETx -DSTM32F411xE -c -I../Inc -I/home/jutoroa/workspace/STMDirectory/tarea3_jutoroa_COPY/Drivers/Inc -I/home/jutoroa/workspace/STMDirectory/tarea3_jutoroa_COPY/Drivers/Src -I/home/jutoroa/workspace/STMDirectory/mcu_headers/CMSIS/Device/ST/STM32F4xx/Include -I/home/jutoroa/workspace/STMDirectory/mcu_headers/CMSIS/Include -O0 -ffunction-sections -fdata-sections -Wall -fstack-usage -MMD -MP -MF"Src/newmain.d" -MT"Src/newmain.o" --specs=nano.specs -mfpu=fpv4-sp-d16 -mfloat-abi=hard -mthumb -o "Src/newmain.o"
arm-none-eabi-gcc "../Src/syscalls.c" -mcpu=cortex-m4 -std=gnu11 -g3 -DDEBUG -DNUCLEO_F411RE -DSTM32 -DSTM32F4 -DSTM32F411RETx -DSTM32F411xE -c -I../Inc -I/home/jutoroa/workspace/STMDirectory/tarea3_jutoroa_COPY/Drivers/Inc -I/home/jutoroa/workspace/STMDirectory/tarea3_jutoroa_COPY/Drivers/Src -I/home/jutoroa/workspace/STMDirectory/mcu_headers/CMSIS/Device/ST/STM32F4xx/Include -I/home/jutoroa/workspace/STMDirectory/mcu_headers/CMSIS/Include -O0 -ffunction-sections -fdata-sections -Wall -fstack-usage -MMD -MP -MF"Src/syscalls.d" -MT"Src/syscalls.o" --specs=nano.specs -mfpu=fpv4-sp-d16 -mfloat-abi=hard -mthumb -o "Src/syscalls.o"
arm-none-eabi-gcc "../Src/sysmem.c" -mcpu=cortex-m4 -std=gnu11 -g3 -DDEBUG -DNUCLEO_F411RE -DSTM32 -DSTM32F4 -DSTM32F411RETx -DSTM32F411xE -c -I../Inc -I/home/jutoroa/workspace/STMDirectory/tarea3_jutoroa_COPY/Drivers/Inc -I/home/jutoroa/workspace/STMDirectory/tarea3_jutoroa_COPY/Drivers/Src -I/home/jutoroa/workspace/STMDirectory/mcu_headers/CMSIS/Device/ST/STM32F4xx/Include -I/home/jutoroa/workspace/STMDirectory/mcu_headers/CMSIS/Include -O0 -ffunction-sections -fdata-sections -Wall -fstack-usage -MMD -MP -MF"Src/sysmem.d" -MT"Src/sysmem.o" --specs=nano.specs -mfpu=fpv4-sp-d16 -mfloat-abi=hard -mthumb -o "Src/sysmem.o"
arm-none-eabi-gcc "../Drivers/Src/AdcDriver.c" -mcpu=cortex-m4 -std=gnu11 -g3 -DDEBUG -DNUCLEO_F411RE -DSTM32 -DSTM32F4 -DSTM32F411RETx -DSTM32F411xE -c -I../Inc -I/home/jutoroa/workspace/STMDirectory/tarea3_jutoroa_COPY/Drivers/Inc -I/home/jutoroa/workspace/STMDirectory/tarea3_jutoroa_COPY/Drivers/Src -I/home/jutoroa/workspace/STMDirectory/mcu_headers/CMSIS/Device/ST/STM32F4xx/Include -I/home/jutoroa/workspace/STMDirectory/mcu_headers/CMSIS/Include -O0 -ffunction-sections -fdata-sections -Wall -fstack-usage -MMD -MP -MF"Drivers/Src/AdcDriver.d" -MT"Drivers/Src/AdcDriver.o" --specs=nano.specs -mfpu=fpv4-sp-d16 -mfloat-abi=hard -mthumb -o "Drivers/Src/AdcDriver.o"
arm-none-eabi-gcc "../Drivers/Src/GPIOxDriver.c" -mcpu=cortex-m4 -std=gnu11 -g3 -DDEBUG -DNUCLEO_F411RE -DSTM32 -DSTM32F4 -DSTM32F411RETx -DSTM32F411xE -c -I../Inc -I/home/jutoroa/workspace/STMDirectory/tarea3_jutoroa_COPY/Drivers/Inc -I/home/jutoroa/workspace/STMDirectory/tarea3_jutoroa_COPY/Drivers/Src -I/home/jutoroa/workspace/STMDirectory/mcu_headers/CMSIS/Device/ST/STM32F4xx/Include -I/home/jutoroa/workspace/STMDirectory/mcu_headers/CMSIS/Include -O0 -ffunction-sections -fdata-sections -Wall -fstack-usage -MMD -MP -MF"Drivers/Src/GPIOxDriver.d" -MT"Drivers/Src/GPIOxDriver.o" --specs=nano.specs -mfpu=fpv4-sp-d16 -mfloat-abi=hard -mthumb -o "Drivers/Src/GPIOxDriver.o"
arm-none-eabi-gcc "../Drivers/Src/TIMxDriver.c" -mcpu=cortex-m4 -std=gnu11 -g3 -DDEBUG -DNUCLEO_F411RE -DSTM32 -DSTM32F4 -DSTM32F411RETx -DSTM32F411xE -c -I../Inc -I/home/jutoroa/workspace/STMDirectory/tarea3_jutoroa_COPY/Drivers/Inc -I/home/jutoroa/workspace/STMDirectory/tarea3_jutoroa_COPY/Drivers/Src -I/home/jutoroa/workspace/STMDirectory/mcu_headers/CMSIS/Device/ST/STM32F4xx/Include -I/home/jutoroa/workspace/STMDirectory/mcu_headers/CMSIS/Include -O0 -ffunction-sections -fdata-sections -Wall -fstack-usage -MMD -MP -MF"Drivers/Src/TIMxDriver.d" -MT"Drivers/Src/TIMxDriver.o" --specs=nano.specs -mfpu=fpv4-sp-d16 -mfloat-abi=hard -mthumb -o "Drivers/Src/TIMxDriver.o"
arm-none-eabi-gcc "../Drivers/Src/USARTxDriver.c" -mcpu=cortex-m4 -std=gnu11 -g3 -DDEBUG -DNUCLEO_F411RE -DSTM32 -DSTM32F4 -DSTM32F411RETx -DSTM32F411xE -c -I../Inc -I/home/jutoroa/workspace/STMDirectory/tarea3_jutoroa_COPY/Drivers/Inc -I/home/jutoroa/workspace/STMDirectory/tarea3_jutoroa_COPY/Drivers/Src -I/home/jutoroa/workspace/STMDirectory/mcu_headers/CMSIS/Device/ST/STM32F4xx/Include -I/home/jutoroa/workspace/STMDirectory/mcu_headers/CMSIS/Include -O0 -ffunction-sections -fdata-sections -Wall -fstack-usage -MMD -MP -MF"Drivers/Src/USARTxDriver.d" -MT"Drivers/Src/USARTxDriver.o" --specs=nano.specs -mfpu=fpv4-sp-d16 -mfloat-abi=hard -mthumb -o "Drivers/Src/USARTxDriver.o"
arm-none-eabi-gcc -o "tarea3_jutoroa_COPY.elf" @"objects.list"   -mcpu=cortex-m4 -T"/home/jutoroa/workspace/STMDirectory/tarea3_jutoroa_COPY/STM32F411RETX_FLASH.ld" --specs=nosys.specs -Wl,-Map="tarea3_jutoroa_COPY.map" -Wl,--gc-sections -static --specs=nano.specs -mfpu=fpv4-sp-d16 -mfloat-abi=hard -mthumb -Wl,--start-group -lc -lm -Wl,--end-group
Finished building target: tarea3_jutoroa_COPY.elf
 
arm-none-eabi-size   tarea3_jutoroa_COPY.elf 
arm-none-eabi-objdump -h -S  tarea3_jutoroa_COPY.elf  > "tarea3_jutoroa_COPY.list"
   text	   data	    bss	    dec	    hex	filename
   3860	     12	   1772	   5644	   160c	tarea3_jutoroa_COPY.elf
Finished building: default.size.stdout
 
Finished building: tarea3_jutoroa_COPY.list
 

21:15:15 Build Finished. 0 errors, 0 warnings. (took 621ms)

