Archive member included to satisfy reference by file (symbol)

c:/st/stm32cubeide_1.9.0/stm32cubeide/plugins/com.st.stm32cube.ide.mcu.externaltools.gnu-tools-for-stm32.10.3-2021.10.win32_1.0.0.202111181127/tools/bin/../lib/gcc/arm-none-eabi/10.3.1/../../../../arm-none-eabi/lib/thumb/v7e-m+fp/hard\libc_nano.a(lib_a-errno.o)
                              ./Src/syscalls.o (__errno)
c:/st/stm32cubeide_1.9.0/stm32cubeide/plugins/com.st.stm32cube.ide.mcu.externaltools.gnu-tools-for-stm32.10.3-2021.10.win32_1.0.0.202111181127/tools/bin/../lib/gcc/arm-none-eabi/10.3.1/../../../../arm-none-eabi/lib/thumb/v7e-m+fp/hard\libc_nano.a(lib_a-exit.o)
                              c:/st/stm32cubeide_1.9.0/stm32cubeide/plugins/com.st.stm32cube.ide.mcu.externaltools.gnu-tools-for-stm32.10.3-2021.10.win32_1.0.0.202111181127/tools/bin/../lib/gcc/arm-none-eabi/10.3.1/../../../../arm-none-eabi/lib/thumb/v7e-m+fp/hard/crt0.o (exit)
c:/st/stm32cubeide_1.9.0/stm32cubeide/plugins/com.st.stm32cube.ide.mcu.externaltools.gnu-tools-for-stm32.10.3-2021.10.win32_1.0.0.202111181127/tools/bin/../lib/gcc/arm-none-eabi/10.3.1/../../../../arm-none-eabi/lib/thumb/v7e-m+fp/hard\libc_nano.a(lib_a-impure.o)
                              c:/st/stm32cubeide_1.9.0/stm32cubeide/plugins/com.st.stm32cube.ide.mcu.externaltools.gnu-tools-for-stm32.10.3-2021.10.win32_1.0.0.202111181127/tools/bin/../lib/gcc/arm-none-eabi/10.3.1/../../../../arm-none-eabi/lib/thumb/v7e-m+fp/hard\libc_nano.a(lib_a-exit.o) (_global_impure_ptr)
c:/st/stm32cubeide_1.9.0/stm32cubeide/plugins/com.st.stm32cube.ide.mcu.externaltools.gnu-tools-for-stm32.10.3-2021.10.win32_1.0.0.202111181127/tools/bin/../lib/gcc/arm-none-eabi/10.3.1/../../../../arm-none-eabi/lib/thumb/v7e-m+fp/hard\libc_nano.a(lib_a-init.o)
                              c:/st/stm32cubeide_1.9.0/stm32cubeide/plugins/com.st.stm32cube.ide.mcu.externaltools.gnu-tools-for-stm32.10.3-2021.10.win32_1.0.0.202111181127/tools/bin/../lib/gcc/arm-none-eabi/10.3.1/../../../../arm-none-eabi/lib/thumb/v7e-m+fp/hard/crt0.o (__libc_init_array)
c:/st/stm32cubeide_1.9.0/stm32cubeide/plugins/com.st.stm32cube.ide.mcu.externaltools.gnu-tools-for-stm32.10.3-2021.10.win32_1.0.0.202111181127/tools/bin/../lib/gcc/arm-none-eabi/10.3.1/../../../../arm-none-eabi/lib/thumb/v7e-m+fp/hard\libc_nano.a(lib_a-memset.o)
                              c:/st/stm32cubeide_1.9.0/stm32cubeide/plugins/com.st.stm32cube.ide.mcu.externaltools.gnu-tools-for-stm32.10.3-2021.10.win32_1.0.0.202111181127/tools/bin/../lib/gcc/arm-none-eabi/10.3.1/../../../../arm-none-eabi/lib/thumb/v7e-m+fp/hard/crt0.o (memset)

Discarded input sections

 .text          0x0000000000000000        0x0 c:/st/stm32cubeide_1.9.0/stm32cubeide/plugins/com.st.stm32cube.ide.mcu.externaltools.gnu-tools-for-stm32.10.3-2021.10.win32_1.0.0.202111181127/tools/bin/../lib/gcc/arm-none-eabi/10.3.1/thumb/v7e-m+fp/hard/crti.o
 .data          0x0000000000000000        0x0 c:/st/stm32cubeide_1.9.0/stm32cubeide/plugins/com.st.stm32cube.ide.mcu.externaltools.gnu-tools-for-stm32.10.3-2021.10.win32_1.0.0.202111181127/tools/bin/../lib/gcc/arm-none-eabi/10.3.1/thumb/v7e-m+fp/hard/crti.o
 .bss           0x0000000000000000        0x0 c:/st/stm32cubeide_1.9.0/stm32cubeide/plugins/com.st.stm32cube.ide.mcu.externaltools.gnu-tools-for-stm32.10.3-2021.10.win32_1.0.0.202111181127/tools/bin/../lib/gcc/arm-none-eabi/10.3.1/thumb/v7e-m+fp/hard/crti.o
 .data          0x0000000000000000        0x4 c:/st/stm32cubeide_1.9.0/stm32cubeide/plugins/com.st.stm32cube.ide.mcu.externaltools.gnu-tools-for-stm32.10.3-2021.10.win32_1.0.0.202111181127/tools/bin/../lib/gcc/arm-none-eabi/10.3.1/thumb/v7e-m+fp/hard/crtbegin.o
 .rodata        0x0000000000000000       0x24 c:/st/stm32cubeide_1.9.0/stm32cubeide/plugins/com.st.stm32cube.ide.mcu.externaltools.gnu-tools-for-stm32.10.3-2021.10.win32_1.0.0.202111181127/tools/bin/../lib/gcc/arm-none-eabi/10.3.1/thumb/v7e-m+fp/hard/crtbegin.o
 .text          0x0000000000000000       0x7c c:/st/stm32cubeide_1.9.0/stm32cubeide/plugins/com.st.stm32cube.ide.mcu.externaltools.gnu-tools-for-stm32.10.3-2021.10.win32_1.0.0.202111181127/tools/bin/../lib/gcc/arm-none-eabi/10.3.1/../../../../arm-none-eabi/lib/thumb/v7e-m+fp/hard/crt0.o
 .data          0x0000000000000000        0x0 c:/st/stm32cubeide_1.9.0/stm32cubeide/plugins/com.st.stm32cube.ide.mcu.externaltools.gnu-tools-for-stm32.10.3-2021.10.win32_1.0.0.202111181127/tools/bin/../lib/gcc/arm-none-eabi/10.3.1/../../../../arm-none-eabi/lib/thumb/v7e-m+fp/hard/crt0.o
 .bss           0x0000000000000000        0x0 c:/st/stm32cubeide_1.9.0/stm32cubeide/plugins/com.st.stm32cube.ide.mcu.externaltools.gnu-tools-for-stm32.10.3-2021.10.win32_1.0.0.202111181127/tools/bin/../lib/gcc/arm-none-eabi/10.3.1/../../../../arm-none-eabi/lib/thumb/v7e-m+fp/hard/crt0.o
 .ARM.extab     0x0000000000000000        0x0 c:/st/stm32cubeide_1.9.0/stm32cubeide/plugins/com.st.stm32cube.ide.mcu.externaltools.gnu-tools-for-stm32.10.3-2021.10.win32_1.0.0.202111181127/tools/bin/../lib/gcc/arm-none-eabi/10.3.1/../../../../arm-none-eabi/lib/thumb/v7e-m+fp/hard/crt0.o
 .ARM.exidx     0x0000000000000000       0x10 c:/st/stm32cubeide_1.9.0/stm32cubeide/plugins/com.st.stm32cube.ide.mcu.externaltools.gnu-tools-for-stm32.10.3-2021.10.win32_1.0.0.202111181127/tools/bin/../lib/gcc/arm-none-eabi/10.3.1/../../../../arm-none-eabi/lib/thumb/v7e-m+fp/hard/crt0.o
 .ARM.attributes
                0x0000000000000000       0x1c c:/st/stm32cubeide_1.9.0/stm32cubeide/plugins/com.st.stm32cube.ide.mcu.externaltools.gnu-tools-for-stm32.10.3-2021.10.win32_1.0.0.202111181127/tools/bin/../lib/gcc/arm-none-eabi/10.3.1/../../../../arm-none-eabi/lib/thumb/v7e-m+fp/hard/crt0.o
 .group         0x0000000000000000        0xc ./Drivers/Src/AdcDriver.o
 .group         0x0000000000000000        0xc ./Drivers/Src/AdcDriver.o
 .group         0x0000000000000000        0xc ./Drivers/Src/AdcDriver.o
 .group         0x0000000000000000        0xc ./Drivers/Src/AdcDriver.o
 .group         0x0000000000000000        0xc ./Drivers/Src/AdcDriver.o
 .group         0x0000000000000000        0xc ./Drivers/Src/AdcDriver.o
 .group         0x0000000000000000        0xc ./Drivers/Src/AdcDriver.o
 .group         0x0000000000000000        0xc ./Drivers/Src/AdcDriver.o
 .group         0x0000000000000000        0xc ./Drivers/Src/AdcDriver.o
 .group         0x0000000000000000        0xc ./Drivers/Src/AdcDriver.o
 .group         0x0000000000000000        0xc ./Drivers/Src/AdcDriver.o
 .group         0x0000000000000000        0xc ./Drivers/Src/AdcDriver.o
 .group         0x0000000000000000        0xc ./Drivers/Src/AdcDriver.o
 .group         0x0000000000000000        0xc ./Drivers/Src/AdcDriver.o
 .group         0x0000000000000000        0xc ./Drivers/Src/AdcDriver.o
 .group         0x0000000000000000        0xc ./Drivers/Src/AdcDriver.o
 .group         0x0000000000000000        0xc ./Drivers/Src/AdcDriver.o
 .group         0x0000000000000000        0xc ./Drivers/Src/AdcDriver.o
 .text          0x0000000000000000        0x0 ./Drivers/Src/AdcDriver.o
 .data          0x0000000000000000        0x0 ./Drivers/Src/AdcDriver.o
 .bss           0x0000000000000000        0x0 ./Drivers/Src/AdcDriver.o
 .text.__NVIC_EnableIRQ
                0x0000000000000000       0x3c ./Drivers/Src/AdcDriver.o
 .bss.handlerAdcPin
                0x0000000000000000        0xc ./Drivers/Src/AdcDriver.o
 .text.adc_Config
                0x0000000000000000      0x18c ./Drivers/Src/AdcDriver.o
 .text.startSingleConversion
                0x0000000000000000       0x20 ./Drivers/Src/AdcDriver.o
 .text.startContinuousConversion
                0x0000000000000000       0x2c ./Drivers/Src/AdcDriver.o
 .text.getADC   0x0000000000000000       0x18 ./Drivers/Src/AdcDriver.o
 .text.configAnalogPin
                0x0000000000000000      0x160 ./Drivers/Src/AdcDriver.o
 .group         0x0000000000000000        0xc ./Drivers/Src/GPIOxDriver.o
 .group         0x0000000000000000        0xc ./Drivers/Src/GPIOxDriver.o
 .group         0x0000000000000000        0xc ./Drivers/Src/GPIOxDriver.o
 .group         0x0000000000000000        0xc ./Drivers/Src/GPIOxDriver.o
 .group         0x0000000000000000        0xc ./Drivers/Src/GPIOxDriver.o
 .group         0x0000000000000000        0xc ./Drivers/Src/GPIOxDriver.o
 .group         0x0000000000000000        0xc ./Drivers/Src/GPIOxDriver.o
 .group         0x0000000000000000        0xc ./Drivers/Src/GPIOxDriver.o
 .group         0x0000000000000000        0xc ./Drivers/Src/GPIOxDriver.o
 .group         0x0000000000000000        0xc ./Drivers/Src/GPIOxDriver.o
 .group         0x0000000000000000        0xc ./Drivers/Src/GPIOxDriver.o
 .group         0x0000000000000000        0xc ./Drivers/Src/GPIOxDriver.o
 .group         0x0000000000000000        0xc ./Drivers/Src/GPIOxDriver.o
 .group         0x0000000000000000        0xc ./Drivers/Src/GPIOxDriver.o
 .group         0x0000000000000000        0xc ./Drivers/Src/GPIOxDriver.o
 .group         0x0000000000000000        0xc ./Drivers/Src/GPIOxDriver.o
 .group         0x0000000000000000        0xc ./Drivers/Src/GPIOxDriver.o
 .text          0x0000000000000000        0x0 ./Drivers/Src/GPIOxDriver.o
 .data          0x0000000000000000        0x0 ./Drivers/Src/GPIOxDriver.o
 .bss           0x0000000000000000        0x0 ./Drivers/Src/GPIOxDriver.o
 .text.GPIO_ReadPin
                0x0000000000000000       0x30 ./Drivers/Src/GPIOxDriver.o
 .debug_macro   0x0000000000000000      0xa8a ./Drivers/Src/GPIOxDriver.o
 .debug_macro   0x0000000000000000       0x28 ./Drivers/Src/GPIOxDriver.o
 .debug_macro   0x0000000000000000       0x28 ./Drivers/Src/GPIOxDriver.o
 .debug_macro   0x0000000000000000       0x22 ./Drivers/Src/GPIOxDriver.o
 .debug_macro   0x0000000000000000       0x8e ./Drivers/Src/GPIOxDriver.o
 .debug_macro   0x0000000000000000       0x51 ./Drivers/Src/GPIOxDriver.o
 .debug_macro   0x0000000000000000      0x103 ./Drivers/Src/GPIOxDriver.o
 .debug_macro   0x0000000000000000       0x6a ./Drivers/Src/GPIOxDriver.o
 .debug_macro   0x0000000000000000      0x1df ./Drivers/Src/GPIOxDriver.o
 .debug_macro   0x0000000000000000       0x1c ./Drivers/Src/GPIOxDriver.o
 .debug_macro   0x0000000000000000       0x22 ./Drivers/Src/GPIOxDriver.o
 .debug_macro   0x0000000000000000       0xd9 ./Drivers/Src/GPIOxDriver.o
 .debug_macro   0x0000000000000000     0x102d ./Drivers/Src/GPIOxDriver.o
 .debug_macro   0x0000000000000000      0x11f ./Drivers/Src/GPIOxDriver.o
 .debug_macro   0x0000000000000000     0xb953 ./Drivers/Src/GPIOxDriver.o
 .debug_macro   0x0000000000000000       0x6d ./Drivers/Src/GPIOxDriver.o
 .group         0x0000000000000000        0xc ./Drivers/Src/INITSystem.o
 .text          0x0000000000000000        0x0 ./Drivers/Src/INITSystem.o
 .data          0x0000000000000000        0x0 ./Drivers/Src/INITSystem.o
 .bss           0x0000000000000000        0x0 ./Drivers/Src/INITSystem.o
 .debug_info    0x0000000000000000       0x21 ./Drivers/Src/INITSystem.o
 .debug_abbrev  0x0000000000000000       0x13 ./Drivers/Src/INITSystem.o
 .debug_aranges
                0x0000000000000000       0x18 ./Drivers/Src/INITSystem.o
 .debug_macro   0x0000000000000000       0x11 ./Drivers/Src/INITSystem.o
 .debug_macro   0x0000000000000000      0xa8a ./Drivers/Src/INITSystem.o
 .debug_line    0x0000000000000000       0x3c ./Drivers/Src/INITSystem.o
 .debug_str     0x0000000000000000     0x2d09 ./Drivers/Src/INITSystem.o
 .comment       0x0000000000000000       0x51 ./Drivers/Src/INITSystem.o
 .ARM.attributes
                0x0000000000000000       0x34 ./Drivers/Src/INITSystem.o
 .group         0x0000000000000000        0xc ./Drivers/Src/TIMxDriver.o
 .group         0x0000000000000000        0xc ./Drivers/Src/TIMxDriver.o
 .group         0x0000000000000000        0xc ./Drivers/Src/TIMxDriver.o
 .group         0x0000000000000000        0xc ./Drivers/Src/TIMxDriver.o
 .group         0x0000000000000000        0xc ./Drivers/Src/TIMxDriver.o
 .group         0x0000000000000000        0xc ./Drivers/Src/TIMxDriver.o
 .group         0x0000000000000000        0xc ./Drivers/Src/TIMxDriver.o
 .group         0x0000000000000000        0xc ./Drivers/Src/TIMxDriver.o
 .group         0x0000000000000000        0xc ./Drivers/Src/TIMxDriver.o
 .group         0x0000000000000000        0xc ./Drivers/Src/TIMxDriver.o
 .group         0x0000000000000000        0xc ./Drivers/Src/TIMxDriver.o
 .group         0x0000000000000000        0xc ./Drivers/Src/TIMxDriver.o
 .group         0x0000000000000000        0xc ./Drivers/Src/TIMxDriver.o
 .group         0x0000000000000000        0xc ./Drivers/Src/TIMxDriver.o
 .group         0x0000000000000000        0xc ./Drivers/Src/TIMxDriver.o
 .group         0x0000000000000000        0xc ./Drivers/Src/TIMxDriver.o
 .group         0x0000000000000000        0xc ./Drivers/Src/TIMxDriver.o
 .text          0x0000000000000000        0x0 ./Drivers/Src/TIMxDriver.o
 .data          0x0000000000000000        0x0 ./Drivers/Src/TIMxDriver.o
 .bss           0x0000000000000000        0x0 ./Drivers/Src/TIMxDriver.o
 .text.Timer2_Callback
                0x0000000000000000       0x10 ./Drivers/Src/TIMxDriver.o
 .debug_macro   0x0000000000000000      0xa8a ./Drivers/Src/TIMxDriver.o
 .debug_macro   0x0000000000000000       0x28 ./Drivers/Src/TIMxDriver.o
 .debug_macro   0x0000000000000000       0x28 ./Drivers/Src/TIMxDriver.o
 .debug_macro   0x0000000000000000       0x22 ./Drivers/Src/TIMxDriver.o
 .debug_macro   0x0000000000000000       0x8e ./Drivers/Src/TIMxDriver.o
 .debug_macro   0x0000000000000000       0x51 ./Drivers/Src/TIMxDriver.o
 .debug_macro   0x0000000000000000      0x103 ./Drivers/Src/TIMxDriver.o
 .debug_macro   0x0000000000000000       0x6a ./Drivers/Src/TIMxDriver.o
 .debug_macro   0x0000000000000000      0x1df ./Drivers/Src/TIMxDriver.o
 .debug_macro   0x0000000000000000       0x1c ./Drivers/Src/TIMxDriver.o
 .debug_macro   0x0000000000000000       0x22 ./Drivers/Src/TIMxDriver.o
 .debug_macro   0x0000000000000000       0xd9 ./Drivers/Src/TIMxDriver.o
 .debug_macro   0x0000000000000000     0x102d ./Drivers/Src/TIMxDriver.o
 .debug_macro   0x0000000000000000      0x11f ./Drivers/Src/TIMxDriver.o
 .debug_macro   0x0000000000000000     0xb953 ./Drivers/Src/TIMxDriver.o
 .debug_macro   0x0000000000000000       0x6d ./Drivers/Src/TIMxDriver.o
 .group         0x0000000000000000        0xc ./Drivers/Src/USARTxDriver.o
 .group         0x0000000000000000        0xc ./Drivers/Src/USARTxDriver.o
 .group         0x0000000000000000        0xc ./Drivers/Src/USARTxDriver.o
 .group         0x0000000000000000        0xc ./Drivers/Src/USARTxDriver.o
 .group         0x0000000000000000        0xc ./Drivers/Src/USARTxDriver.o
 .group         0x0000000000000000        0xc ./Drivers/Src/USARTxDriver.o
 .group         0x0000000000000000        0xc ./Drivers/Src/USARTxDriver.o
 .group         0x0000000000000000        0xc ./Drivers/Src/USARTxDriver.o
 .group         0x0000000000000000        0xc ./Drivers/Src/USARTxDriver.o
 .group         0x0000000000000000        0xc ./Drivers/Src/USARTxDriver.o
 .group         0x0000000000000000        0xc ./Drivers/Src/USARTxDriver.o
 .group         0x0000000000000000        0xc ./Drivers/Src/USARTxDriver.o
 .group         0x0000000000000000        0xc ./Drivers/Src/USARTxDriver.o
 .group         0x0000000000000000        0xc ./Drivers/Src/USARTxDriver.o
 .group         0x0000000000000000        0xc ./Drivers/Src/USARTxDriver.o
 .group         0x0000000000000000        0xc ./Drivers/Src/USARTxDriver.o
 .group         0x0000000000000000        0xc ./Drivers/Src/USARTxDriver.o
 .group         0x0000000000000000        0xc ./Drivers/Src/USARTxDriver.o
 .group         0x0000000000000000        0xc ./Drivers/Src/USARTxDriver.o
 .group         0x0000000000000000        0xc ./Drivers/Src/USARTxDriver.o
 .group         0x0000000000000000        0xc ./Drivers/Src/USARTxDriver.o
 .group         0x0000000000000000        0xc ./Drivers/Src/USARTxDriver.o
 .group         0x0000000000000000        0xc ./Drivers/Src/USARTxDriver.o
 .group         0x0000000000000000        0xc ./Drivers/Src/USARTxDriver.o
 .group         0x0000000000000000        0xc ./Drivers/Src/USARTxDriver.o
 .group         0x0000000000000000        0xc ./Drivers/Src/USARTxDriver.o
 .group         0x0000000000000000        0xc ./Drivers/Src/USARTxDriver.o
 .group         0x0000000000000000        0xc ./Drivers/Src/USARTxDriver.o
 .group         0x0000000000000000        0xc ./Drivers/Src/USARTxDriver.o
 .group         0x0000000000000000        0xc ./Drivers/Src/USARTxDriver.o
 .group         0x0000000000000000        0xc ./Drivers/Src/USARTxDriver.o
 .group         0x0000000000000000        0xc ./Drivers/Src/USARTxDriver.o
 .group         0x0000000000000000        0xc ./Drivers/Src/USARTxDriver.o
 .group         0x0000000000000000        0xc ./Drivers/Src/USARTxDriver.o
 .group         0x0000000000000000        0xc ./Drivers/Src/USARTxDriver.o
 .group         0x0000000000000000        0xc ./Drivers/Src/USARTxDriver.o
 .group         0x0000000000000000        0xc ./Drivers/Src/USARTxDriver.o
 .group         0x0000000000000000        0xc ./Drivers/Src/USARTxDriver.o
 .group         0x0000000000000000        0xc ./Drivers/Src/USARTxDriver.o
 .group         0x0000000000000000        0xc ./Drivers/Src/USARTxDriver.o
 .group         0x0000000000000000        0xc ./Drivers/Src/USARTxDriver.o
 .group         0x0000000000000000        0xc ./Drivers/Src/USARTxDriver.o
 .group         0x0000000000000000        0xc ./Drivers/Src/USARTxDriver.o
 .group         0x0000000000000000        0xc ./Drivers/Src/USARTxDriver.o
 .group         0x0000000000000000        0xc ./Drivers/Src/USARTxDriver.o
 .text          0x0000000000000000        0x0 ./Drivers/Src/USARTxDriver.o
 .data          0x0000000000000000        0x0 ./Drivers/Src/USARTxDriver.o
 .bss           0x0000000000000000        0x0 ./Drivers/Src/USARTxDriver.o
 .text.USART2_Callback
                0x0000000000000000       0x10 ./Drivers/Src/USARTxDriver.o
 .text.returnData
                0x0000000000000000       0x18 ./Drivers/Src/USARTxDriver.o
 .text.writeMsg
                0x0000000000000000       0x30 ./Drivers/Src/USARTxDriver.o
 .debug_macro   0x0000000000000000      0xa8a ./Drivers/Src/USARTxDriver.o
 .debug_macro   0x0000000000000000       0x28 ./Drivers/Src/USARTxDriver.o
 .debug_macro   0x0000000000000000       0x28 ./Drivers/Src/USARTxDriver.o
 .debug_macro   0x0000000000000000       0x22 ./Drivers/Src/USARTxDriver.o
 .debug_macro   0x0000000000000000       0x8e ./Drivers/Src/USARTxDriver.o
 .debug_macro   0x0000000000000000       0x51 ./Drivers/Src/USARTxDriver.o
 .debug_macro   0x0000000000000000      0x103 ./Drivers/Src/USARTxDriver.o
 .debug_macro   0x0000000000000000       0x6a ./Drivers/Src/USARTxDriver.o
 .debug_macro   0x0000000000000000      0x1df ./Drivers/Src/USARTxDriver.o
 .debug_macro   0x0000000000000000       0x1c ./Drivers/Src/USARTxDriver.o
 .debug_macro   0x0000000000000000       0x22 ./Drivers/Src/USARTxDriver.o
 .debug_macro   0x0000000000000000       0xd9 ./Drivers/Src/USARTxDriver.o
 .debug_macro   0x0000000000000000     0x102d ./Drivers/Src/USARTxDriver.o
 .debug_macro   0x0000000000000000      0x11f ./Drivers/Src/USARTxDriver.o
 .debug_macro   0x0000000000000000     0xb953 ./Drivers/Src/USARTxDriver.o
 .debug_macro   0x0000000000000000       0x6d ./Drivers/Src/USARTxDriver.o
 .group         0x0000000000000000        0xc ./Src/newmainV2.o
 .group         0x0000000000000000        0xc ./Src/newmainV2.o
 .group         0x0000000000000000        0xc ./Src/newmainV2.o
 .group         0x0000000000000000        0xc ./Src/newmainV2.o
 .group         0x0000000000000000        0xc ./Src/newmainV2.o
 .group         0x0000000000000000        0xc ./Src/newmainV2.o
 .group         0x0000000000000000        0xc ./Src/newmainV2.o
 .group         0x0000000000000000        0xc ./Src/newmainV2.o
 .group         0x0000000000000000        0xc ./Src/newmainV2.o
 .group         0x0000000000000000        0xc ./Src/newmainV2.o
 .group         0x0000000000000000        0xc ./Src/newmainV2.o
 .group         0x0000000000000000        0xc ./Src/newmainV2.o
 .group         0x0000000000000000        0xc ./Src/newmainV2.o
 .group         0x0000000000000000        0xc ./Src/newmainV2.o
 .group         0x0000000000000000        0xc ./Src/newmainV2.o
 .group         0x0000000000000000        0xc ./Src/newmainV2.o
 .group         0x0000000000000000        0xc ./Src/newmainV2.o
 .group         0x0000000000000000        0xc ./Src/newmainV2.o
 .group         0x0000000000000000        0xc ./Src/newmainV2.o
 .group         0x0000000000000000        0xc ./Src/newmainV2.o
 .group         0x0000000000000000        0xc ./Src/newmainV2.o
 .group         0x0000000000000000        0xc ./Src/newmainV2.o
 .group         0x0000000000000000        0xc ./Src/newmainV2.o
 .group         0x0000000000000000        0xc ./Src/newmainV2.o
 .group         0x0000000000000000        0xc ./Src/newmainV2.o
 .group         0x0000000000000000        0xc ./Src/newmainV2.o
 .group         0x0000000000000000        0xc ./Src/newmainV2.o
 .group         0x0000000000000000        0xc ./Src/newmainV2.o
 .group         0x0000000000000000        0xc ./Src/newmainV2.o
 .group         0x0000000000000000        0xc ./Src/newmainV2.o
 .group         0x0000000000000000        0xc ./Src/newmainV2.o
 .group         0x0000000000000000        0xc ./Src/newmainV2.o
 .group         0x0000000000000000        0xc ./Src/newmainV2.o
 .group         0x0000000000000000        0xc ./Src/newmainV2.o
 .group         0x0000000000000000        0xc ./Src/newmainV2.o
 .group         0x0000000000000000        0xc ./Src/newmainV2.o
 .group         0x0000000000000000        0xc ./Src/newmainV2.o
 .group         0x0000000000000000        0xc ./Src/newmainV2.o
 .group         0x0000000000000000        0xc ./Src/newmainV2.o
 .group         0x0000000000000000        0xc ./Src/newmainV2.o
 .group         0x0000000000000000        0xc ./Src/newmainV2.o
 .group         0x0000000000000000        0xc ./Src/newmainV2.o
 .group         0x0000000000000000        0xc ./Src/newmainV2.o
 .group         0x0000000000000000        0xc ./Src/newmainV2.o
 .group         0x0000000000000000        0xc ./Src/newmainV2.o
 .group         0x0000000000000000        0xc ./Src/newmainV2.o
 .group         0x0000000000000000        0xc ./Src/newmainV2.o
 .text          0x0000000000000000        0x0 ./Src/newmainV2.o
 .data          0x0000000000000000        0x0 ./Src/newmainV2.o
 .bss           0x0000000000000000        0x0 ./Src/newmainV2.o
 .debug_macro   0x0000000000000000      0xa8a ./Src/newmainV2.o
 .debug_macro   0x0000000000000000       0x28 ./Src/newmainV2.o
 .debug_macro   0x0000000000000000       0x28 ./Src/newmainV2.o
 .debug_macro   0x0000000000000000       0x22 ./Src/newmainV2.o
 .debug_macro   0x0000000000000000       0x8e ./Src/newmainV2.o
 .debug_macro   0x0000000000000000       0x51 ./Src/newmainV2.o
 .debug_macro   0x0000000000000000      0x103 ./Src/newmainV2.o
 .debug_macro   0x0000000000000000       0x6a ./Src/newmainV2.o
 .debug_macro   0x0000000000000000      0x1df ./Src/newmainV2.o
 .debug_macro   0x0000000000000000       0x1c ./Src/newmainV2.o
 .debug_macro   0x0000000000000000       0x22 ./Src/newmainV2.o
 .debug_macro   0x0000000000000000       0xd9 ./Src/newmainV2.o
 .debug_macro   0x0000000000000000     0x102d ./Src/newmainV2.o
 .debug_macro   0x0000000000000000      0x11f ./Src/newmainV2.o
 .debug_macro   0x0000000000000000     0xb953 ./Src/newmainV2.o
 .debug_macro   0x0000000000000000       0x6d ./Src/newmainV2.o
 .debug_macro   0x0000000000000000      0x12a ./Src/newmainV2.o
 .debug_macro   0x0000000000000000       0x52 ./Src/newmainV2.o
 .debug_macro   0x0000000000000000       0x1e ./Src/newmainV2.o
 .debug_macro   0x0000000000000000       0x3c ./Src/newmainV2.o
 .debug_macro   0x0000000000000000       0x34 ./Src/newmainV2.o
 .debug_macro   0x0000000000000000       0x16 ./Src/newmainV2.o
 .debug_macro   0x0000000000000000       0x97 ./Src/newmainV2.o
 .debug_macro   0x0000000000000000      0x341 ./Src/newmainV2.o
 .debug_macro   0x0000000000000000       0xfd ./Src/newmainV2.o
 .debug_macro   0x0000000000000000       0x10 ./Src/newmainV2.o
 .debug_macro   0x0000000000000000       0x16 ./Src/newmainV2.o
 .debug_macro   0x0000000000000000       0x43 ./Src/newmainV2.o
 .debug_macro   0x0000000000000000       0x34 ./Src/newmainV2.o
 .debug_macro   0x0000000000000000       0x10 ./Src/newmainV2.o
 .debug_macro   0x0000000000000000       0x58 ./Src/newmainV2.o
 .debug_macro   0x0000000000000000       0x71 ./Src/newmainV2.o
 .debug_macro   0x0000000000000000       0x1c ./Src/newmainV2.o
 .debug_macro   0x0000000000000000      0x12a ./Src/newmainV2.o
 .debug_macro   0x0000000000000000       0x10 ./Src/newmainV2.o
 .debug_macro   0x0000000000000000       0x1c ./Src/newmainV2.o
 .debug_macro   0x0000000000000000       0x52 ./Src/newmainV2.o
 .debug_macro   0x0000000000000000       0x22 ./Src/newmainV2.o
 .debug_macro   0x0000000000000000       0x10 ./Src/newmainV2.o
 .debug_macro   0x0000000000000000       0x52 ./Src/newmainV2.o
 .debug_macro   0x0000000000000000       0xd5 ./Src/newmainV2.o
 .debug_macro   0x0000000000000000       0x1c ./Src/newmainV2.o
 .debug_macro   0x0000000000000000       0x3d ./Src/newmainV2.o
 .debug_macro   0x0000000000000000       0x16 ./Src/newmainV2.o
 .debug_macro   0x0000000000000000      0x145 ./Src/newmainV2.o
 .debug_macro   0x0000000000000000       0x82 ./Src/newmainV2.o
 .debug_macro   0x0000000000000000       0x28 ./Src/newmainV2.o
 .group         0x0000000000000000        0xc ./Src/syscalls.o
 .group         0x0000000000000000        0xc ./Src/syscalls.o
 .group         0x0000000000000000        0xc ./Src/syscalls.o
 .group         0x0000000000000000        0xc ./Src/syscalls.o
 .group         0x0000000000000000        0xc ./Src/syscalls.o
 .group         0x0000000000000000        0xc ./Src/syscalls.o
 .group         0x0000000000000000        0xc ./Src/syscalls.o
 .group         0x0000000000000000        0xc ./Src/syscalls.o
 .group         0x0000000000000000        0xc ./Src/syscalls.o
 .group         0x0000000000000000        0xc ./Src/syscalls.o
 .group         0x0000000000000000        0xc ./Src/syscalls.o
 .group         0x0000000000000000        0xc ./Src/syscalls.o
 .group         0x0000000000000000        0xc ./Src/syscalls.o
 .group         0x0000000000000000        0xc ./Src/syscalls.o
 .group         0x0000000000000000        0xc ./Src/syscalls.o
 .group         0x0000000000000000        0xc ./Src/syscalls.o
 .group         0x0000000000000000        0xc ./Src/syscalls.o
 .group         0x0000000000000000        0xc ./Src/syscalls.o
 .group         0x0000000000000000        0xc ./Src/syscalls.o
 .group         0x0000000000000000        0xc ./Src/syscalls.o
 .group         0x0000000000000000        0xc ./Src/syscalls.o
 .group         0x0000000000000000        0xc ./Src/syscalls.o
 .group         0x0000000000000000        0xc ./Src/syscalls.o
 .group         0x0000000000000000        0xc ./Src/syscalls.o
 .group         0x0000000000000000        0xc ./Src/syscalls.o
 .group         0x0000000000000000        0xc ./Src/syscalls.o
 .group         0x0000000000000000        0xc ./Src/syscalls.o
 .group         0x0000000000000000        0xc ./Src/syscalls.o
 .group         0x0000000000000000        0xc ./Src/syscalls.o
 .group         0x0000000000000000        0xc ./Src/syscalls.o
 .group         0x0000000000000000        0xc ./Src/syscalls.o
 .group         0x0000000000000000        0xc ./Src/syscalls.o
 .group         0x0000000000000000        0xc ./Src/syscalls.o
 .group         0x0000000000000000        0xc ./Src/syscalls.o
 .group         0x0000000000000000        0xc ./Src/syscalls.o
 .group         0x0000000000000000        0xc ./Src/syscalls.o
 .group         0x0000000000000000        0xc ./Src/syscalls.o
 .group         0x0000000000000000        0xc ./Src/syscalls.o
 .group         0x0000000000000000        0xc ./Src/syscalls.o
 .group         0x0000000000000000        0xc ./Src/syscalls.o
 .group         0x0000000000000000        0xc ./Src/syscalls.o
 .group         0x0000000000000000        0xc ./Src/syscalls.o
 .group         0x0000000000000000        0xc ./Src/syscalls.o
 .group         0x0000000000000000        0xc ./Src/syscalls.o
 .group         0x0000000000000000        0xc ./Src/syscalls.o
 .group         0x0000000000000000        0xc ./Src/syscalls.o
 .group         0x0000000000000000        0xc ./Src/syscalls.o
 .text          0x0000000000000000        0x0 ./Src/syscalls.o
 .data          0x0000000000000000        0x0 ./Src/syscalls.o
 .bss           0x0000000000000000        0x0 ./Src/syscalls.o
 .bss.__env     0x0000000000000000        0x4 ./Src/syscalls.o
 .data.environ  0x0000000000000000        0x4 ./Src/syscalls.o
 .text.initialise_monitor_handles
                0x0000000000000000        0xe ./Src/syscalls.o
 .text._getpid  0x0000000000000000       0x10 ./Src/syscalls.o
 .text._kill    0x0000000000000000       0x20 ./Src/syscalls.o
 .text._exit    0x0000000000000000       0x14 ./Src/syscalls.o
 .text._read    0x0000000000000000       0x3a ./Src/syscalls.o
 .text._write   0x0000000000000000       0x38 ./Src/syscalls.o
 .text._close   0x0000000000000000       0x18 ./Src/syscalls.o
 .text._fstat   0x0000000000000000       0x20 ./Src/syscalls.o
 .text._isatty  0x0000000000000000       0x16 ./Src/syscalls.o
 .text._lseek   0x0000000000000000       0x1a ./Src/syscalls.o
 .text._open    0x0000000000000000       0x1c ./Src/syscalls.o
 .text._wait    0x0000000000000000       0x1e ./Src/syscalls.o
 .text._unlink  0x0000000000000000       0x1e ./Src/syscalls.o
 .text._times   0x0000000000000000       0x18 ./Src/syscalls.o
 .text._stat    0x0000000000000000       0x20 ./Src/syscalls.o
 .text._link    0x0000000000000000       0x20 ./Src/syscalls.o
 .text._fork    0x0000000000000000       0x16 ./Src/syscalls.o
 .text._execve  0x0000000000000000       0x22 ./Src/syscalls.o
 .debug_info    0x0000000000000000      0x6e0 ./Src/syscalls.o
 .debug_abbrev  0x0000000000000000      0x1b3 ./Src/syscalls.o
 .debug_aranges
                0x0000000000000000       0xa8 ./Src/syscalls.o
 .debug_ranges  0x0000000000000000       0x98 ./Src/syscalls.o
 .debug_macro   0x0000000000000000      0x24c ./Src/syscalls.o
 .debug_macro   0x0000000000000000      0xa8a ./Src/syscalls.o
 .debug_macro   0x0000000000000000       0x22 ./Src/syscalls.o
 .debug_macro   0x0000000000000000       0x4c ./Src/syscalls.o
 .debug_macro   0x0000000000000000       0x1e ./Src/syscalls.o
 .debug_macro   0x0000000000000000       0x94 ./Src/syscalls.o
 .debug_macro   0x0000000000000000       0x3c ./Src/syscalls.o
 .debug_macro   0x0000000000000000       0x34 ./Src/syscalls.o
 .debug_macro   0x0000000000000000       0x57 ./Src/syscalls.o
 .debug_macro   0x0000000000000000      0x174 ./Src/syscalls.o
 .debug_macro   0x0000000000000000      0x341 ./Src/syscalls.o
 .debug_macro   0x0000000000000000       0x16 ./Src/syscalls.o
 .debug_macro   0x0000000000000000       0x43 ./Src/syscalls.o
 .debug_macro   0x0000000000000000       0x34 ./Src/syscalls.o
 .debug_macro   0x0000000000000000       0x10 ./Src/syscalls.o
 .debug_macro   0x0000000000000000       0x58 ./Src/syscalls.o
 .debug_macro   0x0000000000000000       0x71 ./Src/syscalls.o
 .debug_macro   0x0000000000000000       0x1c ./Src/syscalls.o
 .debug_macro   0x0000000000000000      0x12a ./Src/syscalls.o
 .debug_macro   0x0000000000000000       0x10 ./Src/syscalls.o
 .debug_macro   0x0000000000000000       0x35 ./Src/syscalls.o
 .debug_macro   0x0000000000000000       0x10 ./Src/syscalls.o
 .debug_macro   0x0000000000000000       0x10 ./Src/syscalls.o
 .debug_macro   0x0000000000000000       0x10 ./Src/syscalls.o
 .debug_macro   0x0000000000000000       0x6a ./Src/syscalls.o
 .debug_macro   0x0000000000000000       0x1c ./Src/syscalls.o
 .debug_macro   0x0000000000000000       0x52 ./Src/syscalls.o
 .debug_macro   0x0000000000000000       0x22 ./Src/syscalls.o
 .debug_macro   0x0000000000000000       0x10 ./Src/syscalls.o
 .debug_macro   0x0000000000000000       0x52 ./Src/syscalls.o
 .debug_macro   0x0000000000000000       0xd5 ./Src/syscalls.o
 .debug_macro   0x0000000000000000       0x1c ./Src/syscalls.o
 .debug_macro   0x0000000000000000       0x3d ./Src/syscalls.o
 .debug_macro   0x0000000000000000       0x35 ./Src/syscalls.o
 .debug_macro   0x0000000000000000      0x12c ./Src/syscalls.o
 .debug_macro   0x0000000000000000       0x16 ./Src/syscalls.o
 .debug_macro   0x0000000000000000       0x16 ./Src/syscalls.o
 .debug_macro   0x0000000000000000       0x29 ./Src/syscalls.o
 .debug_macro   0x0000000000000000       0x10 ./Src/syscalls.o
 .debug_macro   0x0000000000000000      0x241 ./Src/syscalls.o
 .debug_macro   0x0000000000000000       0x1c ./Src/syscalls.o
 .debug_macro   0x0000000000000000       0x10 ./Src/syscalls.o
 .debug_macro   0x0000000000000000       0x10 ./Src/syscalls.o
 .debug_macro   0x0000000000000000       0x16 ./Src/syscalls.o
 .debug_macro   0x0000000000000000      0x145 ./Src/syscalls.o
 .debug_macro   0x0000000000000000      0x189 ./Src/syscalls.o
 .debug_macro   0x0000000000000000       0x16 ./Src/syscalls.o
 .debug_macro   0x0000000000000000       0xce ./Src/syscalls.o
 .debug_line    0x0000000000000000      0x7ea ./Src/syscalls.o
 .debug_str     0x0000000000000000     0x8a98 ./Src/syscalls.o
 .comment       0x0000000000000000       0x51 ./Src/syscalls.o
 .debug_frame   0x0000000000000000      0x2ac ./Src/syscalls.o
 .ARM.attributes
                0x0000000000000000       0x34 ./Src/syscalls.o
 .group         0x0000000000000000        0xc ./Src/sysmem.o
 .group         0x0000000000000000        0xc ./Src/sysmem.o
 .group         0x0000000000000000        0xc ./Src/sysmem.o
 .group         0x0000000000000000        0xc ./Src/sysmem.o
 .group         0x0000000000000000        0xc ./Src/sysmem.o
 .group         0x0000000000000000        0xc ./Src/sysmem.o
 .group         0x0000000000000000        0xc ./Src/sysmem.o
 .group         0x0000000000000000        0xc ./Src/sysmem.o
 .group         0x0000000000000000        0xc ./Src/sysmem.o
 .group         0x0000000000000000        0xc ./Src/sysmem.o
 .group         0x0000000000000000        0xc ./Src/sysmem.o
 .group         0x0000000000000000        0xc ./Src/sysmem.o
 .group         0x0000000000000000        0xc ./Src/sysmem.o
 .group         0x0000000000000000        0xc ./Src/sysmem.o
 .group         0x0000000000000000        0xc ./Src/sysmem.o
 .group         0x0000000000000000        0xc ./Src/sysmem.o
 .group         0x0000000000000000        0xc ./Src/sysmem.o
 .group         0x0000000000000000        0xc ./Src/sysmem.o
 .group         0x0000000000000000        0xc ./Src/sysmem.o
 .group         0x0000000000000000        0xc ./Src/sysmem.o
 .group         0x0000000000000000        0xc ./Src/sysmem.o
 .group         0x0000000000000000        0xc ./Src/sysmem.o
 .text          0x0000000000000000        0x0 ./Src/sysmem.o
 .data          0x0000000000000000        0x0 ./Src/sysmem.o
 .bss           0x0000000000000000        0x0 ./Src/sysmem.o
 .bss.__sbrk_heap_end
                0x0000000000000000        0x4 ./Src/sysmem.o
 .text._sbrk    0x0000000000000000       0x6c ./Src/sysmem.o
 .debug_info    0x0000000000000000      0x171 ./Src/sysmem.o
 .debug_abbrev  0x0000000000000000       0xbb ./Src/sysmem.o
 .debug_aranges
                0x0000000000000000       0x20 ./Src/sysmem.o
 .debug_ranges  0x0000000000000000       0x10 ./Src/sysmem.o
 .debug_macro   0x0000000000000000       0xff ./Src/sysmem.o
 .debug_macro   0x0000000000000000      0xa8a ./Src/sysmem.o
 .debug_macro   0x0000000000000000       0x10 ./Src/sysmem.o
 .debug_macro   0x0000000000000000       0x22 ./Src/sysmem.o
 .debug_macro   0x0000000000000000       0x4c ./Src/sysmem.o
 .debug_macro   0x0000000000000000       0x1e ./Src/sysmem.o
 .debug_macro   0x0000000000000000       0x94 ./Src/sysmem.o
 .debug_macro   0x0000000000000000       0x3c ./Src/sysmem.o
 .debug_macro   0x0000000000000000       0x34 ./Src/sysmem.o
 .debug_macro   0x0000000000000000      0x174 ./Src/sysmem.o
 .debug_macro   0x0000000000000000       0x16 ./Src/sysmem.o
 .debug_macro   0x0000000000000000       0x43 ./Src/sysmem.o
 .debug_macro   0x0000000000000000       0x57 ./Src/sysmem.o
 .debug_macro   0x0000000000000000       0x34 ./Src/sysmem.o
 .debug_macro   0x0000000000000000       0x10 ./Src/sysmem.o
 .debug_macro   0x0000000000000000       0x58 ./Src/sysmem.o
 .debug_macro   0x0000000000000000       0x71 ./Src/sysmem.o
 .debug_macro   0x0000000000000000       0x1c ./Src/sysmem.o
 .debug_macro   0x0000000000000000      0x12a ./Src/sysmem.o
 .debug_macro   0x0000000000000000      0x23b ./Src/sysmem.o
 .debug_macro   0x0000000000000000      0x103 ./Src/sysmem.o
 .debug_macro   0x0000000000000000       0x6a ./Src/sysmem.o
 .debug_macro   0x0000000000000000      0x1df ./Src/sysmem.o
 .debug_line    0x0000000000000000      0x4e0 ./Src/sysmem.o
 .debug_str     0x0000000000000000     0x5dd4 ./Src/sysmem.o
 .comment       0x0000000000000000       0x51 ./Src/sysmem.o
 .debug_frame   0x0000000000000000       0x34 ./Src/sysmem.o
 .ARM.attributes
                0x0000000000000000       0x34 ./Src/sysmem.o
 .text          0x0000000000000000       0x14 ./Startup/startup_stm32f411retx.o
 .data          0x0000000000000000        0x0 ./Startup/startup_stm32f411retx.o
 .bss           0x0000000000000000        0x0 ./Startup/startup_stm32f411retx.o
 .text          0x0000000000000000        0x0 c:/st/stm32cubeide_1.9.0/stm32cubeide/plugins/com.st.stm32cube.ide.mcu.externaltools.gnu-tools-for-stm32.10.3-2021.10.win32_1.0.0.202111181127/tools/bin/../lib/gcc/arm-none-eabi/10.3.1/../../../../arm-none-eabi/lib/thumb/v7e-m+fp/hard\libc_nano.a(lib_a-errno.o)
 .data          0x0000000000000000        0x0 c:/st/stm32cubeide_1.9.0/stm32cubeide/plugins/com.st.stm32cube.ide.mcu.externaltools.gnu-tools-for-stm32.10.3-2021.10.win32_1.0.0.202111181127/tools/bin/../lib/gcc/arm-none-eabi/10.3.1/../../../../arm-none-eabi/lib/thumb/v7e-m+fp/hard\libc_nano.a(lib_a-errno.o)
 .bss           0x0000000000000000        0x0 c:/st/stm32cubeide_1.9.0/stm32cubeide/plugins/com.st.stm32cube.ide.mcu.externaltools.gnu-tools-for-stm32.10.3-2021.10.win32_1.0.0.202111181127/tools/bin/../lib/gcc/arm-none-eabi/10.3.1/../../../../arm-none-eabi/lib/thumb/v7e-m+fp/hard\libc_nano.a(lib_a-errno.o)
 .text.__errno  0x0000000000000000        0xc c:/st/stm32cubeide_1.9.0/stm32cubeide/plugins/com.st.stm32cube.ide.mcu.externaltools.gnu-tools-for-stm32.10.3-2021.10.win32_1.0.0.202111181127/tools/bin/../lib/gcc/arm-none-eabi/10.3.1/../../../../arm-none-eabi/lib/thumb/v7e-m+fp/hard\libc_nano.a(lib_a-errno.o)
 .debug_frame   0x0000000000000000       0x20 c:/st/stm32cubeide_1.9.0/stm32cubeide/plugins/com.st.stm32cube.ide.mcu.externaltools.gnu-tools-for-stm32.10.3-2021.10.win32_1.0.0.202111181127/tools/bin/../lib/gcc/arm-none-eabi/10.3.1/../../../../arm-none-eabi/lib/thumb/v7e-m+fp/hard\libc_nano.a(lib_a-errno.o)
 .ARM.attributes
                0x0000000000000000       0x34 c:/st/stm32cubeide_1.9.0/stm32cubeide/plugins/com.st.stm32cube.ide.mcu.externaltools.gnu-tools-for-stm32.10.3-2021.10.win32_1.0.0.202111181127/tools/bin/../lib/gcc/arm-none-eabi/10.3.1/../../../../arm-none-eabi/lib/thumb/v7e-m+fp/hard\libc_nano.a(lib_a-errno.o)
 .text          0x0000000000000000        0x0 c:/st/stm32cubeide_1.9.0/stm32cubeide/plugins/com.st.stm32cube.ide.mcu.externaltools.gnu-tools-for-stm32.10.3-2021.10.win32_1.0.0.202111181127/tools/bin/../lib/gcc/arm-none-eabi/10.3.1/../../../../arm-none-eabi/lib/thumb/v7e-m+fp/hard\libc_nano.a(lib_a-exit.o)
 .data          0x0000000000000000        0x0 c:/st/stm32cubeide_1.9.0/stm32cubeide/plugins/com.st.stm32cube.ide.mcu.externaltools.gnu-tools-for-stm32.10.3-2021.10.win32_1.0.0.202111181127/tools/bin/../lib/gcc/arm-none-eabi/10.3.1/../../../../arm-none-eabi/lib/thumb/v7e-m+fp/hard\libc_nano.a(lib_a-exit.o)
 .bss           0x0000000000000000        0x0 c:/st/stm32cubeide_1.9.0/stm32cubeide/plugins/com.st.stm32cube.ide.mcu.externaltools.gnu-tools-for-stm32.10.3-2021.10.win32_1.0.0.202111181127/tools/bin/../lib/gcc/arm-none-eabi/10.3.1/../../../../arm-none-eabi/lib/thumb/v7e-m+fp/hard\libc_nano.a(lib_a-exit.o)
 .text.exit     0x0000000000000000       0x28 c:/st/stm32cubeide_1.9.0/stm32cubeide/plugins/com.st.stm32cube.ide.mcu.externaltools.gnu-tools-for-stm32.10.3-2021.10.win32_1.0.0.202111181127/tools/bin/../lib/gcc/arm-none-eabi/10.3.1/../../../../arm-none-eabi/lib/thumb/v7e-m+fp/hard\libc_nano.a(lib_a-exit.o)
 .debug_frame   0x0000000000000000       0x28 c:/st/stm32cubeide_1.9.0/stm32cubeide/plugins/com.st.stm32cube.ide.mcu.externaltools.gnu-tools-for-stm32.10.3-2021.10.win32_1.0.0.202111181127/tools/bin/../lib/gcc/arm-none-eabi/10.3.1/../../../../arm-none-eabi/lib/thumb/v7e-m+fp/hard\libc_nano.a(lib_a-exit.o)
 .ARM.attributes
                0x0000000000000000       0x34 c:/st/stm32cubeide_1.9.0/stm32cubeide/plugins/com.st.stm32cube.ide.mcu.externaltools.gnu-tools-for-stm32.10.3-2021.10.win32_1.0.0.202111181127/tools/bin/../lib/gcc/arm-none-eabi/10.3.1/../../../../arm-none-eabi/lib/thumb/v7e-m+fp/hard\libc_nano.a(lib_a-exit.o)
 .text          0x0000000000000000        0x0 c:/st/stm32cubeide_1.9.0/stm32cubeide/plugins/com.st.stm32cube.ide.mcu.externaltools.gnu-tools-for-stm32.10.3-2021.10.win32_1.0.0.202111181127/tools/bin/../lib/gcc/arm-none-eabi/10.3.1/../../../../arm-none-eabi/lib/thumb/v7e-m+fp/hard\libc_nano.a(lib_a-impure.o)
 .data          0x0000000000000000        0x0 c:/st/stm32cubeide_1.9.0/stm32cubeide/plugins/com.st.stm32cube.ide.mcu.externaltools.gnu-tools-for-stm32.10.3-2021.10.win32_1.0.0.202111181127/tools/bin/../lib/gcc/arm-none-eabi/10.3.1/../../../../arm-none-eabi/lib/thumb/v7e-m+fp/hard\libc_nano.a(lib_a-impure.o)
 .bss           0x0000000000000000        0x0 c:/st/stm32cubeide_1.9.0/stm32cubeide/plugins/com.st.stm32cube.ide.mcu.externaltools.gnu-tools-for-stm32.10.3-2021.10.win32_1.0.0.202111181127/tools/bin/../lib/gcc/arm-none-eabi/10.3.1/../../../../arm-none-eabi/lib/thumb/v7e-m+fp/hard\libc_nano.a(lib_a-impure.o)
 .data._impure_ptr
                0x0000000000000000        0x4 c:/st/stm32cubeide_1.9.0/stm32cubeide/plugins/com.st.stm32cube.ide.mcu.externaltools.gnu-tools-for-stm32.10.3-2021.10.win32_1.0.0.202111181127/tools/bin/../lib/gcc/arm-none-eabi/10.3.1/../../../../arm-none-eabi/lib/thumb/v7e-m+fp/hard\libc_nano.a(lib_a-impure.o)
 .data.impure_data
                0x0000000000000000       0x60 c:/st/stm32cubeide_1.9.0/stm32cubeide/plugins/com.st.stm32cube.ide.mcu.externaltools.gnu-tools-for-stm32.10.3-2021.10.win32_1.0.0.202111181127/tools/bin/../lib/gcc/arm-none-eabi/10.3.1/../../../../arm-none-eabi/lib/thumb/v7e-m+fp/hard\libc_nano.a(lib_a-impure.o)
 .rodata._global_impure_ptr
                0x0000000000000000        0x4 c:/st/stm32cubeide_1.9.0/stm32cubeide/plugins/com.st.stm32cube.ide.mcu.externaltools.gnu-tools-for-stm32.10.3-2021.10.win32_1.0.0.202111181127/tools/bin/../lib/gcc/arm-none-eabi/10.3.1/../../../../arm-none-eabi/lib/thumb/v7e-m+fp/hard\libc_nano.a(lib_a-impure.o)
 .ARM.attributes
                0x0000000000000000       0x34 c:/st/stm32cubeide_1.9.0/stm32cubeide/plugins/com.st.stm32cube.ide.mcu.externaltools.gnu-tools-for-stm32.10.3-2021.10.win32_1.0.0.202111181127/tools/bin/../lib/gcc/arm-none-eabi/10.3.1/../../../../arm-none-eabi/lib/thumb/v7e-m+fp/hard\libc_nano.a(lib_a-impure.o)
 .text          0x0000000000000000        0x0 c:/st/stm32cubeide_1.9.0/stm32cubeide/plugins/com.st.stm32cube.ide.mcu.externaltools.gnu-tools-for-stm32.10.3-2021.10.win32_1.0.0.202111181127/tools/bin/../lib/gcc/arm-none-eabi/10.3.1/../../../../arm-none-eabi/lib/thumb/v7e-m+fp/hard\libc_nano.a(lib_a-init.o)
 .data          0x0000000000000000        0x0 c:/st/stm32cubeide_1.9.0/stm32cubeide/plugins/com.st.stm32cube.ide.mcu.externaltools.gnu-tools-for-stm32.10.3-2021.10.win32_1.0.0.202111181127/tools/bin/../lib/gcc/arm-none-eabi/10.3.1/../../../../arm-none-eabi/lib/thumb/v7e-m+fp/hard\libc_nano.a(lib_a-init.o)
 .bss           0x0000000000000000        0x0 c:/st/stm32cubeide_1.9.0/stm32cubeide/plugins/com.st.stm32cube.ide.mcu.externaltools.gnu-tools-for-stm32.10.3-2021.10.win32_1.0.0.202111181127/tools/bin/../lib/gcc/arm-none-eabi/10.3.1/../../../../arm-none-eabi/lib/thumb/v7e-m+fp/hard\libc_nano.a(lib_a-init.o)
 .text          0x0000000000000000        0x0 c:/st/stm32cubeide_1.9.0/stm32cubeide/plugins/com.st.stm32cube.ide.mcu.externaltools.gnu-tools-for-stm32.10.3-2021.10.win32_1.0.0.202111181127/tools/bin/../lib/gcc/arm-none-eabi/10.3.1/../../../../arm-none-eabi/lib/thumb/v7e-m+fp/hard\libc_nano.a(lib_a-memset.o)
 .data          0x0000000000000000        0x0 c:/st/stm32cubeide_1.9.0/stm32cubeide/plugins/com.st.stm32cube.ide.mcu.externaltools.gnu-tools-for-stm32.10.3-2021.10.win32_1.0.0.202111181127/tools/bin/../lib/gcc/arm-none-eabi/10.3.1/../../../../arm-none-eabi/lib/thumb/v7e-m+fp/hard\libc_nano.a(lib_a-memset.o)
 .bss           0x0000000000000000        0x0 c:/st/stm32cubeide_1.9.0/stm32cubeide/plugins/com.st.stm32cube.ide.mcu.externaltools.gnu-tools-for-stm32.10.3-2021.10.win32_1.0.0.202111181127/tools/bin/../lib/gcc/arm-none-eabi/10.3.1/../../../../arm-none-eabi/lib/thumb/v7e-m+fp/hard\libc_nano.a(lib_a-memset.o)
 .text.memset   0x0000000000000000       0x10 c:/st/stm32cubeide_1.9.0/stm32cubeide/plugins/com.st.stm32cube.ide.mcu.externaltools.gnu-tools-for-stm32.10.3-2021.10.win32_1.0.0.202111181127/tools/bin/../lib/gcc/arm-none-eabi/10.3.1/../../../../arm-none-eabi/lib/thumb/v7e-m+fp/hard\libc_nano.a(lib_a-memset.o)
 .debug_frame   0x0000000000000000       0x20 c:/st/stm32cubeide_1.9.0/stm32cubeide/plugins/com.st.stm32cube.ide.mcu.externaltools.gnu-tools-for-stm32.10.3-2021.10.win32_1.0.0.202111181127/tools/bin/../lib/gcc/arm-none-eabi/10.3.1/../../../../arm-none-eabi/lib/thumb/v7e-m+fp/hard\libc_nano.a(lib_a-memset.o)
 .ARM.attributes
                0x0000000000000000       0x34 c:/st/stm32cubeide_1.9.0/stm32cubeide/plugins/com.st.stm32cube.ide.mcu.externaltools.gnu-tools-for-stm32.10.3-2021.10.win32_1.0.0.202111181127/tools/bin/../lib/gcc/arm-none-eabi/10.3.1/../../../../arm-none-eabi/lib/thumb/v7e-m+fp/hard\libc_nano.a(lib_a-memset.o)
 .text          0x0000000000000000        0x0 c:/st/stm32cubeide_1.9.0/stm32cubeide/plugins/com.st.stm32cube.ide.mcu.externaltools.gnu-tools-for-stm32.10.3-2021.10.win32_1.0.0.202111181127/tools/bin/../lib/gcc/arm-none-eabi/10.3.1/thumb/v7e-m+fp/hard/crtend.o
 .data          0x0000000000000000        0x0 c:/st/stm32cubeide_1.9.0/stm32cubeide/plugins/com.st.stm32cube.ide.mcu.externaltools.gnu-tools-for-stm32.10.3-2021.10.win32_1.0.0.202111181127/tools/bin/../lib/gcc/arm-none-eabi/10.3.1/thumb/v7e-m+fp/hard/crtend.o
 .bss           0x0000000000000000        0x0 c:/st/stm32cubeide_1.9.0/stm32cubeide/plugins/com.st.stm32cube.ide.mcu.externaltools.gnu-tools-for-stm32.10.3-2021.10.win32_1.0.0.202111181127/tools/bin/../lib/gcc/arm-none-eabi/10.3.1/thumb/v7e-m+fp/hard/crtend.o
 .rodata        0x0000000000000000       0x24 c:/st/stm32cubeide_1.9.0/stm32cubeide/plugins/com.st.stm32cube.ide.mcu.externaltools.gnu-tools-for-stm32.10.3-2021.10.win32_1.0.0.202111181127/tools/bin/../lib/gcc/arm-none-eabi/10.3.1/thumb/v7e-m+fp/hard/crtend.o
 .eh_frame      0x0000000000000000        0x4 c:/st/stm32cubeide_1.9.0/stm32cubeide/plugins/com.st.stm32cube.ide.mcu.externaltools.gnu-tools-for-stm32.10.3-2021.10.win32_1.0.0.202111181127/tools/bin/../lib/gcc/arm-none-eabi/10.3.1/thumb/v7e-m+fp/hard/crtend.o
 .ARM.attributes
                0x0000000000000000       0x34 c:/st/stm32cubeide_1.9.0/stm32cubeide/plugins/com.st.stm32cube.ide.mcu.externaltools.gnu-tools-for-stm32.10.3-2021.10.win32_1.0.0.202111181127/tools/bin/../lib/gcc/arm-none-eabi/10.3.1/thumb/v7e-m+fp/hard/crtend.o
 .text          0x0000000000000000        0x0 c:/st/stm32cubeide_1.9.0/stm32cubeide/plugins/com.st.stm32cube.ide.mcu.externaltools.gnu-tools-for-stm32.10.3-2021.10.win32_1.0.0.202111181127/tools/bin/../lib/gcc/arm-none-eabi/10.3.1/thumb/v7e-m+fp/hard/crtn.o
 .data          0x0000000000000000        0x0 c:/st/stm32cubeide_1.9.0/stm32cubeide/plugins/com.st.stm32cube.ide.mcu.externaltools.gnu-tools-for-stm32.10.3-2021.10.win32_1.0.0.202111181127/tools/bin/../lib/gcc/arm-none-eabi/10.3.1/thumb/v7e-m+fp/hard/crtn.o
 .bss           0x0000000000000000        0x0 c:/st/stm32cubeide_1.9.0/stm32cubeide/plugins/com.st.stm32cube.ide.mcu.externaltools.gnu-tools-for-stm32.10.3-2021.10.win32_1.0.0.202111181127/tools/bin/../lib/gcc/arm-none-eabi/10.3.1/thumb/v7e-m+fp/hard/crtn.o

Memory Configuration

Name             Origin             Length             Attributes
RAM              0x0000000020000000 0x0000000000020000 xrw
FLASH            0x0000000008000000 0x0000000000080000 xr
*default*        0x0000000000000000 0xffffffffffffffff

Linker script and memory map

LOAD c:/st/stm32cubeide_1.9.0/stm32cubeide/plugins/com.st.stm32cube.ide.mcu.externaltools.gnu-tools-for-stm32.10.3-2021.10.win32_1.0.0.202111181127/tools/bin/../lib/gcc/arm-none-eabi/10.3.1/thumb/v7e-m+fp/hard/crti.o
LOAD c:/st/stm32cubeide_1.9.0/stm32cubeide/plugins/com.st.stm32cube.ide.mcu.externaltools.gnu-tools-for-stm32.10.3-2021.10.win32_1.0.0.202111181127/tools/bin/../lib/gcc/arm-none-eabi/10.3.1/thumb/v7e-m+fp/hard/crtbegin.o
LOAD c:/st/stm32cubeide_1.9.0/stm32cubeide/plugins/com.st.stm32cube.ide.mcu.externaltools.gnu-tools-for-stm32.10.3-2021.10.win32_1.0.0.202111181127/tools/bin/../lib/gcc/arm-none-eabi/10.3.1/../../../../arm-none-eabi/lib/thumb/v7e-m+fp/hard/crt0.o
LOAD ./Drivers/Src/AdcDriver.o
LOAD ./Drivers/Src/GPIOxDriver.o
LOAD ./Drivers/Src/INITSystem.o
LOAD ./Drivers/Src/TIMxDriver.o
LOAD ./Drivers/Src/USARTxDriver.o
LOAD ./Src/newmainV2.o
LOAD ./Src/syscalls.o
LOAD ./Src/sysmem.o
LOAD ./Startup/startup_stm32f411retx.o
START GROUP
LOAD c:/st/stm32cubeide_1.9.0/stm32cubeide/plugins/com.st.stm32cube.ide.mcu.externaltools.gnu-tools-for-stm32.10.3-2021.10.win32_1.0.0.202111181127/tools/bin/../lib/gcc/arm-none-eabi/10.3.1/../../../../arm-none-eabi/lib/thumb/v7e-m+fp/hard\libc_nano.a
LOAD c:/st/stm32cubeide_1.9.0/stm32cubeide/plugins/com.st.stm32cube.ide.mcu.externaltools.gnu-tools-for-stm32.10.3-2021.10.win32_1.0.0.202111181127/tools/bin/../lib/gcc/arm-none-eabi/10.3.1/../../../../arm-none-eabi/lib/thumb/v7e-m+fp/hard\libm.a
END GROUP
START GROUP
LOAD c:/st/stm32cubeide_1.9.0/stm32cubeide/plugins/com.st.stm32cube.ide.mcu.externaltools.gnu-tools-for-stm32.10.3-2021.10.win32_1.0.0.202111181127/tools/bin/../lib/gcc/arm-none-eabi/10.3.1/thumb/v7e-m+fp/hard\libgcc.a
LOAD c:/st/stm32cubeide_1.9.0/stm32cubeide/plugins/com.st.stm32cube.ide.mcu.externaltools.gnu-tools-for-stm32.10.3-2021.10.win32_1.0.0.202111181127/tools/bin/../lib/gcc/arm-none-eabi/10.3.1/../../../../arm-none-eabi/lib/thumb/v7e-m+fp/hard\libc_nano.a
END GROUP
START GROUP
LOAD c:/st/stm32cubeide_1.9.0/stm32cubeide/plugins/com.st.stm32cube.ide.mcu.externaltools.gnu-tools-for-stm32.10.3-2021.10.win32_1.0.0.202111181127/tools/bin/../lib/gcc/arm-none-eabi/10.3.1/thumb/v7e-m+fp/hard\libgcc.a
LOAD c:/st/stm32cubeide_1.9.0/stm32cubeide/plugins/com.st.stm32cube.ide.mcu.externaltools.gnu-tools-for-stm32.10.3-2021.10.win32_1.0.0.202111181127/tools/bin/../lib/gcc/arm-none-eabi/10.3.1/../../../../arm-none-eabi/lib/thumb/v7e-m+fp/hard\libc_nano.a
LOAD c:/st/stm32cubeide_1.9.0/stm32cubeide/plugins/com.st.stm32cube.ide.mcu.externaltools.gnu-tools-for-stm32.10.3-2021.10.win32_1.0.0.202111181127/tools/bin/../lib/gcc/arm-none-eabi/10.3.1/../../../../arm-none-eabi/lib/thumb/v7e-m+fp/hard\libnosys.a
END GROUP
START GROUP
LOAD c:/st/stm32cubeide_1.9.0/stm32cubeide/plugins/com.st.stm32cube.ide.mcu.externaltools.gnu-tools-for-stm32.10.3-2021.10.win32_1.0.0.202111181127/tools/bin/../lib/gcc/arm-none-eabi/10.3.1/thumb/v7e-m+fp/hard\libgcc.a
LOAD c:/st/stm32cubeide_1.9.0/stm32cubeide/plugins/com.st.stm32cube.ide.mcu.externaltools.gnu-tools-for-stm32.10.3-2021.10.win32_1.0.0.202111181127/tools/bin/../lib/gcc/arm-none-eabi/10.3.1/../../../../arm-none-eabi/lib/thumb/v7e-m+fp/hard\libc_nano.a
LOAD c:/st/stm32cubeide_1.9.0/stm32cubeide/plugins/com.st.stm32cube.ide.mcu.externaltools.gnu-tools-for-stm32.10.3-2021.10.win32_1.0.0.202111181127/tools/bin/../lib/gcc/arm-none-eabi/10.3.1/../../../../arm-none-eabi/lib/thumb/v7e-m+fp/hard\libnosys.a
END GROUP
LOAD c:/st/stm32cubeide_1.9.0/stm32cubeide/plugins/com.st.stm32cube.ide.mcu.externaltools.gnu-tools-for-stm32.10.3-2021.10.win32_1.0.0.202111181127/tools/bin/../lib/gcc/arm-none-eabi/10.3.1/thumb/v7e-m+fp/hard/crtend.o
LOAD c:/st/stm32cubeide_1.9.0/stm32cubeide/plugins/com.st.stm32cube.ide.mcu.externaltools.gnu-tools-for-stm32.10.3-2021.10.win32_1.0.0.202111181127/tools/bin/../lib/gcc/arm-none-eabi/10.3.1/thumb/v7e-m+fp/hard/crtn.o
                0x0000000020020000                _estack = (ORIGIN (RAM) + LENGTH (RAM))
                0x0000000000000200                _Min_Heap_Size = 0x200
                0x0000000000000400                _Min_Stack_Size = 0x400

.isr_vector     0x0000000008000000      0x198
                0x0000000008000000                . = ALIGN (0x4)
 *(.isr_vector)
 .isr_vector    0x0000000008000000      0x198 ./Startup/startup_stm32f411retx.o
                0x0000000008000000                g_pfnVectors
                0x0000000008000198                . = ALIGN (0x4)

.text           0x0000000008000198     0x109c
                0x0000000008000198                . = ALIGN (0x4)
 *(.text)
 .text          0x0000000008000198       0x40 c:/st/stm32cubeide_1.9.0/stm32cubeide/plugins/com.st.stm32cube.ide.mcu.externaltools.gnu-tools-for-stm32.10.3-2021.10.win32_1.0.0.202111181127/tools/bin/../lib/gcc/arm-none-eabi/10.3.1/thumb/v7e-m+fp/hard/crtbegin.o
 *(.text*)
 .text.ADC_IRQHandler
                0x00000000080001d8       0x2c ./Drivers/Src/AdcDriver.o
                0x00000000080001d8                ADC_IRQHandler
 .text.adc_Complete_Callback
                0x0000000008000204       0x10 ./Drivers/Src/AdcDriver.o
                0x0000000008000204                adc_Complete_Callback
 .text.GPIO_Config
                0x0000000008000214      0x254 ./Drivers/Src/GPIOxDriver.o
                0x0000000008000214                GPIO_Config
 .text.GPIO_WritePin
                0x0000000008000468       0x56 ./Drivers/Src/GPIOxDriver.o
                0x0000000008000468                GPIO_WritePin
 *fill*         0x00000000080004be        0x2 
 .text.__NVIC_EnableIRQ
                0x00000000080004c0       0x3c ./Drivers/Src/TIMxDriver.o
 .text.Timer_Config
                0x00000000080004fc      0x144 ./Drivers/Src/TIMxDriver.o
                0x00000000080004fc                Timer_Config
 .text.Timer3_Callback
                0x0000000008000640       0x10 ./Drivers/Src/TIMxDriver.o
                0x0000000008000640                Timer3_Callback
 .text.Timer4_Callback
                0x0000000008000650       0x10 ./Drivers/Src/TIMxDriver.o
                0x0000000008000650                Timer4_Callback
 .text.Timer5_Callback
                0x0000000008000660       0x10 ./Drivers/Src/TIMxDriver.o
                0x0000000008000660                Timer5_Callback
 .text.TIM2_IRQHandler
                0x0000000008000670       0x1c ./Drivers/Src/TIMxDriver.o
                0x0000000008000670                TIM2_IRQHandler
 .text.TIM3_IRQHandler
                0x000000000800068c       0x1c ./Drivers/Src/TIMxDriver.o
                0x000000000800068c                TIM3_IRQHandler
 .text.TIM4_IRQHandler
                0x00000000080006a8       0x1c ./Drivers/Src/TIMxDriver.o
                0x00000000080006a8                TIM4_IRQHandler
 .text.TIM5_IRQHandler
                0x00000000080006c4       0x1c ./Drivers/Src/TIMxDriver.o
                0x00000000080006c4                TIM5_IRQHandler
 .text.__NVIC_EnableIRQ
                0x00000000080006e0       0x3c ./Drivers/Src/USARTxDriver.o
 .text.USART_Config
                0x000000000800071c      0x3ec ./Drivers/Src/USARTxDriver.o
                0x000000000800071c                USART_Config
 .text.USART1_Callback
                0x0000000008000b08       0x10 ./Drivers/Src/USARTxDriver.o
                0x0000000008000b08                USART1_Callback
 .text.USART6_Callback
                0x0000000008000b18       0x10 ./Drivers/Src/USARTxDriver.o
                0x0000000008000b18                USART6_Callback
 .text.USART1_IRQHandler
                0x0000000008000b28       0x1c ./Drivers/Src/USARTxDriver.o
                0x0000000008000b28                USART1_IRQHandler
 .text.USART2_IRQHandler
                0x0000000008000b44       0x2c ./Drivers/Src/USARTxDriver.o
                0x0000000008000b44                USART2_IRQHandler
 .text.USART6_IRQHandler
                0x0000000008000b70       0x1c ./Drivers/Src/USARTxDriver.o
                0x0000000008000b70                USART6_IRQHandler
 .text.readChar
                0x0000000008000b8c       0x1e ./Drivers/Src/USARTxDriver.o
                0x0000000008000b8c                readChar
 .text.writeChar
                0x0000000008000baa       0x20 ./Drivers/Src/USARTxDriver.o
                0x0000000008000baa                writeChar
 *fill*         0x0000000008000bca        0x2 
 .text.main     0x0000000008000bcc       0x8c ./Src/newmainV2.o
                0x0000000008000bcc                main
 .text.delay    0x0000000008000c58       0x2c ./Src/newmainV2.o
                0x0000000008000c58                delay
 .text.initSystem
                0x0000000008000c84      0x204 ./Src/newmainV2.o
                0x0000000008000c84                initSystem
 .text.motorConfig
                0x0000000008000e88      0x208 ./Src/newmainV2.o
                0x0000000008000e88                motorConfig
 .text.ledControl
                0x0000000008001090       0x64 ./Src/newmainV2.o
                0x0000000008001090                ledControl
 .text.Timer2_Callback
                0x00000000080010f4       0x24 ./Src/newmainV2.o
                0x00000000080010f4                Timer2_Callback
 .text.USART2_Callback
                0x0000000008001118       0x68 ./Src/newmainV2.o
                0x0000000008001118                USART2_Callback
 .text.Reset_Handler
                0x0000000008001180       0x50 ./Startup/startup_stm32f411retx.o
                0x0000000008001180                Reset_Handler
 .text.Default_Handler
                0x00000000080011d0        0x2 ./Startup/startup_stm32f411retx.o
                0x00000000080011d0                RTC_Alarm_IRQHandler
                0x00000000080011d0                EXTI2_IRQHandler
                0x00000000080011d0                DebugMon_Handler
                0x00000000080011d0                SPI4_IRQHandler
                0x00000000080011d0                TIM1_CC_IRQHandler
                0x00000000080011d0                DMA2_Stream5_IRQHandler
                0x00000000080011d0                HardFault_Handler
                0x00000000080011d0                DMA1_Stream5_IRQHandler
                0x00000000080011d0                SysTick_Handler
                0x00000000080011d0                PVD_IRQHandler
                0x00000000080011d0                SDIO_IRQHandler
                0x00000000080011d0                TAMP_STAMP_IRQHandler
                0x00000000080011d0                PendSV_Handler
                0x00000000080011d0                NMI_Handler
                0x00000000080011d0                EXTI3_IRQHandler
                0x00000000080011d0                TIM1_UP_TIM10_IRQHandler
                0x00000000080011d0                I2C3_ER_IRQHandler
                0x00000000080011d0                EXTI0_IRQHandler
                0x00000000080011d0                I2C2_EV_IRQHandler
                0x00000000080011d0                DMA1_Stream2_IRQHandler
                0x00000000080011d0                FPU_IRQHandler
                0x00000000080011d0                UsageFault_Handler
                0x00000000080011d0                DMA2_Stream2_IRQHandler
                0x00000000080011d0                SPI1_IRQHandler
                0x00000000080011d0                TIM1_BRK_TIM9_IRQHandler
                0x00000000080011d0                DMA2_Stream3_IRQHandler
                0x00000000080011d0                DMA2_Stream0_IRQHandler
                0x00000000080011d0                I2C1_EV_IRQHandler
                0x00000000080011d0                DMA1_Stream6_IRQHandler
                0x00000000080011d0                DMA1_Stream1_IRQHandler
                0x00000000080011d0                RCC_IRQHandler
                0x00000000080011d0                Default_Handler
                0x00000000080011d0                EXTI15_10_IRQHandler
                0x00000000080011d0                DMA1_Stream7_IRQHandler
                0x00000000080011d0                SPI5_IRQHandler
                0x00000000080011d0                DMA2_Stream7_IRQHandler
                0x00000000080011d0                I2C3_EV_IRQHandler
                0x00000000080011d0                EXTI9_5_IRQHandler
                0x00000000080011d0                RTC_WKUP_IRQHandler
                0x00000000080011d0                SPI2_IRQHandler
                0x00000000080011d0                MemManage_Handler
                0x00000000080011d0                DMA1_Stream0_IRQHandler
                0x00000000080011d0                SVC_Handler
                0x00000000080011d0                EXTI4_IRQHandler
                0x00000000080011d0                WWDG_IRQHandler
                0x00000000080011d0                OTG_FS_WKUP_IRQHandler
                0x00000000080011d0                TIM1_TRG_COM_TIM11_IRQHandler
                0x00000000080011d0                EXTI1_IRQHandler
                0x00000000080011d0                I2C2_ER_IRQHandler
                0x00000000080011d0                DMA2_Stream1_IRQHandler
                0x00000000080011d0                FLASH_IRQHandler
                0x00000000080011d0                DMA2_Stream4_IRQHandler
                0x00000000080011d0                BusFault_Handler
                0x00000000080011d0                OTG_FS_IRQHandler
                0x00000000080011d0                SPI3_IRQHandler
                0x00000000080011d0                DMA1_Stream4_IRQHandler
                0x00000000080011d0                I2C1_ER_IRQHandler
                0x00000000080011d0                DMA2_Stream6_IRQHandler
                0x00000000080011d0                DMA1_Stream3_IRQHandler
 *fill*         0x00000000080011d2        0x2 
 .text.__libc_init_array
                0x00000000080011d4       0x48 c:/st/stm32cubeide_1.9.0/stm32cubeide/plugins/com.st.stm32cube.ide.mcu.externaltools.gnu-tools-for-stm32.10.3-2021.10.win32_1.0.0.202111181127/tools/bin/../lib/gcc/arm-none-eabi/10.3.1/../../../../arm-none-eabi/lib/thumb/v7e-m+fp/hard\libc_nano.a(lib_a-init.o)
                0x00000000080011d4                __libc_init_array
 *(.glue_7)
 .glue_7        0x000000000800121c        0x0 linker stubs
 *(.glue_7t)
 .glue_7t       0x000000000800121c        0x0 linker stubs
 *(.eh_frame)
 .eh_frame      0x000000000800121c        0x0 c:/st/stm32cubeide_1.9.0/stm32cubeide/plugins/com.st.stm32cube.ide.mcu.externaltools.gnu-tools-for-stm32.10.3-2021.10.win32_1.0.0.202111181127/tools/bin/../lib/gcc/arm-none-eabi/10.3.1/thumb/v7e-m+fp/hard/crtbegin.o
 *(.init)
 .init          0x000000000800121c        0x4 c:/st/stm32cubeide_1.9.0/stm32cubeide/plugins/com.st.stm32cube.ide.mcu.externaltools.gnu-tools-for-stm32.10.3-2021.10.win32_1.0.0.202111181127/tools/bin/../lib/gcc/arm-none-eabi/10.3.1/thumb/v7e-m+fp/hard/crti.o
                0x000000000800121c                _init
 .init          0x0000000008001220        0x8 c:/st/stm32cubeide_1.9.0/stm32cubeide/plugins/com.st.stm32cube.ide.mcu.externaltools.gnu-tools-for-stm32.10.3-2021.10.win32_1.0.0.202111181127/tools/bin/../lib/gcc/arm-none-eabi/10.3.1/thumb/v7e-m+fp/hard/crtn.o
 *(.fini)
 .fini          0x0000000008001228        0x4 c:/st/stm32cubeide_1.9.0/stm32cubeide/plugins/com.st.stm32cube.ide.mcu.externaltools.gnu-tools-for-stm32.10.3-2021.10.win32_1.0.0.202111181127/tools/bin/../lib/gcc/arm-none-eabi/10.3.1/thumb/v7e-m+fp/hard/crti.o
                0x0000000008001228                _fini
 .fini          0x000000000800122c        0x8 c:/st/stm32cubeide_1.9.0/stm32cubeide/plugins/com.st.stm32cube.ide.mcu.externaltools.gnu-tools-for-stm32.10.3-2021.10.win32_1.0.0.202111181127/tools/bin/../lib/gcc/arm-none-eabi/10.3.1/thumb/v7e-m+fp/hard/crtn.o
                0x0000000008001234                . = ALIGN (0x4)
                0x0000000008001234                _etext = .

.vfp11_veneer   0x0000000008001234        0x0
 .vfp11_veneer  0x0000000008001234        0x0 linker stubs

.v4_bx          0x0000000008001234        0x0
 .v4_bx         0x0000000008001234        0x0 linker stubs

.iplt           0x0000000008001234        0x0
 .iplt          0x0000000008001234        0x0 c:/st/stm32cubeide_1.9.0/stm32cubeide/plugins/com.st.stm32cube.ide.mcu.externaltools.gnu-tools-for-stm32.10.3-2021.10.win32_1.0.0.202111181127/tools/bin/../lib/gcc/arm-none-eabi/10.3.1/thumb/v7e-m+fp/hard/crtbegin.o

.rel.dyn        0x0000000008001234        0x0
 .rel.iplt      0x0000000008001234        0x0 c:/st/stm32cubeide_1.9.0/stm32cubeide/plugins/com.st.stm32cube.ide.mcu.externaltools.gnu-tools-for-stm32.10.3-2021.10.win32_1.0.0.202111181127/tools/bin/../lib/gcc/arm-none-eabi/10.3.1/thumb/v7e-m+fp/hard/crtbegin.o

.rodata         0x0000000008001234        0x0
                0x0000000008001234                . = ALIGN (0x4)
 *(.rodata)
 *(.rodata*)
                0x0000000008001234                . = ALIGN (0x4)

.ARM.extab      0x0000000008001234        0x0
                0x0000000008001234                . = ALIGN (0x4)
 *(.ARM.extab* .gnu.linkonce.armextab.*)
                0x0000000008001234                . = ALIGN (0x4)

.ARM            0x0000000008001234        0x0
                0x0000000008001234                . = ALIGN (0x4)
                0x0000000008001234                __exidx_start = .
 *(.ARM.exidx*)
                0x0000000008001234                __exidx_end = .
                0x0000000008001234                . = ALIGN (0x4)

.preinit_array  0x0000000008001234        0x0
                0x0000000008001234                . = ALIGN (0x4)
                0x0000000008001234                PROVIDE (__preinit_array_start = .)
 *(.preinit_array*)
                0x0000000008001234                PROVIDE (__preinit_array_end = .)
                0x0000000008001234                . = ALIGN (0x4)

.init_array     0x0000000008001234        0x4
                0x0000000008001234                . = ALIGN (0x4)
                0x0000000008001234                PROVIDE (__init_array_start = .)
 *(SORT_BY_NAME(.init_array.*))
 *(.init_array*)
 .init_array    0x0000000008001234        0x4 c:/st/stm32cubeide_1.9.0/stm32cubeide/plugins/com.st.stm32cube.ide.mcu.externaltools.gnu-tools-for-stm32.10.3-2021.10.win32_1.0.0.202111181127/tools/bin/../lib/gcc/arm-none-eabi/10.3.1/thumb/v7e-m+fp/hard/crtbegin.o
                0x0000000008001238                PROVIDE (__init_array_end = .)
                0x0000000008001238                . = ALIGN (0x4)

.fini_array     0x0000000008001238        0x4
                0x0000000008001238                . = ALIGN (0x4)
                [!provide]                        PROVIDE (__fini_array_start = .)
 *(SORT_BY_NAME(.fini_array.*))
 *(.fini_array*)
 .fini_array    0x0000000008001238        0x4 c:/st/stm32cubeide_1.9.0/stm32cubeide/plugins/com.st.stm32cube.ide.mcu.externaltools.gnu-tools-for-stm32.10.3-2021.10.win32_1.0.0.202111181127/tools/bin/../lib/gcc/arm-none-eabi/10.3.1/thumb/v7e-m+fp/hard/crtbegin.o
                [!provide]                        PROVIDE (__fini_array_end = .)
                0x000000000800123c                . = ALIGN (0x4)
                0x000000000800123c                _sidata = LOADADDR (.data)

.data           0x0000000020000000        0x8 load address 0x000000000800123c
                0x0000000020000000                . = ALIGN (0x4)
                0x0000000020000000                _sdata = .
 *(.data)
 *(.data*)
 .data.pasos    0x0000000020000000        0x4 ./Src/newmainV2.o
                0x0000000020000000                pasos
 .data.delayTime
                0x0000000020000004        0x4 ./Src/newmainV2.o
                0x0000000020000004                delayTime
 *(.RamFunc)
 *(.RamFunc*)
                0x0000000020000008                . = ALIGN (0x4)
                0x0000000020000008                _edata = .

.igot.plt       0x0000000020000008        0x0 load address 0x0000000008001244
 .igot.plt      0x0000000020000008        0x0 c:/st/stm32cubeide_1.9.0/stm32cubeide/plugins/com.st.stm32cube.ide.mcu.externaltools.gnu-tools-for-stm32.10.3-2021.10.win32_1.0.0.202111181127/tools/bin/../lib/gcc/arm-none-eabi/10.3.1/thumb/v7e-m+fp/hard/crtbegin.o
                0x0000000020000008                . = ALIGN (0x4)

.bss            0x0000000020000008      0x130 load address 0x0000000008001244
                0x0000000020000008                _sbss = .
                0x0000000020000008                __bss_start__ = _sbss
 *(.bss)
 .bss           0x0000000020000008       0x1c c:/st/stm32cubeide_1.9.0/stm32cubeide/plugins/com.st.stm32cube.ide.mcu.externaltools.gnu-tools-for-stm32.10.3-2021.10.win32_1.0.0.202111181127/tools/bin/../lib/gcc/arm-none-eabi/10.3.1/thumb/v7e-m+fp/hard/crtbegin.o
 *(.bss*)
 .bss.adcRawData
                0x0000000020000024        0x2 ./Drivers/Src/AdcDriver.o
                0x0000000020000024                adcRawData
 .bss.data      0x0000000020000026        0x1 ./Drivers/Src/USARTxDriver.o
                0x0000000020000026                data
 *fill*         0x0000000020000027        0x1 
 .bss.handlerStateLED
                0x0000000020000028        0xc ./Src/newmainV2.o
                0x0000000020000028                handlerStateLED
 .bss.handlerTimer2
                0x0000000020000034        0xc ./Src/newmainV2.o
                0x0000000020000034                handlerTimer2
 .bss.handlerUSBRX
                0x0000000020000040        0xc ./Src/newmainV2.o
                0x0000000020000040                handlerUSBRX
 .bss.handlerUSBTX
                0x000000002000004c        0xc ./Src/newmainV2.o
                0x000000002000004c                handlerUSBTX
 .bss.handlerUsart2
                0x0000000020000058       0x8c ./Src/newmainV2.o
                0x0000000020000058                handlerUsart2
 .bss.handlerStep1Config
                0x00000000200000e4        0xc ./Src/newmainV2.o
                0x00000000200000e4                handlerStep1Config
 .bss.handlerDir1Config
                0x00000000200000f0        0xc ./Src/newmainV2.o
                0x00000000200000f0                handlerDir1Config
 .bss.handlerStep2Config
                0x00000000200000fc        0xc ./Src/newmainV2.o
                0x00000000200000fc                handlerStep2Config
 .bss.handlerDir2Config
                0x0000000020000108        0xc ./Src/newmainV2.o
                0x0000000020000108                handlerDir2Config
 .bss.handlerStep3Config
                0x0000000020000114        0xc ./Src/newmainV2.o
                0x0000000020000114                handlerStep3Config
 .bss.handlerDir3Config
                0x0000000020000120        0xc ./Src/newmainV2.o
                0x0000000020000120                handlerDir3Config
 .bss.nMotor    0x000000002000012c        0x4 ./Src/newmainV2.o
                0x000000002000012c                nMotor
 .bss.dataValue
                0x0000000020000130        0x1 ./Src/newmainV2.o
                0x0000000020000130                dataValue
 *fill*         0x0000000020000131        0x3 
 .bss.auxLedState
                0x0000000020000134        0x4 ./Src/newmainV2.o
                0x0000000020000134                auxLedState
 *(COMMON)
                0x0000000020000138                . = ALIGN (0x4)
                0x0000000020000138                _ebss = .
                0x0000000020000138                __bss_end__ = _ebss

._user_heap_stack
                0x0000000020000138      0x600 load address 0x0000000008001244
                0x0000000020000138                . = ALIGN (0x8)
                [!provide]                        PROVIDE (end = .)
                0x0000000020000138                PROVIDE (_end = .)
                0x0000000020000338                . = (. + _Min_Heap_Size)
 *fill*         0x0000000020000138      0x200 
                0x0000000020000738                . = (. + _Min_Stack_Size)
 *fill*         0x0000000020000338      0x400 
                0x0000000020000738                . = ALIGN (0x8)

/DISCARD/
 libc.a(*)
 libm.a(*)
 libgcc.a(*)

.ARM.attributes
                0x0000000000000000       0x30
 *(.ARM.attributes)
 .ARM.attributes
                0x0000000000000000       0x1e c:/st/stm32cubeide_1.9.0/stm32cubeide/plugins/com.st.stm32cube.ide.mcu.externaltools.gnu-tools-for-stm32.10.3-2021.10.win32_1.0.0.202111181127/tools/bin/../lib/gcc/arm-none-eabi/10.3.1/thumb/v7e-m+fp/hard/crti.o
 .ARM.attributes
                0x000000000000001e       0x34 c:/st/stm32cubeide_1.9.0/stm32cubeide/plugins/com.st.stm32cube.ide.mcu.externaltools.gnu-tools-for-stm32.10.3-2021.10.win32_1.0.0.202111181127/tools/bin/../lib/gcc/arm-none-eabi/10.3.1/thumb/v7e-m+fp/hard/crtbegin.o
 .ARM.attributes
                0x0000000000000052       0x34 ./Drivers/Src/AdcDriver.o
 .ARM.attributes
                0x0000000000000086       0x34 ./Drivers/Src/GPIOxDriver.o
 .ARM.attributes
                0x00000000000000ba       0x34 ./Drivers/Src/TIMxDriver.o
 .ARM.attributes
                0x00000000000000ee       0x34 ./Drivers/Src/USARTxDriver.o
 .ARM.attributes
                0x0000000000000122       0x34 ./Src/newmainV2.o
 .ARM.attributes
                0x0000000000000156       0x21 ./Startup/startup_stm32f411retx.o
 .ARM.attributes
                0x0000000000000177       0x34 c:/st/stm32cubeide_1.9.0/stm32cubeide/plugins/com.st.stm32cube.ide.mcu.externaltools.gnu-tools-for-stm32.10.3-2021.10.win32_1.0.0.202111181127/tools/bin/../lib/gcc/arm-none-eabi/10.3.1/../../../../arm-none-eabi/lib/thumb/v7e-m+fp/hard\libc_nano.a(lib_a-init.o)
 .ARM.attributes
                0x00000000000001ab       0x1e c:/st/stm32cubeide_1.9.0/stm32cubeide/plugins/com.st.stm32cube.ide.mcu.externaltools.gnu-tools-for-stm32.10.3-2021.10.win32_1.0.0.202111181127/tools/bin/../lib/gcc/arm-none-eabi/10.3.1/thumb/v7e-m+fp/hard/crtn.o
OUTPUT(Driver_Nema17_V2.elf elf32-littlearm)
LOAD linker stubs
LOAD c:/st/stm32cubeide_1.9.0/stm32cubeide/plugins/com.st.stm32cube.ide.mcu.externaltools.gnu-tools-for-stm32.10.3-2021.10.win32_1.0.0.202111181127/tools/bin/../lib/gcc/arm-none-eabi/10.3.1/../../../../arm-none-eabi/lib/thumb/v7e-m+fp/hard\libc.a
LOAD c:/st/stm32cubeide_1.9.0/stm32cubeide/plugins/com.st.stm32cube.ide.mcu.externaltools.gnu-tools-for-stm32.10.3-2021.10.win32_1.0.0.202111181127/tools/bin/../lib/gcc/arm-none-eabi/10.3.1/../../../../arm-none-eabi/lib/thumb/v7e-m+fp/hard\libm.a
LOAD c:/st/stm32cubeide_1.9.0/stm32cubeide/plugins/com.st.stm32cube.ide.mcu.externaltools.gnu-tools-for-stm32.10.3-2021.10.win32_1.0.0.202111181127/tools/bin/../lib/gcc/arm-none-eabi/10.3.1/thumb/v7e-m+fp/hard\libgcc.a

.debug_info     0x0000000000000000     0x2808
 .debug_info    0x0000000000000000      0x9ce ./Drivers/Src/AdcDriver.o
 .debug_info    0x00000000000009ce      0x4b0 ./Drivers/Src/GPIOxDriver.o
 .debug_info    0x0000000000000e7e      0x869 ./Drivers/Src/TIMxDriver.o
 .debug_info    0x00000000000016e7      0x8c8 ./Drivers/Src/USARTxDriver.o
 .debug_info    0x0000000000001faf      0x837 ./Src/newmainV2.o
 .debug_info    0x00000000000027e6       0x22 ./Startup/startup_stm32f411retx.o

.debug_abbrev   0x0000000000000000      0x9c5
 .debug_abbrev  0x0000000000000000      0x227 ./Drivers/Src/AdcDriver.o
 .debug_abbrev  0x0000000000000227      0x159 ./Drivers/Src/GPIOxDriver.o
 .debug_abbrev  0x0000000000000380      0x1cb ./Drivers/Src/TIMxDriver.o
 .debug_abbrev  0x000000000000054b      0x256 ./Drivers/Src/USARTxDriver.o
 .debug_abbrev  0x00000000000007a1      0x212 ./Src/newmainV2.o
 .debug_abbrev  0x00000000000009b3       0x12 ./Startup/startup_stm32f411retx.o

.debug_aranges  0x0000000000000000      0x1e0
 .debug_aranges
                0x0000000000000000       0x58 ./Drivers/Src/AdcDriver.o
 .debug_aranges
                0x0000000000000058       0x30 ./Drivers/Src/GPIOxDriver.o
 .debug_aranges
                0x0000000000000088       0x68 ./Drivers/Src/TIMxDriver.o
 .debug_aranges
                0x00000000000000f0       0x78 ./Drivers/Src/USARTxDriver.o
 .debug_aranges
                0x0000000000000168       0x50 ./Src/newmainV2.o
 .debug_aranges
                0x00000000000001b8       0x28 ./Startup/startup_stm32f411retx.o

.debug_ranges   0x0000000000000000      0x188
 .debug_ranges  0x0000000000000000       0x48 ./Drivers/Src/AdcDriver.o
 .debug_ranges  0x0000000000000048       0x20 ./Drivers/Src/GPIOxDriver.o
 .debug_ranges  0x0000000000000068       0x58 ./Drivers/Src/TIMxDriver.o
 .debug_ranges  0x00000000000000c0       0x68 ./Drivers/Src/USARTxDriver.o
 .debug_ranges  0x0000000000000128       0x40 ./Src/newmainV2.o
 .debug_ranges  0x0000000000000168       0x20 ./Startup/startup_stm32f411retx.o

.debug_macro    0x0000000000000000     0xf22e
 .debug_macro   0x0000000000000000       0xe6 ./Drivers/Src/AdcDriver.o
 .debug_macro   0x00000000000000e6      0xa8a ./Drivers/Src/AdcDriver.o
 .debug_macro   0x0000000000000b70       0x28 ./Drivers/Src/AdcDriver.o
 .debug_macro   0x0000000000000b98       0x28 ./Drivers/Src/AdcDriver.o
 .debug_macro   0x0000000000000bc0       0x22 ./Drivers/Src/AdcDriver.o
 .debug_macro   0x0000000000000be2       0x8e ./Drivers/Src/AdcDriver.o
 .debug_macro   0x0000000000000c70       0x51 ./Drivers/Src/AdcDriver.o
 .debug_macro   0x0000000000000cc1      0x103 ./Drivers/Src/AdcDriver.o
 .debug_macro   0x0000000000000dc4       0x6a ./Drivers/Src/AdcDriver.o
 .debug_macro   0x0000000000000e2e      0x1df ./Drivers/Src/AdcDriver.o
 .debug_macro   0x000000000000100d       0x1c ./Drivers/Src/AdcDriver.o
 .debug_macro   0x0000000000001029       0x22 ./Drivers/Src/AdcDriver.o
 .debug_macro   0x000000000000104b       0xd9 ./Drivers/Src/AdcDriver.o
 .debug_macro   0x0000000000001124     0x102d ./Drivers/Src/AdcDriver.o
 .debug_macro   0x0000000000002151      0x11f ./Drivers/Src/AdcDriver.o
 .debug_macro   0x0000000000002270     0xb953 ./Drivers/Src/AdcDriver.o
 .debug_macro   0x000000000000dbc3       0x6d ./Drivers/Src/AdcDriver.o
 .debug_macro   0x000000000000dc30       0xb8 ./Drivers/Src/AdcDriver.o
 .debug_macro   0x000000000000dce8      0x12a ./Drivers/Src/AdcDriver.o
 .debug_macro   0x000000000000de12       0xdd ./Drivers/Src/GPIOxDriver.o
 .debug_macro   0x000000000000deef      0x124 ./Drivers/Src/GPIOxDriver.o
 .debug_macro   0x000000000000e013       0xd7 ./Drivers/Src/TIMxDriver.o
 .debug_macro   0x000000000000e0ea       0x28 ./Drivers/Src/TIMxDriver.o
 .debug_macro   0x000000000000e112      0x23b ./Drivers/Src/USARTxDriver.o
 .debug_macro   0x000000000000e34d       0x52 ./Drivers/Src/USARTxDriver.o
 .debug_macro   0x000000000000e39f       0x1e ./Drivers/Src/USARTxDriver.o
 .debug_macro   0x000000000000e3bd       0x3c ./Drivers/Src/USARTxDriver.o
 .debug_macro   0x000000000000e3f9       0x34 ./Drivers/Src/USARTxDriver.o
 .debug_macro   0x000000000000e42d       0x16 ./Drivers/Src/USARTxDriver.o
 .debug_macro   0x000000000000e443       0x97 ./Drivers/Src/USARTxDriver.o
 .debug_macro   0x000000000000e4da      0x341 ./Drivers/Src/USARTxDriver.o
 .debug_macro   0x000000000000e81b       0xfd ./Drivers/Src/USARTxDriver.o
 .debug_macro   0x000000000000e918       0x10 ./Drivers/Src/USARTxDriver.o
 .debug_macro   0x000000000000e928       0x16 ./Drivers/Src/USARTxDriver.o
 .debug_macro   0x000000000000e93e       0x43 ./Drivers/Src/USARTxDriver.o
 .debug_macro   0x000000000000e981       0x34 ./Drivers/Src/USARTxDriver.o
 .debug_macro   0x000000000000e9b5       0x10 ./Drivers/Src/USARTxDriver.o
 .debug_macro   0x000000000000e9c5       0x58 ./Drivers/Src/USARTxDriver.o
 .debug_macro   0x000000000000ea1d       0x71 ./Drivers/Src/USARTxDriver.o
 .debug_macro   0x000000000000ea8e       0x1c ./Drivers/Src/USARTxDriver.o
 .debug_macro   0x000000000000eaaa      0x12a ./Drivers/Src/USARTxDriver.o
 .debug_macro   0x000000000000ebd4       0x10 ./Drivers/Src/USARTxDriver.o
 .debug_macro   0x000000000000ebe4       0x1c ./Drivers/Src/USARTxDriver.o
 .debug_macro   0x000000000000ec00       0x52 ./Drivers/Src/USARTxDriver.o
 .debug_macro   0x000000000000ec52       0x22 ./Drivers/Src/USARTxDriver.o
 .debug_macro   0x000000000000ec74       0x10 ./Drivers/Src/USARTxDriver.o
 .debug_macro   0x000000000000ec84       0x52 ./Drivers/Src/USARTxDriver.o
 .debug_macro   0x000000000000ecd6       0xd5 ./Drivers/Src/USARTxDriver.o
 .debug_macro   0x000000000000edab       0x1c ./Drivers/Src/USARTxDriver.o
 .debug_macro   0x000000000000edc7       0x3d ./Drivers/Src/USARTxDriver.o
 .debug_macro   0x000000000000ee04       0x16 ./Drivers/Src/USARTxDriver.o
 .debug_macro   0x000000000000ee1a      0x145 ./Drivers/Src/USARTxDriver.o
 .debug_macro   0x000000000000ef5f       0x82 ./Drivers/Src/USARTxDriver.o
 .debug_macro   0x000000000000efe1      0x24d ./Src/newmainV2.o

.debug_line     0x0000000000000000     0x2abf
 .debug_line    0x0000000000000000      0x72b ./Drivers/Src/AdcDriver.o
 .debug_line    0x000000000000072b      0x6e1 ./Drivers/Src/GPIOxDriver.o
 .debug_line    0x0000000000000e0c      0x6cf ./Drivers/Src/TIMxDriver.o
 .debug_line    0x00000000000014db      0xad9 ./Drivers/Src/USARTxDriver.o
 .debug_line    0x0000000000001fb4      0xa87 ./Src/newmainV2.o
 .debug_line    0x0000000000002a3b       0x84 ./Startup/startup_stm32f411retx.o

.debug_str      0x0000000000000000    0x54c6a
 .debug_str     0x0000000000000000    0x5051e ./Drivers/Src/AdcDriver.o
                                      0x506c0 (size before relaxing)
 .debug_str     0x000000000005051e       0x7f ./Drivers/Src/GPIOxDriver.o
                                      0x4fede (size before relaxing)
 .debug_str     0x000000000005059d      0x1da ./Drivers/Src/TIMxDriver.o
                                      0x500f1 (size before relaxing)
 .debug_str     0x0000000000050777     0x439b ./Drivers/Src/USARTxDriver.o
                                      0x54320 (size before relaxing)
 .debug_str     0x0000000000054b12      0x127 ./Src/newmainV2.o
                                      0x5433f (size before relaxing)
 .debug_str     0x0000000000054c39       0x31 ./Startup/startup_stm32f411retx.o
                                         0x75 (size before relaxing)

.comment        0x0000000000000000       0x50
 .comment       0x0000000000000000       0x50 ./Drivers/Src/AdcDriver.o
                                         0x51 (size before relaxing)
 .comment       0x0000000000000050       0x51 ./Drivers/Src/GPIOxDriver.o
 .comment       0x0000000000000050       0x51 ./Drivers/Src/TIMxDriver.o
 .comment       0x0000000000000050       0x51 ./Drivers/Src/USARTxDriver.o
 .comment       0x0000000000000050       0x51 ./Src/newmainV2.o

.debug_frame    0x0000000000000000      0x5b4
 .debug_frame   0x0000000000000000      0x11c ./Drivers/Src/AdcDriver.o
 .debug_frame   0x000000000000011c       0x88 ./Drivers/Src/GPIOxDriver.o
 .debug_frame   0x00000000000001a4      0x14c ./Drivers/Src/TIMxDriver.o
 .debug_frame   0x00000000000002f0      0x1a8 ./Drivers/Src/USARTxDriver.o
 .debug_frame   0x0000000000000498       0xf0 ./Src/newmainV2.o
 .debug_frame   0x0000000000000588       0x2c c:/st/stm32cubeide_1.9.0/stm32cubeide/plugins/com.st.stm32cube.ide.mcu.externaltools.gnu-tools-for-stm32.10.3-2021.10.win32_1.0.0.202111181127/tools/bin/../lib/gcc/arm-none-eabi/10.3.1/../../../../arm-none-eabi/lib/thumb/v7e-m+fp/hard\libc_nano.a(lib_a-init.o)
