Archive member included to satisfy reference by file (symbol)

c:/st/stm32cubeide_1.9.0/stm32cubeide/plugins/com.st.stm32cube.ide.mcu.externaltools.gnu-tools-for-stm32.10.3-2021.10.win32_1.0.0.202111181127/tools/bin/../lib/gcc/arm-none-eabi/10.3.1/../../../../arm-none-eabi/lib/thumb/v7e-m+fp/hard\libc_nano.a(lib_a-errno.o)
                              ./Src/syscalls.o (__errno)
c:/st/stm32cubeide_1.9.0/stm32cubeide/plugins/com.st.stm32cube.ide.mcu.externaltools.gnu-tools-for-stm32.10.3-2021.10.win32_1.0.0.202111181127/tools/bin/../lib/gcc/arm-none-eabi/10.3.1/../../../../arm-none-eabi/lib/thumb/v7e-m+fp/hard\libc_nano.a(lib_a-exit.o)
                              c:/st/stm32cubeide_1.9.0/stm32cubeide/plugins/com.st.stm32cube.ide.mcu.externaltools.gnu-tools-for-stm32.10.3-2021.10.win32_1.0.0.202111181127/tools/bin/../lib/gcc/arm-none-eabi/10.3.1/../../../../arm-none-eabi/lib/thumb/v7e-m+fp/hard/crt0.o (exit)
c:/st/stm32cubeide_1.9.0/stm32cubeide/plugins/com.st.stm32cube.ide.mcu.externaltools.gnu-tools-for-stm32.10.3-2021.10.win32_1.0.0.202111181127/tools/bin/../lib/gcc/arm-none-eabi/10.3.1/../../../../arm-none-eabi/lib/thumb/v7e-m+fp/hard\libc_nano.a(lib_a-impure.o)
                              c:/st/stm32cubeide_1.9.0/stm32cubeide/plugins/com.st.stm32cube.ide.mcu.externaltools.gnu-tools-for-stm32.10.3-2021.10.win32_1.0.0.202111181127/tools/bin/../lib/gcc/arm-none-eabi/10.3.1/../../../../arm-none-eabi/lib/thumb/v7e-m+fp/hard\libc_nano.a(lib_a-exit.o) (_global_impure_ptr)
c:/st/stm32cubeide_1.9.0/stm32cubeide/plugins/com.st.stm32cube.ide.mcu.externaltools.gnu-tools-for-stm32.10.3-2021.10.win32_1.0.0.202111181127/tools/bin/../lib/gcc/arm-none-eabi/10.3.1/../../../../arm-none-eabi/lib/thumb/v7e-m+fp/hard\libc_nano.a(lib_a-init.o)
                              c:/st/stm32cubeide_1.9.0/stm32cubeide/plugins/com.st.stm32cube.ide.mcu.externaltools.gnu-tools-for-stm32.10.3-2021.10.win32_1.0.0.202111181127/tools/bin/../lib/gcc/arm-none-eabi/10.3.1/../../../../arm-none-eabi/lib/thumb/v7e-m+fp/hard/crt0.o (__libc_init_array)
c:/st/stm32cubeide_1.9.0/stm32cubeide/plugins/com.st.stm32cube.ide.mcu.externaltools.gnu-tools-for-stm32.10.3-2021.10.win32_1.0.0.202111181127/tools/bin/../lib/gcc/arm-none-eabi/10.3.1/../../../../arm-none-eabi/lib/thumb/v7e-m+fp/hard\libc_nano.a(lib_a-memset.o)
                              c:/st/stm32cubeide_1.9.0/stm32cubeide/plugins/com.st.stm32cube.ide.mcu.externaltools.gnu-tools-for-stm32.10.3-2021.10.win32_1.0.0.202111181127/tools/bin/../lib/gcc/arm-none-eabi/10.3.1/../../../../arm-none-eabi/lib/thumb/v7e-m+fp/hard/crt0.o (memset)

Discarded input sections

 .text          0x0000000000000000        0x0 c:/st/stm32cubeide_1.9.0/stm32cubeide/plugins/com.st.stm32cube.ide.mcu.externaltools.gnu-tools-for-stm32.10.3-2021.10.win32_1.0.0.202111181127/tools/bin/../lib/gcc/arm-none-eabi/10.3.1/thumb/v7e-m+fp/hard/crti.o
 .data          0x0000000000000000        0x0 c:/st/stm32cubeide_1.9.0/stm32cubeide/plugins/com.st.stm32cube.ide.mcu.externaltools.gnu-tools-for-stm32.10.3-2021.10.win32_1.0.0.202111181127/tools/bin/../lib/gcc/arm-none-eabi/10.3.1/thumb/v7e-m+fp/hard/crti.o
 .bss           0x0000000000000000        0x0 c:/st/stm32cubeide_1.9.0/stm32cubeide/plugins/com.st.stm32cube.ide.mcu.externaltools.gnu-tools-for-stm32.10.3-2021.10.win32_1.0.0.202111181127/tools/bin/../lib/gcc/arm-none-eabi/10.3.1/thumb/v7e-m+fp/hard/crti.o
 .data          0x0000000000000000        0x4 c:/st/stm32cubeide_1.9.0/stm32cubeide/plugins/com.st.stm32cube.ide.mcu.externaltools.gnu-tools-for-stm32.10.3-2021.10.win32_1.0.0.202111181127/tools/bin/../lib/gcc/arm-none-eabi/10.3.1/thumb/v7e-m+fp/hard/crtbegin.o
 .rodata        0x0000000000000000       0x24 c:/st/stm32cubeide_1.9.0/stm32cubeide/plugins/com.st.stm32cube.ide.mcu.externaltools.gnu-tools-for-stm32.10.3-2021.10.win32_1.0.0.202111181127/tools/bin/../lib/gcc/arm-none-eabi/10.3.1/thumb/v7e-m+fp/hard/crtbegin.o
 .text          0x0000000000000000       0x7c c:/st/stm32cubeide_1.9.0/stm32cubeide/plugins/com.st.stm32cube.ide.mcu.externaltools.gnu-tools-for-stm32.10.3-2021.10.win32_1.0.0.202111181127/tools/bin/../lib/gcc/arm-none-eabi/10.3.1/../../../../arm-none-eabi/lib/thumb/v7e-m+fp/hard/crt0.o
 .data          0x0000000000000000        0x0 c:/st/stm32cubeide_1.9.0/stm32cubeide/plugins/com.st.stm32cube.ide.mcu.externaltools.gnu-tools-for-stm32.10.3-2021.10.win32_1.0.0.202111181127/tools/bin/../lib/gcc/arm-none-eabi/10.3.1/../../../../arm-none-eabi/lib/thumb/v7e-m+fp/hard/crt0.o
 .bss           0x0000000000000000        0x0 c:/st/stm32cubeide_1.9.0/stm32cubeide/plugins/com.st.stm32cube.ide.mcu.externaltools.gnu-tools-for-stm32.10.3-2021.10.win32_1.0.0.202111181127/tools/bin/../lib/gcc/arm-none-eabi/10.3.1/../../../../arm-none-eabi/lib/thumb/v7e-m+fp/hard/crt0.o
 .ARM.extab     0x0000000000000000        0x0 c:/st/stm32cubeide_1.9.0/stm32cubeide/plugins/com.st.stm32cube.ide.mcu.externaltools.gnu-tools-for-stm32.10.3-2021.10.win32_1.0.0.202111181127/tools/bin/../lib/gcc/arm-none-eabi/10.3.1/../../../../arm-none-eabi/lib/thumb/v7e-m+fp/hard/crt0.o
 .ARM.exidx     0x0000000000000000       0x10 c:/st/stm32cubeide_1.9.0/stm32cubeide/plugins/com.st.stm32cube.ide.mcu.externaltools.gnu-tools-for-stm32.10.3-2021.10.win32_1.0.0.202111181127/tools/bin/../lib/gcc/arm-none-eabi/10.3.1/../../../../arm-none-eabi/lib/thumb/v7e-m+fp/hard/crt0.o
 .ARM.attributes
                0x0000000000000000       0x1c c:/st/stm32cubeide_1.9.0/stm32cubeide/plugins/com.st.stm32cube.ide.mcu.externaltools.gnu-tools-for-stm32.10.3-2021.10.win32_1.0.0.202111181127/tools/bin/../lib/gcc/arm-none-eabi/10.3.1/../../../../arm-none-eabi/lib/thumb/v7e-m+fp/hard/crt0.o
 .group         0x0000000000000000        0xc ./Drivers/Src/GPIOxDriver.o
 .group         0x0000000000000000        0xc ./Drivers/Src/GPIOxDriver.o
 .group         0x0000000000000000        0xc ./Drivers/Src/GPIOxDriver.o
 .group         0x0000000000000000        0xc ./Drivers/Src/GPIOxDriver.o
 .group         0x0000000000000000        0xc ./Drivers/Src/GPIOxDriver.o
 .group         0x0000000000000000        0xc ./Drivers/Src/GPIOxDriver.o
 .group         0x0000000000000000        0xc ./Drivers/Src/GPIOxDriver.o
 .group         0x0000000000000000        0xc ./Drivers/Src/GPIOxDriver.o
 .group         0x0000000000000000        0xc ./Drivers/Src/GPIOxDriver.o
 .group         0x0000000000000000        0xc ./Drivers/Src/GPIOxDriver.o
 .group         0x0000000000000000        0xc ./Drivers/Src/GPIOxDriver.o
 .group         0x0000000000000000        0xc ./Drivers/Src/GPIOxDriver.o
 .group         0x0000000000000000        0xc ./Drivers/Src/GPIOxDriver.o
 .group         0x0000000000000000        0xc ./Drivers/Src/GPIOxDriver.o
 .group         0x0000000000000000        0xc ./Drivers/Src/GPIOxDriver.o
 .group         0x0000000000000000        0xc ./Drivers/Src/GPIOxDriver.o
 .group         0x0000000000000000        0xc ./Drivers/Src/GPIOxDriver.o
 .text          0x0000000000000000        0x0 ./Drivers/Src/GPIOxDriver.o
 .data          0x0000000000000000        0x0 ./Drivers/Src/GPIOxDriver.o
 .bss           0x0000000000000000        0x0 ./Drivers/Src/GPIOxDriver.o
 .text.GPIO_WritePin
                0x0000000000000000       0x56 ./Drivers/Src/GPIOxDriver.o
 .text.GPIO_ReadPin
                0x0000000000000000       0x30 ./Drivers/Src/GPIOxDriver.o
 .group         0x0000000000000000        0xc ./Drivers/Src/TIMxDriver.o
 .group         0x0000000000000000        0xc ./Drivers/Src/TIMxDriver.o
 .group         0x0000000000000000        0xc ./Drivers/Src/TIMxDriver.o
 .group         0x0000000000000000        0xc ./Drivers/Src/TIMxDriver.o
 .group         0x0000000000000000        0xc ./Drivers/Src/TIMxDriver.o
 .group         0x0000000000000000        0xc ./Drivers/Src/TIMxDriver.o
 .group         0x0000000000000000        0xc ./Drivers/Src/TIMxDriver.o
 .group         0x0000000000000000        0xc ./Drivers/Src/TIMxDriver.o
 .group         0x0000000000000000        0xc ./Drivers/Src/TIMxDriver.o
 .group         0x0000000000000000        0xc ./Drivers/Src/TIMxDriver.o
 .group         0x0000000000000000        0xc ./Drivers/Src/TIMxDriver.o
 .group         0x0000000000000000        0xc ./Drivers/Src/TIMxDriver.o
 .group         0x0000000000000000        0xc ./Drivers/Src/TIMxDriver.o
 .group         0x0000000000000000        0xc ./Drivers/Src/TIMxDriver.o
 .group         0x0000000000000000        0xc ./Drivers/Src/TIMxDriver.o
 .group         0x0000000000000000        0xc ./Drivers/Src/TIMxDriver.o
 .group         0x0000000000000000        0xc ./Drivers/Src/TIMxDriver.o
 .text          0x0000000000000000        0x0 ./Drivers/Src/TIMxDriver.o
 .data          0x0000000000000000        0x0 ./Drivers/Src/TIMxDriver.o
 .bss           0x0000000000000000        0x0 ./Drivers/Src/TIMxDriver.o
 .text.Timer2_Callback
                0x0000000000000000       0x10 ./Drivers/Src/TIMxDriver.o
 .debug_macro   0x0000000000000000      0xa8a ./Drivers/Src/TIMxDriver.o
 .debug_macro   0x0000000000000000       0x28 ./Drivers/Src/TIMxDriver.o
 .debug_macro   0x0000000000000000       0x28 ./Drivers/Src/TIMxDriver.o
 .debug_macro   0x0000000000000000       0x22 ./Drivers/Src/TIMxDriver.o
 .debug_macro   0x0000000000000000       0x8e ./Drivers/Src/TIMxDriver.o
 .debug_macro   0x0000000000000000       0x51 ./Drivers/Src/TIMxDriver.o
 .debug_macro   0x0000000000000000      0x103 ./Drivers/Src/TIMxDriver.o
 .debug_macro   0x0000000000000000       0x6a ./Drivers/Src/TIMxDriver.o
 .debug_macro   0x0000000000000000      0x1df ./Drivers/Src/TIMxDriver.o
 .debug_macro   0x0000000000000000       0x1c ./Drivers/Src/TIMxDriver.o
 .debug_macro   0x0000000000000000       0x22 ./Drivers/Src/TIMxDriver.o
 .debug_macro   0x0000000000000000       0xd9 ./Drivers/Src/TIMxDriver.o
 .debug_macro   0x0000000000000000     0x102d ./Drivers/Src/TIMxDriver.o
 .debug_macro   0x0000000000000000      0x11f ./Drivers/Src/TIMxDriver.o
 .debug_macro   0x0000000000000000     0xb953 ./Drivers/Src/TIMxDriver.o
 .debug_macro   0x0000000000000000       0x6d ./Drivers/Src/TIMxDriver.o
 .group         0x0000000000000000        0xc ./Drivers/Src/USARTxDriver.o
 .group         0x0000000000000000        0xc ./Drivers/Src/USARTxDriver.o
 .group         0x0000000000000000        0xc ./Drivers/Src/USARTxDriver.o
 .group         0x0000000000000000        0xc ./Drivers/Src/USARTxDriver.o
 .group         0x0000000000000000        0xc ./Drivers/Src/USARTxDriver.o
 .group         0x0000000000000000        0xc ./Drivers/Src/USARTxDriver.o
 .group         0x0000000000000000        0xc ./Drivers/Src/USARTxDriver.o
 .group         0x0000000000000000        0xc ./Drivers/Src/USARTxDriver.o
 .group         0x0000000000000000        0xc ./Drivers/Src/USARTxDriver.o
 .group         0x0000000000000000        0xc ./Drivers/Src/USARTxDriver.o
 .group         0x0000000000000000        0xc ./Drivers/Src/USARTxDriver.o
 .group         0x0000000000000000        0xc ./Drivers/Src/USARTxDriver.o
 .group         0x0000000000000000        0xc ./Drivers/Src/USARTxDriver.o
 .group         0x0000000000000000        0xc ./Drivers/Src/USARTxDriver.o
 .group         0x0000000000000000        0xc ./Drivers/Src/USARTxDriver.o
 .group         0x0000000000000000        0xc ./Drivers/Src/USARTxDriver.o
 .group         0x0000000000000000        0xc ./Drivers/Src/USARTxDriver.o
 .group         0x0000000000000000        0xc ./Drivers/Src/USARTxDriver.o
 .group         0x0000000000000000        0xc ./Drivers/Src/USARTxDriver.o
 .group         0x0000000000000000        0xc ./Drivers/Src/USARTxDriver.o
 .group         0x0000000000000000        0xc ./Drivers/Src/USARTxDriver.o
 .group         0x0000000000000000        0xc ./Drivers/Src/USARTxDriver.o
 .group         0x0000000000000000        0xc ./Drivers/Src/USARTxDriver.o
 .group         0x0000000000000000        0xc ./Drivers/Src/USARTxDriver.o
 .group         0x0000000000000000        0xc ./Drivers/Src/USARTxDriver.o
 .group         0x0000000000000000        0xc ./Drivers/Src/USARTxDriver.o
 .group         0x0000000000000000        0xc ./Drivers/Src/USARTxDriver.o
 .group         0x0000000000000000        0xc ./Drivers/Src/USARTxDriver.o
 .group         0x0000000000000000        0xc ./Drivers/Src/USARTxDriver.o
 .group         0x0000000000000000        0xc ./Drivers/Src/USARTxDriver.o
 .group         0x0000000000000000        0xc ./Drivers/Src/USARTxDriver.o
 .group         0x0000000000000000        0xc ./Drivers/Src/USARTxDriver.o
 .group         0x0000000000000000        0xc ./Drivers/Src/USARTxDriver.o
 .group         0x0000000000000000        0xc ./Drivers/Src/USARTxDriver.o
 .group         0x0000000000000000        0xc ./Drivers/Src/USARTxDriver.o
 .group         0x0000000000000000        0xc ./Drivers/Src/USARTxDriver.o
 .group         0x0000000000000000        0xc ./Drivers/Src/USARTxDriver.o
 .group         0x0000000000000000        0xc ./Drivers/Src/USARTxDriver.o
 .group         0x0000000000000000        0xc ./Drivers/Src/USARTxDriver.o
 .group         0x0000000000000000        0xc ./Drivers/Src/USARTxDriver.o
 .group         0x0000000000000000        0xc ./Drivers/Src/USARTxDriver.o
 .group         0x0000000000000000        0xc ./Drivers/Src/USARTxDriver.o
 .group         0x0000000000000000        0xc ./Drivers/Src/USARTxDriver.o
 .group         0x0000000000000000        0xc ./Drivers/Src/USARTxDriver.o
 .group         0x0000000000000000        0xc ./Drivers/Src/USARTxDriver.o
 .text          0x0000000000000000        0x0 ./Drivers/Src/USARTxDriver.o
 .data          0x0000000000000000        0x0 ./Drivers/Src/USARTxDriver.o
 .bss           0x0000000000000000        0x0 ./Drivers/Src/USARTxDriver.o
 .text.USART2_Callback
                0x0000000000000000       0x10 ./Drivers/Src/USARTxDriver.o
 .text.writeChar
                0x0000000000000000       0x44 ./Drivers/Src/USARTxDriver.o
 .debug_macro   0x0000000000000000      0xa8a ./Drivers/Src/USARTxDriver.o
 .debug_macro   0x0000000000000000       0x28 ./Drivers/Src/USARTxDriver.o
 .debug_macro   0x0000000000000000       0x28 ./Drivers/Src/USARTxDriver.o
 .debug_macro   0x0000000000000000       0x22 ./Drivers/Src/USARTxDriver.o
 .debug_macro   0x0000000000000000       0x8e ./Drivers/Src/USARTxDriver.o
 .debug_macro   0x0000000000000000       0x51 ./Drivers/Src/USARTxDriver.o
 .debug_macro   0x0000000000000000      0x103 ./Drivers/Src/USARTxDriver.o
 .debug_macro   0x0000000000000000       0x6a ./Drivers/Src/USARTxDriver.o
 .debug_macro   0x0000000000000000      0x1df ./Drivers/Src/USARTxDriver.o
 .debug_macro   0x0000000000000000       0x1c ./Drivers/Src/USARTxDriver.o
 .debug_macro   0x0000000000000000       0x22 ./Drivers/Src/USARTxDriver.o
 .debug_macro   0x0000000000000000       0xd9 ./Drivers/Src/USARTxDriver.o
 .debug_macro   0x0000000000000000     0x102d ./Drivers/Src/USARTxDriver.o
 .debug_macro   0x0000000000000000      0x11f ./Drivers/Src/USARTxDriver.o
 .debug_macro   0x0000000000000000     0xb953 ./Drivers/Src/USARTxDriver.o
 .debug_macro   0x0000000000000000       0x6d ./Drivers/Src/USARTxDriver.o
 .group         0x0000000000000000        0xc ./Src/newmain.o
 .group         0x0000000000000000        0xc ./Src/newmain.o
 .group         0x0000000000000000        0xc ./Src/newmain.o
 .group         0x0000000000000000        0xc ./Src/newmain.o
 .group         0x0000000000000000        0xc ./Src/newmain.o
 .group         0x0000000000000000        0xc ./Src/newmain.o
 .group         0x0000000000000000        0xc ./Src/newmain.o
 .group         0x0000000000000000        0xc ./Src/newmain.o
 .group         0x0000000000000000        0xc ./Src/newmain.o
 .group         0x0000000000000000        0xc ./Src/newmain.o
 .group         0x0000000000000000        0xc ./Src/newmain.o
 .group         0x0000000000000000        0xc ./Src/newmain.o
 .group         0x0000000000000000        0xc ./Src/newmain.o
 .group         0x0000000000000000        0xc ./Src/newmain.o
 .group         0x0000000000000000        0xc ./Src/newmain.o
 .group         0x0000000000000000        0xc ./Src/newmain.o
 .group         0x0000000000000000        0xc ./Src/newmain.o
 .group         0x0000000000000000        0xc ./Src/newmain.o
 .group         0x0000000000000000        0xc ./Src/newmain.o
 .group         0x0000000000000000        0xc ./Src/newmain.o
 .group         0x0000000000000000        0xc ./Src/newmain.o
 .group         0x0000000000000000        0xc ./Src/newmain.o
 .group         0x0000000000000000        0xc ./Src/newmain.o
 .group         0x0000000000000000        0xc ./Src/newmain.o
 .group         0x0000000000000000        0xc ./Src/newmain.o
 .group         0x0000000000000000        0xc ./Src/newmain.o
 .group         0x0000000000000000        0xc ./Src/newmain.o
 .group         0x0000000000000000        0xc ./Src/newmain.o
 .group         0x0000000000000000        0xc ./Src/newmain.o
 .group         0x0000000000000000        0xc ./Src/newmain.o
 .group         0x0000000000000000        0xc ./Src/newmain.o
 .group         0x0000000000000000        0xc ./Src/newmain.o
 .group         0x0000000000000000        0xc ./Src/newmain.o
 .group         0x0000000000000000        0xc ./Src/newmain.o
 .group         0x0000000000000000        0xc ./Src/newmain.o
 .group         0x0000000000000000        0xc ./Src/newmain.o
 .group         0x0000000000000000        0xc ./Src/newmain.o
 .group         0x0000000000000000        0xc ./Src/newmain.o
 .group         0x0000000000000000        0xc ./Src/newmain.o
 .group         0x0000000000000000        0xc ./Src/newmain.o
 .group         0x0000000000000000        0xc ./Src/newmain.o
 .group         0x0000000000000000        0xc ./Src/newmain.o
 .group         0x0000000000000000        0xc ./Src/newmain.o
 .group         0x0000000000000000        0xc ./Src/newmain.o
 .group         0x0000000000000000        0xc ./Src/newmain.o
 .group         0x0000000000000000        0xc ./Src/newmain.o
 .group         0x0000000000000000        0xc ./Src/newmain.o
 .text          0x0000000000000000        0x0 ./Src/newmain.o
 .data          0x0000000000000000        0x0 ./Src/newmain.o
 .bss           0x0000000000000000        0x0 ./Src/newmain.o
 .text.delay    0x0000000000000000       0x2c ./Src/newmain.o
 .debug_macro   0x0000000000000000      0xa8a ./Src/newmain.o
 .debug_macro   0x0000000000000000       0x28 ./Src/newmain.o
 .debug_macro   0x0000000000000000       0x28 ./Src/newmain.o
 .debug_macro   0x0000000000000000       0x22 ./Src/newmain.o
 .debug_macro   0x0000000000000000       0x8e ./Src/newmain.o
 .debug_macro   0x0000000000000000       0x51 ./Src/newmain.o
 .debug_macro   0x0000000000000000      0x103 ./Src/newmain.o
 .debug_macro   0x0000000000000000       0x6a ./Src/newmain.o
 .debug_macro   0x0000000000000000      0x1df ./Src/newmain.o
 .debug_macro   0x0000000000000000       0x1c ./Src/newmain.o
 .debug_macro   0x0000000000000000       0x22 ./Src/newmain.o
 .debug_macro   0x0000000000000000       0xd9 ./Src/newmain.o
 .debug_macro   0x0000000000000000     0x102d ./Src/newmain.o
 .debug_macro   0x0000000000000000      0x11f ./Src/newmain.o
 .debug_macro   0x0000000000000000     0xb953 ./Src/newmain.o
 .debug_macro   0x0000000000000000       0x6d ./Src/newmain.o
 .debug_macro   0x0000000000000000       0x52 ./Src/newmain.o
 .debug_macro   0x0000000000000000       0x1e ./Src/newmain.o
 .debug_macro   0x0000000000000000       0x3c ./Src/newmain.o
 .debug_macro   0x0000000000000000       0x34 ./Src/newmain.o
 .debug_macro   0x0000000000000000       0x16 ./Src/newmain.o
 .debug_macro   0x0000000000000000       0x97 ./Src/newmain.o
 .debug_macro   0x0000000000000000      0x341 ./Src/newmain.o
 .debug_macro   0x0000000000000000       0xfd ./Src/newmain.o
 .debug_macro   0x0000000000000000       0x10 ./Src/newmain.o
 .debug_macro   0x0000000000000000       0x16 ./Src/newmain.o
 .debug_macro   0x0000000000000000       0x43 ./Src/newmain.o
 .debug_macro   0x0000000000000000       0x34 ./Src/newmain.o
 .debug_macro   0x0000000000000000       0x10 ./Src/newmain.o
 .debug_macro   0x0000000000000000       0x58 ./Src/newmain.o
 .debug_macro   0x0000000000000000       0x71 ./Src/newmain.o
 .debug_macro   0x0000000000000000       0x1c ./Src/newmain.o
 .debug_macro   0x0000000000000000      0x12a ./Src/newmain.o
 .debug_macro   0x0000000000000000       0x10 ./Src/newmain.o
 .debug_macro   0x0000000000000000       0x1c ./Src/newmain.o
 .debug_macro   0x0000000000000000       0x52 ./Src/newmain.o
 .debug_macro   0x0000000000000000       0x22 ./Src/newmain.o
 .debug_macro   0x0000000000000000       0x10 ./Src/newmain.o
 .debug_macro   0x0000000000000000       0x52 ./Src/newmain.o
 .debug_macro   0x0000000000000000       0xd5 ./Src/newmain.o
 .debug_macro   0x0000000000000000       0x1c ./Src/newmain.o
 .debug_macro   0x0000000000000000       0x3d ./Src/newmain.o
 .debug_macro   0x0000000000000000       0x16 ./Src/newmain.o
 .debug_macro   0x0000000000000000      0x145 ./Src/newmain.o
 .debug_macro   0x0000000000000000       0x6a ./Src/newmain.o
 .debug_macro   0x0000000000000000       0x28 ./Src/newmain.o
 .group         0x0000000000000000        0xc ./Src/syscalls.o
 .group         0x0000000000000000        0xc ./Src/syscalls.o
 .group         0x0000000000000000        0xc ./Src/syscalls.o
 .group         0x0000000000000000        0xc ./Src/syscalls.o
 .group         0x0000000000000000        0xc ./Src/syscalls.o
 .group         0x0000000000000000        0xc ./Src/syscalls.o
 .group         0x0000000000000000        0xc ./Src/syscalls.o
 .group         0x0000000000000000        0xc ./Src/syscalls.o
 .group         0x0000000000000000        0xc ./Src/syscalls.o
 .group         0x0000000000000000        0xc ./Src/syscalls.o
 .group         0x0000000000000000        0xc ./Src/syscalls.o
 .group         0x0000000000000000        0xc ./Src/syscalls.o
 .group         0x0000000000000000        0xc ./Src/syscalls.o
 .group         0x0000000000000000        0xc ./Src/syscalls.o
 .group         0x0000000000000000        0xc ./Src/syscalls.o
 .group         0x0000000000000000        0xc ./Src/syscalls.o
 .group         0x0000000000000000        0xc ./Src/syscalls.o
 .group         0x0000000000000000        0xc ./Src/syscalls.o
 .group         0x0000000000000000        0xc ./Src/syscalls.o
 .group         0x0000000000000000        0xc ./Src/syscalls.o
 .group         0x0000000000000000        0xc ./Src/syscalls.o
 .group         0x0000000000000000        0xc ./Src/syscalls.o
 .group         0x0000000000000000        0xc ./Src/syscalls.o
 .group         0x0000000000000000        0xc ./Src/syscalls.o
 .group         0x0000000000000000        0xc ./Src/syscalls.o
 .group         0x0000000000000000        0xc ./Src/syscalls.o
 .group         0x0000000000000000        0xc ./Src/syscalls.o
 .group         0x0000000000000000        0xc ./Src/syscalls.o
 .group         0x0000000000000000        0xc ./Src/syscalls.o
 .group         0x0000000000000000        0xc ./Src/syscalls.o
 .group         0x0000000000000000        0xc ./Src/syscalls.o
 .group         0x0000000000000000        0xc ./Src/syscalls.o
 .group         0x0000000000000000        0xc ./Src/syscalls.o
 .group         0x0000000000000000        0xc ./Src/syscalls.o
 .group         0x0000000000000000        0xc ./Src/syscalls.o
 .group         0x0000000000000000        0xc ./Src/syscalls.o
 .group         0x0000000000000000        0xc ./Src/syscalls.o
 .group         0x0000000000000000        0xc ./Src/syscalls.o
 .group         0x0000000000000000        0xc ./Src/syscalls.o
 .group         0x0000000000000000        0xc ./Src/syscalls.o
 .group         0x0000000000000000        0xc ./Src/syscalls.o
 .group         0x0000000000000000        0xc ./Src/syscalls.o
 .group         0x0000000000000000        0xc ./Src/syscalls.o
 .group         0x0000000000000000        0xc ./Src/syscalls.o
 .group         0x0000000000000000        0xc ./Src/syscalls.o
 .group         0x0000000000000000        0xc ./Src/syscalls.o
 .group         0x0000000000000000        0xc ./Src/syscalls.o
 .text          0x0000000000000000        0x0 ./Src/syscalls.o
 .data          0x0000000000000000        0x0 ./Src/syscalls.o
 .bss           0x0000000000000000        0x0 ./Src/syscalls.o
 .bss.__env     0x0000000000000000        0x4 ./Src/syscalls.o
 .data.environ  0x0000000000000000        0x4 ./Src/syscalls.o
 .text.initialise_monitor_handles
                0x0000000000000000        0xe ./Src/syscalls.o
 .text._getpid  0x0000000000000000       0x10 ./Src/syscalls.o
 .text._kill    0x0000000000000000       0x20 ./Src/syscalls.o
 .text._exit    0x0000000000000000       0x14 ./Src/syscalls.o
 .text._read    0x0000000000000000       0x3a ./Src/syscalls.o
 .text._write   0x0000000000000000       0x38 ./Src/syscalls.o
 .text._close   0x0000000000000000       0x18 ./Src/syscalls.o
 .text._fstat   0x0000000000000000       0x20 ./Src/syscalls.o
 .text._isatty  0x0000000000000000       0x16 ./Src/syscalls.o
 .text._lseek   0x0000000000000000       0x1a ./Src/syscalls.o
 .text._open    0x0000000000000000       0x1c ./Src/syscalls.o
 .text._wait    0x0000000000000000       0x1e ./Src/syscalls.o
 .text._unlink  0x0000000000000000       0x1e ./Src/syscalls.o
 .text._times   0x0000000000000000       0x18 ./Src/syscalls.o
 .text._stat    0x0000000000000000       0x20 ./Src/syscalls.o
 .text._link    0x0000000000000000       0x20 ./Src/syscalls.o
 .text._fork    0x0000000000000000       0x16 ./Src/syscalls.o
 .text._execve  0x0000000000000000       0x22 ./Src/syscalls.o
 .debug_info    0x0000000000000000      0x6e0 ./Src/syscalls.o
 .debug_abbrev  0x0000000000000000      0x1b3 ./Src/syscalls.o
 .debug_aranges
                0x0000000000000000       0xa8 ./Src/syscalls.o
 .debug_ranges  0x0000000000000000       0x98 ./Src/syscalls.o
 .debug_macro   0x0000000000000000      0x24c ./Src/syscalls.o
 .debug_macro   0x0000000000000000      0xa8a ./Src/syscalls.o
 .debug_macro   0x0000000000000000       0x22 ./Src/syscalls.o
 .debug_macro   0x0000000000000000       0x4c ./Src/syscalls.o
 .debug_macro   0x0000000000000000       0x1e ./Src/syscalls.o
 .debug_macro   0x0000000000000000       0x94 ./Src/syscalls.o
 .debug_macro   0x0000000000000000       0x3c ./Src/syscalls.o
 .debug_macro   0x0000000000000000       0x34 ./Src/syscalls.o
 .debug_macro   0x0000000000000000       0x57 ./Src/syscalls.o
 .debug_macro   0x0000000000000000      0x174 ./Src/syscalls.o
 .debug_macro   0x0000000000000000      0x341 ./Src/syscalls.o
 .debug_macro   0x0000000000000000       0x16 ./Src/syscalls.o
 .debug_macro   0x0000000000000000       0x43 ./Src/syscalls.o
 .debug_macro   0x0000000000000000       0x34 ./Src/syscalls.o
 .debug_macro   0x0000000000000000       0x10 ./Src/syscalls.o
 .debug_macro   0x0000000000000000       0x58 ./Src/syscalls.o
 .debug_macro   0x0000000000000000       0x71 ./Src/syscalls.o
 .debug_macro   0x0000000000000000       0x1c ./Src/syscalls.o
 .debug_macro   0x0000000000000000      0x12a ./Src/syscalls.o
 .debug_macro   0x0000000000000000       0x10 ./Src/syscalls.o
 .debug_macro   0x0000000000000000       0x35 ./Src/syscalls.o
 .debug_macro   0x0000000000000000       0x10 ./Src/syscalls.o
 .debug_macro   0x0000000000000000       0x10 ./Src/syscalls.o
 .debug_macro   0x0000000000000000       0x10 ./Src/syscalls.o
 .debug_macro   0x0000000000000000       0x6a ./Src/syscalls.o
 .debug_macro   0x0000000000000000       0x1c ./Src/syscalls.o
 .debug_macro   0x0000000000000000       0x52 ./Src/syscalls.o
 .debug_macro   0x0000000000000000       0x22 ./Src/syscalls.o
 .debug_macro   0x0000000000000000       0x10 ./Src/syscalls.o
 .debug_macro   0x0000000000000000       0x52 ./Src/syscalls.o
 .debug_macro   0x0000000000000000       0xd5 ./Src/syscalls.o
 .debug_macro   0x0000000000000000       0x1c ./Src/syscalls.o
 .debug_macro   0x0000000000000000       0x3d ./Src/syscalls.o
 .debug_macro   0x0000000000000000       0x35 ./Src/syscalls.o
 .debug_macro   0x0000000000000000      0x12c ./Src/syscalls.o
 .debug_macro   0x0000000000000000       0x16 ./Src/syscalls.o
 .debug_macro   0x0000000000000000       0x16 ./Src/syscalls.o
 .debug_macro   0x0000000000000000       0x29 ./Src/syscalls.o
 .debug_macro   0x0000000000000000       0x10 ./Src/syscalls.o
 .debug_macro   0x0000000000000000      0x241 ./Src/syscalls.o
 .debug_macro   0x0000000000000000       0x1c ./Src/syscalls.o
 .debug_macro   0x0000000000000000       0x10 ./Src/syscalls.o
 .debug_macro   0x0000000000000000       0x10 ./Src/syscalls.o
 .debug_macro   0x0000000000000000       0x16 ./Src/syscalls.o
 .debug_macro   0x0000000000000000      0x145 ./Src/syscalls.o
 .debug_macro   0x0000000000000000      0x189 ./Src/syscalls.o
 .debug_macro   0x0000000000000000       0x16 ./Src/syscalls.o
 .debug_macro   0x0000000000000000       0xce ./Src/syscalls.o
 .debug_line    0x0000000000000000      0x7ea ./Src/syscalls.o
 .debug_str     0x0000000000000000     0x8a9b ./Src/syscalls.o
 .comment       0x0000000000000000       0x51 ./Src/syscalls.o
 .debug_frame   0x0000000000000000      0x2ac ./Src/syscalls.o
 .ARM.attributes
                0x0000000000000000       0x34 ./Src/syscalls.o
 .group         0x0000000000000000        0xc ./Src/sysmem.o
 .group         0x0000000000000000        0xc ./Src/sysmem.o
 .group         0x0000000000000000        0xc ./Src/sysmem.o
 .group         0x0000000000000000        0xc ./Src/sysmem.o
 .group         0x0000000000000000        0xc ./Src/sysmem.o
 .group         0x0000000000000000        0xc ./Src/sysmem.o
 .group         0x0000000000000000        0xc ./Src/sysmem.o
 .group         0x0000000000000000        0xc ./Src/sysmem.o
 .group         0x0000000000000000        0xc ./Src/sysmem.o
 .group         0x0000000000000000        0xc ./Src/sysmem.o
 .group         0x0000000000000000        0xc ./Src/sysmem.o
 .group         0x0000000000000000        0xc ./Src/sysmem.o
 .group         0x0000000000000000        0xc ./Src/sysmem.o
 .group         0x0000000000000000        0xc ./Src/sysmem.o
 .group         0x0000000000000000        0xc ./Src/sysmem.o
 .group         0x0000000000000000        0xc ./Src/sysmem.o
 .group         0x0000000000000000        0xc ./Src/sysmem.o
 .group         0x0000000000000000        0xc ./Src/sysmem.o
 .group         0x0000000000000000        0xc ./Src/sysmem.o
 .group         0x0000000000000000        0xc ./Src/sysmem.o
 .group         0x0000000000000000        0xc ./Src/sysmem.o
 .group         0x0000000000000000        0xc ./Src/sysmem.o
 .text          0x0000000000000000        0x0 ./Src/sysmem.o
 .data          0x0000000000000000        0x0 ./Src/sysmem.o
 .bss           0x0000000000000000        0x0 ./Src/sysmem.o
 .bss.__sbrk_heap_end
                0x0000000000000000        0x4 ./Src/sysmem.o
 .text._sbrk    0x0000000000000000       0x6c ./Src/sysmem.o
 .debug_info    0x0000000000000000      0x171 ./Src/sysmem.o
 .debug_abbrev  0x0000000000000000       0xbb ./Src/sysmem.o
 .debug_aranges
                0x0000000000000000       0x20 ./Src/sysmem.o
 .debug_ranges  0x0000000000000000       0x10 ./Src/sysmem.o
 .debug_macro   0x0000000000000000       0xff ./Src/sysmem.o
 .debug_macro   0x0000000000000000      0xa8a ./Src/sysmem.o
 .debug_macro   0x0000000000000000       0x10 ./Src/sysmem.o
 .debug_macro   0x0000000000000000       0x22 ./Src/sysmem.o
 .debug_macro   0x0000000000000000       0x4c ./Src/sysmem.o
 .debug_macro   0x0000000000000000       0x1e ./Src/sysmem.o
 .debug_macro   0x0000000000000000       0x94 ./Src/sysmem.o
 .debug_macro   0x0000000000000000       0x3c ./Src/sysmem.o
 .debug_macro   0x0000000000000000       0x34 ./Src/sysmem.o
 .debug_macro   0x0000000000000000      0x174 ./Src/sysmem.o
 .debug_macro   0x0000000000000000       0x16 ./Src/sysmem.o
 .debug_macro   0x0000000000000000       0x43 ./Src/sysmem.o
 .debug_macro   0x0000000000000000       0x57 ./Src/sysmem.o
 .debug_macro   0x0000000000000000       0x34 ./Src/sysmem.o
 .debug_macro   0x0000000000000000       0x10 ./Src/sysmem.o
 .debug_macro   0x0000000000000000       0x58 ./Src/sysmem.o
 .debug_macro   0x0000000000000000       0x71 ./Src/sysmem.o
 .debug_macro   0x0000000000000000       0x1c ./Src/sysmem.o
 .debug_macro   0x0000000000000000      0x12a ./Src/sysmem.o
 .debug_macro   0x0000000000000000      0x23b ./Src/sysmem.o
 .debug_macro   0x0000000000000000      0x103 ./Src/sysmem.o
 .debug_macro   0x0000000000000000       0x6a ./Src/sysmem.o
 .debug_macro   0x0000000000000000      0x1df ./Src/sysmem.o
 .debug_line    0x0000000000000000      0x4e0 ./Src/sysmem.o
 .debug_str     0x0000000000000000     0x5dd7 ./Src/sysmem.o
 .comment       0x0000000000000000       0x51 ./Src/sysmem.o
 .debug_frame   0x0000000000000000       0x34 ./Src/sysmem.o
 .ARM.attributes
                0x0000000000000000       0x34 ./Src/sysmem.o
 .text          0x0000000000000000       0x14 ./Startup/startup_stm32f411retx.o
 .data          0x0000000000000000        0x0 ./Startup/startup_stm32f411retx.o
 .bss           0x0000000000000000        0x0 ./Startup/startup_stm32f411retx.o
 .text          0x0000000000000000        0x0 c:/st/stm32cubeide_1.9.0/stm32cubeide/plugins/com.st.stm32cube.ide.mcu.externaltools.gnu-tools-for-stm32.10.3-2021.10.win32_1.0.0.202111181127/tools/bin/../lib/gcc/arm-none-eabi/10.3.1/../../../../arm-none-eabi/lib/thumb/v7e-m+fp/hard\libc_nano.a(lib_a-errno.o)
 .data          0x0000000000000000        0x0 c:/st/stm32cubeide_1.9.0/stm32cubeide/plugins/com.st.stm32cube.ide.mcu.externaltools.gnu-tools-for-stm32.10.3-2021.10.win32_1.0.0.202111181127/tools/bin/../lib/gcc/arm-none-eabi/10.3.1/../../../../arm-none-eabi/lib/thumb/v7e-m+fp/hard\libc_nano.a(lib_a-errno.o)
 .bss           0x0000000000000000        0x0 c:/st/stm32cubeide_1.9.0/stm32cubeide/plugins/com.st.stm32cube.ide.mcu.externaltools.gnu-tools-for-stm32.10.3-2021.10.win32_1.0.0.202111181127/tools/bin/../lib/gcc/arm-none-eabi/10.3.1/../../../../arm-none-eabi/lib/thumb/v7e-m+fp/hard\libc_nano.a(lib_a-errno.o)
 .text.__errno  0x0000000000000000        0xc c:/st/stm32cubeide_1.9.0/stm32cubeide/plugins/com.st.stm32cube.ide.mcu.externaltools.gnu-tools-for-stm32.10.3-2021.10.win32_1.0.0.202111181127/tools/bin/../lib/gcc/arm-none-eabi/10.3.1/../../../../arm-none-eabi/lib/thumb/v7e-m+fp/hard\libc_nano.a(lib_a-errno.o)
 .debug_frame   0x0000000000000000       0x20 c:/st/stm32cubeide_1.9.0/stm32cubeide/plugins/com.st.stm32cube.ide.mcu.externaltools.gnu-tools-for-stm32.10.3-2021.10.win32_1.0.0.202111181127/tools/bin/../lib/gcc/arm-none-eabi/10.3.1/../../../../arm-none-eabi/lib/thumb/v7e-m+fp/hard\libc_nano.a(lib_a-errno.o)
 .ARM.attributes
                0x0000000000000000       0x34 c:/st/stm32cubeide_1.9.0/stm32cubeide/plugins/com.st.stm32cube.ide.mcu.externaltools.gnu-tools-for-stm32.10.3-2021.10.win32_1.0.0.202111181127/tools/bin/../lib/gcc/arm-none-eabi/10.3.1/../../../../arm-none-eabi/lib/thumb/v7e-m+fp/hard\libc_nano.a(lib_a-errno.o)
 .text          0x0000000000000000        0x0 c:/st/stm32cubeide_1.9.0/stm32cubeide/plugins/com.st.stm32cube.ide.mcu.externaltools.gnu-tools-for-stm32.10.3-2021.10.win32_1.0.0.202111181127/tools/bin/../lib/gcc/arm-none-eabi/10.3.1/../../../../arm-none-eabi/lib/thumb/v7e-m+fp/hard\libc_nano.a(lib_a-exit.o)
 .data          0x0000000000000000        0x0 c:/st/stm32cubeide_1.9.0/stm32cubeide/plugins/com.st.stm32cube.ide.mcu.externaltools.gnu-tools-for-stm32.10.3-2021.10.win32_1.0.0.202111181127/tools/bin/../lib/gcc/arm-none-eabi/10.3.1/../../../../arm-none-eabi/lib/thumb/v7e-m+fp/hard\libc_nano.a(lib_a-exit.o)
 .bss           0x0000000000000000        0x0 c:/st/stm32cubeide_1.9.0/stm32cubeide/plugins/com.st.stm32cube.ide.mcu.externaltools.gnu-tools-for-stm32.10.3-2021.10.win32_1.0.0.202111181127/tools/bin/../lib/gcc/arm-none-eabi/10.3.1/../../../../arm-none-eabi/lib/thumb/v7e-m+fp/hard\libc_nano.a(lib_a-exit.o)
 .text.exit     0x0000000000000000       0x28 c:/st/stm32cubeide_1.9.0/stm32cubeide/plugins/com.st.stm32cube.ide.mcu.externaltools.gnu-tools-for-stm32.10.3-2021.10.win32_1.0.0.202111181127/tools/bin/../lib/gcc/arm-none-eabi/10.3.1/../../../../arm-none-eabi/lib/thumb/v7e-m+fp/hard\libc_nano.a(lib_a-exit.o)
 .debug_frame   0x0000000000000000       0x28 c:/st/stm32cubeide_1.9.0/stm32cubeide/plugins/com.st.stm32cube.ide.mcu.externaltools.gnu-tools-for-stm32.10.3-2021.10.win32_1.0.0.202111181127/tools/bin/../lib/gcc/arm-none-eabi/10.3.1/../../../../arm-none-eabi/lib/thumb/v7e-m+fp/hard\libc_nano.a(lib_a-exit.o)
 .ARM.attributes
                0x0000000000000000       0x34 c:/st/stm32cubeide_1.9.0/stm32cubeide/plugins/com.st.stm32cube.ide.mcu.externaltools.gnu-tools-for-stm32.10.3-2021.10.win32_1.0.0.202111181127/tools/bin/../lib/gcc/arm-none-eabi/10.3.1/../../../../arm-none-eabi/lib/thumb/v7e-m+fp/hard\libc_nano.a(lib_a-exit.o)
 .text          0x0000000000000000        0x0 c:/st/stm32cubeide_1.9.0/stm32cubeide/plugins/com.st.stm32cube.ide.mcu.externaltools.gnu-tools-for-stm32.10.3-2021.10.win32_1.0.0.202111181127/tools/bin/../lib/gcc/arm-none-eabi/10.3.1/../../../../arm-none-eabi/lib/thumb/v7e-m+fp/hard\libc_nano.a(lib_a-impure.o)
 .data          0x0000000000000000        0x0 c:/st/stm32cubeide_1.9.0/stm32cubeide/plugins/com.st.stm32cube.ide.mcu.externaltools.gnu-tools-for-stm32.10.3-2021.10.win32_1.0.0.202111181127/tools/bin/../lib/gcc/arm-none-eabi/10.3.1/../../../../arm-none-eabi/lib/thumb/v7e-m+fp/hard\libc_nano.a(lib_a-impure.o)
 .bss           0x0000000000000000        0x0 c:/st/stm32cubeide_1.9.0/stm32cubeide/plugins/com.st.stm32cube.ide.mcu.externaltools.gnu-tools-for-stm32.10.3-2021.10.win32_1.0.0.202111181127/tools/bin/../lib/gcc/arm-none-eabi/10.3.1/../../../../arm-none-eabi/lib/thumb/v7e-m+fp/hard\libc_nano.a(lib_a-impure.o)
 .data._impure_ptr
                0x0000000000000000        0x4 c:/st/stm32cubeide_1.9.0/stm32cubeide/plugins/com.st.stm32cube.ide.mcu.externaltools.gnu-tools-for-stm32.10.3-2021.10.win32_1.0.0.202111181127/tools/bin/../lib/gcc/arm-none-eabi/10.3.1/../../../../arm-none-eabi/lib/thumb/v7e-m+fp/hard\libc_nano.a(lib_a-impure.o)
 .data.impure_data
                0x0000000000000000       0x60 c:/st/stm32cubeide_1.9.0/stm32cubeide/plugins/com.st.stm32cube.ide.mcu.externaltools.gnu-tools-for-stm32.10.3-2021.10.win32_1.0.0.202111181127/tools/bin/../lib/gcc/arm-none-eabi/10.3.1/../../../../arm-none-eabi/lib/thumb/v7e-m+fp/hard\libc_nano.a(lib_a-impure.o)
 .rodata._global_impure_ptr
                0x0000000000000000        0x4 c:/st/stm32cubeide_1.9.0/stm32cubeide/plugins/com.st.stm32cube.ide.mcu.externaltools.gnu-tools-for-stm32.10.3-2021.10.win32_1.0.0.202111181127/tools/bin/../lib/gcc/arm-none-eabi/10.3.1/../../../../arm-none-eabi/lib/thumb/v7e-m+fp/hard\libc_nano.a(lib_a-impure.o)
 .ARM.attributes
                0x0000000000000000       0x34 c:/st/stm32cubeide_1.9.0/stm32cubeide/plugins/com.st.stm32cube.ide.mcu.externaltools.gnu-tools-for-stm32.10.3-2021.10.win32_1.0.0.202111181127/tools/bin/../lib/gcc/arm-none-eabi/10.3.1/../../../../arm-none-eabi/lib/thumb/v7e-m+fp/hard\libc_nano.a(lib_a-impure.o)
 .text          0x0000000000000000        0x0 c:/st/stm32cubeide_1.9.0/stm32cubeide/plugins/com.st.stm32cube.ide.mcu.externaltools.gnu-tools-for-stm32.10.3-2021.10.win32_1.0.0.202111181127/tools/bin/../lib/gcc/arm-none-eabi/10.3.1/../../../../arm-none-eabi/lib/thumb/v7e-m+fp/hard\libc_nano.a(lib_a-init.o)
 .data          0x0000000000000000        0x0 c:/st/stm32cubeide_1.9.0/stm32cubeide/plugins/com.st.stm32cube.ide.mcu.externaltools.gnu-tools-for-stm32.10.3-2021.10.win32_1.0.0.202111181127/tools/bin/../lib/gcc/arm-none-eabi/10.3.1/../../../../arm-none-eabi/lib/thumb/v7e-m+fp/hard\libc_nano.a(lib_a-init.o)
 .bss           0x0000000000000000        0x0 c:/st/stm32cubeide_1.9.0/stm32cubeide/plugins/com.st.stm32cube.ide.mcu.externaltools.gnu-tools-for-stm32.10.3-2021.10.win32_1.0.0.202111181127/tools/bin/../lib/gcc/arm-none-eabi/10.3.1/../../../../arm-none-eabi/lib/thumb/v7e-m+fp/hard\libc_nano.a(lib_a-init.o)
 .text          0x0000000000000000        0x0 c:/st/stm32cubeide_1.9.0/stm32cubeide/plugins/com.st.stm32cube.ide.mcu.externaltools.gnu-tools-for-stm32.10.3-2021.10.win32_1.0.0.202111181127/tools/bin/../lib/gcc/arm-none-eabi/10.3.1/../../../../arm-none-eabi/lib/thumb/v7e-m+fp/hard\libc_nano.a(lib_a-memset.o)
 .data          0x0000000000000000        0x0 c:/st/stm32cubeide_1.9.0/stm32cubeide/plugins/com.st.stm32cube.ide.mcu.externaltools.gnu-tools-for-stm32.10.3-2021.10.win32_1.0.0.202111181127/tools/bin/../lib/gcc/arm-none-eabi/10.3.1/../../../../arm-none-eabi/lib/thumb/v7e-m+fp/hard\libc_nano.a(lib_a-memset.o)
 .bss           0x0000000000000000        0x0 c:/st/stm32cubeide_1.9.0/stm32cubeide/plugins/com.st.stm32cube.ide.mcu.externaltools.gnu-tools-for-stm32.10.3-2021.10.win32_1.0.0.202111181127/tools/bin/../lib/gcc/arm-none-eabi/10.3.1/../../../../arm-none-eabi/lib/thumb/v7e-m+fp/hard\libc_nano.a(lib_a-memset.o)
 .text.memset   0x0000000000000000       0x10 c:/st/stm32cubeide_1.9.0/stm32cubeide/plugins/com.st.stm32cube.ide.mcu.externaltools.gnu-tools-for-stm32.10.3-2021.10.win32_1.0.0.202111181127/tools/bin/../lib/gcc/arm-none-eabi/10.3.1/../../../../arm-none-eabi/lib/thumb/v7e-m+fp/hard\libc_nano.a(lib_a-memset.o)
 .debug_frame   0x0000000000000000       0x20 c:/st/stm32cubeide_1.9.0/stm32cubeide/plugins/com.st.stm32cube.ide.mcu.externaltools.gnu-tools-for-stm32.10.3-2021.10.win32_1.0.0.202111181127/tools/bin/../lib/gcc/arm-none-eabi/10.3.1/../../../../arm-none-eabi/lib/thumb/v7e-m+fp/hard\libc_nano.a(lib_a-memset.o)
 .ARM.attributes
                0x0000000000000000       0x34 c:/st/stm32cubeide_1.9.0/stm32cubeide/plugins/com.st.stm32cube.ide.mcu.externaltools.gnu-tools-for-stm32.10.3-2021.10.win32_1.0.0.202111181127/tools/bin/../lib/gcc/arm-none-eabi/10.3.1/../../../../arm-none-eabi/lib/thumb/v7e-m+fp/hard\libc_nano.a(lib_a-memset.o)
 .text          0x0000000000000000        0x0 c:/st/stm32cubeide_1.9.0/stm32cubeide/plugins/com.st.stm32cube.ide.mcu.externaltools.gnu-tools-for-stm32.10.3-2021.10.win32_1.0.0.202111181127/tools/bin/../lib/gcc/arm-none-eabi/10.3.1/thumb/v7e-m+fp/hard/crtend.o
 .data          0x0000000000000000        0x0 c:/st/stm32cubeide_1.9.0/stm32cubeide/plugins/com.st.stm32cube.ide.mcu.externaltools.gnu-tools-for-stm32.10.3-2021.10.win32_1.0.0.202111181127/tools/bin/../lib/gcc/arm-none-eabi/10.3.1/thumb/v7e-m+fp/hard/crtend.o
 .bss           0x0000000000000000        0x0 c:/st/stm32cubeide_1.9.0/stm32cubeide/plugins/com.st.stm32cube.ide.mcu.externaltools.gnu-tools-for-stm32.10.3-2021.10.win32_1.0.0.202111181127/tools/bin/../lib/gcc/arm-none-eabi/10.3.1/thumb/v7e-m+fp/hard/crtend.o
 .rodata        0x0000000000000000       0x24 c:/st/stm32cubeide_1.9.0/stm32cubeide/plugins/com.st.stm32cube.ide.mcu.externaltools.gnu-tools-for-stm32.10.3-2021.10.win32_1.0.0.202111181127/tools/bin/../lib/gcc/arm-none-eabi/10.3.1/thumb/v7e-m+fp/hard/crtend.o
 .eh_frame      0x0000000000000000        0x4 c:/st/stm32cubeide_1.9.0/stm32cubeide/plugins/com.st.stm32cube.ide.mcu.externaltools.gnu-tools-for-stm32.10.3-2021.10.win32_1.0.0.202111181127/tools/bin/../lib/gcc/arm-none-eabi/10.3.1/thumb/v7e-m+fp/hard/crtend.o
 .ARM.attributes
                0x0000000000000000       0x34 c:/st/stm32cubeide_1.9.0/stm32cubeide/plugins/com.st.stm32cube.ide.mcu.externaltools.gnu-tools-for-stm32.10.3-2021.10.win32_1.0.0.202111181127/tools/bin/../lib/gcc/arm-none-eabi/10.3.1/thumb/v7e-m+fp/hard/crtend.o
 .text          0x0000000000000000        0x0 c:/st/stm32cubeide_1.9.0/stm32cubeide/plugins/com.st.stm32cube.ide.mcu.externaltools.gnu-tools-for-stm32.10.3-2021.10.win32_1.0.0.202111181127/tools/bin/../lib/gcc/arm-none-eabi/10.3.1/thumb/v7e-m+fp/hard/crtn.o
 .data          0x0000000000000000        0x0 c:/st/stm32cubeide_1.9.0/stm32cubeide/plugins/com.st.stm32cube.ide.mcu.externaltools.gnu-tools-for-stm32.10.3-2021.10.win32_1.0.0.202111181127/tools/bin/../lib/gcc/arm-none-eabi/10.3.1/thumb/v7e-m+fp/hard/crtn.o
 .bss           0x0000000000000000        0x0 c:/st/stm32cubeide_1.9.0/stm32cubeide/plugins/com.st.stm32cube.ide.mcu.externaltools.gnu-tools-for-stm32.10.3-2021.10.win32_1.0.0.202111181127/tools/bin/../lib/gcc/arm-none-eabi/10.3.1/thumb/v7e-m+fp/hard/crtn.o

Memory Configuration

Name             Origin             Length             Attributes
RAM              0x0000000020000000 0x0000000000020000 xrw
FLASH            0x0000000008000000 0x0000000000080000 xr
*default*        0x0000000000000000 0xffffffffffffffff

Linker script and memory map

LOAD c:/st/stm32cubeide_1.9.0/stm32cubeide/plugins/com.st.stm32cube.ide.mcu.externaltools.gnu-tools-for-stm32.10.3-2021.10.win32_1.0.0.202111181127/tools/bin/../lib/gcc/arm-none-eabi/10.3.1/thumb/v7e-m+fp/hard/crti.o
LOAD c:/st/stm32cubeide_1.9.0/stm32cubeide/plugins/com.st.stm32cube.ide.mcu.externaltools.gnu-tools-for-stm32.10.3-2021.10.win32_1.0.0.202111181127/tools/bin/../lib/gcc/arm-none-eabi/10.3.1/thumb/v7e-m+fp/hard/crtbegin.o
LOAD c:/st/stm32cubeide_1.9.0/stm32cubeide/plugins/com.st.stm32cube.ide.mcu.externaltools.gnu-tools-for-stm32.10.3-2021.10.win32_1.0.0.202111181127/tools/bin/../lib/gcc/arm-none-eabi/10.3.1/../../../../arm-none-eabi/lib/thumb/v7e-m+fp/hard/crt0.o
LOAD ./Drivers/Src/GPIOxDriver.o
LOAD ./Drivers/Src/TIMxDriver.o
LOAD ./Drivers/Src/USARTxDriver.o
LOAD ./Src/newmain.o
LOAD ./Src/syscalls.o
LOAD ./Src/sysmem.o
LOAD ./Startup/startup_stm32f411retx.o
START GROUP
LOAD c:/st/stm32cubeide_1.9.0/stm32cubeide/plugins/com.st.stm32cube.ide.mcu.externaltools.gnu-tools-for-stm32.10.3-2021.10.win32_1.0.0.202111181127/tools/bin/../lib/gcc/arm-none-eabi/10.3.1/../../../../arm-none-eabi/lib/thumb/v7e-m+fp/hard\libc_nano.a
LOAD c:/st/stm32cubeide_1.9.0/stm32cubeide/plugins/com.st.stm32cube.ide.mcu.externaltools.gnu-tools-for-stm32.10.3-2021.10.win32_1.0.0.202111181127/tools/bin/../lib/gcc/arm-none-eabi/10.3.1/../../../../arm-none-eabi/lib/thumb/v7e-m+fp/hard\libm.a
END GROUP
START GROUP
LOAD c:/st/stm32cubeide_1.9.0/stm32cubeide/plugins/com.st.stm32cube.ide.mcu.externaltools.gnu-tools-for-stm32.10.3-2021.10.win32_1.0.0.202111181127/tools/bin/../lib/gcc/arm-none-eabi/10.3.1/thumb/v7e-m+fp/hard\libgcc.a
LOAD c:/st/stm32cubeide_1.9.0/stm32cubeide/plugins/com.st.stm32cube.ide.mcu.externaltools.gnu-tools-for-stm32.10.3-2021.10.win32_1.0.0.202111181127/tools/bin/../lib/gcc/arm-none-eabi/10.3.1/../../../../arm-none-eabi/lib/thumb/v7e-m+fp/hard\libc_nano.a
END GROUP
START GROUP
LOAD c:/st/stm32cubeide_1.9.0/stm32cubeide/plugins/com.st.stm32cube.ide.mcu.externaltools.gnu-tools-for-stm32.10.3-2021.10.win32_1.0.0.202111181127/tools/bin/../lib/gcc/arm-none-eabi/10.3.1/thumb/v7e-m+fp/hard\libgcc.a
LOAD c:/st/stm32cubeide_1.9.0/stm32cubeide/plugins/com.st.stm32cube.ide.mcu.externaltools.gnu-tools-for-stm32.10.3-2021.10.win32_1.0.0.202111181127/tools/bin/../lib/gcc/arm-none-eabi/10.3.1/../../../../arm-none-eabi/lib/thumb/v7e-m+fp/hard\libc_nano.a
LOAD c:/st/stm32cubeide_1.9.0/stm32cubeide/plugins/com.st.stm32cube.ide.mcu.externaltools.gnu-tools-for-stm32.10.3-2021.10.win32_1.0.0.202111181127/tools/bin/../lib/gcc/arm-none-eabi/10.3.1/../../../../arm-none-eabi/lib/thumb/v7e-m+fp/hard\libnosys.a
END GROUP
START GROUP
LOAD c:/st/stm32cubeide_1.9.0/stm32cubeide/plugins/com.st.stm32cube.ide.mcu.externaltools.gnu-tools-for-stm32.10.3-2021.10.win32_1.0.0.202111181127/tools/bin/../lib/gcc/arm-none-eabi/10.3.1/thumb/v7e-m+fp/hard\libgcc.a
LOAD c:/st/stm32cubeide_1.9.0/stm32cubeide/plugins/com.st.stm32cube.ide.mcu.externaltools.gnu-tools-for-stm32.10.3-2021.10.win32_1.0.0.202111181127/tools/bin/../lib/gcc/arm-none-eabi/10.3.1/../../../../arm-none-eabi/lib/thumb/v7e-m+fp/hard\libc_nano.a
LOAD c:/st/stm32cubeide_1.9.0/stm32cubeide/plugins/com.st.stm32cube.ide.mcu.externaltools.gnu-tools-for-stm32.10.3-2021.10.win32_1.0.0.202111181127/tools/bin/../lib/gcc/arm-none-eabi/10.3.1/../../../../arm-none-eabi/lib/thumb/v7e-m+fp/hard\libnosys.a
END GROUP
LOAD c:/st/stm32cubeide_1.9.0/stm32cubeide/plugins/com.st.stm32cube.ide.mcu.externaltools.gnu-tools-for-stm32.10.3-2021.10.win32_1.0.0.202111181127/tools/bin/../lib/gcc/arm-none-eabi/10.3.1/thumb/v7e-m+fp/hard/crtend.o
LOAD c:/st/stm32cubeide_1.9.0/stm32cubeide/plugins/com.st.stm32cube.ide.mcu.externaltools.gnu-tools-for-stm32.10.3-2021.10.win32_1.0.0.202111181127/tools/bin/../lib/gcc/arm-none-eabi/10.3.1/thumb/v7e-m+fp/hard/crtn.o
                0x0000000020020000                _estack = (ORIGIN (RAM) + LENGTH (RAM))
                0x0000000000000200                _Min_Heap_Size = 0x200
                0x0000000000000400                _Min_Stack_Size = 0x400

.isr_vector     0x0000000008000000      0x198
                0x0000000008000000                . = ALIGN (0x4)
 *(.isr_vector)
 .isr_vector    0x0000000008000000      0x198 ./Startup/startup_stm32f411retx.o
                0x0000000008000000                g_pfnVectors
                0x0000000008000198                . = ALIGN (0x4)

.text           0x0000000008000198      0xbc8
                0x0000000008000198                . = ALIGN (0x4)
 *(.text)
 .text          0x0000000008000198       0x40 c:/st/stm32cubeide_1.9.0/stm32cubeide/plugins/com.st.stm32cube.ide.mcu.externaltools.gnu-tools-for-stm32.10.3-2021.10.win32_1.0.0.202111181127/tools/bin/../lib/gcc/arm-none-eabi/10.3.1/thumb/v7e-m+fp/hard/crtbegin.o
 *(.text*)
 .text.GPIO_Config
                0x00000000080001d8      0x254 ./Drivers/Src/GPIOxDriver.o
                0x00000000080001d8                GPIO_Config
 .text.__NVIC_EnableIRQ
                0x000000000800042c       0x3c ./Drivers/Src/TIMxDriver.o
 .text.Timer_Config
                0x0000000008000468      0x144 ./Drivers/Src/TIMxDriver.o
                0x0000000008000468                Timer_Config
 .text.Timer3_Callback
                0x00000000080005ac       0x10 ./Drivers/Src/TIMxDriver.o
                0x00000000080005ac                Timer3_Callback
 .text.Timer4_Callback
                0x00000000080005bc       0x10 ./Drivers/Src/TIMxDriver.o
                0x00000000080005bc                Timer4_Callback
 .text.Timer5_Callback
                0x00000000080005cc       0x10 ./Drivers/Src/TIMxDriver.o
                0x00000000080005cc                Timer5_Callback
 .text.TIM2_IRQHandler
                0x00000000080005dc       0x1c ./Drivers/Src/TIMxDriver.o
                0x00000000080005dc                TIM2_IRQHandler
 .text.TIM3_IRQHandler
                0x00000000080005f8       0x1c ./Drivers/Src/TIMxDriver.o
                0x00000000080005f8                TIM3_IRQHandler
 .text.TIM4_IRQHandler
                0x0000000008000614       0x1c ./Drivers/Src/TIMxDriver.o
                0x0000000008000614                TIM4_IRQHandler
 .text.TIM5_IRQHandler
                0x0000000008000630       0x1c ./Drivers/Src/TIMxDriver.o
                0x0000000008000630                TIM5_IRQHandler
 .text.__NVIC_EnableIRQ
                0x000000000800064c       0x3c ./Drivers/Src/USARTxDriver.o
 .text.USART_Config
                0x0000000008000688      0x30c ./Drivers/Src/USARTxDriver.o
                0x0000000008000688                USART_Config
 .text.USART1_Callback
                0x0000000008000994       0x10 ./Drivers/Src/USARTxDriver.o
                0x0000000008000994                USART1_Callback
 .text.USART6_Callback
                0x00000000080009a4       0x10 ./Drivers/Src/USARTxDriver.o
                0x00000000080009a4                USART6_Callback
 .text.USART1_IRQHandler
                0x00000000080009b4       0x1c ./Drivers/Src/USARTxDriver.o
                0x00000000080009b4                USART1_IRQHandler
 .text.USART2_IRQHandler
                0x00000000080009d0       0x28 ./Drivers/Src/USARTxDriver.o
                0x00000000080009d0                USART2_IRQHandler
 .text.USART6_IRQHandler
                0x00000000080009f8       0x1c ./Drivers/Src/USARTxDriver.o
                0x00000000080009f8                USART6_IRQHandler
 .text.readChar
                0x0000000008000a14       0x1e ./Drivers/Src/USARTxDriver.o
                0x0000000008000a14                readChar
 *fill*         0x0000000008000a32        0x2 
 .text.__NVIC_EnableIRQ
                0x0000000008000a34       0x3c ./Src/newmain.o
 .text.__NVIC_DisableIRQ
                0x0000000008000a70       0x48 ./Src/newmain.o
 .text.main     0x0000000008000ab8       0xe0 ./Src/newmain.o
                0x0000000008000ab8                main
 .text.initSystem
                0x0000000008000b98       0xb4 ./Src/newmain.o
                0x0000000008000b98                initSystem
 .text.Timer2_Callback
                0x0000000008000c4c       0x24 ./Src/newmain.o
                0x0000000008000c4c                Timer2_Callback
 .text.USART2_Callback
                0x0000000008000c70       0x3c ./Src/newmain.o
                0x0000000008000c70                USART2_Callback
 .text.Reset_Handler
                0x0000000008000cac       0x50 ./Startup/startup_stm32f411retx.o
                0x0000000008000cac                Reset_Handler
 .text.Default_Handler
                0x0000000008000cfc        0x2 ./Startup/startup_stm32f411retx.o
                0x0000000008000cfc                RTC_Alarm_IRQHandler
                0x0000000008000cfc                EXTI2_IRQHandler
                0x0000000008000cfc                DebugMon_Handler
                0x0000000008000cfc                SPI4_IRQHandler
                0x0000000008000cfc                TIM1_CC_IRQHandler
                0x0000000008000cfc                DMA2_Stream5_IRQHandler
                0x0000000008000cfc                HardFault_Handler
                0x0000000008000cfc                DMA1_Stream5_IRQHandler
                0x0000000008000cfc                SysTick_Handler
                0x0000000008000cfc                PVD_IRQHandler
                0x0000000008000cfc                SDIO_IRQHandler
                0x0000000008000cfc                TAMP_STAMP_IRQHandler
                0x0000000008000cfc                PendSV_Handler
                0x0000000008000cfc                NMI_Handler
                0x0000000008000cfc                EXTI3_IRQHandler
                0x0000000008000cfc                TIM1_UP_TIM10_IRQHandler
                0x0000000008000cfc                I2C3_ER_IRQHandler
                0x0000000008000cfc                EXTI0_IRQHandler
                0x0000000008000cfc                I2C2_EV_IRQHandler
                0x0000000008000cfc                DMA1_Stream2_IRQHandler
                0x0000000008000cfc                FPU_IRQHandler
                0x0000000008000cfc                UsageFault_Handler
                0x0000000008000cfc                DMA2_Stream2_IRQHandler
                0x0000000008000cfc                SPI1_IRQHandler
                0x0000000008000cfc                TIM1_BRK_TIM9_IRQHandler
                0x0000000008000cfc                DMA2_Stream3_IRQHandler
                0x0000000008000cfc                DMA2_Stream0_IRQHandler
                0x0000000008000cfc                I2C1_EV_IRQHandler
                0x0000000008000cfc                DMA1_Stream6_IRQHandler
                0x0000000008000cfc                DMA1_Stream1_IRQHandler
                0x0000000008000cfc                RCC_IRQHandler
                0x0000000008000cfc                Default_Handler
                0x0000000008000cfc                EXTI15_10_IRQHandler
                0x0000000008000cfc                ADC_IRQHandler
                0x0000000008000cfc                DMA1_Stream7_IRQHandler
                0x0000000008000cfc                SPI5_IRQHandler
                0x0000000008000cfc                DMA2_Stream7_IRQHandler
                0x0000000008000cfc                I2C3_EV_IRQHandler
                0x0000000008000cfc                EXTI9_5_IRQHandler
                0x0000000008000cfc                RTC_WKUP_IRQHandler
                0x0000000008000cfc                SPI2_IRQHandler
                0x0000000008000cfc                MemManage_Handler
                0x0000000008000cfc                DMA1_Stream0_IRQHandler
                0x0000000008000cfc                SVC_Handler
                0x0000000008000cfc                EXTI4_IRQHandler
                0x0000000008000cfc                WWDG_IRQHandler
                0x0000000008000cfc                OTG_FS_WKUP_IRQHandler
                0x0000000008000cfc                TIM1_TRG_COM_TIM11_IRQHandler
                0x0000000008000cfc                EXTI1_IRQHandler
                0x0000000008000cfc                I2C2_ER_IRQHandler
                0x0000000008000cfc                DMA2_Stream1_IRQHandler
                0x0000000008000cfc                FLASH_IRQHandler
                0x0000000008000cfc                DMA2_Stream4_IRQHandler
                0x0000000008000cfc                BusFault_Handler
                0x0000000008000cfc                OTG_FS_IRQHandler
                0x0000000008000cfc                SPI3_IRQHandler
                0x0000000008000cfc                DMA1_Stream4_IRQHandler
                0x0000000008000cfc                I2C1_ER_IRQHandler
                0x0000000008000cfc                DMA2_Stream6_IRQHandler
                0x0000000008000cfc                DMA1_Stream3_IRQHandler
 *fill*         0x0000000008000cfe        0x2 
 .text.__libc_init_array
                0x0000000008000d00       0x48 c:/st/stm32cubeide_1.9.0/stm32cubeide/plugins/com.st.stm32cube.ide.mcu.externaltools.gnu-tools-for-stm32.10.3-2021.10.win32_1.0.0.202111181127/tools/bin/../lib/gcc/arm-none-eabi/10.3.1/../../../../arm-none-eabi/lib/thumb/v7e-m+fp/hard\libc_nano.a(lib_a-init.o)
                0x0000000008000d00                __libc_init_array
 *(.glue_7)
 .glue_7        0x0000000008000d48        0x0 linker stubs
 *(.glue_7t)
 .glue_7t       0x0000000008000d48        0x0 linker stubs
 *(.eh_frame)
 .eh_frame      0x0000000008000d48        0x0 c:/st/stm32cubeide_1.9.0/stm32cubeide/plugins/com.st.stm32cube.ide.mcu.externaltools.gnu-tools-for-stm32.10.3-2021.10.win32_1.0.0.202111181127/tools/bin/../lib/gcc/arm-none-eabi/10.3.1/thumb/v7e-m+fp/hard/crtbegin.o
 *(.init)
 .init          0x0000000008000d48        0x4 c:/st/stm32cubeide_1.9.0/stm32cubeide/plugins/com.st.stm32cube.ide.mcu.externaltools.gnu-tools-for-stm32.10.3-2021.10.win32_1.0.0.202111181127/tools/bin/../lib/gcc/arm-none-eabi/10.3.1/thumb/v7e-m+fp/hard/crti.o
                0x0000000008000d48                _init
 .init          0x0000000008000d4c        0x8 c:/st/stm32cubeide_1.9.0/stm32cubeide/plugins/com.st.stm32cube.ide.mcu.externaltools.gnu-tools-for-stm32.10.3-2021.10.win32_1.0.0.202111181127/tools/bin/../lib/gcc/arm-none-eabi/10.3.1/thumb/v7e-m+fp/hard/crtn.o
 *(.fini)
 .fini          0x0000000008000d54        0x4 c:/st/stm32cubeide_1.9.0/stm32cubeide/plugins/com.st.stm32cube.ide.mcu.externaltools.gnu-tools-for-stm32.10.3-2021.10.win32_1.0.0.202111181127/tools/bin/../lib/gcc/arm-none-eabi/10.3.1/thumb/v7e-m+fp/hard/crti.o
                0x0000000008000d54                _fini
 .fini          0x0000000008000d58        0x8 c:/st/stm32cubeide_1.9.0/stm32cubeide/plugins/com.st.stm32cube.ide.mcu.externaltools.gnu-tools-for-stm32.10.3-2021.10.win32_1.0.0.202111181127/tools/bin/../lib/gcc/arm-none-eabi/10.3.1/thumb/v7e-m+fp/hard/crtn.o
                0x0000000008000d60                . = ALIGN (0x4)
                0x0000000008000d60                _etext = .

.vfp11_veneer   0x0000000008000d60        0x0
 .vfp11_veneer  0x0000000008000d60        0x0 linker stubs

.v4_bx          0x0000000008000d60        0x0
 .v4_bx         0x0000000008000d60        0x0 linker stubs

.iplt           0x0000000008000d60        0x0
 .iplt          0x0000000008000d60        0x0 c:/st/stm32cubeide_1.9.0/stm32cubeide/plugins/com.st.stm32cube.ide.mcu.externaltools.gnu-tools-for-stm32.10.3-2021.10.win32_1.0.0.202111181127/tools/bin/../lib/gcc/arm-none-eabi/10.3.1/thumb/v7e-m+fp/hard/crtbegin.o

.rel.dyn        0x0000000008000d60        0x0
 .rel.iplt      0x0000000008000d60        0x0 c:/st/stm32cubeide_1.9.0/stm32cubeide/plugins/com.st.stm32cube.ide.mcu.externaltools.gnu-tools-for-stm32.10.3-2021.10.win32_1.0.0.202111181127/tools/bin/../lib/gcc/arm-none-eabi/10.3.1/thumb/v7e-m+fp/hard/crtbegin.o

.rodata         0x0000000008000d60        0x0
                0x0000000008000d60                . = ALIGN (0x4)
 *(.rodata)
 *(.rodata*)
                0x0000000008000d60                . = ALIGN (0x4)

.ARM.extab      0x0000000008000d60        0x0
                0x0000000008000d60                . = ALIGN (0x4)
 *(.ARM.extab* .gnu.linkonce.armextab.*)
                0x0000000008000d60                . = ALIGN (0x4)

.ARM            0x0000000008000d60        0x0
                0x0000000008000d60                . = ALIGN (0x4)
                0x0000000008000d60                __exidx_start = .
 *(.ARM.exidx*)
                0x0000000008000d60                __exidx_end = .
                0x0000000008000d60                . = ALIGN (0x4)

.preinit_array  0x0000000008000d60        0x0
                0x0000000008000d60                . = ALIGN (0x4)
                0x0000000008000d60                PROVIDE (__preinit_array_start = .)
 *(.preinit_array*)
                0x0000000008000d60                PROVIDE (__preinit_array_end = .)
                0x0000000008000d60                . = ALIGN (0x4)

.init_array     0x0000000008000d60        0x4
                0x0000000008000d60                . = ALIGN (0x4)
                0x0000000008000d60                PROVIDE (__init_array_start = .)
 *(SORT_BY_NAME(.init_array.*))
 *(.init_array*)
 .init_array    0x0000000008000d60        0x4 c:/st/stm32cubeide_1.9.0/stm32cubeide/plugins/com.st.stm32cube.ide.mcu.externaltools.gnu-tools-for-stm32.10.3-2021.10.win32_1.0.0.202111181127/tools/bin/../lib/gcc/arm-none-eabi/10.3.1/thumb/v7e-m+fp/hard/crtbegin.o
                0x0000000008000d64                PROVIDE (__init_array_end = .)
                0x0000000008000d64                . = ALIGN (0x4)

.fini_array     0x0000000008000d64        0x4
                0x0000000008000d64                . = ALIGN (0x4)
                [!provide]                        PROVIDE (__fini_array_start = .)
 *(SORT_BY_NAME(.fini_array.*))
 *(.fini_array*)
 .fini_array    0x0000000008000d64        0x4 c:/st/stm32cubeide_1.9.0/stm32cubeide/plugins/com.st.stm32cube.ide.mcu.externaltools.gnu-tools-for-stm32.10.3-2021.10.win32_1.0.0.202111181127/tools/bin/../lib/gcc/arm-none-eabi/10.3.1/thumb/v7e-m+fp/hard/crtbegin.o
                [!provide]                        PROVIDE (__fini_array_end = .)
                0x0000000008000d68                . = ALIGN (0x4)
                0x0000000008000d68                _sidata = LOADADDR (.data)

.data           0x0000000020000000        0x4 load address 0x0000000008000d68
                0x0000000020000000                . = ALIGN (0x4)
                0x0000000020000000                _sdata = .
 *(.data)
 *(.data*)
 .data.dataValue
                0x0000000020000000        0x1 ./Src/newmain.o
                0x0000000020000000                dataValue
 *(.RamFunc)
 *(.RamFunc*)
                0x0000000020000004                . = ALIGN (0x4)
 *fill*         0x0000000020000001        0x3 
                0x0000000020000004                _edata = .

.igot.plt       0x0000000020000004        0x0 load address 0x0000000008000d6c
 .igot.plt      0x0000000020000004        0x0 c:/st/stm32cubeide_1.9.0/stm32cubeide/plugins/com.st.stm32cube.ide.mcu.externaltools.gnu-tools-for-stm32.10.3-2021.10.win32_1.0.0.202111181127/tools/bin/../lib/gcc/arm-none-eabi/10.3.1/thumb/v7e-m+fp/hard/crtbegin.o
                0x0000000020000004                . = ALIGN (0x4)

.bss            0x0000000020000004       0xd4 load address 0x0000000008000d6c
                0x0000000020000004                _sbss = .
                0x0000000020000004                __bss_start__ = _sbss
 *(.bss)
 .bss           0x0000000020000004       0x1c c:/st/stm32cubeide_1.9.0/stm32cubeide/plugins/com.st.stm32cube.ide.mcu.externaltools.gnu-tools-for-stm32.10.3-2021.10.win32_1.0.0.202111181127/tools/bin/../lib/gcc/arm-none-eabi/10.3.1/thumb/v7e-m+fp/hard/crtbegin.o
 *(.bss*)
 .bss.handlerStateLED
                0x0000000020000020        0xc ./Src/newmain.o
                0x0000000020000020                handlerStateLED
 .bss.handlerUSB
                0x000000002000002c        0xc ./Src/newmain.o
                0x000000002000002c                handlerUSB
 .bss.handlerTimer2
                0x0000000020000038        0xc ./Src/newmain.o
                0x0000000020000038                handlerTimer2
 .bss.handlerUsartRX
                0x0000000020000044       0x8c ./Src/newmain.o
                0x0000000020000044                handlerUsartRX
 .bss.interruptor
                0x00000000200000d0        0x1 ./Src/newmain.o
                0x00000000200000d0                interruptor
 *fill*         0x00000000200000d1        0x3 
 .bss.ptr_interruptor
                0x00000000200000d4        0x4 ./Src/newmain.o
                0x00000000200000d4                ptr_interruptor
 *(COMMON)
                0x00000000200000d8                . = ALIGN (0x4)
                0x00000000200000d8                _ebss = .
                0x00000000200000d8                __bss_end__ = _ebss

._user_heap_stack
                0x00000000200000d8      0x600 load address 0x0000000008000d6c
                0x00000000200000d8                . = ALIGN (0x8)
                [!provide]                        PROVIDE (end = .)
                0x00000000200000d8                PROVIDE (_end = .)
                0x00000000200002d8                . = (. + _Min_Heap_Size)
 *fill*         0x00000000200000d8      0x200 
                0x00000000200006d8                . = (. + _Min_Stack_Size)
 *fill*         0x00000000200002d8      0x400 
                0x00000000200006d8                . = ALIGN (0x8)

/DISCARD/
 libc.a(*)
 libm.a(*)
 libgcc.a(*)

.ARM.attributes
                0x0000000000000000       0x30
 *(.ARM.attributes)
 .ARM.attributes
                0x0000000000000000       0x1e c:/st/stm32cubeide_1.9.0/stm32cubeide/plugins/com.st.stm32cube.ide.mcu.externaltools.gnu-tools-for-stm32.10.3-2021.10.win32_1.0.0.202111181127/tools/bin/../lib/gcc/arm-none-eabi/10.3.1/thumb/v7e-m+fp/hard/crti.o
 .ARM.attributes
                0x000000000000001e       0x34 c:/st/stm32cubeide_1.9.0/stm32cubeide/plugins/com.st.stm32cube.ide.mcu.externaltools.gnu-tools-for-stm32.10.3-2021.10.win32_1.0.0.202111181127/tools/bin/../lib/gcc/arm-none-eabi/10.3.1/thumb/v7e-m+fp/hard/crtbegin.o
 .ARM.attributes
                0x0000000000000052       0x34 ./Drivers/Src/GPIOxDriver.o
 .ARM.attributes
                0x0000000000000086       0x34 ./Drivers/Src/TIMxDriver.o
 .ARM.attributes
                0x00000000000000ba       0x34 ./Drivers/Src/USARTxDriver.o
 .ARM.attributes
                0x00000000000000ee       0x34 ./Src/newmain.o
 .ARM.attributes
                0x0000000000000122       0x21 ./Startup/startup_stm32f411retx.o
 .ARM.attributes
                0x0000000000000143       0x34 c:/st/stm32cubeide_1.9.0/stm32cubeide/plugins/com.st.stm32cube.ide.mcu.externaltools.gnu-tools-for-stm32.10.3-2021.10.win32_1.0.0.202111181127/tools/bin/../lib/gcc/arm-none-eabi/10.3.1/../../../../arm-none-eabi/lib/thumb/v7e-m+fp/hard\libc_nano.a(lib_a-init.o)
 .ARM.attributes
                0x0000000000000177       0x1e c:/st/stm32cubeide_1.9.0/stm32cubeide/plugins/com.st.stm32cube.ide.mcu.externaltools.gnu-tools-for-stm32.10.3-2021.10.win32_1.0.0.202111181127/tools/bin/../lib/gcc/arm-none-eabi/10.3.1/thumb/v7e-m+fp/hard/crtn.o
OUTPUT(tarea3_jutoroa_COPY.elf elf32-littlearm)
LOAD linker stubs
LOAD c:/st/stm32cubeide_1.9.0/stm32cubeide/plugins/com.st.stm32cube.ide.mcu.externaltools.gnu-tools-for-stm32.10.3-2021.10.win32_1.0.0.202111181127/tools/bin/../lib/gcc/arm-none-eabi/10.3.1/../../../../arm-none-eabi/lib/thumb/v7e-m+fp/hard\libc.a
LOAD c:/st/stm32cubeide_1.9.0/stm32cubeide/plugins/com.st.stm32cube.ide.mcu.externaltools.gnu-tools-for-stm32.10.3-2021.10.win32_1.0.0.202111181127/tools/bin/../lib/gcc/arm-none-eabi/10.3.1/../../../../arm-none-eabi/lib/thumb/v7e-m+fp/hard\libm.a
LOAD c:/st/stm32cubeide_1.9.0/stm32cubeide/plugins/com.st.stm32cube.ide.mcu.externaltools.gnu-tools-for-stm32.10.3-2021.10.win32_1.0.0.202111181127/tools/bin/../lib/gcc/arm-none-eabi/10.3.1/thumb/v7e-m+fp/hard\libgcc.a

.debug_info     0x0000000000000000     0x1f74
 .debug_info    0x0000000000000000      0x4b0 ./Drivers/Src/GPIOxDriver.o
 .debug_info    0x00000000000004b0      0x869 ./Drivers/Src/TIMxDriver.o
 .debug_info    0x0000000000000d19      0x850 ./Drivers/Src/USARTxDriver.o
 .debug_info    0x0000000000001569      0x9e9 ./Src/newmain.o
 .debug_info    0x0000000000001f52       0x22 ./Startup/startup_stm32f411retx.o

.debug_abbrev   0x0000000000000000      0x777
 .debug_abbrev  0x0000000000000000      0x159 ./Drivers/Src/GPIOxDriver.o
 .debug_abbrev  0x0000000000000159      0x1cb ./Drivers/Src/TIMxDriver.o
 .debug_abbrev  0x0000000000000324      0x1fa ./Drivers/Src/USARTxDriver.o
 .debug_abbrev  0x000000000000051e      0x247 ./Src/newmain.o
 .debug_abbrev  0x0000000000000765       0x12 ./Startup/startup_stm32f411retx.o

.debug_aranges  0x0000000000000000      0x178
 .debug_aranges
                0x0000000000000000       0x30 ./Drivers/Src/GPIOxDriver.o
 .debug_aranges
                0x0000000000000030       0x68 ./Drivers/Src/TIMxDriver.o
 .debug_aranges
                0x0000000000000098       0x68 ./Drivers/Src/USARTxDriver.o
 .debug_aranges
                0x0000000000000100       0x50 ./Src/newmain.o
 .debug_aranges
                0x0000000000000150       0x28 ./Startup/startup_stm32f411retx.o

.debug_ranges   0x0000000000000000      0x130
 .debug_ranges  0x0000000000000000       0x20 ./Drivers/Src/GPIOxDriver.o
 .debug_ranges  0x0000000000000020       0x58 ./Drivers/Src/TIMxDriver.o
 .debug_ranges  0x0000000000000078       0x58 ./Drivers/Src/USARTxDriver.o
 .debug_ranges  0x00000000000000d0       0x40 ./Src/newmain.o
 .debug_ranges  0x0000000000000110       0x20 ./Startup/startup_stm32f411retx.o

.debug_macro    0x0000000000000000     0xf060
 .debug_macro   0x0000000000000000       0xdd ./Drivers/Src/GPIOxDriver.o
 .debug_macro   0x00000000000000dd      0xa8a ./Drivers/Src/GPIOxDriver.o
 .debug_macro   0x0000000000000b67       0x28 ./Drivers/Src/GPIOxDriver.o
 .debug_macro   0x0000000000000b8f       0x28 ./Drivers/Src/GPIOxDriver.o
 .debug_macro   0x0000000000000bb7       0x22 ./Drivers/Src/GPIOxDriver.o
 .debug_macro   0x0000000000000bd9       0x8e ./Drivers/Src/GPIOxDriver.o
 .debug_macro   0x0000000000000c67       0x51 ./Drivers/Src/GPIOxDriver.o
 .debug_macro   0x0000000000000cb8      0x103 ./Drivers/Src/GPIOxDriver.o
 .debug_macro   0x0000000000000dbb       0x6a ./Drivers/Src/GPIOxDriver.o
 .debug_macro   0x0000000000000e25      0x1df ./Drivers/Src/GPIOxDriver.o
 .debug_macro   0x0000000000001004       0x1c ./Drivers/Src/GPIOxDriver.o
 .debug_macro   0x0000000000001020       0x22 ./Drivers/Src/GPIOxDriver.o
 .debug_macro   0x0000000000001042       0xd9 ./Drivers/Src/GPIOxDriver.o
 .debug_macro   0x000000000000111b     0x102d ./Drivers/Src/GPIOxDriver.o
 .debug_macro   0x0000000000002148      0x11f ./Drivers/Src/GPIOxDriver.o
 .debug_macro   0x0000000000002267     0xb953 ./Drivers/Src/GPIOxDriver.o
 .debug_macro   0x000000000000dbba       0x6d ./Drivers/Src/GPIOxDriver.o
 .debug_macro   0x000000000000dc27      0x118 ./Drivers/Src/GPIOxDriver.o
 .debug_macro   0x000000000000dd3f       0xd7 ./Drivers/Src/TIMxDriver.o
 .debug_macro   0x000000000000de16       0x28 ./Drivers/Src/TIMxDriver.o
 .debug_macro   0x000000000000de3e      0x23b ./Drivers/Src/USARTxDriver.o
 .debug_macro   0x000000000000e079       0x52 ./Drivers/Src/USARTxDriver.o
 .debug_macro   0x000000000000e0cb       0x1e ./Drivers/Src/USARTxDriver.o
 .debug_macro   0x000000000000e0e9       0x3c ./Drivers/Src/USARTxDriver.o
 .debug_macro   0x000000000000e125       0x34 ./Drivers/Src/USARTxDriver.o
 .debug_macro   0x000000000000e159       0x16 ./Drivers/Src/USARTxDriver.o
 .debug_macro   0x000000000000e16f       0x97 ./Drivers/Src/USARTxDriver.o
 .debug_macro   0x000000000000e206      0x341 ./Drivers/Src/USARTxDriver.o
 .debug_macro   0x000000000000e547       0xfd ./Drivers/Src/USARTxDriver.o
 .debug_macro   0x000000000000e644       0x10 ./Drivers/Src/USARTxDriver.o
 .debug_macro   0x000000000000e654       0x16 ./Drivers/Src/USARTxDriver.o
 .debug_macro   0x000000000000e66a       0x43 ./Drivers/Src/USARTxDriver.o
 .debug_macro   0x000000000000e6ad       0x34 ./Drivers/Src/USARTxDriver.o
 .debug_macro   0x000000000000e6e1       0x10 ./Drivers/Src/USARTxDriver.o
 .debug_macro   0x000000000000e6f1       0x58 ./Drivers/Src/USARTxDriver.o
 .debug_macro   0x000000000000e749       0x71 ./Drivers/Src/USARTxDriver.o
 .debug_macro   0x000000000000e7ba       0x1c ./Drivers/Src/USARTxDriver.o
 .debug_macro   0x000000000000e7d6      0x12a ./Drivers/Src/USARTxDriver.o
 .debug_macro   0x000000000000e900       0x10 ./Drivers/Src/USARTxDriver.o
 .debug_macro   0x000000000000e910       0x1c ./Drivers/Src/USARTxDriver.o
 .debug_macro   0x000000000000e92c       0x52 ./Drivers/Src/USARTxDriver.o
 .debug_macro   0x000000000000e97e       0x22 ./Drivers/Src/USARTxDriver.o
 .debug_macro   0x000000000000e9a0       0x10 ./Drivers/Src/USARTxDriver.o
 .debug_macro   0x000000000000e9b0       0x52 ./Drivers/Src/USARTxDriver.o
 .debug_macro   0x000000000000ea02       0xd5 ./Drivers/Src/USARTxDriver.o
 .debug_macro   0x000000000000ead7       0x1c ./Drivers/Src/USARTxDriver.o
 .debug_macro   0x000000000000eaf3       0x3d ./Drivers/Src/USARTxDriver.o
 .debug_macro   0x000000000000eb30       0x16 ./Drivers/Src/USARTxDriver.o
 .debug_macro   0x000000000000eb46      0x145 ./Drivers/Src/USARTxDriver.o
 .debug_macro   0x000000000000ec8b       0x6a ./Drivers/Src/USARTxDriver.o
 .debug_macro   0x000000000000ecf5      0x24d ./Src/newmain.o
 .debug_macro   0x000000000000ef42      0x11e ./Src/newmain.o

.debug_line     0x0000000000000000     0x20fc
 .debug_line    0x0000000000000000      0x6e4 ./Drivers/Src/GPIOxDriver.o
 .debug_line    0x00000000000006e4      0x6d2 ./Drivers/Src/TIMxDriver.o
 .debug_line    0x0000000000000db6      0xa10 ./Drivers/Src/USARTxDriver.o
 .debug_line    0x00000000000017c6      0x8b2 ./Src/newmain.o
 .debug_line    0x0000000000002078       0x84 ./Startup/startup_stm32f411retx.o

.debug_str      0x0000000000000000    0x546e9
 .debug_str     0x0000000000000000    0x4fd60 ./Drivers/Src/GPIOxDriver.o
                                      0x4fed6 (size before relaxing)
 .debug_str     0x000000000004fd60      0x5db ./Drivers/Src/TIMxDriver.o
                                      0x500f4 (size before relaxing)
 .debug_str     0x000000000005033b     0x42f3 ./Drivers/Src/USARTxDriver.o
                                      0x5427b (size before relaxing)
 .debug_str     0x000000000005462e       0x8a ./Src/newmain.o
                                      0x54640 (size before relaxing)
 .debug_str     0x00000000000546b8       0x31 ./Startup/startup_stm32f411retx.o
                                         0x78 (size before relaxing)

.comment        0x0000000000000000       0x50
 .comment       0x0000000000000000       0x50 ./Drivers/Src/GPIOxDriver.o
                                         0x51 (size before relaxing)
 .comment       0x0000000000000050       0x51 ./Drivers/Src/TIMxDriver.o
 .comment       0x0000000000000050       0x51 ./Drivers/Src/USARTxDriver.o
 .comment       0x0000000000000050       0x51 ./Src/newmain.o

.debug_frame    0x0000000000000000      0x464
 .debug_frame   0x0000000000000000       0x88 ./Drivers/Src/GPIOxDriver.o
 .debug_frame   0x0000000000000088      0x14c ./Drivers/Src/TIMxDriver.o
 .debug_frame   0x00000000000001d4      0x164 ./Drivers/Src/USARTxDriver.o
 .debug_frame   0x0000000000000338      0x100 ./Src/newmain.o
 .debug_frame   0x0000000000000438       0x2c c:/st/stm32cubeide_1.9.0/stm32cubeide/plugins/com.st.stm32cube.ide.mcu.externaltools.gnu-tools-for-stm32.10.3-2021.10.win32_1.0.0.202111181127/tools/bin/../lib/gcc/arm-none-eabi/10.3.1/../../../../arm-none-eabi/lib/thumb/v7e-m+fp/hard\libc_nano.a(lib_a-init.o)
